******************************************************************************
                  TI ARM Linker PC v5.1.6                      
******************************************************************************
>> Linked Fri Jul 29 20:58:13 2016

OUTPUT FILE NAME:   <ENCE463-Tetris.out>
ENTRY POINT SYMBOL: "_c_int00"  address: 0000674d


MEMORY CONFIGURATION

         name            origin    length      used     unused   attr    fill
----------------------  --------  ---------  --------  --------  ----  --------
  FLASH                 00000000   00040000  0000897a  00037686  R  X
  SRAM                  20000000   00010000  00005a90  0000a570  RW X


SEGMENT ALLOCATION MAP

run origin  load origin   length   init length attrs members
----------  ----------- ---------- ----------- ----- -------
00000000    00000000    00008980   00008980    r-x
  00000000    00000000    000000f0   000000f0    r-- .intvecs
  000000f0    000000f0    000068b4   000068b4    r-x .text
  000069a4    000069a4    00001d66   00001d66    r-- .const
  00008710    00008710    00000270   00000270    r-- .cinit
20000000    20000000    00005a90   00000000    rw-
  20000000    20000000    00002df8   00000000    rw- .bss
  20002df8    20002df8    00002000   00000000    rw- .stack
  20004df8    20004df8    00000800   00000000    rw- .sysmem
  200055f8    200055f8    00000498   00000000    rw- .data


SECTION ALLOCATION MAP

 output                                  attributes/
section   page    origin      length       input sections
--------  ----  ----------  ----------   ----------------
.intvecs   0    00000000    000000f0     
                  00000000    000000f0     startup_ccs.obj (.intvecs)

.text      0    000000f0    000068b4     
                  000000f0    00000ebc     rtsv7M3_T_le_eabi.lib : _printfi.obj (.text)
                  00000fac    00000ab8     tasks.obj (.text)
                  00001a64    00000a44     game_engine.obj (.text)
                  000024a8    00000614     queue.obj (.text)
                  00002abc    00000550     math.obj (.text)
                  0000300c    00000510     rit128x96x4.obj (.text)
                  0000351c    000003fc     display.obj (.text)
                  00003918    000003cc     rtsv7M3_T_le_eabi.lib : memory.obj (.text)
                  00003ce4    00000310                           : lowlev.obj (.text)
                  00003ff4    000002d4                           : trgdrv.obj (.text)
                  000042c8    000002bc     main.obj (.text)
                  00004584    0000024c     board.obj (.text)
                  000047d0    000001f4     rtsv7M3_T_le_eabi.lib : ull_div_t2.obj (.text)
                  000049c4    000001d8     driverlib-cm3.lib : sysctl.obj (.text:SysCtlClockGet)
                  00004b9c    000001c0     rtsv7M3_T_le_eabi.lib : fopen.obj (.text)
                  00004d5c    000001bc     heap_2.obj (.text)
                  00004f18    000001b6     rtsv7M3_T_le_eabi.lib : fd_add_t2.obj (.text)
                  000050ce    00000002     --HOLE-- [fill = 0]
                  000050d0    000001a8     buttons.obj (.text)
                  00005278    00000144     driverlib-cm3.lib : sysctl.obj (.text:SysCtlClockSet)
                  000053bc    00000136     rtsv7M3_T_le_eabi.lib : fd_div_t2.obj (.text)
                  000054f2    00000002     --HOLE-- [fill = 0]
                  000054f4    00000134                           : fputs.obj (.text)
                  00005628    0000012e     list.obj (.text)
                  00005756    000000fc     rtsv7M3_T_le_eabi.lib : fd_mul_t2.obj (.text)
                  00005852    00000002     --HOLE-- [fill = 0]
                  00005854    000000e4     port.obj (.text)
                  00005938    000000dc     rtsv7M3_T_le_eabi.lib : setvbuf.obj (.text)
                  00005a14    000000dc     timer.obj (.text)
                  00005af0    000000c8     driverlib-cm3.lib : gpio.obj (.text:GPIOPadConfigSet)
                  00005bb8    000000c0     rtsv7M3_T_le_eabi.lib : fflush.obj (.text)
                  00005c78    000000ac                           : _io_perm.obj (.text)
                  00005d24    0000009c     portasm.obj (.text)
                  00005dc0    0000009c     rtsv7M3_T_le_eabi.lib : fputc.obj (.text)
                  00005e5c    0000009c                           : memcpy_t2.obj (.text)
                  00005ef8    00000098                           : fclose.obj (.text)
                  00005f90    00000094                           : auto_init.obj (.text)
                  00006024    00000088     driverlib-cm3.lib : sysctl.obj (.text:SysCtlPeripheralReset)
                  000060ac    00000086     rtsv7M3_T_le_eabi.lib : fd_cmp_t2.obj (.text:__aeabi_cdcmple)
                  00006132    00000086                           : fd_cmp_t2.obj (.text:__aeabi_cdrcmple)
                  000061b8    00000078                           : memset_t2.obj (.text)
                  00006230    00000074     tetrominoe.obj (.text)
                  000062a4    00000070     rtsv7M3_T_le_eabi.lib : printf.obj (.text)
                  00006314    00000064                           : fseek.obj (.text)
                  00006378    00000060     basic_io.obj (.text)
                  000063d8    00000060     rtsv7M3_T_le_eabi.lib : sprintf.obj (.text)
                  00006438    00000060                           : trgmsg.obj (.text)
                  00006498    0000005e                           : copy_decompress_rle.obj (.text)
                  000064f6    0000005a                           : ltoa.obj (.text)
                  00006550    00000058     driverlib-cm3.lib : sysctl.obj (.text:SysCtlPeripheralEnable)
                  000065a8    0000004c     rtsv7M3_T_le_eabi.lib : atoi.obj (.text)
                  000065f4    00000048                           : fd_toi_t2.obj (.text)
                  0000663c    00000044     driverlib-cm3.lib : ssi.obj (.text:SSIConfigSetExpClk)
                  00006680    00000044     rtsv7M3_T_le_eabi.lib : cpy_tbl.obj (.text)
                  000066c4    00000044                           : exit.obj (.text)
                  00006708    00000044                           : xdtest.obj (.text)
                  0000674c    00000034                           : boot.obj (.text)
                  00006780    00000030                           : strncpy.obj (.text)
                  000067b0    0000002e     driverlib-cm3.lib : gpio.obj (.text:GPIODirModeSet)
                  000067de    0000002e     rtsv7M3_T_le_eabi.lib : i_tofd_t2.obj (.text)
                  0000680c    00000022                           : memcmp.obj (.text)
                  0000682e    0000001a                           : memccpy.obj (.text)
                  00006848    00000018                           : args_main.obj (.text)
                  00006860    00000018                           : ll_mul_t2.obj (.text)
                  00006878    00000018                           : strcmp.obj (.text)
                  00006890    00000016                           : memchr.obj (.text)
                  000068a6    00000016                           : strchr.obj (.text)
                  000068bc    00000014                           : _lock.obj (.text)
                  000068d0    00000014                           : strlen.obj (.text)
                  000068e4    00000012     driverlib-cm3.lib : gpio.obj (.text:GPIOPinTypeGPIOOutput)
                  000068f6    00000012                       : gpio.obj (.text:GPIOPinTypeSSI)
                  00006908    00000012                       : ssi.obj (.text:SSIDataGetNonBlocking)
                  0000691a    00000012     rtsv7M3_T_le_eabi.lib : copy_zero_init.obj (.text:decompress:ZI)
                  0000692c    00000012                           : strcpy.obj (.text)
                  0000693e    0000000e                           : copy_decompress_none.obj (.text:decompress:none)
                  0000694c    0000000e                           : xdclass.obj (.text)
                  0000695a    0000000c     startup_ccs.obj (.text)
                  00006966    0000000a     driverlib-cm3.lib : ssi.obj (.text:SSIDataPut)
                  00006970    0000000a                       : ssi.obj (.text:SSIDisable)
                  0000697a    0000000a                       : ssi.obj (.text:SSIEnable)
                  00006984    00000008                       : ssi.obj (.text:SSIBusy)
                  0000698c    00000006                       : gpio.obj (.text:GPIOPinRead)
                  00006992    00000006                       : gpio.obj (.text:GPIOPinWrite)
                  00006998    00000006                       : sysctl.obj (.text:SysCtlDelay)
                  0000699e    00000006     rtsv7M3_T_le_eabi.lib : copy_decompress_rle.obj (.text:decompress:rle24)

.const     0    000069a4    00001d66     
                  000069a4    00000f80     tetris_background.obj (.const:.string:TETRIS_BACKGROUND_DATA)
                  00007924    00000234     images.obj (.const)
                  00007b58    000001e0     rit128x96x4.obj (.const:g_pucFont)
                  00007d38    0000016d     text_images.obj (.const:.string)
                  00007ea5    00000001     --HOLE-- [fill = 0]
                  00007ea6    00000102     rtsv7M3_T_le_eabi.lib : ctype.obj (.const:.string:_ctypes_)
                  00007fa8    0000008c     strings.obj (.const:.string)
                  00008034    00000080     display.obj (.const)
                  000080b4    0000006c     driverlib-cm3.lib : sysctl.obj (.const:g_pulXtals)
                  00008120    0000004f     rit128x96x4.obj (.const:.string:g_pucRIT128x96x4Init)
                  0000816f    00000001     --HOLE-- [fill = 0]
                  00008170    00000040     driverlib-cm3.lib : sysctl.obj (.const)
                  000081b0    00000040     tetrominoe.obj (.const:i_pose1)
                  000081f0    00000040     tetrominoe.obj (.const:i_pose2)
                  00008230    00000040     tetrominoe.obj (.const:ll_pose1)
                  00008270    00000040     tetrominoe.obj (.const:ll_pose2)
                  000082b0    00000040     tetrominoe.obj (.const:ll_pose3)
                  000082f0    00000040     tetrominoe.obj (.const:ll_pose4)
                  00008330    00000040     tetrominoe.obj (.const:lz_pose1)
                  00008370    00000040     tetrominoe.obj (.const:lz_pose2)
                  000083b0    00000040     tetrominoe.obj (.const:rl_pose1)
                  000083f0    00000040     tetrominoe.obj (.const:rl_pose2)
                  00008430    00000040     tetrominoe.obj (.const:rl_pose3)
                  00008470    00000040     tetrominoe.obj (.const:rl_pose4)
                  000084b0    00000040     tetrominoe.obj (.const:rz_pose1)
                  000084f0    00000040     tetrominoe.obj (.const:rz_pose2)
                  00008530    00000040     tetrominoe.obj (.const:s_pose1)
                  00008570    00000040     tetrominoe.obj (.const:t_pose1)
                  000085b0    00000040     tetrominoe.obj (.const:t_pose2)
                  000085f0    00000040     tetrominoe.obj (.const:t_pose3)
                  00008630    00000040     tetrominoe.obj (.const:t_pose4)
                  00008670    00000030     images.obj (.const:.string)
                  000086a0    00000030     game_engine.obj (.const)
                  000086d0    00000018     main.obj (.const)
                  000086e8    00000014     tasks.obj (.const:.string)
                  000086fc    0000000c     rit128x96x4.obj (.const:.string)
                  00008708    00000002     heap_2.obj (.const)

.cinit     0    00008710    00000270     
                  00008710    0000024a     (.cinit..data.load) [load image, compression = rle]
                  0000895a    00000002     --HOLE-- [fill = 0]
                  0000895c    0000000c     (__TI_handler_table)
                  00008968    00000008     (.cinit..bss.load) [load image, compression = zero_init]
                  00008970    00000010     (__TI_cinit_table)

.bss       0    20000000    00002df8     UNINITIALIZED
                  20000000    00002800     heap_2.obj (.bss:xHeap)
                  20002800    00000320     game_engine.obj (.bss:grid)
                  20002b20    00000120     rtsv7M3_T_le_eabi.lib : trgmsg.obj (.bss:__CIOBUF_)
                  20002c40    000000a0                           : defs.obj (.bss:__TI_tmpnams)
                  20002ce0    00000064     tasks.obj (.bss:pxReadyTasksLists)
                  20002d44    00000034     basic_io.obj (.bss:cBuffer)
                  20002d78    00000014     (.common:xDelayedTaskList1)
                  20002d8c    00000014     (.common:xDelayedTaskList2)
                  20002da0    00000014     (.common:xPendingReadyList)
                  20002db4    00000014     (.common:xTasksWaitingTermination)
                  20002dc8    00000008     (.common:g_pucBuffer)
                  20002dd0    00000008     (.common:parmbuf)
                  20002dd8    00000008     (.common:xEnd)
                  20002de0    00000008     (.common:xStart)
                  20002de8    00000004     (.common:g_ulSSIFlags)
                  20002dec    00000004     (.common:pxDelayedTaskList)
                  20002df0    00000004     (.common:pxOverflowDelayedTaskList)
                  20002df4    00000004     (.common:seed)

.stack     0    20002df8    00002000     UNINITIALIZED
                  20002df8    00002000     --HOLE--

.sysmem    0    20004df8    00000800     UNINITIALIZED
                  20004df8    00000008     rtsv7M3_T_le_eabi.lib : memory.obj (.sysmem)
                  20004e00    000007f8     --HOLE--

.data      0    200055f8    00000498     UNINITIALIZED
                  200055f8    000000f0     rtsv7M3_T_le_eabi.lib : defs.obj (.data:_ftable)
                  200056e8    000000d0                           : lowlev.obj (.data)
                  200057b8    000000c4     tetrominoe.obj (.data)
                  2000587c    00000078     images.obj (.data:FONT)
                  200058f4    00000070     buttons.obj (.data)
                  20005964    00000030     tasks.obj (.data)
                  20005994    0000002c     game_engine.obj (.data:base_game)
                  200059c0    0000002c     strings.obj (.data)
                  200059ec    00000028     images.obj (.data:NUMBERS)
                  20005a14    00000028     game_engine.obj (.data)
                  20005a3c    00000010     images.obj (.data)
                  20005a4c    00000010     rtsv7M3_T_le_eabi.lib : defs.obj (.data)
                  20005a5c    0000000c                           : memory.obj (.data)
                  20005a68    00000008     heap_2.obj (.data)
                  20005a70    00000008     rtsv7M3_T_le_eabi.lib : _lock.obj (.data)
                  20005a78    00000008                           : exit.obj (.data)
                  20005a80    00000004     port.obj (.data)
                  20005a84    00000004     rtsv7M3_T_le_eabi.lib : fopen.obj (.data)
                  20005a88    00000004                           : stkdepth_vars.obj (.data)
                  20005a8c    00000004     timer.obj (.data)


LINKER GENERATED COPY TABLES

__TI_cinit_table @ 00008970 records: 2, size/record: 8, table size: 16
	.data: load addr=00008710, load size=0000024a bytes, run addr=200055f8, run size=00000498 bytes, compression=rle
	.bss: load addr=00008968, load size=00000008 bytes, run addr=20000000, run size=00002df8 bytes, compression=zero_init


LINKER GENERATED HANDLER TABLE

__TI_handler_table @ 0000895c records: 3, size/record: 4, table size: 12
	index: 0, handler: __TI_decompress_rle24
	index: 1, handler: __TI_decompress_none
	index: 2, handler: __TI_zero_init


GLOBAL SYMBOLS: SORTED ALPHABETICALLY BY Name 

address    name
--------   ----
200059e0   AUTHOR_STRING
20005954   BUTTONS
000066c5   C$$EXIT
00006463   C$$IO$$
00007924   CUBE
00008670   CUBE_DATA
200059c0   DISPLAY_QUEUE_ERROR_MESSAGE
2000590c   DOWN
00002b81   EEPROMBlockCountGet
00002e35   EEPROMBlockHide
00002dc5   EEPROMBlockLock
00002d73   EEPROMBlockPasswordSet
00002d3b   EEPROMBlockProtectGet
00002d4f   EEPROMBlockProtectSet
00002ded   EEPROMBlockUnlock
00002b31   EEPROMInit
00002ec9   EEPROMIntClear
00002e75   EEPROMIntDisable
00002e4d   EEPROMIntEnable
00002e99   EEPROMIntStatus
00002cfd   EEPROMMassErase
00002be1   EEPROMProgram
00002cbb   EEPROMProgramNonBlocking
00002b8f   EEPROMRead
00002b75   EEPROMSizeGet
00002ef1   EEPROMStatusGet
00007948   EMPTY_CELL
0000868e   EMPTY_CELL_DATA
200059d0   FINAL_SCORE_STRING
2000587c   FONT
0000793c   FULL_CELL
0000867c   FULL_CELL_DATA
000067b1   GPIODirModeSet
00005af1   GPIOPadConfigSet
0000698d   GPIOPinRead
000068e5   GPIOPinTypeGPIOOutput
000068f7   GPIOPinTypeSSI
00006993   GPIOPinWrite
00004281   HOSTclock
00004249   HOSTclose
0000420b   HOSTgetenv
000041af   HOSTlseek
0000415d   HOSTopen
00004111   HOSTread
000040b3   HOSTrename
00004079   HOSTtime
00004041   HOSTunlink
00003ff5   HOSTwrite
2000593c   LEFT
00007a08   LETTER_A
00007d9a   LETTER_A_DATA
00007a14   LETTER_B
00007da3   LETTER_B_DATA
00007a20   LETTER_C
00007dac   LETTER_C_DATA
00007a2c   LETTER_D
00007db5   LETTER_D_DATA
00007a38   LETTER_E
00007dbe   LETTER_E_DATA
00007a44   LETTER_F
00007dc7   LETTER_F_DATA
00007a50   LETTER_G
00007dd0   LETTER_G_DATA
00007a5c   LETTER_H
00007dd9   LETTER_H_DATA
00007a68   LETTER_I
00007de2   LETTER_I_DATA
00007a74   LETTER_J
00007deb   LETTER_J_DATA
00007a80   LETTER_K
00007df4   LETTER_K_DATA
00007a8c   LETTER_L
00007dfd   LETTER_L_DATA
00007a98   LETTER_M
00007e06   LETTER_M_DATA
00007aa4   LETTER_N
00007e15   LETTER_N_DATA
00007ab0   LETTER_O
00007e1e   LETTER_O_DATA
00007abc   LETTER_P
00007e27   LETTER_P_DATA
00007ac8   LETTER_Q
00007e30   LETTER_Q_DATA
00007ad4   LETTER_R
00007e3c   LETTER_R_DATA
00007ae0   LETTER_S
00007e45   LETTER_S_DATA
00007aec   LETTER_T
00007e4e   LETTER_T_DATA
00007af8   LETTER_U
00007b4c   LETTER_UNDEFINED
00007e9c   LETTER_UNDEFINED_DATA
00007e57   LETTER_U_DATA
00007b04   LETTER_V
00007e60   LETTER_V_DATA
00007b10   LETTER_W
00007e69   LETTER_W_DATA
00007b1c   LETTER_X
00007e78   LETTER_X_DATA
00007b28   LETTER_Y
00007e81   LETTER_Y_DATA
00007b34   LETTER_Z
00007e8a   LETTER_Z_DATA
00007b40   LETTER__
00007e93   LETTER___DATA
200059d4   LEVELS_CLEARED_STRING
200059c8   LEVEL_STRING
20005a8c   MAX_PORT_TICK_VALUE
200059cc   NEXT_STRING
00007960   NUMBER0
00007d38   NUMBER0_DATA
0000796c   NUMBER1
00007d41   NUMBER1_DATA
00007978   NUMBER2
00007d4a   NUMBER2_DATA
00007984   NUMBER3
00007d53   NUMBER3_DATA
00007990   NUMBER4
00007d5c   NUMBER4_DATA
0000799c   NUMBER5
00007d65   NUMBER5_DATA
000079a8   NUMBER6
00007d6e   NUMBER6_DATA
000079b4   NUMBER7
00007d77   NUMBER7_DATA
000079c0   NUMBER8
00007d80   NUMBER8_DATA
000079cc   NUMBER9
00007d89   NUMBER9_DATA
200059ec   NUMBERS
20005924   RIGHT
00003115   RIT128x96x4Clear
00003393   RIT128x96x4Disable
000034e5   RIT128x96x4DisplayOff
000034b1   RIT128x96x4DisplayOn
00003339   RIT128x96x4Enable
000032b1   RIT128x96x4ImageDraw
0000340d   RIT128x96x4Init
00003171   RIT128x96x4StringDraw
20005a3c   RUNNING_ANIMATION
000079d8   RUNNING_ANIMATION0
00007d92   RUNNING_ANIMATION0_DATA
000079e4   RUNNING_ANIMATION1
00007d94   RUNNING_ANIMATION1_DATA
000079f0   RUNNING_ANIMATION2
00007d96   RUNNING_ANIMATION2_DATA
000079fc   RUNNING_ANIMATION3
00007d98   RUNNING_ANIMATION3_DATA
0000695b   ResetISR
200059c4   SCORE_STRING
UNDEFED    SHT$$INIT_ARRAY$$Base
UNDEFED    SHT$$INIT_ARRAY$$Limit
00007930   SMALL_CUBE
00008678   SMALL_CUBE_DATA
00006985   SSIBusy
0000663d   SSIConfigSetExpClk
00006909   SSIDataGetNonBlocking
00006967   SSIDataPut
00006971   SSIDisable
0000697b   SSIEnable
000049c5   SysCtlClockGet
00005279   SysCtlClockSet
00006999   SysCtlDelay
00006551   SysCtlPeripheralEnable
00006025   SysCtlPeripheralReset
200059dc   TEMP_GAME_OVER_STRING
200059e8   TEMP_TETRIS_STRING
00007954   TETRIS_BACKGROUND
000069a4   TETRIS_BACKGROUND_DATA
200059d8   THANKS_STRING
200058f4   UP
200059e4   VERSION_STRING
0000694d   _Dclass
00006709   _Dtest
20002b20   __CIOBUF_
20004df8   __STACK_END
00002000   __STACK_SIZE
20002ef8   __STACK_TOP
00000800   __SYSMEM_SIZE
00008970   __TI_CINIT_Base
00008980   __TI_CINIT_Limit
0000895c   __TI_Handler_Table_Base
00008968   __TI_Handler_Table_Limit
00000001   __TI_args_main
00005f91   __TI_auto_init
00004c65   __TI_cleanup
20005a78   __TI_cleanup_ptr
00005ef9   __TI_closefile
0000693f   __TI_decompress_none
0000699f   __TI_decompress_rle24
00005bb9   __TI_doflush
20005a7c   __TI_dtors_ptr
20005a4c   __TI_ft_end
00000ca3   __TI_printfi
00005cdb   __TI_rd_ok
00006467   __TI_readmsg
00000000   __TI_static_base__
20002c40   __TI_tmpnams
00006439   __TI_writemsg
00005c79   __TI_wrt_ok
0000691b   __TI_zero_init
000060ad   __aeabi_cdcmpeq
000060ad   __aeabi_cdcmple
00006133   __aeabi_cdrcmple
000065f5   __aeabi_d2iz
00004f23   __aeabi_dadd
000053bd   __aeabi_ddiv
00005757   __aeabi_dmul
00004f19   __aeabi_dsub
000067df   __aeabi_i2d
00006861   __aeabi_lmul
000061b9   __aeabi_memclr
000061b9   __aeabi_memclr4
000061b9   __aeabi_memclr8
00005e5d   __aeabi_memcpy
00005e5d   __aeabi_memcpy4
00005e5d   __aeabi_memcpy8
000061bb   __aeabi_memset
000061bb   __aeabi_memset4
000061bb   __aeabi_memset8
20005a58   __aeabi_stderr
20005a50   __aeabi_stdin
20005a54   __aeabi_stdout
000047d1   __aeabi_uldivmod
ffffffff   __binit__
ffffffff   __c_args__
20002df8   __stack
00006849   _args_main
0000674d   _c_int00
00007ea6   _ctypes_
200055f8   _ftable
20005a70   _lock
000068cb   _nop
000068c3   _register_lock
000068bd   _register_unlock
20004df8   _sys_memory
20005a74   _unlock
000066c9   abort
00002f83   abs_modulo
00003f47   add_device
000065a9   atoi
20005994   base_game
ffffffff   binit
200057b8   block0
200057d4   block1
200057f0   block2
2000580c   block3
20005828   block4
20005844   block5
20005860   block6
00005181   button_event_occurred
00001b53   button_process_loop
00001e6b   calculate_tetris_grid_x_position
00001e55   calculate_tetris_grid_y_position
00003cad   calloc
00001f77   can_drop_current_tetrominoe
00001f89   can_rotate_current_tetrominoe
00001fa1   can_shift_current_tetrominoe
00004585   clear_board
00003585   clear_display
00002205   clear_full_rows
00004711   clear_row
00003ef5   close
00006681   copy_in
00001e95   current_tetrominoe_can_occupy
00002055   debug_board
00001d77   draw_current_tetrominoe
00001d93   draw_current_tetrominoe_as
000021a5   draw_next_tetrominoe_on_side
00001dbd   draw_tetrominoe
00005add   elapsed_time_ms
00005257   enqueue_button_event
0000378f   enqueue_display_task
00001d85   erase_current_tetrominoe
000021d5   erase_next_tetrominoe_on_side
000036ef   execute_display_task
000066d1   exit
00005f5f   fclose
00005c05   fflush
00004cbb   fopen
00005dc1   fputc
000054f5   fputs
00003a07   free
00004c91   freopen
00006315   fseek
000023ff   full_drop_current_tetrominoe
00000000   g_pfnVectors
20005a14   game_board
00001acb   game_loop
000045b7   get_board_value
00001d4d   get_current_tetrominoe
000045fd   get_next_complete_row
00002139   get_next_tetrominoe
0000624d   get_tetromineo_grid
20002800   grid
00005a15   has_timed_out
0000479b   highest_occupied_cell_in_column
000081b0   i_pose1
000081f0   i_pose2
00005141   initalise_button
0000523f   initalise_button_event_queue
000050d1   initalise_buttons
00003573   initalise_display
00003777   initalise_display_queue
00001c77   initalise_game
00002f73   initalise_random_number_generator
000046e7   is_occupied
000046b3   is_off_board
00008230   ll_pose1
00008270   ll_pose2
000082b0   ll_pose3
000082f0   ll_pose4
00003ed1   lseek
000064f7   ltoa
00008330   lz_pose1
00008370   lz_pose2
000042c9   main
20005a88   main_func_sp
000039a5   malloc
00003bcd   memalign
0000682f   memccpy
00006891   memchr
0000680d   memcmp
00005e5d   memcpy
000061c1   memset
00003919   minit
00004653   num_complete_rows
00003e23   open
00001fc9   place_current_tetrominoe
000062ad   printf
00001b9f   process_button_event
00005e45   putc
00005e49   putchar
000055ff   puts
00004d5d   pvPortMalloc
20005964   pxCurrentTCB
00005855   pxPortInitialiseStack
0000383d   quick_clear_screen
000037d9   quick_initalise_screen
0000380d   quick_send_image
00003861   quick_send_number
00003891   quick_send_string
000038c5   quick_send_string_rit
00002f41   rand_range
00003dff   read
00005157   read_button
00003ac7   realloc
0000232d   redraw_empty_cells
00003d75   remove
00003dd7   remove_device
00003d99   rename
00001c91   reset_game
00006231   reset_tetromineo
000083b0   rl_pose1
000083f0   rl_pose2
00008430   rl_pose3
00008470   rl_pose4
00006263   rotate_tetromineo
000084b0   rz_pose1
000084f0   rz_pose2
00008530   s_pose1
00001c6d   score_screen_loop
20002df4   seed
000045d9   set_board_value
00005939   setvbuf
00006283   shift_tetrominoe
000020d9   spawn_new_tetrominoe
00001bf1   splash_screen_loop
000063d9   sprintf
00005a6b   start_timeout
000068a7   strchr
00006879   strcmp
0000692d   strcpy
000068d1   strlen
00006781   strncpy
00002fb3   symbols_in_number
00008570   t_pose1
000085b0   t_pose2
000085f0   t_pose3
00008630   t_pose4
000022af   temp_fill_cells
20005a20   tetrominoes
0000436b   tetronimoe_drop_test
000043f3   tetronimoe_drop_test2
00005a3d   tick_difference
00005a81   timer_start
00005acb   timer_stop
00005a9b   timer_update
0000474b   trickle_down_column
000023ab   try_rotate_current_tetrominoe
000023d1   try_shift_current_tetrominoe
00003d75   unlink
00002445   update_level_display
00002461   update_score_and_level
0000242b   update_score_display
00002f05   urand
000028c3   uxQueueMessagesWaiting
000028d9   uxQueueMessagesWaitingFromISR
000014a9   uxTaskGetNumberOfTasks
0000123d   uxTaskPriorityGet
0000452f   vApplicationIdleHook
00004523   vApplicationMallocFailedHook
00004525   vApplicationStackOverflowHook
00004531   vApplicationTickHook
000044fb   vButtonTest
000044b5   vDisplayRunning
00005629   vListInitialise
00005659   vListInitialiseItem
000056ad   vListInsert
00005669   vListInsertEnd
00005713   vListRemove
00005d71   vPortClearInterruptMask
00005daf   vPortEnableVFP
000058c5   vPortEndScheduler
000058d1   vPortEnterCritical
000058e1   vPortExitCritical
00004e8f   vPortFree
00004ef7   vPortInitialiseBlocks
00005d7f   vPortSVCHandler
00005d63   vPortSetInterruptMask
00005d9d   vPortStartFirstTask
000058c7   vPortYieldFromISR
00006379   vPrintString
0000639d   vPrintStringAndNumber
000028eb   vQueueDelete
000011d9   vTaskDelay
00004329   vTaskDelayTest
00001129   vTaskDelayUntil
000010c1   vTaskDelete
000013a7   vTaskEndScheduler
000042ff   vTaskFunction
0000447d   vTaskImageFun
000014af   vTaskIncrementTick
00001799   vTaskMissedYield
0000161d   vTaskPlaceOnEventList
000019d5   vTaskPriorityDisinherit
0000194d   vTaskPriorityInherit
00001279   vTaskPrioritySet
00001709   vTaskSetTimeOutState
00001361   vTaskStartScheduler
000013b9   vTaskSuspendAll
00001561   vTaskSwitchContext
00003ce5   write
00003545   write_image
0000351d   write_string
00003595   write_tetris_number
0000361d   write_tetris_string
000051c5   xButtonReadTask
000036c7   xDisplayTask
00001a65   xGameEngineTask
00004ef1   xPortGetFreeHeapSize
00005d29   xPortPendSVHandler
0000589d   xPortStartScheduler
000058f7   xPortSysTickHandler
000024a9   xQueueCreate
000025b7   xQueueCreateCountingSemaphore
0000254f   xQueueCreateMutex
00002727   xQueueGenericReceive
000025d5   xQueueGenericSend
000026bd   xQueueGenericSendFromISR
00002a65   xQueueIsQueueEmptyFromISR
00002a9f   xQueueIsQueueFullFromISR
0000285b   xQueueReceiveFromISR
00001731   xTaskCheckForTimeOut
00000fad   xTaskGenericCreate
00001933   xTaskGetCurrentTaskHandle
00001495   xTaskGetTickCount
00001685   xTaskRemoveFromEventList
000013d1   xTaskResumeAll


GLOBAL SYMBOLS: SORTED BY Symbol Address 

address    name
--------   ----
00000000   __TI_static_base__
00000000   g_pfnVectors
00000001   __TI_args_main
00000800   __SYSMEM_SIZE
00000ca3   __TI_printfi
00000fad   xTaskGenericCreate
000010c1   vTaskDelete
00001129   vTaskDelayUntil
000011d9   vTaskDelay
0000123d   uxTaskPriorityGet
00001279   vTaskPrioritySet
00001361   vTaskStartScheduler
000013a7   vTaskEndScheduler
000013b9   vTaskSuspendAll
000013d1   xTaskResumeAll
00001495   xTaskGetTickCount
000014a9   uxTaskGetNumberOfTasks
000014af   vTaskIncrementTick
00001561   vTaskSwitchContext
0000161d   vTaskPlaceOnEventList
00001685   xTaskRemoveFromEventList
00001709   vTaskSetTimeOutState
00001731   xTaskCheckForTimeOut
00001799   vTaskMissedYield
00001933   xTaskGetCurrentTaskHandle
0000194d   vTaskPriorityInherit
000019d5   vTaskPriorityDisinherit
00001a65   xGameEngineTask
00001acb   game_loop
00001b53   button_process_loop
00001b9f   process_button_event
00001bf1   splash_screen_loop
00001c6d   score_screen_loop
00001c77   initalise_game
00001c91   reset_game
00001d4d   get_current_tetrominoe
00001d77   draw_current_tetrominoe
00001d85   erase_current_tetrominoe
00001d93   draw_current_tetrominoe_as
00001dbd   draw_tetrominoe
00001e55   calculate_tetris_grid_y_position
00001e6b   calculate_tetris_grid_x_position
00001e95   current_tetrominoe_can_occupy
00001f77   can_drop_current_tetrominoe
00001f89   can_rotate_current_tetrominoe
00001fa1   can_shift_current_tetrominoe
00001fc9   place_current_tetrominoe
00002000   __STACK_SIZE
00002055   debug_board
000020d9   spawn_new_tetrominoe
00002139   get_next_tetrominoe
000021a5   draw_next_tetrominoe_on_side
000021d5   erase_next_tetrominoe_on_side
00002205   clear_full_rows
000022af   temp_fill_cells
0000232d   redraw_empty_cells
000023ab   try_rotate_current_tetrominoe
000023d1   try_shift_current_tetrominoe
000023ff   full_drop_current_tetrominoe
0000242b   update_score_display
00002445   update_level_display
00002461   update_score_and_level
000024a9   xQueueCreate
0000254f   xQueueCreateMutex
000025b7   xQueueCreateCountingSemaphore
000025d5   xQueueGenericSend
000026bd   xQueueGenericSendFromISR
00002727   xQueueGenericReceive
0000285b   xQueueReceiveFromISR
000028c3   uxQueueMessagesWaiting
000028d9   uxQueueMessagesWaitingFromISR
000028eb   vQueueDelete
00002a65   xQueueIsQueueEmptyFromISR
00002a9f   xQueueIsQueueFullFromISR
00002b31   EEPROMInit
00002b75   EEPROMSizeGet
00002b81   EEPROMBlockCountGet
00002b8f   EEPROMRead
00002be1   EEPROMProgram
00002cbb   EEPROMProgramNonBlocking
00002cfd   EEPROMMassErase
00002d3b   EEPROMBlockProtectGet
00002d4f   EEPROMBlockProtectSet
00002d73   EEPROMBlockPasswordSet
00002dc5   EEPROMBlockLock
00002ded   EEPROMBlockUnlock
00002e35   EEPROMBlockHide
00002e4d   EEPROMIntEnable
00002e75   EEPROMIntDisable
00002e99   EEPROMIntStatus
00002ec9   EEPROMIntClear
00002ef1   EEPROMStatusGet
00002f05   urand
00002f41   rand_range
00002f73   initalise_random_number_generator
00002f83   abs_modulo
00002fb3   symbols_in_number
00003115   RIT128x96x4Clear
00003171   RIT128x96x4StringDraw
000032b1   RIT128x96x4ImageDraw
00003339   RIT128x96x4Enable
00003393   RIT128x96x4Disable
0000340d   RIT128x96x4Init
000034b1   RIT128x96x4DisplayOn
000034e5   RIT128x96x4DisplayOff
0000351d   write_string
00003545   write_image
00003573   initalise_display
00003585   clear_display
00003595   write_tetris_number
0000361d   write_tetris_string
000036c7   xDisplayTask
000036ef   execute_display_task
00003777   initalise_display_queue
0000378f   enqueue_display_task
000037d9   quick_initalise_screen
0000380d   quick_send_image
0000383d   quick_clear_screen
00003861   quick_send_number
00003891   quick_send_string
000038c5   quick_send_string_rit
00003919   minit
000039a5   malloc
00003a07   free
00003ac7   realloc
00003bcd   memalign
00003cad   calloc
00003ce5   write
00003d75   remove
00003d75   unlink
00003d99   rename
00003dd7   remove_device
00003dff   read
00003e23   open
00003ed1   lseek
00003ef5   close
00003f47   add_device
00003ff5   HOSTwrite
00004041   HOSTunlink
00004079   HOSTtime
000040b3   HOSTrename
00004111   HOSTread
0000415d   HOSTopen
000041af   HOSTlseek
0000420b   HOSTgetenv
00004249   HOSTclose
00004281   HOSTclock
000042c9   main
000042ff   vTaskFunction
00004329   vTaskDelayTest
0000436b   tetronimoe_drop_test
000043f3   tetronimoe_drop_test2
0000447d   vTaskImageFun
000044b5   vDisplayRunning
000044fb   vButtonTest
00004523   vApplicationMallocFailedHook
00004525   vApplicationStackOverflowHook
0000452f   vApplicationIdleHook
00004531   vApplicationTickHook
00004585   clear_board
000045b7   get_board_value
000045d9   set_board_value
000045fd   get_next_complete_row
00004653   num_complete_rows
000046b3   is_off_board
000046e7   is_occupied
00004711   clear_row
0000474b   trickle_down_column
0000479b   highest_occupied_cell_in_column
000047d1   __aeabi_uldivmod
000049c5   SysCtlClockGet
00004c65   __TI_cleanup
00004c91   freopen
00004cbb   fopen
00004d5d   pvPortMalloc
00004e8f   vPortFree
00004ef1   xPortGetFreeHeapSize
00004ef7   vPortInitialiseBlocks
00004f19   __aeabi_dsub
00004f23   __aeabi_dadd
000050d1   initalise_buttons
00005141   initalise_button
00005157   read_button
00005181   button_event_occurred
000051c5   xButtonReadTask
0000523f   initalise_button_event_queue
00005257   enqueue_button_event
00005279   SysCtlClockSet
000053bd   __aeabi_ddiv
000054f5   fputs
000055ff   puts
00005629   vListInitialise
00005659   vListInitialiseItem
00005669   vListInsertEnd
000056ad   vListInsert
00005713   vListRemove
00005757   __aeabi_dmul
00005855   pxPortInitialiseStack
0000589d   xPortStartScheduler
000058c5   vPortEndScheduler
000058c7   vPortYieldFromISR
000058d1   vPortEnterCritical
000058e1   vPortExitCritical
000058f7   xPortSysTickHandler
00005939   setvbuf
00005a15   has_timed_out
00005a3d   tick_difference
00005a6b   start_timeout
00005a81   timer_start
00005a9b   timer_update
00005acb   timer_stop
00005add   elapsed_time_ms
00005af1   GPIOPadConfigSet
00005bb9   __TI_doflush
00005c05   fflush
00005c79   __TI_wrt_ok
00005cdb   __TI_rd_ok
00005d29   xPortPendSVHandler
00005d63   vPortSetInterruptMask
00005d71   vPortClearInterruptMask
00005d7f   vPortSVCHandler
00005d9d   vPortStartFirstTask
00005daf   vPortEnableVFP
00005dc1   fputc
00005e45   putc
00005e49   putchar
00005e5d   __aeabi_memcpy
00005e5d   __aeabi_memcpy4
00005e5d   __aeabi_memcpy8
00005e5d   memcpy
00005ef9   __TI_closefile
00005f5f   fclose
00005f91   __TI_auto_init
00006025   SysCtlPeripheralReset
000060ad   __aeabi_cdcmpeq
000060ad   __aeabi_cdcmple
00006133   __aeabi_cdrcmple
000061b9   __aeabi_memclr
000061b9   __aeabi_memclr4
000061b9   __aeabi_memclr8
000061bb   __aeabi_memset
000061bb   __aeabi_memset4
000061bb   __aeabi_memset8
000061c1   memset
00006231   reset_tetromineo
0000624d   get_tetromineo_grid
00006263   rotate_tetromineo
00006283   shift_tetrominoe
000062ad   printf
00006315   fseek
00006379   vPrintString
0000639d   vPrintStringAndNumber
000063d9   sprintf
00006439   __TI_writemsg
00006463   C$$IO$$
00006467   __TI_readmsg
000064f7   ltoa
00006551   SysCtlPeripheralEnable
000065a9   atoi
000065f5   __aeabi_d2iz
0000663d   SSIConfigSetExpClk
00006681   copy_in
000066c5   C$$EXIT
000066c9   abort
000066d1   exit
00006709   _Dtest
0000674d   _c_int00
00006781   strncpy
000067b1   GPIODirModeSet
000067df   __aeabi_i2d
0000680d   memcmp
0000682f   memccpy
00006849   _args_main
00006861   __aeabi_lmul
00006879   strcmp
00006891   memchr
000068a7   strchr
000068bd   _register_unlock
000068c3   _register_lock
000068cb   _nop
000068d1   strlen
000068e5   GPIOPinTypeGPIOOutput
000068f7   GPIOPinTypeSSI
00006909   SSIDataGetNonBlocking
0000691b   __TI_zero_init
0000692d   strcpy
0000693f   __TI_decompress_none
0000694d   _Dclass
0000695b   ResetISR
00006967   SSIDataPut
00006971   SSIDisable
0000697b   SSIEnable
00006985   SSIBusy
0000698d   GPIOPinRead
00006993   GPIOPinWrite
00006999   SysCtlDelay
0000699f   __TI_decompress_rle24
000069a4   TETRIS_BACKGROUND_DATA
00007924   CUBE
00007930   SMALL_CUBE
0000793c   FULL_CELL
00007948   EMPTY_CELL
00007954   TETRIS_BACKGROUND
00007960   NUMBER0
0000796c   NUMBER1
00007978   NUMBER2
00007984   NUMBER3
00007990   NUMBER4
0000799c   NUMBER5
000079a8   NUMBER6
000079b4   NUMBER7
000079c0   NUMBER8
000079cc   NUMBER9
000079d8   RUNNING_ANIMATION0
000079e4   RUNNING_ANIMATION1
000079f0   RUNNING_ANIMATION2
000079fc   RUNNING_ANIMATION3
00007a08   LETTER_A
00007a14   LETTER_B
00007a20   LETTER_C
00007a2c   LETTER_D
00007a38   LETTER_E
00007a44   LETTER_F
00007a50   LETTER_G
00007a5c   LETTER_H
00007a68   LETTER_I
00007a74   LETTER_J
00007a80   LETTER_K
00007a8c   LETTER_L
00007a98   LETTER_M
00007aa4   LETTER_N
00007ab0   LETTER_O
00007abc   LETTER_P
00007ac8   LETTER_Q
00007ad4   LETTER_R
00007ae0   LETTER_S
00007aec   LETTER_T
00007af8   LETTER_U
00007b04   LETTER_V
00007b10   LETTER_W
00007b1c   LETTER_X
00007b28   LETTER_Y
00007b34   LETTER_Z
00007b40   LETTER__
00007b4c   LETTER_UNDEFINED
00007d38   NUMBER0_DATA
00007d41   NUMBER1_DATA
00007d4a   NUMBER2_DATA
00007d53   NUMBER3_DATA
00007d5c   NUMBER4_DATA
00007d65   NUMBER5_DATA
00007d6e   NUMBER6_DATA
00007d77   NUMBER7_DATA
00007d80   NUMBER8_DATA
00007d89   NUMBER9_DATA
00007d92   RUNNING_ANIMATION0_DATA
00007d94   RUNNING_ANIMATION1_DATA
00007d96   RUNNING_ANIMATION2_DATA
00007d98   RUNNING_ANIMATION3_DATA
00007d9a   LETTER_A_DATA
00007da3   LETTER_B_DATA
00007dac   LETTER_C_DATA
00007db5   LETTER_D_DATA
00007dbe   LETTER_E_DATA
00007dc7   LETTER_F_DATA
00007dd0   LETTER_G_DATA
00007dd9   LETTER_H_DATA
00007de2   LETTER_I_DATA
00007deb   LETTER_J_DATA
00007df4   LETTER_K_DATA
00007dfd   LETTER_L_DATA
00007e06   LETTER_M_DATA
00007e15   LETTER_N_DATA
00007e1e   LETTER_O_DATA
00007e27   LETTER_P_DATA
00007e30   LETTER_Q_DATA
00007e3c   LETTER_R_DATA
00007e45   LETTER_S_DATA
00007e4e   LETTER_T_DATA
00007e57   LETTER_U_DATA
00007e60   LETTER_V_DATA
00007e69   LETTER_W_DATA
00007e78   LETTER_X_DATA
00007e81   LETTER_Y_DATA
00007e8a   LETTER_Z_DATA
00007e93   LETTER___DATA
00007e9c   LETTER_UNDEFINED_DATA
00007ea6   _ctypes_
000081b0   i_pose1
000081f0   i_pose2
00008230   ll_pose1
00008270   ll_pose2
000082b0   ll_pose3
000082f0   ll_pose4
00008330   lz_pose1
00008370   lz_pose2
000083b0   rl_pose1
000083f0   rl_pose2
00008430   rl_pose3
00008470   rl_pose4
000084b0   rz_pose1
000084f0   rz_pose2
00008530   s_pose1
00008570   t_pose1
000085b0   t_pose2
000085f0   t_pose3
00008630   t_pose4
00008670   CUBE_DATA
00008678   SMALL_CUBE_DATA
0000867c   FULL_CELL_DATA
0000868e   EMPTY_CELL_DATA
0000895c   __TI_Handler_Table_Base
00008968   __TI_Handler_Table_Limit
00008970   __TI_CINIT_Base
00008980   __TI_CINIT_Limit
20002800   grid
20002b20   __CIOBUF_
20002c40   __TI_tmpnams
20002df4   seed
20002df8   __stack
20002ef8   __STACK_TOP
20004df8   __STACK_END
20004df8   _sys_memory
200055f8   _ftable
200057b8   block0
200057d4   block1
200057f0   block2
2000580c   block3
20005828   block4
20005844   block5
20005860   block6
2000587c   FONT
200058f4   UP
2000590c   DOWN
20005924   RIGHT
2000593c   LEFT
20005954   BUTTONS
20005964   pxCurrentTCB
20005994   base_game
200059c0   DISPLAY_QUEUE_ERROR_MESSAGE
200059c4   SCORE_STRING
200059c8   LEVEL_STRING
200059cc   NEXT_STRING
200059d0   FINAL_SCORE_STRING
200059d4   LEVELS_CLEARED_STRING
200059d8   THANKS_STRING
200059dc   TEMP_GAME_OVER_STRING
200059e0   AUTHOR_STRING
200059e4   VERSION_STRING
200059e8   TEMP_TETRIS_STRING
200059ec   NUMBERS
20005a14   game_board
20005a20   tetrominoes
20005a3c   RUNNING_ANIMATION
20005a4c   __TI_ft_end
20005a50   __aeabi_stdin
20005a54   __aeabi_stdout
20005a58   __aeabi_stderr
20005a70   _lock
20005a74   _unlock
20005a78   __TI_cleanup_ptr
20005a7c   __TI_dtors_ptr
20005a88   main_func_sp
20005a8c   MAX_PORT_TICK_VALUE
ffffffff   __binit__
ffffffff   __c_args__
ffffffff   binit
UNDEFED    SHT$$INIT_ARRAY$$Base
UNDEFED    SHT$$INIT_ARRAY$$Limit

[469 symbols]
