******************************************************************************
                  TI ARM Linker PC v5.1.6                      
******************************************************************************
>> Linked Wed Jul 27 16:29:29 2016

OUTPUT FILE NAME:   <ENCE463-Tetris.out>
ENTRY POINT SYMBOL: "_c_int00"  address: 000062a9


MEMORY CONFIGURATION

         name            origin    length      used     unused   attr    fill
----------------------  --------  ---------  --------  --------  ----  --------
  FLASH                 00000000   00040000  00008128  00037ed8  R  X
  SRAM                  20000000   00010000  000051ac  0000ae54  RW X


SEGMENT ALLOCATION MAP

run origin  load origin   length   init length attrs members
----------  ----------- ---------- ----------- ----- -------
00000000    00000000    00008128   00008128    r-x
  00000000    00000000    000000f0   000000f0    r-- .intvecs
  000000f0    000000f0    00006450   00006450    r-x .text
  00006540    00006540    00001a80   00001a80    r-- .const
  00007fc0    00007fc0    00000168   00000168    r-- .cinit
20000000    20000000    000051b0   00000000    rw-
  20000000    20000000    0000026c   00000000    rw- .vtable
  20000270    20000270    00002df8   00000000    rw- .bss
  20003068    20003068    00001600   00000000    rw- .stack
  20004668    20004668    00000800   00000000    rw- .sysmem
  20004e68    20004e68    00000348   00000000    rw- .data


SECTION ALLOCATION MAP

 output                                  attributes/
section   page    origin      length       input sections
--------  ----  ----------  ----------   ----------------
.intvecs   0    00000000    000000f0     
                  00000000    000000f0     startup_ccs.obj (.intvecs)

.text      0    000000f0    00006450     
                  000000f0    00000ebc     rtsv7M3_T_le_eabi.lib : _printfi.obj (.text)
                  00000fac    00000ab8     tasks.obj (.text)
                  00001a64    00000768     game_engine.obj (.text)
                  000021cc    00000614     queue.obj (.text)
                  000027e0    00000524     math.obj (.text)
                  00002d04    00000510     rit128x96x4.obj (.text)
                  00003214    000003cc     rtsv7M3_T_le_eabi.lib : memory.obj (.text)
                  000035e0    0000032c     main.obj (.text)
                  0000390c    00000310     rtsv7M3_T_le_eabi.lib : lowlev.obj (.text)
                  00003c1c    000002d4                           : trgdrv.obj (.text)
                  00003ef0    0000024c     board.obj (.text)
                  0000413c    000001f4     rtsv7M3_T_le_eabi.lib : ull_div_t2.obj (.text)
                  00004330    000001d8     driverlib-cm3.lib : sysctl.obj (.text:SysCtlClockGet)
                  00004508    000001c0     rtsv7M3_T_le_eabi.lib : fopen.obj (.text)
                  000046c8    000001bc     heap_2.obj (.text)
                  00004884    000001b6     rtsv7M3_T_le_eabi.lib : fd_add_t2.obj (.text)
                  00004a3a    00000002     --HOLE-- [fill = 0]
                  00004a3c    00000198     display.obj (.text)
                  00004bd4    00000144     driverlib-cm3.lib : sysctl.obj (.text:SysCtlClockSet)
                  00004d18    00000136     rtsv7M3_T_le_eabi.lib : fd_div_t2.obj (.text)
                  00004e4e    00000002     --HOLE-- [fill = 0]
                  00004e50    00000134                           : fputs.obj (.text)
                  00004f84    0000012e     list.obj (.text)
                  000050b2    00000002     --HOLE-- [fill = 0]
                  000050b4    00000124     buttons.obj (.text)
                  000051d8    000000fc     driverlib-cm3.lib : gpio.obj (.text:GPIOGetIntNumber)
                  000052d4    000000fc     rtsv7M3_T_le_eabi.lib : fd_mul_t2.obj (.text)
                  000053d0    000000e4     port.obj (.text)
                  000054b4    000000dc     rtsv7M3_T_le_eabi.lib : setvbuf.obj (.text)
                  00005590    000000c8     driverlib-cm3.lib : gpio.obj (.text:GPIOPadConfigSet)
                  00005658    000000c0     rtsv7M3_T_le_eabi.lib : fflush.obj (.text)
                  00005718    000000ac                           : _io_perm.obj (.text)
                  000057c4    0000009c     portasm.obj (.text)
                  00005860    0000009c     rtsv7M3_T_le_eabi.lib : fputc.obj (.text)
                  000058fc    0000009c                           : memcpy_t2.obj (.text)
                  00005998    00000098                           : fclose.obj (.text)
                  00005a30    00000094                           : auto_init.obj (.text)
                  00005ac4    00000088     driverlib-cm3.lib : sysctl.obj (.text:SysCtlPeripheralReset)
                  00005b4c    00000086     rtsv7M3_T_le_eabi.lib : fd_cmp_t2.obj (.text:__aeabi_cdcmple)
                  00005bd2    00000086                           : fd_cmp_t2.obj (.text:__aeabi_cdrcmple)
                  00005c58    00000078                           : memset_t2.obj (.text)
                  00005cd0    00000070                           : printf.obj (.text)
                  00005d40    00000064     driverlib-cm3.lib : interrupt.obj (.text:IntEnable)
                  00005da4    00000064     rtsv7M3_T_le_eabi.lib : fseek.obj (.text)
                  00005e08    00000060     basic_io.obj (.text)
                  00005e68    00000060     rtsv7M3_T_le_eabi.lib : sprintf.obj (.text)
                  00005ec8    00000060                           : trgmsg.obj (.text)
                  00005f28    0000005e                           : copy_decompress_rle.obj (.text)
                  00005f86    0000005a                           : ltoa.obj (.text)
                  00005fe0    00000058     driverlib-cm3.lib : sysctl.obj (.text:SysCtlPeripheralEnable)
                  00006038    00000052     tetrominoe.obj (.text)
                  0000608a    00000002     --HOLE-- [fill = 0]
                  0000608c    0000004c     rtsv7M3_T_le_eabi.lib : atoi.obj (.text)
                  000060d8    00000048                           : fd_toi_t2.obj (.text)
                  00006120    00000044     driverlib-cm3.lib : gpio.obj (.text:GPIOIntTypeSet)
                  00006164    00000044                       : ssi.obj (.text:SSIConfigSetExpClk)
                  000061a8    00000044     rtsv7M3_T_le_eabi.lib : cpy_tbl.obj (.text)
                  000061ec    00000044                           : exit.obj (.text)
                  00006230    00000044                           : xdtest.obj (.text)
                  00006274    00000034     driverlib-cm3.lib : interrupt.obj (.text:IntRegister)
                  000062a8    00000034     rtsv7M3_T_le_eabi.lib : boot.obj (.text)
                  000062dc    00000030                           : strncpy.obj (.text)
                  0000630c    0000002e     driverlib-cm3.lib : gpio.obj (.text:GPIODirModeSet)
                  0000633a    0000002e     rtsv7M3_T_le_eabi.lib : i_tofd_t2.obj (.text)
                  00006368    00000022                           : memcmp.obj (.text)
                  0000638a    0000001a                           : memccpy.obj (.text)
                  000063a4    00000018     driverlib-cm3.lib : gpio.obj (.text:GPIOPortIntRegister)
                  000063bc    00000018     rtsv7M3_T_le_eabi.lib : args_main.obj (.text)
                  000063d4    00000018                           : ll_mul_t2.obj (.text)
                  000063ec    00000018                           : strcmp.obj (.text)
                  00006404    00000016                           : memchr.obj (.text)
                  0000641a    00000016                           : strchr.obj (.text)
                  00006430    00000014                           : _lock.obj (.text)
                  00006444    00000014                           : strlen.obj (.text)
                  00006458    00000012     driverlib-cm3.lib : gpio.obj (.text:GPIOPinTypeGPIOOutput)
                  0000646a    00000012                       : gpio.obj (.text:GPIOPinTypeSSI)
                  0000647c    00000012                       : ssi.obj (.text:SSIDataGetNonBlocking)
                  0000648e    00000012     rtsv7M3_T_le_eabi.lib : copy_zero_init.obj (.text:decompress:ZI)
                  000064a0    00000012                           : strcpy.obj (.text)
                  000064b2    0000000e                           : copy_decompress_none.obj (.text:decompress:none)
                  000064c0    0000000e                           : xdclass.obj (.text)
                  000064ce    0000000c     driverlib-cm3.lib : cpu.obj (.text:CPUcpsie)
                  000064da    0000000c                       : gpio.obj (.text:GPIOPinIntEnable)
                  000064e6    0000000c     startup_ccs.obj (.text)
                  000064f2    0000000a     driverlib-cm3.lib : interrupt.obj (.text:IntMasterEnable)
                  000064fc    0000000a                       : ssi.obj (.text:SSIDataPut)
                  00006506    0000000a                       : ssi.obj (.text:SSIDisable)
                  00006510    0000000a                       : ssi.obj (.text:SSIEnable)
                  0000651a    00000008                       : ssi.obj (.text:SSIBusy)
                  00006522    00000006                       : gpio.obj (.text:GPIOPinIntClear)
                  00006528    00000006                       : gpio.obj (.text:GPIOPinRead)
                  0000652e    00000006                       : gpio.obj (.text:GPIOPinWrite)
                  00006534    00000006                       : sysctl.obj (.text:SysCtlDelay)
                  0000653a    00000006     rtsv7M3_T_le_eabi.lib : copy_decompress_rle.obj (.text:decompress:rle24)

.const     0    00006540    00001a80     
                  00006540    00000f80     tetris_background.obj (.const:.string:TETRIS_BACKGROUND_DATA)
                  000074c0    000001e0     rit128x96x4.obj (.const:g_pucFont)
                  000076a0    00000102     rtsv7M3_T_le_eabi.lib : ctype.obj (.const:.string:_ctypes_)
                  000077a2    00000002     heap_2.obj (.const)
                  000077a4    000000b4     images.obj (.const)
                  00007858    00000070     driverlib-cm3.lib : interrupt.obj (.const)
                  000078c8    0000006c                       : sysctl.obj (.const:g_pulXtals)
                  00007934    0000005a     text_images.obj (.const:.string)
                  0000798e    0000004f     rit128x96x4.obj (.const:.string:g_pucRIT128x96x4Init)
                  000079dd    00000003     --HOLE-- [fill = 0]
                  000079e0    00000040     display.obj (.const)
                  00007a20    00000040     driverlib-cm3.lib : sysctl.obj (.const)
                  00007a60    00000040     tetrominoe.obj (.const:i_pose1)
                  00007aa0    00000040     tetrominoe.obj (.const:i_pose2)
                  00007ae0    00000040     tetrominoe.obj (.const:ll_pose1)
                  00007b20    00000040     tetrominoe.obj (.const:ll_pose2)
                  00007b60    00000040     tetrominoe.obj (.const:ll_pose3)
                  00007ba0    00000040     tetrominoe.obj (.const:ll_pose4)
                  00007be0    00000040     tetrominoe.obj (.const:lz_pose1)
                  00007c20    00000040     tetrominoe.obj (.const:lz_pose2)
                  00007c60    00000040     tetrominoe.obj (.const:rl_pose1)
                  00007ca0    00000040     tetrominoe.obj (.const:rl_pose2)
                  00007ce0    00000040     tetrominoe.obj (.const:rl_pose3)
                  00007d20    00000040     tetrominoe.obj (.const:rl_pose4)
                  00007d60    00000040     tetrominoe.obj (.const:rz_pose1)
                  00007da0    00000040     tetrominoe.obj (.const:rz_pose2)
                  00007de0    00000040     tetrominoe.obj (.const:s_pose1)
                  00007e20    00000040     tetrominoe.obj (.const:t_pose1)
                  00007e60    00000040     tetrominoe.obj (.const:t_pose2)
                  00007ea0    00000040     tetrominoe.obj (.const:t_pose3)
                  00007ee0    00000040     tetrominoe.obj (.const:t_pose4)
                  00007f20    00000030     images.obj (.const:.string)
                  00007f50    00000030     game_engine.obj (.const)
                  00007f80    00000020     main.obj (.const)
                  00007fa0    00000014     tasks.obj (.const:.string)
                  00007fb4    0000000c     rit128x96x4.obj (.const:.string)

.cinit     0    00007fc0    00000168     
                  00007fc0    00000131     (.cinit..data.load) [load image, compression = rle]
                  000080f1    00000003     --HOLE-- [fill = 0]
                  000080f4    0000000c     (__TI_handler_table)
                  00008100    00000008     (.cinit..bss.load) [load image, compression = zero_init]
                  00008108    00000008     (.cinit..vtable.load) [load image, compression = zero_init]
                  00008110    00000018     (__TI_cinit_table)

.vtable    0    20000000    0000026c     UNINITIALIZED
                  20000000    0000026c     driverlib-cm3.lib : interrupt.obj (.vtable)

.bss       0    20000270    00002df8     UNINITIALIZED
                  20000270    00002800     heap_2.obj (.bss:xHeap)
                  20002a70    00000320     game_engine.obj (.bss:grid)
                  20002d90    00000120     rtsv7M3_T_le_eabi.lib : trgmsg.obj (.bss:__CIOBUF_)
                  20002eb0    000000a0                           : defs.obj (.bss:__TI_tmpnams)
                  20002f50    00000064     tasks.obj (.bss:pxReadyTasksLists)
                  20002fb4    00000034     basic_io.obj (.bss:cBuffer)
                  20002fe8    00000014     (.common:xDelayedTaskList1)
                  20002ffc    00000014     (.common:xDelayedTaskList2)
                  20003010    00000014     (.common:xPendingReadyList)
                  20003024    00000014     (.common:xTasksWaitingTermination)
                  20003038    00000008     (.common:g_pucBuffer)
                  20003040    00000008     (.common:parmbuf)
                  20003048    00000008     (.common:xEnd)
                  20003050    00000008     (.common:xStart)
                  20003058    00000004     (.common:g_ulSSIFlags)
                  2000305c    00000004     (.common:pxDelayedTaskList)
                  20003060    00000004     (.common:pxOverflowDelayedTaskList)
                  20003064    00000004     (.common:seed)

.stack     0    20003068    00001600     UNINITIALIZED
                  20003068    00001600     --HOLE--

.sysmem    0    20004668    00000800     UNINITIALIZED
                  20004668    00000008     rtsv7M3_T_le_eabi.lib : memory.obj (.sysmem)
                  20004670    000007f8     --HOLE--

.data      0    20004e68    00000348     UNINITIALIZED
                  20004e68    000000f0     rtsv7M3_T_le_eabi.lib : defs.obj (.data:_ftable)
                  20004f58    000000d0                           : lowlev.obj (.data)
                  20005028    000000c4     tetrominoe.obj (.data)
                  200050ec    00000030     tasks.obj (.data)
                  2000511c    0000002c     game_engine.obj (.data:base_game)
                  20005148    00000028     game_engine.obj (.data)
                  20005170    00000010     rtsv7M3_T_le_eabi.lib : defs.obj (.data)
                  20005180    0000000c                           : memory.obj (.data)
                  2000518c    00000008     heap_2.obj (.data)
                  20005194    00000008     rtsv7M3_T_le_eabi.lib : _lock.obj (.data)
                  2000519c    00000008                           : exit.obj (.data)
                  200051a4    00000004     port.obj (.data)
                  200051a8    00000004     rtsv7M3_T_le_eabi.lib : fopen.obj (.data)
                  200051ac    00000004                           : stkdepth_vars.obj (.data)


LINKER GENERATED COPY TABLES

__TI_cinit_table @ 00008110 records: 3, size/record: 8, table size: 24
	.data: load addr=00007fc0, load size=00000131 bytes, run addr=20004e68, run size=00000348 bytes, compression=rle
	.bss: load addr=00008100, load size=00000008 bytes, run addr=20000270, run size=00002df8 bytes, compression=zero_init
	.vtable: load addr=00008108, load size=00000008 bytes, run addr=20000000, run size=0000026c bytes, compression=zero_init


LINKER GENERATED HANDLER TABLE

__TI_handler_table @ 000080f4 records: 3, size/record: 4, table size: 12
	index: 0, handler: __TI_zero_init
	index: 1, handler: __TI_decompress_rle24
	index: 2, handler: __TI_decompress_none


GLOBAL SYMBOLS: SORTED ALPHABETICALLY BY Name 

address    name
--------   ----
000061ed   C$$EXIT
00005ef3   C$$IO$$
000064cf   CPUcpsie
000077a4   CUBE
00007f20   CUBE_DATA
000028a5   EEPROMBlockCountGet
00002b59   EEPROMBlockHide
00002ae9   EEPROMBlockLock
00002a97   EEPROMBlockPasswordSet
00002a5f   EEPROMBlockProtectGet
00002a73   EEPROMBlockProtectSet
00002b11   EEPROMBlockUnlock
00002855   EEPROMInit
00002bed   EEPROMIntClear
00002b99   EEPROMIntDisable
00002b71   EEPROMIntEnable
00002bbd   EEPROMIntStatus
00002a21   EEPROMMassErase
00002905   EEPROMProgram
000029df   EEPROMProgramNonBlocking
000028b3   EEPROMRead
00002899   EEPROMSizeGet
00002c15   EEPROMStatusGet
000077c8   EMPTY_CELL
00007f3e   EMPTY_CELL_DATA
000077bc   FULL_CELL
00007f2c   FULL_CELL_DATA
0000630d   GPIODirModeSet
00006121   GPIOIntTypeSet
00005591   GPIOPadConfigSet
00006523   GPIOPinIntClear
000064db   GPIOPinIntEnable
00006529   GPIOPinRead
00006459   GPIOPinTypeGPIOOutput
0000646b   GPIOPinTypeSSI
0000652f   GPIOPinWrite
000063a5   GPIOPortIntRegister
00003ea9   HOSTclock
00003e71   HOSTclose
00003e33   HOSTgetenv
00003dd7   HOSTlseek
00003d85   HOSTopen
00003d39   HOSTread
00003cdb   HOSTrename
00003ca1   HOSTtime
00003c69   HOSTunlink
00003c1d   HOSTwrite
00005d41   IntEnable
000064f3   IntMasterEnable
00006275   IntRegister
000077e0   NUMBER0
00007934   NUMBER0_DATA
000077ec   NUMBER1
0000793d   NUMBER1_DATA
000077f8   NUMBER2
00007946   NUMBER2_DATA
00007804   NUMBER3
0000794f   NUMBER3_DATA
00007810   NUMBER4
00007958   NUMBER4_DATA
0000781c   NUMBER5
00007961   NUMBER5_DATA
00007828   NUMBER6
0000796a   NUMBER6_DATA
00007834   NUMBER7
00007973   NUMBER7_DATA
00007840   NUMBER8
0000797c   NUMBER8_DATA
0000784c   NUMBER9
00007985   NUMBER9_DATA
00002e0d   RIT128x96x4Clear
0000308b   RIT128x96x4Disable
000031dd   RIT128x96x4DisplayOff
000031a9   RIT128x96x4DisplayOn
00003031   RIT128x96x4Enable
00002fa9   RIT128x96x4ImageDraw
00003105   RIT128x96x4Init
00002e69   RIT128x96x4StringDraw
000064e7   ResetISR
UNDEFED    SHT$$INIT_ARRAY$$Base
UNDEFED    SHT$$INIT_ARRAY$$Limit
000077b0   SMALL_CUBE
00007f28   SMALL_CUBE_DATA
0000651b   SSIBusy
00006165   SSIConfigSetExpClk
0000647d   SSIDataGetNonBlocking
000064fd   SSIDataPut
00006507   SSIDisable
00006511   SSIEnable
00004331   SysCtlClockGet
00004bd5   SysCtlClockSet
00006535   SysCtlDelay
00005fe1   SysCtlPeripheralEnable
00005ac5   SysCtlPeripheralReset
000077d4   TETRIS_BACKGROUND
00006540   TETRIS_BACKGROUND_DATA
000064c1   _Dclass
00006231   _Dtest
20002d90   __CIOBUF_
20004668   __STACK_END
00001600   __STACK_SIZE
20003168   __STACK_TOP
00000800   __SYSMEM_SIZE
00008110   __TI_CINIT_Base
00008128   __TI_CINIT_Limit
000080f4   __TI_Handler_Table_Base
00008100   __TI_Handler_Table_Limit
00000001   __TI_args_main
00005a31   __TI_auto_init
000045d1   __TI_cleanup
2000519c   __TI_cleanup_ptr
00005999   __TI_closefile
000064b3   __TI_decompress_none
0000653b   __TI_decompress_rle24
00005659   __TI_doflush
200051a0   __TI_dtors_ptr
20005170   __TI_ft_end
00000ca3   __TI_printfi
0000577b   __TI_rd_ok
00005ef7   __TI_readmsg
00000000   __TI_static_base__
20002eb0   __TI_tmpnams
00005ec9   __TI_writemsg
00005719   __TI_wrt_ok
0000648f   __TI_zero_init
00005b4d   __aeabi_cdcmpeq
00005b4d   __aeabi_cdcmple
00005bd3   __aeabi_cdrcmple
000060d9   __aeabi_d2iz
0000488f   __aeabi_dadd
00004d19   __aeabi_ddiv
000052d5   __aeabi_dmul
00004885   __aeabi_dsub
0000633b   __aeabi_i2d
000063d5   __aeabi_lmul
00005c59   __aeabi_memclr
00005c59   __aeabi_memclr4
00005c59   __aeabi_memclr8
000058fd   __aeabi_memcpy
000058fd   __aeabi_memcpy4
000058fd   __aeabi_memcpy8
00005c5b   __aeabi_memset
00005c5b   __aeabi_memset4
00005c5b   __aeabi_memset8
2000517c   __aeabi_stderr
20005174   __aeabi_stdin
20005178   __aeabi_stdout
0000413d   __aeabi_uldivmod
ffffffff   __binit__
ffffffff   __c_args__
20003068   __stack
000063bd   _args_main
000062a9   _c_int00
000076a0   _ctypes_
20004e68   _ftable
20005194   _lock
0000643f   _nop
00006437   _register_lock
00006431   _register_unlock
20004668   _sys_memory
20005198   _unlock
000061f1   abort
00002ca7   abs_modulo
00003b6f   add_device
0000608d   atoi
2000511c   base_game
ffffffff   binit
20005028   block0
20005044   block1
20005060   block2
2000507c   block3
20005098   block4
200050b4   block5
200050d0   block6
000050b5   button_handler
00001b1d   button_process_loop
00001d07   calculate_tetris_grid_x_position
00001cf1   calculate_tetris_grid_y_position
000035a9   calloc
00001e07   can_drop_current_tetrominoe
00001e19   can_rotate_current_tetrominoe
00001e2b   can_shift_current_tetrominoe
00003ef1   clear_board
00004aa5   clear_display
0000201d   clear_full_rows
0000407d   clear_row
00003b1d   close
000061a9   copy_in
00001d25   current_tetrominoe_can_occupy
00001ed5   debug_board
00001c35   draw_current_tetrominoe
00001c51   draw_current_tetrominoe_as
00004b29   enqueue_display_task
00001c43   erase_current_tetrominoe
00004ad9   execute_display_task
000061f9   exit
000059ff   fclose
000056a5   fflush
00004627   fopen
00005861   fputc
00004e51   fputs
00003303   free
000045fd   freopen
00005da5   fseek
20000000   g_pfnRAMVectors
00000000   g_pfnVectors
20005148   game_board
00001a7b   game_loop
00003f23   get_board_value
00001c1f   get_current_tetrominoe
00003f69   get_next_complete_row
00001fbd   get_next_tetrominoe
00006055   get_tetromineo_grid
20002a70   grid
00004107   highest_occupied_cell_in_column
00007a60   i_pose1
00007aa0   i_pose2
000051b5   initalise_button_event_queue
000050c1   initalise_button_interrupts
000050fb   initalise_buttons
00004a93   initalise_display
00004b11   initalise_display_queue
00001b87   initalise_game
00002c97   initalise_random_number_generator
00004053   is_occupied
0000401f   is_off_board
00007ae0   ll_pose1
00007b20   ll_pose2
00007b60   ll_pose3
00007ba0   ll_pose4
00003af9   lseek
00005f87   ltoa
00007be0   lz_pose1
00007c20   lz_pose2
000035e1   main
200051ac   main_func_sp
000032a1   malloc
000034c9   memalign
0000638b   memccpy
00006405   memchr
00006369   memcmp
000058fd   memcpy
00005c61   memset
00003215   minit
00003fbf   num_complete_rows
00003a4b   open
00001e45   place_current_tetrominoe
00005cd9   printf
000058e5   putc
000058e9   putchar
00004f5b   puts
000046c9   pvPortMalloc
200050ec   pxCurrentTCB
000053d1   pxPortInitialiseStack
00004ba3   quick_clear_screen
00004b43   quick_initalise_screen
00004b73   quick_send_image
00002c65   rand_range
00003a27   read
00005177   read_button
00005111   read_buttons
000033c3   realloc
0000213f   redraw_empty_cells
0000399d   remove
000039ff   remove_device
000039c1   rename
00001ba7   reset_game
00006039   reset_tetromineo
00007c60   rl_pose1
00007ca0   rl_pose2
00007ce0   rl_pose3
00007d20   rl_pose4
0000606b   rotate_tetromineo
00007d60   rz_pose1
00007da0   rz_pose2
00007de0   s_pose1
00001b7d   score_screen_loop
20003064   seed
00003f45   set_board_value
000054b5   setvbuf
00001f5d   spawn_new_tetrominoe
00001b73   splash_screen_loop
00005e69   sprintf
0000641b   strchr
000063ed   strcmp
000064a1   strcpy
00006445   strlen
000062dd   strncpy
00007e20   t_pose1
00007e60   t_pose2
00007ea0   t_pose3
00007ee0   t_pose4
000020b5   temp_fill_cells
20005154   tetrominoes
000036e5   tetronimoe_drop_test
0000376d   tetronimoe_drop_test2
000040b7   trickle_down_column
0000399d   unlink
00002c29   urand
000025e7   uxQueueMessagesWaiting
000025fd   uxQueueMessagesWaitingFromISR
000014a9   uxTaskGetNumberOfTasks
0000123d   uxTaskPriorityGet
00003895   vApplicationIdleHook
00003875   vApplicationMallocFailedHook
00003885   vApplicationStackOverflowHook
00003897   vApplicationTickHook
00004f85   vListInitialise
00004fb5   vListInitialiseItem
00005009   vListInsert
00004fc5   vListInsertEnd
0000506f   vListRemove
00005811   vPortClearInterruptMask
0000584f   vPortEnableVFP
00005441   vPortEndScheduler
0000544d   vPortEnterCritical
0000545d   vPortExitCritical
000047fb   vPortFree
00004863   vPortInitialiseBlocks
0000581f   vPortSVCHandler
00005803   vPortSetInterruptMask
0000583d   vPortStartFirstTask
00005443   vPortYieldFromISR
00005e09   vPrintString
00005e2d   vPrintStringAndNumber
0000260f   vQueueDelete
0000382f   vQueueTest
000011d9   vTaskDelay
0000368d   vTaskDelayTest
00001129   vTaskDelayUntil
000010c1   vTaskDelete
000013a7   vTaskEndScheduler
00003663   vTaskFunction
000037f7   vTaskImageFun
000014af   vTaskIncrementTick
00001799   vTaskMissedYield
0000161d   vTaskPlaceOnEventList
000019d5   vTaskPriorityDisinherit
0000194d   vTaskPriorityInherit
00001279   vTaskPrioritySet
00001709   vTaskSetTimeOutState
00001361   vTaskStartScheduler
000013b9   vTaskSuspendAll
00001561   vTaskSwitchContext
0000390d   write
000036cf   write_background
00004a65   write_image
00004a3d   write_string
00005187   xButtonReadTask
00004ab5   xDisplayTask
00001a65   xGameEngineTask
0000485d   xPortGetFreeHeapSize
000057c9   xPortPendSVHandler
00005419   xPortStartScheduler
00005473   xPortSysTickHandler
000021cd   xQueueCreate
000022db   xQueueCreateCountingSemaphore
00002273   xQueueCreateMutex
0000244b   xQueueGenericReceive
000022f9   xQueueGenericSend
000023e1   xQueueGenericSendFromISR
00002789   xQueueIsQueueEmptyFromISR
000027c3   xQueueIsQueueFullFromISR
0000257f   xQueueReceiveFromISR
00001731   xTaskCheckForTimeOut
00000fad   xTaskGenericCreate
00001933   xTaskGetCurrentTaskHandle
00001495   xTaskGetTickCount
00001685   xTaskRemoveFromEventList
000013d1   xTaskResumeAll


GLOBAL SYMBOLS: SORTED BY Symbol Address 

address    name
--------   ----
00000000   __TI_static_base__
00000000   g_pfnVectors
00000001   __TI_args_main
00000800   __SYSMEM_SIZE
00000ca3   __TI_printfi
00000fad   xTaskGenericCreate
000010c1   vTaskDelete
00001129   vTaskDelayUntil
000011d9   vTaskDelay
0000123d   uxTaskPriorityGet
00001279   vTaskPrioritySet
00001361   vTaskStartScheduler
000013a7   vTaskEndScheduler
000013b9   vTaskSuspendAll
000013d1   xTaskResumeAll
00001495   xTaskGetTickCount
000014a9   uxTaskGetNumberOfTasks
000014af   vTaskIncrementTick
00001561   vTaskSwitchContext
00001600   __STACK_SIZE
0000161d   vTaskPlaceOnEventList
00001685   xTaskRemoveFromEventList
00001709   vTaskSetTimeOutState
00001731   xTaskCheckForTimeOut
00001799   vTaskMissedYield
00001933   xTaskGetCurrentTaskHandle
0000194d   vTaskPriorityInherit
000019d5   vTaskPriorityDisinherit
00001a65   xGameEngineTask
00001a7b   game_loop
00001b1d   button_process_loop
00001b73   splash_screen_loop
00001b7d   score_screen_loop
00001b87   initalise_game
00001ba7   reset_game
00001c1f   get_current_tetrominoe
00001c35   draw_current_tetrominoe
00001c43   erase_current_tetrominoe
00001c51   draw_current_tetrominoe_as
00001cf1   calculate_tetris_grid_y_position
00001d07   calculate_tetris_grid_x_position
00001d25   current_tetrominoe_can_occupy
00001e07   can_drop_current_tetrominoe
00001e19   can_rotate_current_tetrominoe
00001e2b   can_shift_current_tetrominoe
00001e45   place_current_tetrominoe
00001ed5   debug_board
00001f5d   spawn_new_tetrominoe
00001fbd   get_next_tetrominoe
0000201d   clear_full_rows
000020b5   temp_fill_cells
0000213f   redraw_empty_cells
000021cd   xQueueCreate
00002273   xQueueCreateMutex
000022db   xQueueCreateCountingSemaphore
000022f9   xQueueGenericSend
000023e1   xQueueGenericSendFromISR
0000244b   xQueueGenericReceive
0000257f   xQueueReceiveFromISR
000025e7   uxQueueMessagesWaiting
000025fd   uxQueueMessagesWaitingFromISR
0000260f   vQueueDelete
00002789   xQueueIsQueueEmptyFromISR
000027c3   xQueueIsQueueFullFromISR
00002855   EEPROMInit
00002899   EEPROMSizeGet
000028a5   EEPROMBlockCountGet
000028b3   EEPROMRead
00002905   EEPROMProgram
000029df   EEPROMProgramNonBlocking
00002a21   EEPROMMassErase
00002a5f   EEPROMBlockProtectGet
00002a73   EEPROMBlockProtectSet
00002a97   EEPROMBlockPasswordSet
00002ae9   EEPROMBlockLock
00002b11   EEPROMBlockUnlock
00002b59   EEPROMBlockHide
00002b71   EEPROMIntEnable
00002b99   EEPROMIntDisable
00002bbd   EEPROMIntStatus
00002bed   EEPROMIntClear
00002c15   EEPROMStatusGet
00002c29   urand
00002c65   rand_range
00002c97   initalise_random_number_generator
00002ca7   abs_modulo
00002e0d   RIT128x96x4Clear
00002e69   RIT128x96x4StringDraw
00002fa9   RIT128x96x4ImageDraw
00003031   RIT128x96x4Enable
0000308b   RIT128x96x4Disable
00003105   RIT128x96x4Init
000031a9   RIT128x96x4DisplayOn
000031dd   RIT128x96x4DisplayOff
00003215   minit
000032a1   malloc
00003303   free
000033c3   realloc
000034c9   memalign
000035a9   calloc
000035e1   main
00003663   vTaskFunction
0000368d   vTaskDelayTest
000036cf   write_background
000036e5   tetronimoe_drop_test
0000376d   tetronimoe_drop_test2
000037f7   vTaskImageFun
0000382f   vQueueTest
00003875   vApplicationMallocFailedHook
00003885   vApplicationStackOverflowHook
00003895   vApplicationIdleHook
00003897   vApplicationTickHook
0000390d   write
0000399d   remove
0000399d   unlink
000039c1   rename
000039ff   remove_device
00003a27   read
00003a4b   open
00003af9   lseek
00003b1d   close
00003b6f   add_device
00003c1d   HOSTwrite
00003c69   HOSTunlink
00003ca1   HOSTtime
00003cdb   HOSTrename
00003d39   HOSTread
00003d85   HOSTopen
00003dd7   HOSTlseek
00003e33   HOSTgetenv
00003e71   HOSTclose
00003ea9   HOSTclock
00003ef1   clear_board
00003f23   get_board_value
00003f45   set_board_value
00003f69   get_next_complete_row
00003fbf   num_complete_rows
0000401f   is_off_board
00004053   is_occupied
0000407d   clear_row
000040b7   trickle_down_column
00004107   highest_occupied_cell_in_column
0000413d   __aeabi_uldivmod
00004331   SysCtlClockGet
000045d1   __TI_cleanup
000045fd   freopen
00004627   fopen
000046c9   pvPortMalloc
000047fb   vPortFree
0000485d   xPortGetFreeHeapSize
00004863   vPortInitialiseBlocks
00004885   __aeabi_dsub
0000488f   __aeabi_dadd
00004a3d   write_string
00004a65   write_image
00004a93   initalise_display
00004aa5   clear_display
00004ab5   xDisplayTask
00004ad9   execute_display_task
00004b11   initalise_display_queue
00004b29   enqueue_display_task
00004b43   quick_initalise_screen
00004b73   quick_send_image
00004ba3   quick_clear_screen
00004bd5   SysCtlClockSet
00004d19   __aeabi_ddiv
00004e51   fputs
00004f5b   puts
00004f85   vListInitialise
00004fb5   vListInitialiseItem
00004fc5   vListInsertEnd
00005009   vListInsert
0000506f   vListRemove
000050b5   button_handler
000050c1   initalise_button_interrupts
000050fb   initalise_buttons
00005111   read_buttons
00005177   read_button
00005187   xButtonReadTask
000051b5   initalise_button_event_queue
000052d5   __aeabi_dmul
000053d1   pxPortInitialiseStack
00005419   xPortStartScheduler
00005441   vPortEndScheduler
00005443   vPortYieldFromISR
0000544d   vPortEnterCritical
0000545d   vPortExitCritical
00005473   xPortSysTickHandler
000054b5   setvbuf
00005591   GPIOPadConfigSet
00005659   __TI_doflush
000056a5   fflush
00005719   __TI_wrt_ok
0000577b   __TI_rd_ok
000057c9   xPortPendSVHandler
00005803   vPortSetInterruptMask
00005811   vPortClearInterruptMask
0000581f   vPortSVCHandler
0000583d   vPortStartFirstTask
0000584f   vPortEnableVFP
00005861   fputc
000058e5   putc
000058e9   putchar
000058fd   __aeabi_memcpy
000058fd   __aeabi_memcpy4
000058fd   __aeabi_memcpy8
000058fd   memcpy
00005999   __TI_closefile
000059ff   fclose
00005a31   __TI_auto_init
00005ac5   SysCtlPeripheralReset
00005b4d   __aeabi_cdcmpeq
00005b4d   __aeabi_cdcmple
00005bd3   __aeabi_cdrcmple
00005c59   __aeabi_memclr
00005c59   __aeabi_memclr4
00005c59   __aeabi_memclr8
00005c5b   __aeabi_memset
00005c5b   __aeabi_memset4
00005c5b   __aeabi_memset8
00005c61   memset
00005cd9   printf
00005d41   IntEnable
00005da5   fseek
00005e09   vPrintString
00005e2d   vPrintStringAndNumber
00005e69   sprintf
00005ec9   __TI_writemsg
00005ef3   C$$IO$$
00005ef7   __TI_readmsg
00005f87   ltoa
00005fe1   SysCtlPeripheralEnable
00006039   reset_tetromineo
00006055   get_tetromineo_grid
0000606b   rotate_tetromineo
0000608d   atoi
000060d9   __aeabi_d2iz
00006121   GPIOIntTypeSet
00006165   SSIConfigSetExpClk
000061a9   copy_in
000061ed   C$$EXIT
000061f1   abort
000061f9   exit
00006231   _Dtest
00006275   IntRegister
000062a9   _c_int00
000062dd   strncpy
0000630d   GPIODirModeSet
0000633b   __aeabi_i2d
00006369   memcmp
0000638b   memccpy
000063a5   GPIOPortIntRegister
000063bd   _args_main
000063d5   __aeabi_lmul
000063ed   strcmp
00006405   memchr
0000641b   strchr
00006431   _register_unlock
00006437   _register_lock
0000643f   _nop
00006445   strlen
00006459   GPIOPinTypeGPIOOutput
0000646b   GPIOPinTypeSSI
0000647d   SSIDataGetNonBlocking
0000648f   __TI_zero_init
000064a1   strcpy
000064b3   __TI_decompress_none
000064c1   _Dclass
000064cf   CPUcpsie
000064db   GPIOPinIntEnable
000064e7   ResetISR
000064f3   IntMasterEnable
000064fd   SSIDataPut
00006507   SSIDisable
00006511   SSIEnable
0000651b   SSIBusy
00006523   GPIOPinIntClear
00006529   GPIOPinRead
0000652f   GPIOPinWrite
00006535   SysCtlDelay
0000653b   __TI_decompress_rle24
00006540   TETRIS_BACKGROUND_DATA
000076a0   _ctypes_
000077a4   CUBE
000077b0   SMALL_CUBE
000077bc   FULL_CELL
000077c8   EMPTY_CELL
000077d4   TETRIS_BACKGROUND
000077e0   NUMBER0
000077ec   NUMBER1
000077f8   NUMBER2
00007804   NUMBER3
00007810   NUMBER4
0000781c   NUMBER5
00007828   NUMBER6
00007834   NUMBER7
00007840   NUMBER8
0000784c   NUMBER9
00007934   NUMBER0_DATA
0000793d   NUMBER1_DATA
00007946   NUMBER2_DATA
0000794f   NUMBER3_DATA
00007958   NUMBER4_DATA
00007961   NUMBER5_DATA
0000796a   NUMBER6_DATA
00007973   NUMBER7_DATA
0000797c   NUMBER8_DATA
00007985   NUMBER9_DATA
00007a60   i_pose1
00007aa0   i_pose2
00007ae0   ll_pose1
00007b20   ll_pose2
00007b60   ll_pose3
00007ba0   ll_pose4
00007be0   lz_pose1
00007c20   lz_pose2
00007c60   rl_pose1
00007ca0   rl_pose2
00007ce0   rl_pose3
00007d20   rl_pose4
00007d60   rz_pose1
00007da0   rz_pose2
00007de0   s_pose1
00007e20   t_pose1
00007e60   t_pose2
00007ea0   t_pose3
00007ee0   t_pose4
00007f20   CUBE_DATA
00007f28   SMALL_CUBE_DATA
00007f2c   FULL_CELL_DATA
00007f3e   EMPTY_CELL_DATA
000080f4   __TI_Handler_Table_Base
00008100   __TI_Handler_Table_Limit
00008110   __TI_CINIT_Base
00008128   __TI_CINIT_Limit
20000000   g_pfnRAMVectors
20002a70   grid
20002d90   __CIOBUF_
20002eb0   __TI_tmpnams
20003064   seed
20003068   __stack
20003168   __STACK_TOP
20004668   __STACK_END
20004668   _sys_memory
20004e68   _ftable
20005028   block0
20005044   block1
20005060   block2
2000507c   block3
20005098   block4
200050b4   block5
200050d0   block6
200050ec   pxCurrentTCB
2000511c   base_game
20005148   game_board
20005154   tetrominoes
20005170   __TI_ft_end
20005174   __aeabi_stdin
20005178   __aeabi_stdout
2000517c   __aeabi_stderr
20005194   _lock
20005198   _unlock
2000519c   __TI_cleanup_ptr
200051a0   __TI_dtors_ptr
200051ac   main_func_sp
ffffffff   __binit__
ffffffff   __c_args__
ffffffff   binit
UNDEFED    SHT$$INIT_ARRAY$$Base
UNDEFED    SHT$$INIT_ARRAY$$Limit

[370 symbols]
