******************************************************************************
                  TI ARM Linker PC v5.1.6                      
******************************************************************************
>> Linked Thu Aug 11 15:20:53 2016

OUTPUT FILE NAME:   <ENCE463-Tetris.out>
ENTRY POINT SYMBOL: "_c_int00"  address: 00006b4d


MEMORY CONFIGURATION

         name            origin    length      used     unused   attr    fill
----------------------  --------  ---------  --------  --------  ----  --------
  FLASH                 00000000   00040000  00009f24  000360dc  R  X
  SRAM                  20000000   00010000  00008094  00007f6c  RW X


SEGMENT ALLOCATION MAP

run origin  load origin   length   init length attrs members
----------  ----------- ---------- ----------- ----- -------
00000000    00000000    00009f28   00009f28    r-x
  00000000    00000000    000000f0   000000f0    r-- .intvecs
  000000f0    000000f0    00006cb4   00006cb4    r-x .text
  00006da4    00006da4    00002e68   00002e68    r-- .const
  00009c10    00009c10    00000318   00000318    r-- .cinit
20000000    20000000    00008094   00000000    rw-
  20000000    20000000    00003200   00000000    rw- .sysmem
  20003200    20003200    00003118   00000000    rw- .bss
  20006318    20006318    00001800   00000000    rw- .stack
  20007b18    20007b18    0000057c   00000000    rw- .data


SECTION ALLOCATION MAP

 output                                  attributes/
section   page    origin      length       input sections
--------  ----  ----------  ----------   ----------------
.intvecs   0    00000000    000000f0     
                  00000000    000000f0     startup_ccs.obj (.intvecs)

.text      0    000000f0    00006cb4     
                  000000f0    00000ebc     rtsv7M3_T_le_eabi.lib : _printfi.obj (.text)
                  00000fac    00000bd8     game_engine.obj (.text)
                  00001b84    00000ab8     tasks.obj (.text)
                  0000263c    00000614     queue.obj (.text)
                  00002c50    00000550     math.obj (.text)
                  000031a0    00000510     rit128x96x4.obj (.text)
                  000036b0    00000494     display.obj (.text)
                  00003b44    000003cc     rtsv7M3_T_le_eabi.lib : memory.obj (.text)
                  00003f10    0000032e     board.obj (.text)
                  0000423e    00000002     --HOLE-- [fill = 0]
                  00004240    00000310     rtsv7M3_T_le_eabi.lib : lowlev.obj (.text)
                  00004550    000002f4     screen_draw.obj (.text)
                  00004844    000002d4     rtsv7M3_T_le_eabi.lib : trgdrv.obj (.text)
                  00004b18    000001f4                           : ull_div_t2.obj (.text)
                  00004d0c    000001d8     driverlib-cm3.lib : sysctl.obj (.text:SysCtlClockGet)
                  00004ee4    000001c0     rtsv7M3_T_le_eabi.lib : fopen.obj (.text)
                  000050a4    000001bc     heap_2.obj (.text)
                  00005260    000001b6     rtsv7M3_T_le_eabi.lib : fd_add_t2.obj (.text)
                  00005416    00000002     --HOLE-- [fill = 0]
                  00005418    00000178     buttons.obj (.text)
                  00005590    00000144     driverlib-cm3.lib : sysctl.obj (.text:SysCtlClockSet)
                  000056d4    00000136     rtsv7M3_T_le_eabi.lib : fd_div_t2.obj (.text)
                  0000580a    00000002     --HOLE-- [fill = 0]
                  0000580c    00000134                           : fputs.obj (.text)
                  00005940    0000012e     list.obj (.text)
                  00005a6e    000000fc     rtsv7M3_T_le_eabi.lib : fd_mul_t2.obj (.text)
                  00005b6a    00000002     --HOLE-- [fill = 0]
                  00005b6c    000000e8     main.obj (.text)
                  00005c54    000000e4     port.obj (.text)
                  00005d38    000000dc     rtsv7M3_T_le_eabi.lib : setvbuf.obj (.text)
                  00005e14    000000dc     timer.obj (.text)
                  00005ef0    000000c8     driverlib-cm3.lib : gpio.obj (.text:GPIOPadConfigSet)
                  00005fb8    000000c0     rtsv7M3_T_le_eabi.lib : fflush.obj (.text)
                  00006078    000000ac                           : _io_perm.obj (.text)
                  00006124    0000009c     portasm.obj (.text)
                  000061c0    0000009c     rtsv7M3_T_le_eabi.lib : fputc.obj (.text)
                  0000625c    0000009c                           : memcpy_t2.obj (.text)
                  000062f8    00000098                           : fclose.obj (.text)
                  00006390    00000094                           : auto_init.obj (.text)
                  00006424    00000088     driverlib-cm3.lib : sysctl.obj (.text:SysCtlPeripheralReset)
                  000064ac    00000086     rtsv7M3_T_le_eabi.lib : fd_cmp_t2.obj (.text:__aeabi_cdcmple)
                  00006532    00000086                           : fd_cmp_t2.obj (.text:__aeabi_cdrcmple)
                  000065b8    00000078                           : memset_t2.obj (.text)
                  00006630    00000074     tetrominoe.obj (.text)
                  000066a4    00000070     rtsv7M3_T_le_eabi.lib : printf.obj (.text)
                  00006714    00000064                           : fseek.obj (.text)
                  00006778    00000060     basic_io.obj (.text)
                  000067d8    00000060     rtsv7M3_T_le_eabi.lib : sprintf.obj (.text)
                  00006838    00000060                           : trgmsg.obj (.text)
                  00006898    0000005e                           : copy_decompress_rle.obj (.text)
                  000068f6    0000005a                           : ltoa.obj (.text)
                  00006950    00000058     driverlib-cm3.lib : sysctl.obj (.text:SysCtlPeripheralEnable)
                  000069a8    0000004c     rtsv7M3_T_le_eabi.lib : atoi.obj (.text)
                  000069f4    00000048                           : fd_toi_t2.obj (.text)
                  00006a3c    00000044     driverlib-cm3.lib : ssi.obj (.text:SSIConfigSetExpClk)
                  00006a80    00000044     rtsv7M3_T_le_eabi.lib : cpy_tbl.obj (.text)
                  00006ac4    00000044                           : exit.obj (.text)
                  00006b08    00000044                           : xdtest.obj (.text)
                  00006b4c    00000034                           : boot.obj (.text)
                  00006b80    00000030                           : strncpy.obj (.text)
                  00006bb0    0000002e     driverlib-cm3.lib : gpio.obj (.text:GPIODirModeSet)
                  00006bde    0000002e     rtsv7M3_T_le_eabi.lib : i_tofd_t2.obj (.text)
                  00006c0c    00000022                           : memcmp.obj (.text)
                  00006c2e    0000001a                           : memccpy.obj (.text)
                  00006c48    00000018                           : args_main.obj (.text)
                  00006c60    00000018                           : ll_mul_t2.obj (.text)
                  00006c78    00000018                           : strcmp.obj (.text)
                  00006c90    00000016                           : memchr.obj (.text)
                  00006ca6    00000016                           : strchr.obj (.text)
                  00006cbc    00000014                           : _lock.obj (.text)
                  00006cd0    00000014                           : strlen.obj (.text)
                  00006ce4    00000012     driverlib-cm3.lib : gpio.obj (.text:GPIOPinTypeGPIOOutput)
                  00006cf6    00000012                       : gpio.obj (.text:GPIOPinTypeSSI)
                  00006d08    00000012                       : ssi.obj (.text:SSIDataGetNonBlocking)
                  00006d1a    00000012     rtsv7M3_T_le_eabi.lib : copy_zero_init.obj (.text:decompress:ZI)
                  00006d2c    00000012                           : strcpy.obj (.text)
                  00006d3e    0000000e                           : copy_decompress_none.obj (.text:decompress:none)
                  00006d4c    0000000e                           : xdclass.obj (.text)
                  00006d5a    0000000c     startup_ccs.obj (.text)
                  00006d66    0000000a     driverlib-cm3.lib : ssi.obj (.text:SSIDataPut)
                  00006d70    0000000a                       : ssi.obj (.text:SSIDisable)
                  00006d7a    0000000a                       : ssi.obj (.text:SSIEnable)
                  00006d84    00000008                       : ssi.obj (.text:SSIBusy)
                  00006d8c    00000006                       : gpio.obj (.text:GPIOPinRead)
                  00006d92    00000006                       : gpio.obj (.text:GPIOPinWrite)
                  00006d98    00000006                       : sysctl.obj (.text:SysCtlDelay)
                  00006d9e    00000006     rtsv7M3_T_le_eabi.lib : copy_decompress_rle.obj (.text:decompress:rle24)

.const     0    00006da4    00002e68     
                  00006da4    00000f80     tetris_background.obj (.const:.string:TETRIS_BACKGROUND_DATA)
                  00007d24    00000960     tetris_start_screen.obj (.const:.string:START_SCREEN_DATA)
                  00008684    00000420     game_over_screen.obj (.const:.string:GAME_OVER_DATA)
                  00008aa4    000002a0     images.obj (.const)
                  00008d44    000001e0     rit128x96x4.obj (.const:g_pucFont)
                  00008f24    00000180     strings.obj (.const:.string)
                  000090a4    0000017c     text_images.obj (.const:.string)
                  00009220    00000134     images.obj (.const:.string:NEXT_TETROMINOE_BOARDER_DATA)
                  00009354    00000102     rtsv7M3_T_le_eabi.lib : ctype.obj (.const:.string:_ctypes_)
                  00009456    00000002     heap_2.obj (.const)
                  00009458    00000080     display.obj (.const)
                  000094d8    0000006c     driverlib-cm3.lib : sysctl.obj (.const:g_pulXtals)
                  00009544    0000005f     images.obj (.const:.string)
                  000095a3    0000004f     rit128x96x4.obj (.const:.string:g_pucRIT128x96x4Init)
                  000095f2    00000002     --HOLE-- [fill = 0]
                  000095f4    00000040     driverlib-cm3.lib : sysctl.obj (.const)
                  00009634    00000040     tetrominoe.obj (.const:i_pose1)
                  00009674    00000040     tetrominoe.obj (.const:i_pose2)
                  000096b4    00000040     tetrominoe.obj (.const:ll_pose1)
                  000096f4    00000040     tetrominoe.obj (.const:ll_pose2)
                  00009734    00000040     tetrominoe.obj (.const:ll_pose3)
                  00009774    00000040     tetrominoe.obj (.const:ll_pose4)
                  000097b4    00000040     tetrominoe.obj (.const:lz_pose1)
                  000097f4    00000040     tetrominoe.obj (.const:lz_pose2)
                  00009834    00000040     tetrominoe.obj (.const:rl_pose1)
                  00009874    00000040     tetrominoe.obj (.const:rl_pose2)
                  000098b4    00000040     tetrominoe.obj (.const:rl_pose3)
                  000098f4    00000040     tetrominoe.obj (.const:rl_pose4)
                  00009934    00000040     tetrominoe.obj (.const:rz_pose1)
                  00009974    00000040     tetrominoe.obj (.const:rz_pose2)
                  000099b4    00000040     tetrominoe.obj (.const:s_pose1)
                  000099f4    00000040     tetrominoe.obj (.const:t_pose1)
                  00009a34    00000040     tetrominoe.obj (.const:t_pose2)
                  00009a74    00000040     tetrominoe.obj (.const:t_pose3)
                  00009ab4    00000040     tetrominoe.obj (.const:t_pose4)
                  00009af4    00000032     images.obj (.const:.string:DOWN_BUTTON_ICON_DATA)
                  00009b26    00000032     images.obj (.const:.string:LEFT_BUTTON_ICON_DATA)
                  00009b58    00000032     images.obj (.const:.string:RIGHT_BUTTON_ICON_DATA)
                  00009b8a    00000032     images.obj (.const:.string:UP_BUTTON_ICON_DATA)
                  00009bbc    00000030     game_engine.obj (.const)
                  00009bec    00000014     tasks.obj (.const:.string)
                  00009c00    0000000c     rit128x96x4.obj (.const:.string)

.cinit     0    00009c10    00000318     
                  00009c10    000002f1     (.cinit..data.load) [load image, compression = rle]
                  00009f01    00000003     --HOLE-- [fill = 0]
                  00009f04    0000000c     (__TI_handler_table)
                  00009f10    00000008     (.cinit..bss.load) [load image, compression = zero_init]
                  00009f18    00000010     (__TI_cinit_table)

.sysmem    0    20000000    00003200     UNINITIALIZED
                  20000000    00000008     rtsv7M3_T_le_eabi.lib : memory.obj (.sysmem)
                  20000008    000031f8     --HOLE--

.bss       0    20003200    00003118     UNINITIALIZED
                  20003200    00002800     heap_2.obj (.bss:xHeap)
                  20005a00    00000320     game_engine.obj (.bss:grid)
                  20005d20    00000320     game_engine.obj (.bss:temp_board_grid)
                  20006040    00000120     rtsv7M3_T_le_eabi.lib : trgmsg.obj (.bss:__CIOBUF_)
                  20006160    000000a0                           : defs.obj (.bss:__TI_tmpnams)
                  20006200    00000064     tasks.obj (.bss:pxReadyTasksLists)
                  20006264    00000034     basic_io.obj (.bss:cBuffer)
                  20006298    00000014     (.common:xDelayedTaskList1)
                  200062ac    00000014     (.common:xDelayedTaskList2)
                  200062c0    00000014     (.common:xPendingReadyList)
                  200062d4    00000014     (.common:xTasksWaitingTermination)
                  200062e8    00000008     (.common:g_pucBuffer)
                  200062f0    00000008     (.common:parmbuf)
                  200062f8    00000008     (.common:xEnd)
                  20006300    00000008     (.common:xStart)
                  20006308    00000004     (.common:g_ulSSIFlags)
                  2000630c    00000004     (.common:pxDelayedTaskList)
                  20006310    00000004     (.common:pxOverflowDelayedTaskList)
                  20006314    00000004     (.common:seed)

.stack     0    20006318    00001800     UNINITIALIZED
                  20006318    00001800     --HOLE--

.data      0    20007b18    0000057c     UNINITIALIZED
                  20007b18    000000f0     rtsv7M3_T_le_eabi.lib : defs.obj (.data:_ftable)
                  20007c08    000000d0                           : lowlev.obj (.data)
                  20007cd8    000000c4     tetrominoe.obj (.data)
                  20007d9c    00000078     images.obj (.data:FONT)
                  20007e14    00000070     buttons.obj (.data)
                  20007e84    00000060     strings.obj (.data)
                  20007ee4    00000050     game_engine.obj (.data)
                  20007f34    00000050     game_engine.obj (.data:tick_rates)
                  20007f84    00000038     game_engine.obj (.data:base_game)
                  20007fbc    00000030     timer.obj (.data:DEBUG_TIMERS)
                  20007fec    00000030     tasks.obj (.data)
                  2000801c    00000028     images.obj (.data:NUMBERS)
                  20008044    00000010     rtsv7M3_T_le_eabi.lib : defs.obj (.data)
                  20008054    0000000c     display.obj (.data)
                  20008060    0000000c     rtsv7M3_T_le_eabi.lib : memory.obj (.data)
                  2000806c    00000008     heap_2.obj (.data)
                  20008074    00000008     rtsv7M3_T_le_eabi.lib : _lock.obj (.data)
                  2000807c    00000008                           : exit.obj (.data)
                  20008084    00000004     port.obj (.data)
                  20008088    00000004     rtsv7M3_T_le_eabi.lib : fopen.obj (.data)
                  2000808c    00000004                           : stkdepth_vars.obj (.data)
                  20008090    00000004     timer.obj (.data)


LINKER GENERATED COPY TABLES

__TI_cinit_table @ 00009f18 records: 2, size/record: 8, table size: 16
	.data: load addr=00009c10, load size=000002f1 bytes, run addr=20007b18, run size=0000057c bytes, compression=rle
	.bss: load addr=00009f10, load size=00000008 bytes, run addr=20003200, run size=00003118 bytes, compression=zero_init


LINKER GENERATED HANDLER TABLE

__TI_handler_table @ 00009f04 records: 3, size/record: 4, table size: 12
	index: 0, handler: __TI_decompress_rle24
	index: 1, handler: __TI_decompress_none
	index: 2, handler: __TI_zero_init


GLOBAL SYMBOLS: SORTED ALPHABETICALLY BY Name 

address    name
--------   ----
20007ee0   ANY_KEY_TO_CONTINUE_STRING
20007eb8   AUTHOR_STRING
20008058   AVERAGE_TIMEOUT
20007e74   BUTTONS
00008ac8   BUTTON_ICON
0000957a   BUTTON_ICON_DATA
00006ac5   C$$EXIT
00006863   C$$IO$$
20007ec8   DEBUG_AVERAGE_INPUT_DELAY_STRING
20007ecc   DEBUG_MAXIMUM_INPUT_DELAY_STRING
20007ed0   DEBUG_SYSTEM_TICK_RATE_STRING
20007fbc   DEBUG_TIMERS
20007ec4   DEBUG_TITLE_STRING
20007e84   DISPLAY_QUEUE_ERROR_MESSAGE
20007e2c   DOWN
00008ae0   DOWN_BUTTON_ICON
00009af4   DOWN_BUTTON_ICON_DATA
20007eac   DROP_HELP_MSG
00002d15   EEPROMBlockCountGet
00002fc9   EEPROMBlockHide
00002f59   EEPROMBlockLock
00002f07   EEPROMBlockPasswordSet
00002ecf   EEPROMBlockProtectGet
00002ee3   EEPROMBlockProtectSet
00002f81   EEPROMBlockUnlock
00002cc5   EEPROMInit
0000305d   EEPROMIntClear
00003009   EEPROMIntDisable
00002fe1   EEPROMIntEnable
0000302d   EEPROMIntStatus
00002e91   EEPROMMassErase
00002d75   EEPROMProgram
00002e4f   EEPROMProgramNonBlocking
00002d23   EEPROMRead
00002d09   EEPROMSizeGet
00003085   EEPROMStatusGet
00008ab0   EMPTY_CELL
00009568   EMPTY_CELL_DATA
20007e94   FINAL_SCORE_STRING
20007d9c   FONT
00008aa4   FULL_CELL
00009544   FULL_CELL_DATA
00008684   GAME_OVER_DATA
00008b1c   GAME_OVER_SCREEN
20007ed8   GAME_REFRESH_RATE_ERROR_STRING
20007ed4   GAME_REFRESH_RATE_STRING
00006bb1   GPIODirModeSet
00005ef1   GPIOPadConfigSet
00006d8d   GPIOPinRead
00006ce5   GPIOPinTypeGPIOOutput
00006cf7   GPIOPinTypeSSI
00006d93   GPIOPinWrite
00004ad1   HOSTclock
00004a99   HOSTclose
00004a5b   HOSTgetenv
000049ff   HOSTlseek
000049ad   HOSTopen
00004961   HOSTread
00004903   HOSTrename
000048c9   HOSTtime
00004891   HOSTunlink
00004845   HOSTwrite
20007edc   INPUT_DELAY_STRING
20007e5c   LEFT
00008aec   LEFT_BUTTON_ICON
00009b26   LEFT_BUTTON_ICON_DATA
20007eb0   LEFT_HELP_MSG
00008be8   LETTER_A
00009106   LETTER_A_DATA
00008bf4   LETTER_B
0000910f   LETTER_B_DATA
00008c00   LETTER_C
00009118   LETTER_C_DATA
00008c0c   LETTER_D
00009121   LETTER_D_DATA
00008c18   LETTER_E
0000912a   LETTER_E_DATA
00008c24   LETTER_F
00009133   LETTER_F_DATA
00008c30   LETTER_G
0000913c   LETTER_G_DATA
00008c3c   LETTER_H
00009145   LETTER_H_DATA
00008c48   LETTER_I
0000914e   LETTER_I_DATA
00008c54   LETTER_J
00009157   LETTER_J_DATA
00008c60   LETTER_K
00009160   LETTER_K_DATA
00008c6c   LETTER_L
00009169   LETTER_L_DATA
00008c78   LETTER_M
00009172   LETTER_M_DATA
00008c84   LETTER_N
00009181   LETTER_N_DATA
00008c90   LETTER_O
0000918a   LETTER_O_DATA
00008c9c   LETTER_P
00008d2c   LETTER_PERCENT
000091ff   LETTER_PERCENT_DATA
00009193   LETTER_P_DATA
00008ca8   LETTER_Q
0000919c   LETTER_Q_DATA
00008cb4   LETTER_R
000091a8   LETTER_R_DATA
00008cc0   LETTER_S
000091b1   LETTER_S_DATA
00008ccc   LETTER_T
000091ba   LETTER_T_DATA
00008cd8   LETTER_U
00008d38   LETTER_UNDEFINED
00009217   LETTER_UNDEFINED_DATA
000091c3   LETTER_U_DATA
00008ce4   LETTER_V
000091cc   LETTER_V_DATA
00008cf0   LETTER_W
000091d5   LETTER_W_DATA
00008cfc   LETTER_X
000091e4   LETTER_X_DATA
00008d08   LETTER_Y
000091ed   LETTER_Y_DATA
00008d14   LETTER_Z
000091f6   LETTER_Z_DATA
00008d20   LETTER__
0000920e   LETTER___DATA
20007e98   LEVELS_CLEARED_STRING
20007e8c   LEVEL_STRING
20008090   MAX_PORT_TICK_VALUE
20008054   MAX_TIMEOUT
00008b34   NEGATIVE_SYMBOL_IMAGE
0000959a   NEGATIVE_SYMBOL_IMAGE_DATA
20007e90   NEXT_STRING
00008b10   NEXT_TETROMINOE_BOARDER
00009220   NEXT_TETROMINOE_BOARDER_DATA
00008b40   NUMBER0
000090a4   NUMBER0_DATA
00008b4c   NUMBER1
000090ad   NUMBER1_DATA
00008b58   NUMBER2
000090b6   NUMBER2_DATA
00008b64   NUMBER3
000090bf   NUMBER3_DATA
00008b70   NUMBER4
000090c8   NUMBER4_DATA
00008b7c   NUMBER5
000090d1   NUMBER5_DATA
00008b88   NUMBER6
000090da   NUMBER6_DATA
00008b94   NUMBER7
000090e3   NUMBER7_DATA
00008ba0   NUMBER8
000090ec   NUMBER8_DATA
00008bac   NUMBER9
000090f5   NUMBER9_DATA
2000801c   NUMBERS
20007e44   RIGHT
00008af8   RIGHT_BUTTON_ICON
00009b58   RIGHT_BUTTON_ICON_DATA
20007eb4   RIGHT_HELP_MSG
000032a9   RIT128x96x4Clear
00003527   RIT128x96x4Disable
00003679   RIT128x96x4DisplayOff
00003645   RIT128x96x4DisplayOn
000034cd   RIT128x96x4Enable
00003445   RIT128x96x4ImageDraw
000035a1   RIT128x96x4Init
00003305   RIT128x96x4StringDraw
20007ea8   ROTATE_HELP_MSG
20007ea4   ROWS_COMPLETED_STRING
00008bb8   RUNNING_ANIMATION0
000090fe   RUNNING_ANIMATION0_DATA
00008bc4   RUNNING_ANIMATION1
00009100   RUNNING_ANIMATION1_DATA
00008bd0   RUNNING_ANIMATION2
00009102   RUNNING_ANIMATION2_DATA
00008bdc   RUNNING_ANIMATION3
00009104   RUNNING_ANIMATION3_DATA
00006d5b   ResetISR
20007e88   SCORE_STRING
00008abc   SHADOW_CELL
00009556   SHADOW_CELL_DATA
UNDEFED    SHT$$INIT_ARRAY$$Base
UNDEFED    SHT$$INIT_ARRAY$$Limit
00006d85   SSIBusy
00006a3d   SSIConfigSetExpClk
00006d09   SSIDataGetNonBlocking
00006d67   SSIDataPut
00006d71   SSIDisable
00006d7b   SSIEnable
00007d24   START_SCREEN_DATA
00004d0d   SysCtlClockGet
00005591   SysCtlClockSet
00006d99   SysCtlDelay
00006951   SysCtlPeripheralEnable
00006425   SysCtlPeripheralReset
20007ea0   TEMP_GAME_OVER_STRING
20007ec0   TEMP_TETRIS_STRING
00008b04   TETRIS_BACKGROUND
00006da4   TETRIS_BACKGROUND_DATA
00008b28   TETRIS_START_SCREEN
20007e9c   THANKS_STRING
2000805c   TIMEOUT_SAMPLES
20007e14   UP
00008ad4   UP_BUTTON_ICON
00009b8a   UP_BUTTON_ICON_DATA
20007ebc   VERSION_STRING
00006d4d   _Dclass
00006b09   _Dtest
20006040   __CIOBUF_
20007b18   __STACK_END
00001800   __STACK_SIZE
20006418   __STACK_TOP
00003200   __SYSMEM_SIZE
00009f18   __TI_CINIT_Base
00009f28   __TI_CINIT_Limit
00009f04   __TI_Handler_Table_Base
00009f10   __TI_Handler_Table_Limit
00000001   __TI_args_main
00006391   __TI_auto_init
00004fad   __TI_cleanup
2000807c   __TI_cleanup_ptr
000062f9   __TI_closefile
00006d3f   __TI_decompress_none
00006d9f   __TI_decompress_rle24
00005fb9   __TI_doflush
20008080   __TI_dtors_ptr
20008044   __TI_ft_end
00000ca3   __TI_printfi
000060db   __TI_rd_ok
00006867   __TI_readmsg
00000000   __TI_static_base__
20006160   __TI_tmpnams
00006839   __TI_writemsg
00006079   __TI_wrt_ok
00006d1b   __TI_zero_init
000064ad   __aeabi_cdcmpeq
000064ad   __aeabi_cdcmple
00006533   __aeabi_cdrcmple
000069f5   __aeabi_d2iz
0000526b   __aeabi_dadd
000056d5   __aeabi_ddiv
00005a6f   __aeabi_dmul
00005261   __aeabi_dsub
00006bdf   __aeabi_i2d
00006c61   __aeabi_lmul
000065b9   __aeabi_memclr
000065b9   __aeabi_memclr4
000065b9   __aeabi_memclr8
0000625d   __aeabi_memcpy
0000625d   __aeabi_memcpy4
0000625d   __aeabi_memcpy8
000065bb   __aeabi_memset
000065bb   __aeabi_memset4
000065bb   __aeabi_memset8
20008050   __aeabi_stderr
20008048   __aeabi_stdin
2000804c   __aeabi_stdout
00004b19   __aeabi_uldivmod
ffffffff   __binit__
ffffffff   __c_args__
20006318   __stack
00006c49   _args_main
00006b4d   _c_int00
00009354   _ctypes_
20007b18   _ftable
20008074   _lock
00006ccb   _nop
00006cc3   _register_lock
00006cbd   _register_unlock
20000000   _sys_memory
20008078   _unlock
00006ac9   abort
00003117   abs_modulo
000044a3   add_device
000069a9   atoi
20007f84   base_game
ffffffff   binit
20007cd8   block0
20007cf4   block1
20007d10   block2
20007d2c   block3
20007d48   block4
20007d64   block5
20007d80   block6
000041e1   board_difference
00005493   button_event_occurred
00001121   button_process_loop
000014c7   calculate_tetris_grid_x_position
000014b1   calculate_tetris_grid_y_position
00003ed9   calloc
000015c7   can_drop_current_tetrominoe
000015dd   can_rotate_current_tetrominoe
000015f5   can_shift_current_tetrominoe
00003f11   clear_board
00003719   clear_display
00001841   clear_full_rows
000040c7   clear_row
00004451   close
00004191   copy_board
00006a81   copy_in
000014e5   current_tetrominoe_can_occupy
00001695   debug_board
000011fb   debug_screen_loop
20007f28   differences
00001335   draw_current_tetrominoe
00001357   draw_current_tetrominoe_as
00004709   draw_debug_screen
00001897   draw_differences
000017e1   draw_next_tetrominoe_on_side
0000467d   draw_score_screen
00001409   draw_shadow_tetrominoe
00004551   draw_start_screen
00004623   draw_tetris_background
00001385   draw_tetrominoe
00005edd   elapsed_time_ms
0000556b   enqueue_button_event
000039b1   enqueue_display_task
00001349   erase_current_tetrominoe
00001811   erase_next_tetrominoe_on_side
0000145d   erase_shadow_tetrominoe
000038b9   execute_display_task
00006ad1   exit
0000635f   fclose
00006005   fflush
00005003   fopen
000061c1   fputc
0000580d   fputs
00003c33   free
00004fd9   freopen
00006715   fseek
00001aad   full_drop_current_tetrominoe
00000000   g_pfnVectors
20007ee4   game_board
00000fd5   game_loop
00001229   generic_wait_loop
00003f43   get_board_value
00001317   get_current_tetrominoe
00003fad   get_next_complete_row
00001775   get_next_tetrominoe
0000664d   get_tetromineo_grid
20005a00   grid
00005e15   has_timed_out
0000415d   highest_occupied_cell_in_column
00009634   i_pose1
00009674   i_pose2
00005453   initalise_button
00005553   initalise_button_event_queue
00005419   initalise_buttons
00003707   initalise_display
0000398b   initalise_display_queue
00001281   initalise_game
00003107   initalise_random_number_generator
0000409d   is_occupied
00004069   is_off_board
000096b4   ll_pose1
000096f4   ll_pose2
00009734   ll_pose3
00009774   ll_pose4
0000442d   lseek
000068f7   ltoa
000097b4   lz_pose1
000097f4   lz_pose2
00005b6d   main
2000808c   main_func_sp
00003bd1   malloc
00003df9   memalign
00006c2f   memccpy
00006c91   memchr
00006c0d   memcmp
0000625d   memcpy
000065c1   memset
00003b45   minit
00004009   num_complete_rows
0000437f   open
00001609   place_current_tetrominoe
000066ad   printf
00001185   process_button_event
00006245   putc
00006249   putchar
00005917   puts
000050a5   pvPortMalloc
20007fec   pxCurrentTCB
00005c55   pxPortInitialiseStack
00003a61   quick_clear_screen
000039fb   quick_initalise_screen
00003a31   quick_send_image
00003a85   quick_send_number
00003ab5   quick_send_string
00003ae5   quick_send_string_rit
000030d5   rand_range
0000435b   read
00005469   read_button
00003cf3   realloc
000019cd   redraw_empty_cells
000042d1   remove
00004333   remove_device
000042f5   rename
00001083   reset_debug_timers
00001297   reset_game
00006631   reset_tetromineo
00009834   rl_pose1
00009874   rl_pose2
000098b4   rl_pose3
000098f4   rl_pose4
00006663   rotate_tetromineo
00009934   rz_pose1
00009974   rz_pose2
000099b4   s_pose1
20007f0c   score_bonuses
000011e9   score_screen_loop
20006314   seed
00003f89   set_board_value
00005d39   setvbuf
00006683   shift_tetrominoe
00001715   spawn_new_tetrominoe
000011d7   splash_screen_loop
000067d9   sprintf
00005e6b   start_timeout
00006ca7   strchr
00006c79   strcmp
00006d2d   strcpy
00006cd1   strlen
00006b81   strncpy
00003147   symbols_in_number
000099f4   t_pose1
00009a34   t_pose2
00009a74   t_pose3
00009ab4   t_pose4
20007f1c   temp_board
20005d20   temp_board_grid
0000194f   temp_fill_cells
20007ef0   tetrominoes
00005e3d   tick_difference
20007f34   tick_rates
00005e81   timer_start
00005ecb   timer_stop
00005e9b   timer_update
00004113   trickle_down_column
00001a4b   try_rotate_current_tetrominoe
00001a75   try_shift_current_tetrominoe
000042d1   unlink
00003951   update_latency
00001aef   update_level_display
000010c7   update_refresh_rate
00001b11   update_score_and_level
00001ad9   update_score_display
00003099   urand
00002a57   uxQueueMessagesWaiting
00002a6d   uxQueueMessagesWaitingFromISR
00002081   uxTaskGetNumberOfTasks
00001e15   uxTaskPriorityGet
00005bfb   vApplicationIdleHook
00005bef   vApplicationMallocFailedHook
00005bf1   vApplicationStackOverflowHook
00005bfd   vApplicationTickHook
00005941   vListInitialise
00005971   vListInitialiseItem
000059c5   vListInsert
00005981   vListInsertEnd
00005a2b   vListRemove
00006171   vPortClearInterruptMask
000061af   vPortEnableVFP
00005cc5   vPortEndScheduler
00005cd1   vPortEnterCritical
00005ce1   vPortExitCritical
000051d7   vPortFree
0000523f   vPortInitialiseBlocks
0000617f   vPortSVCHandler
00006163   vPortSetInterruptMask
0000619d   vPortStartFirstTask
00005cc7   vPortYieldFromISR
00006779   vPrintString
0000679d   vPrintStringAndNumber
00002a7f   vQueueDelete
00001db1   vTaskDelay
00001d01   vTaskDelayUntil
00001c99   vTaskDelete
00001f7f   vTaskEndScheduler
00002087   vTaskIncrementTick
00002371   vTaskMissedYield
000021f5   vTaskPlaceOnEventList
000025ad   vTaskPriorityDisinherit
00002525   vTaskPriorityInherit
00001e51   vTaskPrioritySet
000022e1   vTaskSetTimeOutState
00001f39   vTaskStartScheduler
00001f91   vTaskSuspendAll
00002139   vTaskSwitchContext
00004241   write
000036d9   write_image
000036b1   write_string
00003729   write_tetris_number
000037d7   write_tetris_string
000054df   xButtonReadTask
00003891   xDisplayTask
00000fad   xGameEngineTask
00005239   xPortGetFreeHeapSize
00006129   xPortPendSVHandler
00005c9d   xPortStartScheduler
00005cf7   xPortSysTickHandler
0000263d   xQueueCreate
0000274b   xQueueCreateCountingSemaphore
000026e3   xQueueCreateMutex
000028bb   xQueueGenericReceive
00002769   xQueueGenericSend
00002851   xQueueGenericSendFromISR
00002bf9   xQueueIsQueueEmptyFromISR
00002c33   xQueueIsQueueFullFromISR
000029ef   xQueueReceiveFromISR
00002309   xTaskCheckForTimeOut
00001b85   xTaskGenericCreate
0000250b   xTaskGetCurrentTaskHandle
0000206d   xTaskGetTickCount
0000225d   xTaskRemoveFromEventList
00001fa9   xTaskResumeAll


GLOBAL SYMBOLS: SORTED BY Symbol Address 

address    name
--------   ----
00000000   __TI_static_base__
00000000   g_pfnVectors
00000001   __TI_args_main
00000ca3   __TI_printfi
00000fad   xGameEngineTask
00000fd5   game_loop
00001083   reset_debug_timers
000010c7   update_refresh_rate
00001121   button_process_loop
00001185   process_button_event
000011d7   splash_screen_loop
000011e9   score_screen_loop
000011fb   debug_screen_loop
00001229   generic_wait_loop
00001281   initalise_game
00001297   reset_game
00001317   get_current_tetrominoe
00001335   draw_current_tetrominoe
00001349   erase_current_tetrominoe
00001357   draw_current_tetrominoe_as
00001385   draw_tetrominoe
00001409   draw_shadow_tetrominoe
0000145d   erase_shadow_tetrominoe
000014b1   calculate_tetris_grid_y_position
000014c7   calculate_tetris_grid_x_position
000014e5   current_tetrominoe_can_occupy
000015c7   can_drop_current_tetrominoe
000015dd   can_rotate_current_tetrominoe
000015f5   can_shift_current_tetrominoe
00001609   place_current_tetrominoe
00001695   debug_board
00001715   spawn_new_tetrominoe
00001775   get_next_tetrominoe
000017e1   draw_next_tetrominoe_on_side
00001800   __STACK_SIZE
00001811   erase_next_tetrominoe_on_side
00001841   clear_full_rows
00001897   draw_differences
0000194f   temp_fill_cells
000019cd   redraw_empty_cells
00001a4b   try_rotate_current_tetrominoe
00001a75   try_shift_current_tetrominoe
00001aad   full_drop_current_tetrominoe
00001ad9   update_score_display
00001aef   update_level_display
00001b11   update_score_and_level
00001b85   xTaskGenericCreate
00001c99   vTaskDelete
00001d01   vTaskDelayUntil
00001db1   vTaskDelay
00001e15   uxTaskPriorityGet
00001e51   vTaskPrioritySet
00001f39   vTaskStartScheduler
00001f7f   vTaskEndScheduler
00001f91   vTaskSuspendAll
00001fa9   xTaskResumeAll
0000206d   xTaskGetTickCount
00002081   uxTaskGetNumberOfTasks
00002087   vTaskIncrementTick
00002139   vTaskSwitchContext
000021f5   vTaskPlaceOnEventList
0000225d   xTaskRemoveFromEventList
000022e1   vTaskSetTimeOutState
00002309   xTaskCheckForTimeOut
00002371   vTaskMissedYield
0000250b   xTaskGetCurrentTaskHandle
00002525   vTaskPriorityInherit
000025ad   vTaskPriorityDisinherit
0000263d   xQueueCreate
000026e3   xQueueCreateMutex
0000274b   xQueueCreateCountingSemaphore
00002769   xQueueGenericSend
00002851   xQueueGenericSendFromISR
000028bb   xQueueGenericReceive
000029ef   xQueueReceiveFromISR
00002a57   uxQueueMessagesWaiting
00002a6d   uxQueueMessagesWaitingFromISR
00002a7f   vQueueDelete
00002bf9   xQueueIsQueueEmptyFromISR
00002c33   xQueueIsQueueFullFromISR
00002cc5   EEPROMInit
00002d09   EEPROMSizeGet
00002d15   EEPROMBlockCountGet
00002d23   EEPROMRead
00002d75   EEPROMProgram
00002e4f   EEPROMProgramNonBlocking
00002e91   EEPROMMassErase
00002ecf   EEPROMBlockProtectGet
00002ee3   EEPROMBlockProtectSet
00002f07   EEPROMBlockPasswordSet
00002f59   EEPROMBlockLock
00002f81   EEPROMBlockUnlock
00002fc9   EEPROMBlockHide
00002fe1   EEPROMIntEnable
00003009   EEPROMIntDisable
0000302d   EEPROMIntStatus
0000305d   EEPROMIntClear
00003085   EEPROMStatusGet
00003099   urand
000030d5   rand_range
00003107   initalise_random_number_generator
00003117   abs_modulo
00003147   symbols_in_number
00003200   __SYSMEM_SIZE
000032a9   RIT128x96x4Clear
00003305   RIT128x96x4StringDraw
00003445   RIT128x96x4ImageDraw
000034cd   RIT128x96x4Enable
00003527   RIT128x96x4Disable
000035a1   RIT128x96x4Init
00003645   RIT128x96x4DisplayOn
00003679   RIT128x96x4DisplayOff
000036b1   write_string
000036d9   write_image
00003707   initalise_display
00003719   clear_display
00003729   write_tetris_number
000037d7   write_tetris_string
00003891   xDisplayTask
000038b9   execute_display_task
00003951   update_latency
0000398b   initalise_display_queue
000039b1   enqueue_display_task
000039fb   quick_initalise_screen
00003a31   quick_send_image
00003a61   quick_clear_screen
00003a85   quick_send_number
00003ab5   quick_send_string
00003ae5   quick_send_string_rit
00003b45   minit
00003bd1   malloc
00003c33   free
00003cf3   realloc
00003df9   memalign
00003ed9   calloc
00003f11   clear_board
00003f43   get_board_value
00003f89   set_board_value
00003fad   get_next_complete_row
00004009   num_complete_rows
00004069   is_off_board
0000409d   is_occupied
000040c7   clear_row
00004113   trickle_down_column
0000415d   highest_occupied_cell_in_column
00004191   copy_board
000041e1   board_difference
00004241   write
000042d1   remove
000042d1   unlink
000042f5   rename
00004333   remove_device
0000435b   read
0000437f   open
0000442d   lseek
00004451   close
000044a3   add_device
00004551   draw_start_screen
00004623   draw_tetris_background
0000467d   draw_score_screen
00004709   draw_debug_screen
00004845   HOSTwrite
00004891   HOSTunlink
000048c9   HOSTtime
00004903   HOSTrename
00004961   HOSTread
000049ad   HOSTopen
000049ff   HOSTlseek
00004a5b   HOSTgetenv
00004a99   HOSTclose
00004ad1   HOSTclock
00004b19   __aeabi_uldivmod
00004d0d   SysCtlClockGet
00004fad   __TI_cleanup
00004fd9   freopen
00005003   fopen
000050a5   pvPortMalloc
000051d7   vPortFree
00005239   xPortGetFreeHeapSize
0000523f   vPortInitialiseBlocks
00005261   __aeabi_dsub
0000526b   __aeabi_dadd
00005419   initalise_buttons
00005453   initalise_button
00005469   read_button
00005493   button_event_occurred
000054df   xButtonReadTask
00005553   initalise_button_event_queue
0000556b   enqueue_button_event
00005591   SysCtlClockSet
000056d5   __aeabi_ddiv
0000580d   fputs
00005917   puts
00005941   vListInitialise
00005971   vListInitialiseItem
00005981   vListInsertEnd
000059c5   vListInsert
00005a2b   vListRemove
00005a6f   __aeabi_dmul
00005b6d   main
00005bef   vApplicationMallocFailedHook
00005bf1   vApplicationStackOverflowHook
00005bfb   vApplicationIdleHook
00005bfd   vApplicationTickHook
00005c55   pxPortInitialiseStack
00005c9d   xPortStartScheduler
00005cc5   vPortEndScheduler
00005cc7   vPortYieldFromISR
00005cd1   vPortEnterCritical
00005ce1   vPortExitCritical
00005cf7   xPortSysTickHandler
00005d39   setvbuf
00005e15   has_timed_out
00005e3d   tick_difference
00005e6b   start_timeout
00005e81   timer_start
00005e9b   timer_update
00005ecb   timer_stop
00005edd   elapsed_time_ms
00005ef1   GPIOPadConfigSet
00005fb9   __TI_doflush
00006005   fflush
00006079   __TI_wrt_ok
000060db   __TI_rd_ok
00006129   xPortPendSVHandler
00006163   vPortSetInterruptMask
00006171   vPortClearInterruptMask
0000617f   vPortSVCHandler
0000619d   vPortStartFirstTask
000061af   vPortEnableVFP
000061c1   fputc
00006245   putc
00006249   putchar
0000625d   __aeabi_memcpy
0000625d   __aeabi_memcpy4
0000625d   __aeabi_memcpy8
0000625d   memcpy
000062f9   __TI_closefile
0000635f   fclose
00006391   __TI_auto_init
00006425   SysCtlPeripheralReset
000064ad   __aeabi_cdcmpeq
000064ad   __aeabi_cdcmple
00006533   __aeabi_cdrcmple
000065b9   __aeabi_memclr
000065b9   __aeabi_memclr4
000065b9   __aeabi_memclr8
000065bb   __aeabi_memset
000065bb   __aeabi_memset4
000065bb   __aeabi_memset8
000065c1   memset
00006631   reset_tetromineo
0000664d   get_tetromineo_grid
00006663   rotate_tetromineo
00006683   shift_tetrominoe
000066ad   printf
00006715   fseek
00006779   vPrintString
0000679d   vPrintStringAndNumber
000067d9   sprintf
00006839   __TI_writemsg
00006863   C$$IO$$
00006867   __TI_readmsg
000068f7   ltoa
00006951   SysCtlPeripheralEnable
000069a9   atoi
000069f5   __aeabi_d2iz
00006a3d   SSIConfigSetExpClk
00006a81   copy_in
00006ac5   C$$EXIT
00006ac9   abort
00006ad1   exit
00006b09   _Dtest
00006b4d   _c_int00
00006b81   strncpy
00006bb1   GPIODirModeSet
00006bdf   __aeabi_i2d
00006c0d   memcmp
00006c2f   memccpy
00006c49   _args_main
00006c61   __aeabi_lmul
00006c79   strcmp
00006c91   memchr
00006ca7   strchr
00006cbd   _register_unlock
00006cc3   _register_lock
00006ccb   _nop
00006cd1   strlen
00006ce5   GPIOPinTypeGPIOOutput
00006cf7   GPIOPinTypeSSI
00006d09   SSIDataGetNonBlocking
00006d1b   __TI_zero_init
00006d2d   strcpy
00006d3f   __TI_decompress_none
00006d4d   _Dclass
00006d5b   ResetISR
00006d67   SSIDataPut
00006d71   SSIDisable
00006d7b   SSIEnable
00006d85   SSIBusy
00006d8d   GPIOPinRead
00006d93   GPIOPinWrite
00006d99   SysCtlDelay
00006d9f   __TI_decompress_rle24
00006da4   TETRIS_BACKGROUND_DATA
00007d24   START_SCREEN_DATA
00008684   GAME_OVER_DATA
00008aa4   FULL_CELL
00008ab0   EMPTY_CELL
00008abc   SHADOW_CELL
00008ac8   BUTTON_ICON
00008ad4   UP_BUTTON_ICON
00008ae0   DOWN_BUTTON_ICON
00008aec   LEFT_BUTTON_ICON
00008af8   RIGHT_BUTTON_ICON
00008b04   TETRIS_BACKGROUND
00008b10   NEXT_TETROMINOE_BOARDER
00008b1c   GAME_OVER_SCREEN
00008b28   TETRIS_START_SCREEN
00008b34   NEGATIVE_SYMBOL_IMAGE
00008b40   NUMBER0
00008b4c   NUMBER1
00008b58   NUMBER2
00008b64   NUMBER3
00008b70   NUMBER4
00008b7c   NUMBER5
00008b88   NUMBER6
00008b94   NUMBER7
00008ba0   NUMBER8
00008bac   NUMBER9
00008bb8   RUNNING_ANIMATION0
00008bc4   RUNNING_ANIMATION1
00008bd0   RUNNING_ANIMATION2
00008bdc   RUNNING_ANIMATION3
00008be8   LETTER_A
00008bf4   LETTER_B
00008c00   LETTER_C
00008c0c   LETTER_D
00008c18   LETTER_E
00008c24   LETTER_F
00008c30   LETTER_G
00008c3c   LETTER_H
00008c48   LETTER_I
00008c54   LETTER_J
00008c60   LETTER_K
00008c6c   LETTER_L
00008c78   LETTER_M
00008c84   LETTER_N
00008c90   LETTER_O
00008c9c   LETTER_P
00008ca8   LETTER_Q
00008cb4   LETTER_R
00008cc0   LETTER_S
00008ccc   LETTER_T
00008cd8   LETTER_U
00008ce4   LETTER_V
00008cf0   LETTER_W
00008cfc   LETTER_X
00008d08   LETTER_Y
00008d14   LETTER_Z
00008d20   LETTER__
00008d2c   LETTER_PERCENT
00008d38   LETTER_UNDEFINED
000090a4   NUMBER0_DATA
000090ad   NUMBER1_DATA
000090b6   NUMBER2_DATA
000090bf   NUMBER3_DATA
000090c8   NUMBER4_DATA
000090d1   NUMBER5_DATA
000090da   NUMBER6_DATA
000090e3   NUMBER7_DATA
000090ec   NUMBER8_DATA
000090f5   NUMBER9_DATA
000090fe   RUNNING_ANIMATION0_DATA
00009100   RUNNING_ANIMATION1_DATA
00009102   RUNNING_ANIMATION2_DATA
00009104   RUNNING_ANIMATION3_DATA
00009106   LETTER_A_DATA
0000910f   LETTER_B_DATA
00009118   LETTER_C_DATA
00009121   LETTER_D_DATA
0000912a   LETTER_E_DATA
00009133   LETTER_F_DATA
0000913c   LETTER_G_DATA
00009145   LETTER_H_DATA
0000914e   LETTER_I_DATA
00009157   LETTER_J_DATA
00009160   LETTER_K_DATA
00009169   LETTER_L_DATA
00009172   LETTER_M_DATA
00009181   LETTER_N_DATA
0000918a   LETTER_O_DATA
00009193   LETTER_P_DATA
0000919c   LETTER_Q_DATA
000091a8   LETTER_R_DATA
000091b1   LETTER_S_DATA
000091ba   LETTER_T_DATA
000091c3   LETTER_U_DATA
000091cc   LETTER_V_DATA
000091d5   LETTER_W_DATA
000091e4   LETTER_X_DATA
000091ed   LETTER_Y_DATA
000091f6   LETTER_Z_DATA
000091ff   LETTER_PERCENT_DATA
0000920e   LETTER___DATA
00009217   LETTER_UNDEFINED_DATA
00009220   NEXT_TETROMINOE_BOARDER_DATA
00009354   _ctypes_
00009544   FULL_CELL_DATA
00009556   SHADOW_CELL_DATA
00009568   EMPTY_CELL_DATA
0000957a   BUTTON_ICON_DATA
0000959a   NEGATIVE_SYMBOL_IMAGE_DATA
00009634   i_pose1
00009674   i_pose2
000096b4   ll_pose1
000096f4   ll_pose2
00009734   ll_pose3
00009774   ll_pose4
000097b4   lz_pose1
000097f4   lz_pose2
00009834   rl_pose1
00009874   rl_pose2
000098b4   rl_pose3
000098f4   rl_pose4
00009934   rz_pose1
00009974   rz_pose2
000099b4   s_pose1
000099f4   t_pose1
00009a34   t_pose2
00009a74   t_pose3
00009ab4   t_pose4
00009af4   DOWN_BUTTON_ICON_DATA
00009b26   LEFT_BUTTON_ICON_DATA
00009b58   RIGHT_BUTTON_ICON_DATA
00009b8a   UP_BUTTON_ICON_DATA
00009f04   __TI_Handler_Table_Base
00009f10   __TI_Handler_Table_Limit
00009f18   __TI_CINIT_Base
00009f28   __TI_CINIT_Limit
20000000   _sys_memory
20005a00   grid
20005d20   temp_board_grid
20006040   __CIOBUF_
20006160   __TI_tmpnams
20006314   seed
20006318   __stack
20006418   __STACK_TOP
20007b18   __STACK_END
20007b18   _ftable
20007cd8   block0
20007cf4   block1
20007d10   block2
20007d2c   block3
20007d48   block4
20007d64   block5
20007d80   block6
20007d9c   FONT
20007e14   UP
20007e2c   DOWN
20007e44   RIGHT
20007e5c   LEFT
20007e74   BUTTONS
20007e84   DISPLAY_QUEUE_ERROR_MESSAGE
20007e88   SCORE_STRING
20007e8c   LEVEL_STRING
20007e90   NEXT_STRING
20007e94   FINAL_SCORE_STRING
20007e98   LEVELS_CLEARED_STRING
20007e9c   THANKS_STRING
20007ea0   TEMP_GAME_OVER_STRING
20007ea4   ROWS_COMPLETED_STRING
20007ea8   ROTATE_HELP_MSG
20007eac   DROP_HELP_MSG
20007eb0   LEFT_HELP_MSG
20007eb4   RIGHT_HELP_MSG
20007eb8   AUTHOR_STRING
20007ebc   VERSION_STRING
20007ec0   TEMP_TETRIS_STRING
20007ec4   DEBUG_TITLE_STRING
20007ec8   DEBUG_AVERAGE_INPUT_DELAY_STRING
20007ecc   DEBUG_MAXIMUM_INPUT_DELAY_STRING
20007ed0   DEBUG_SYSTEM_TICK_RATE_STRING
20007ed4   GAME_REFRESH_RATE_STRING
20007ed8   GAME_REFRESH_RATE_ERROR_STRING
20007edc   INPUT_DELAY_STRING
20007ee0   ANY_KEY_TO_CONTINUE_STRING
20007ee4   game_board
20007ef0   tetrominoes
20007f0c   score_bonuses
20007f1c   temp_board
20007f28   differences
20007f34   tick_rates
20007f84   base_game
20007fbc   DEBUG_TIMERS
20007fec   pxCurrentTCB
2000801c   NUMBERS
20008044   __TI_ft_end
20008048   __aeabi_stdin
2000804c   __aeabi_stdout
20008050   __aeabi_stderr
20008054   MAX_TIMEOUT
20008058   AVERAGE_TIMEOUT
2000805c   TIMEOUT_SAMPLES
20008074   _lock
20008078   _unlock
2000807c   __TI_cleanup_ptr
20008080   __TI_dtors_ptr
2000808c   main_func_sp
20008090   MAX_PORT_TICK_VALUE
ffffffff   __binit__
ffffffff   __c_args__
ffffffff   binit
UNDEFED    SHT$$INIT_ARRAY$$Base
UNDEFED    SHT$$INIT_ARRAY$$Limit

[515 symbols]
