<?xml version="1.0"?>
<link_info>
   <banner>TI ARM Linker PC v5.1.6</banner>
   <copyright>Copyright (c) 1996-2014 Texas Instruments Incorporated</copyright>
   <link_time>0x5793636e</link_time>
   <link_errors>0x0</link_errors>
   <output_file>ENCE463-Tetris.out</output_file>
   <entry_point>
      <name>_c_int00</name>
      <address>0x4b8d</address>
   </entry_point>
   <input_file_list>
      <input_file id="fl-2">
         <path>.\</path>
         <kind>object</kind>
         <file>display.obj</file>
         <name>display.obj</name>
      </input_file>
      <input_file id="fl-3">
         <path>.\</path>
         <kind>object</kind>
         <file>game_engine.obj</file>
         <name>game_engine.obj</name>
      </input_file>
      <input_file id="fl-4">
         <path>.\</path>
         <kind>object</kind>
         <file>images.obj</file>
         <name>images.obj</name>
      </input_file>
      <input_file id="fl-5">
         <path>.\</path>
         <kind>object</kind>
         <file>list.obj</file>
         <name>list.obj</name>
      </input_file>
      <input_file id="fl-6">
         <path>.\</path>
         <kind>object</kind>
         <file>main.obj</file>
         <name>main.obj</name>
      </input_file>
      <input_file id="fl-7">
         <path>.\</path>
         <kind>object</kind>
         <file>queue.obj</file>
         <name>queue.obj</name>
      </input_file>
      <input_file id="fl-8">
         <path>.\</path>
         <kind>object</kind>
         <file>rit128x96x4.obj</file>
         <name>rit128x96x4.obj</name>
      </input_file>
      <input_file id="fl-9">
         <path>.\</path>
         <kind>object</kind>
         <file>startup_ccs.obj</file>
         <name>startup_ccs.obj</name>
      </input_file>
      <input_file id="fl-a">
         <path>.\</path>
         <kind>object</kind>
         <file>tasks.obj</file>
         <name>tasks.obj</name>
      </input_file>
      <input_file id="fl-b">
         <path>.\</path>
         <kind>object</kind>
         <file>tetris_background.obj</file>
         <name>tetris_background.obj</name>
      </input_file>
      <input_file id="fl-c">
         <path>.\</path>
         <kind>object</kind>
         <file>tetrominoe.obj</file>
         <name>tetrominoe.obj</name>
      </input_file>
      <input_file id="fl-d">
         <path>.\portable\</path>
         <kind>object</kind>
         <file>heap_2.obj</file>
         <name>heap_2.obj</name>
      </input_file>
      <input_file id="fl-e">
         <path>.\portable\</path>
         <kind>object</kind>
         <file>port.obj</file>
         <name>port.obj</name>
      </input_file>
      <input_file id="fl-f">
         <path>.\portable\</path>
         <kind>object</kind>
         <file>portasm.obj</file>
         <name>portasm.obj</name>
      </input_file>
      <input_file id="fl-10">
         <path>.\demo_code\</path>
         <kind>object</kind>
         <file>basic_io.obj</file>
         <name>basic_io.obj</name>
      </input_file>
      <input_file id="fl-13e">
         <path>c:\ti\ccsv6\tools\compiler\arm_5.1.6\lib\</path>
         <kind>archive</kind>
         <file>rtsv7M3_T_le_eabi.lib</file>
         <name>boot.obj</name>
      </input_file>
      <input_file id="fl-13f">
         <path>c:\ti\ccsv6\tools\compiler\arm_5.1.6\lib\</path>
         <kind>archive</kind>
         <file>rtsv7M3_T_le_eabi.lib</file>
         <name>copy_decompress_none.obj</name>
      </input_file>
      <input_file id="fl-140">
         <path>c:\ti\ccsv6\tools\compiler\arm_5.1.6\lib\</path>
         <kind>archive</kind>
         <file>rtsv7M3_T_le_eabi.lib</file>
         <name>copy_decompress_rle.obj</name>
      </input_file>
      <input_file id="fl-141">
         <path>c:\ti\ccsv6\tools\compiler\arm_5.1.6\lib\</path>
         <kind>archive</kind>
         <file>rtsv7M3_T_le_eabi.lib</file>
         <name>copy_zero_init.obj</name>
      </input_file>
      <input_file id="fl-142">
         <path>c:\ti\ccsv6\tools\compiler\arm_5.1.6\lib\</path>
         <kind>archive</kind>
         <file>rtsv7M3_T_le_eabi.lib</file>
         <name>defs.obj</name>
      </input_file>
      <input_file id="fl-143">
         <path>c:\ti\ccsv6\tools\compiler\arm_5.1.6\lib\</path>
         <kind>archive</kind>
         <file>rtsv7M3_T_le_eabi.lib</file>
         <name>exit.obj</name>
      </input_file>
      <input_file id="fl-144">
         <path>c:\ti\ccsv6\tools\compiler\arm_5.1.6\lib\</path>
         <kind>archive</kind>
         <file>rtsv7M3_T_le_eabi.lib</file>
         <name>fflush.obj</name>
      </input_file>
      <input_file id="fl-145">
         <path>c:\ti\ccsv6\tools\compiler\arm_5.1.6\lib\</path>
         <kind>archive</kind>
         <file>rtsv7M3_T_le_eabi.lib</file>
         <name>lowlev.obj</name>
      </input_file>
      <input_file id="fl-146">
         <path>c:\ti\ccsv6\tools\compiler\arm_5.1.6\lib\</path>
         <kind>archive</kind>
         <file>rtsv7M3_T_le_eabi.lib</file>
         <name>memcmp.obj</name>
      </input_file>
      <input_file id="fl-147">
         <path>c:\ti\ccsv6\tools\compiler\arm_5.1.6\lib\</path>
         <kind>archive</kind>
         <file>rtsv7M3_T_le_eabi.lib</file>
         <name>memcpy_t2.obj</name>
      </input_file>
      <input_file id="fl-148">
         <path>c:\ti\ccsv6\tools\compiler\arm_5.1.6\lib\</path>
         <kind>archive</kind>
         <file>rtsv7M3_T_le_eabi.lib</file>
         <name>memset_t2.obj</name>
      </input_file>
      <input_file id="fl-149">
         <path>c:\ti\ccsv6\tools\compiler\arm_5.1.6\lib\</path>
         <kind>archive</kind>
         <file>rtsv7M3_T_le_eabi.lib</file>
         <name>printf.obj</name>
      </input_file>
      <input_file id="fl-14a">
         <path>c:\ti\ccsv6\tools\compiler\arm_5.1.6\lib\</path>
         <kind>archive</kind>
         <file>rtsv7M3_T_le_eabi.lib</file>
         <name>snprintf.obj</name>
      </input_file>
      <input_file id="fl-14b">
         <path>c:\ti\ccsv6\tools\compiler\arm_5.1.6\lib\</path>
         <kind>archive</kind>
         <file>rtsv7M3_T_le_eabi.lib</file>
         <name>sprintf.obj</name>
      </input_file>
      <input_file id="fl-14c">
         <path>c:\ti\ccsv6\tools\compiler\arm_5.1.6\lib\</path>
         <kind>archive</kind>
         <file>rtsv7M3_T_le_eabi.lib</file>
         <name>stkdepth_vars.obj</name>
      </input_file>
      <input_file id="fl-14d">
         <path>c:\ti\ccsv6\tools\compiler\arm_5.1.6\lib\</path>
         <kind>archive</kind>
         <file>rtsv7M3_T_le_eabi.lib</file>
         <name>strchr.obj</name>
      </input_file>
      <input_file id="fl-14e">
         <path>c:\ti\ccsv6\tools\compiler\arm_5.1.6\lib\</path>
         <kind>archive</kind>
         <file>rtsv7M3_T_le_eabi.lib</file>
         <name>strcmp.obj</name>
      </input_file>
      <input_file id="fl-14f">
         <path>c:\ti\ccsv6\tools\compiler\arm_5.1.6\lib\</path>
         <kind>archive</kind>
         <file>rtsv7M3_T_le_eabi.lib</file>
         <name>strncpy.obj</name>
      </input_file>
      <input_file id="fl-150">
         <path>c:\ti\ccsv6\tools\compiler\arm_5.1.6\lib\</path>
         <kind>archive</kind>
         <file>rtsv7M3_T_le_eabi.lib</file>
         <name>trgdrv.obj</name>
      </input_file>
      <input_file id="fl-151">
         <path>c:\ti\ccsv6\tools\compiler\arm_5.1.6\lib\</path>
         <kind>archive</kind>
         <file>rtsv7M3_T_le_eabi.lib</file>
         <name>trgmsg.obj</name>
      </input_file>
      <input_file id="fl-152">
         <path>c:\ti\ccsv6\tools\compiler\arm_5.1.6\lib\</path>
         <kind>archive</kind>
         <file>rtsv7M3_T_le_eabi.lib</file>
         <name>_lock.obj</name>
      </input_file>
      <input_file id="fl-153">
         <path>c:\ti\ccsv6\tools\compiler\arm_5.1.6\lib\</path>
         <kind>archive</kind>
         <file>rtsv7M3_T_le_eabi.lib</file>
         <name>_printfi.obj</name>
      </input_file>
      <input_file id="fl-154">
         <path>c:\ti\ccsv6\tools\compiler\arm_5.1.6\lib\</path>
         <kind>archive</kind>
         <file>rtsv7M3_T_le_eabi.lib</file>
         <name>args_main.obj</name>
      </input_file>
      <input_file id="fl-155">
         <path>c:\ti\ccsv6\tools\compiler\arm_5.1.6\lib\</path>
         <kind>archive</kind>
         <file>rtsv7M3_T_le_eabi.lib</file>
         <name>atoi.obj</name>
      </input_file>
      <input_file id="fl-156">
         <path>c:\ti\ccsv6\tools\compiler\arm_5.1.6\lib\</path>
         <kind>archive</kind>
         <file>rtsv7M3_T_le_eabi.lib</file>
         <name>auto_init.obj</name>
      </input_file>
      <input_file id="fl-157">
         <path>c:\ti\ccsv6\tools\compiler\arm_5.1.6\lib\</path>
         <kind>archive</kind>
         <file>rtsv7M3_T_le_eabi.lib</file>
         <name>cpy_tbl.obj</name>
      </input_file>
      <input_file id="fl-158">
         <path>c:\ti\ccsv6\tools\compiler\arm_5.1.6\lib\</path>
         <kind>archive</kind>
         <file>rtsv7M3_T_le_eabi.lib</file>
         <name>ctype.obj</name>
      </input_file>
      <input_file id="fl-159">
         <path>c:\ti\ccsv6\tools\compiler\arm_5.1.6\lib\</path>
         <kind>archive</kind>
         <file>rtsv7M3_T_le_eabi.lib</file>
         <name>fd_add_t2.obj</name>
      </input_file>
      <input_file id="fl-15a">
         <path>c:\ti\ccsv6\tools\compiler\arm_5.1.6\lib\</path>
         <kind>archive</kind>
         <file>rtsv7M3_T_le_eabi.lib</file>
         <name>fd_cmp_t2.obj</name>
      </input_file>
      <input_file id="fl-15b">
         <path>c:\ti\ccsv6\tools\compiler\arm_5.1.6\lib\</path>
         <kind>archive</kind>
         <file>rtsv7M3_T_le_eabi.lib</file>
         <name>fd_div_t2.obj</name>
      </input_file>
      <input_file id="fl-15c">
         <path>c:\ti\ccsv6\tools\compiler\arm_5.1.6\lib\</path>
         <kind>archive</kind>
         <file>rtsv7M3_T_le_eabi.lib</file>
         <name>fd_mul_t2.obj</name>
      </input_file>
      <input_file id="fl-15d">
         <path>c:\ti\ccsv6\tools\compiler\arm_5.1.6\lib\</path>
         <kind>archive</kind>
         <file>rtsv7M3_T_le_eabi.lib</file>
         <name>fd_toi_t2.obj</name>
      </input_file>
      <input_file id="fl-15e">
         <path>c:\ti\ccsv6\tools\compiler\arm_5.1.6\lib\</path>
         <kind>archive</kind>
         <file>rtsv7M3_T_le_eabi.lib</file>
         <name>fputc.obj</name>
      </input_file>
      <input_file id="fl-15f">
         <path>c:\ti\ccsv6\tools\compiler\arm_5.1.6\lib\</path>
         <kind>archive</kind>
         <file>rtsv7M3_T_le_eabi.lib</file>
         <name>fputs.obj</name>
      </input_file>
      <input_file id="fl-160">
         <path>c:\ti\ccsv6\tools\compiler\arm_5.1.6\lib\</path>
         <kind>archive</kind>
         <file>rtsv7M3_T_le_eabi.lib</file>
         <name>i_tofd_t2.obj</name>
      </input_file>
      <input_file id="fl-161">
         <path>c:\ti\ccsv6\tools\compiler\arm_5.1.6\lib\</path>
         <kind>archive</kind>
         <file>rtsv7M3_T_le_eabi.lib</file>
         <name>ll_mul_t2.obj</name>
      </input_file>
      <input_file id="fl-162">
         <path>c:\ti\ccsv6\tools\compiler\arm_5.1.6\lib\</path>
         <kind>archive</kind>
         <file>rtsv7M3_T_le_eabi.lib</file>
         <name>ltoa.obj</name>
      </input_file>
      <input_file id="fl-163">
         <path>c:\ti\ccsv6\tools\compiler\arm_5.1.6\lib\</path>
         <kind>archive</kind>
         <file>rtsv7M3_T_le_eabi.lib</file>
         <name>memccpy.obj</name>
      </input_file>
      <input_file id="fl-164">
         <path>c:\ti\ccsv6\tools\compiler\arm_5.1.6\lib\</path>
         <kind>archive</kind>
         <file>rtsv7M3_T_le_eabi.lib</file>
         <name>memchr.obj</name>
      </input_file>
      <input_file id="fl-165">
         <path>c:\ti\ccsv6\tools\compiler\arm_5.1.6\lib\</path>
         <kind>archive</kind>
         <file>rtsv7M3_T_le_eabi.lib</file>
         <name>strcpy.obj</name>
      </input_file>
      <input_file id="fl-166">
         <path>c:\ti\ccsv6\tools\compiler\arm_5.1.6\lib\</path>
         <kind>archive</kind>
         <file>rtsv7M3_T_le_eabi.lib</file>
         <name>strlen.obj</name>
      </input_file>
      <input_file id="fl-167">
         <path>c:\ti\ccsv6\tools\compiler\arm_5.1.6\lib\</path>
         <kind>archive</kind>
         <file>rtsv7M3_T_le_eabi.lib</file>
         <name>ull_div_t2.obj</name>
      </input_file>
      <input_file id="fl-168">
         <path>c:\ti\ccsv6\tools\compiler\arm_5.1.6\lib\</path>
         <kind>archive</kind>
         <file>rtsv7M3_T_le_eabi.lib</file>
         <name>xdclass.obj</name>
      </input_file>
      <input_file id="fl-169">
         <path>c:\ti\ccsv6\tools\compiler\arm_5.1.6\lib\</path>
         <kind>archive</kind>
         <file>rtsv7M3_T_le_eabi.lib</file>
         <name>xdtest.obj</name>
      </input_file>
      <input_file id="fl-16a">
         <path>c:\ti\ccsv6\tools\compiler\arm_5.1.6\lib\</path>
         <kind>archive</kind>
         <file>rtsv7M3_T_le_eabi.lib</file>
         <name>_io_perm.obj</name>
      </input_file>
      <input_file id="fl-16b">
         <path>c:\ti\ccsv6\tools\compiler\arm_5.1.6\lib\</path>
         <kind>archive</kind>
         <file>rtsv7M3_T_le_eabi.lib</file>
         <name>fseek.obj</name>
      </input_file>
      <input_file id="fl-16c">
         <path>c:\ti\ccsv6\tools\compiler\arm_5.1.6\lib\</path>
         <kind>archive</kind>
         <file>rtsv7M3_T_le_eabi.lib</file>
         <name>setvbuf.obj</name>
      </input_file>
      <input_file id="fl-16d">
         <path>c:\ti\ccsv6\tools\compiler\arm_5.1.6\lib\</path>
         <kind>archive</kind>
         <file>rtsv7M3_T_le_eabi.lib</file>
         <name>fopen.obj</name>
      </input_file>
      <input_file id="fl-16e">
         <path>c:\ti\ccsv6\tools\compiler\arm_5.1.6\lib\</path>
         <kind>archive</kind>
         <file>rtsv7M3_T_le_eabi.lib</file>
         <name>memory.obj</name>
      </input_file>
      <input_file id="fl-16f">
         <path>c:\ti\ccsv6\tools\compiler\arm_5.1.6\lib\</path>
         <kind>archive</kind>
         <file>rtsv7M3_T_le_eabi.lib</file>
         <name>fclose.obj</name>
      </input_file>
      <input_file id="fl-170">
         <path>c:\ti\ccsv6\tools\compiler\arm_5.1.6\lib\</path>
         <kind>archive</kind>
         <file>rtsv7M3_T_le_eabi.lib</file>
         <name>remove.obj</name>
      </input_file>
      <input_file id="fl-171">
         <path>P:\My Documents\2015\courses\ENCE361\StellarisWare\driverlib\ccs-cm3\Debug\</path>
         <kind>archive</kind>
         <file>driverlib-cm3.lib</file>
         <name>sysctl.obj</name>
      </input_file>
      <input_file id="fl-172">
         <path>P:\My Documents\2015\courses\ENCE361\StellarisWare\driverlib\ccs-cm3\Debug\</path>
         <kind>archive</kind>
         <file>driverlib-cm3.lib</file>
         <name>ssi.obj</name>
      </input_file>
      <input_file id="fl-173">
         <path>P:\My Documents\2015\courses\ENCE361\StellarisWare\driverlib\ccs-cm3\Debug\</path>
         <kind>archive</kind>
         <file>driverlib-cm3.lib</file>
         <name>interrupt.obj</name>
      </input_file>
      <input_file id="fl-174">
         <path>P:\My Documents\2015\courses\ENCE361\StellarisWare\driverlib\ccs-cm3\Debug\</path>
         <kind>archive</kind>
         <file>driverlib-cm3.lib</file>
         <name>gpio.obj</name>
      </input_file>
      <input_file id="fl-175">
         <path>P:\My Documents\2015\courses\ENCE361\StellarisWare\driverlib\ccs-cm3\Debug\</path>
         <kind>archive</kind>
         <file>driverlib-cm3.lib</file>
         <name>cpu.obj</name>
      </input_file>
   </input_file_list>
   <object_component_list>
      <object_component id="oc-d">
         <name>.intvecs</name>
         <load_address>0x0</load_address>
         <run_address>0x0</run_address>
         <size>0xf0</size>
         <input_file_ref idref="fl-9"/>
      </object_component>
      <object_component id="oc-1fb">
         <name>.text</name>
         <load_address>0xf0</load_address>
         <run_address>0xf0</run_address>
         <size>0xebc</size>
         <input_file_ref idref="fl-153"/>
      </object_component>
      <object_component id="oc-7c">
         <name>.text</name>
         <load_address>0xfac</load_address>
         <run_address>0xfac</run_address>
         <size>0xc74</size>
         <input_file_ref idref="fl-a"/>
      </object_component>
      <object_component id="oc-11c">
         <name>.text</name>
         <load_address>0x1c20</load_address>
         <run_address>0x1c20</run_address>
         <size>0x510</size>
         <input_file_ref idref="fl-8"/>
      </object_component>
      <object_component id="oc-3b6">
         <name>.text</name>
         <load_address>0x2130</load_address>
         <run_address>0x2130</run_address>
         <size>0x3cc</size>
         <input_file_ref idref="fl-16e"/>
      </object_component>
      <object_component id="oc-287">
         <name>.text</name>
         <load_address>0x24fc</load_address>
         <run_address>0x24fc</run_address>
         <size>0x310</size>
         <input_file_ref idref="fl-145"/>
      </object_component>
      <object_component id="oc-398">
         <name>.text</name>
         <load_address>0x280c</load_address>
         <run_address>0x280c</run_address>
         <size>0x2d4</size>
         <input_file_ref idref="fl-150"/>
      </object_component>
      <object_component id="oc-9b">
         <name>.text</name>
         <load_address>0x2ae0</load_address>
         <run_address>0x2ae0</run_address>
         <size>0x1f4</size>
         <input_file_ref idref="fl-6"/>
      </object_component>
      <object_component id="oc-299">
         <name>.text</name>
         <load_address>0x2cd4</load_address>
         <run_address>0x2cd4</run_address>
         <size>0x1f4</size>
         <input_file_ref idref="fl-167"/>
      </object_component>
      <object_component id="oc-1a9">
         <name>.text:SysCtlClockGet</name>
         <load_address>0x2ec8</load_address>
         <run_address>0x2ec8</run_address>
         <size>0x1d8</size>
         <input_file_ref idref="fl-171"/>
      </object_component>
      <object_component id="oc-3bc">
         <name>.text</name>
         <load_address>0x30a0</load_address>
         <run_address>0x30a0</run_address>
         <size>0x1c0</size>
         <input_file_ref idref="fl-16d"/>
      </object_component>
      <object_component id="oc-ef">
         <name>.text</name>
         <load_address>0x3260</load_address>
         <run_address>0x3260</run_address>
         <size>0x1bc</size>
         <input_file_ref idref="fl-d"/>
      </object_component>
      <object_component id="oc-2cd">
         <name>.text</name>
         <load_address>0x341c</load_address>
         <run_address>0x341c</run_address>
         <size>0x1b6</size>
         <input_file_ref idref="fl-159"/>
      </object_component>
      <object_component id="oc-122">
         <name>.text</name>
         <load_address>0x35d4</load_address>
         <run_address>0x35d4</run_address>
         <size>0x154</size>
         <input_file_ref idref="fl-3"/>
      </object_component>
      <object_component id="oc-118">
         <name>.text:SysCtlClockSet</name>
         <load_address>0x3728</load_address>
         <run_address>0x3728</run_address>
         <size>0x144</size>
         <input_file_ref idref="fl-171"/>
      </object_component>
      <object_component id="oc-2b3">
         <name>.text</name>
         <load_address>0x386c</load_address>
         <run_address>0x386c</run_address>
         <size>0x136</size>
         <input_file_ref idref="fl-15b"/>
      </object_component>
      <object_component id="oc-27f">
         <name>.text</name>
         <load_address>0x39a4</load_address>
         <run_address>0x39a4</run_address>
         <size>0x134</size>
         <input_file_ref idref="fl-15f"/>
      </object_component>
      <object_component id="oc-d0">
         <name>.text</name>
         <load_address>0x3ad8</load_address>
         <run_address>0x3ad8</run_address>
         <size>0x12e</size>
         <input_file_ref idref="fl-5"/>
      </object_component>
      <object_component id="oc-2ae">
         <name>.text</name>
         <load_address>0x3c06</load_address>
         <run_address>0x3c06</run_address>
         <size>0xfc</size>
         <input_file_ref idref="fl-15c"/>
      </object_component>
      <object_component id="oc-36">
         <name>.text</name>
         <load_address>0x3d04</load_address>
         <run_address>0x3d04</run_address>
         <size>0xe4</size>
         <input_file_ref idref="fl-e"/>
      </object_component>
      <object_component id="oc-386">
         <name>.text</name>
         <load_address>0x3de8</load_address>
         <run_address>0x3de8</run_address>
         <size>0xdc</size>
         <input_file_ref idref="fl-16c"/>
      </object_component>
      <object_component id="oc-1b5">
         <name>.text:GPIOPadConfigSet</name>
         <load_address>0x3ec4</load_address>
         <run_address>0x3ec4</run_address>
         <size>0xc8</size>
         <input_file_ref idref="fl-174"/>
      </object_component>
      <object_component id="oc-1ec">
         <name>.text</name>
         <load_address>0x3f8c</load_address>
         <run_address>0x3f8c</run_address>
         <size>0xc0</size>
         <input_file_ref idref="fl-144"/>
      </object_component>
      <object_component id="oc-31c">
         <name>.text</name>
         <load_address>0x404c</load_address>
         <run_address>0x404c</run_address>
         <size>0xac</size>
         <input_file_ref idref="fl-16a"/>
      </object_component>
      <object_component id="oc-31">
         <name>.text</name>
         <load_address>0x40f8</load_address>
         <run_address>0x40f8</run_address>
         <size>0x9c</size>
         <input_file_ref idref="fl-f"/>
      </object_component>
      <object_component id="oc-279">
         <name>.text</name>
         <load_address>0x4194</load_address>
         <run_address>0x4194</run_address>
         <size>0x9c</size>
         <input_file_ref idref="fl-15e"/>
      </object_component>
      <object_component id="oc-54">
         <name>.text</name>
         <load_address>0x4230</load_address>
         <run_address>0x4230</run_address>
         <size>0x9c</size>
         <input_file_ref idref="fl-147"/>
      </object_component>
      <object_component id="oc-3f0">
         <name>.text</name>
         <load_address>0x42cc</load_address>
         <run_address>0x42cc</run_address>
         <size>0x98</size>
         <input_file_ref idref="fl-16f"/>
      </object_component>
      <object_component id="oc-134">
         <name>.text</name>
         <load_address>0x4364</load_address>
         <run_address>0x4364</run_address>
         <size>0x98</size>
         <input_file_ref idref="fl-14a"/>
      </object_component>
      <object_component id="oc-3f">
         <name>.text</name>
         <load_address>0x43fc</load_address>
         <run_address>0x43fc</run_address>
         <size>0x94</size>
         <input_file_ref idref="fl-156"/>
      </object_component>
      <object_component id="oc-2a9">
         <name>.text:__aeabi_cdcmple</name>
         <load_address>0x4490</load_address>
         <run_address>0x4490</run_address>
         <size>0x86</size>
         <input_file_ref idref="fl-15a"/>
      </object_component>
      <object_component id="oc-2b8">
         <name>.text:__aeabi_cdrcmple</name>
         <load_address>0x4516</load_address>
         <run_address>0x4516</run_address>
         <size>0x86</size>
         <input_file_ref idref="fl-15a"/>
      </object_component>
      <object_component id="oc-12e">
         <name>.text</name>
         <load_address>0x459c</load_address>
         <run_address>0x459c</run_address>
         <size>0x7c</size>
         <input_file_ref idref="fl-2"/>
      </object_component>
      <object_component id="oc-f5">
         <name>.text</name>
         <load_address>0x4618</load_address>
         <run_address>0x4618</run_address>
         <size>0x78</size>
         <input_file_ref idref="fl-148"/>
      </object_component>
      <object_component id="oc-1e6">
         <name>.text</name>
         <load_address>0x4690</load_address>
         <run_address>0x4690</run_address>
         <size>0x70</size>
         <input_file_ref idref="fl-149"/>
      </object_component>
      <object_component id="oc-380">
         <name>.text</name>
         <load_address>0x4700</load_address>
         <run_address>0x4700</run_address>
         <size>0x64</size>
         <input_file_ref idref="fl-16b"/>
      </object_component>
      <object_component id="oc-128">
         <name>.text</name>
         <load_address>0x4764</load_address>
         <run_address>0x4764</run_address>
         <size>0x60</size>
         <input_file_ref idref="fl-10"/>
      </object_component>
      <object_component id="oc-1e0">
         <name>.text</name>
         <load_address>0x47c4</load_address>
         <run_address>0x47c4</run_address>
         <size>0x60</size>
         <input_file_ref idref="fl-14b"/>
      </object_component>
      <object_component id="oc-3d1">
         <name>.text</name>
         <load_address>0x4824</load_address>
         <run_address>0x4824</run_address>
         <size>0x60</size>
         <input_file_ref idref="fl-151"/>
      </object_component>
      <object_component id="oc-67">
         <name>.text</name>
         <load_address>0x4884</load_address>
         <run_address>0x4884</run_address>
         <size>0x5e</size>
         <input_file_ref idref="fl-140"/>
      </object_component>
      <object_component id="oc-2c2">
         <name>.text</name>
         <load_address>0x48e2</load_address>
         <run_address>0x48e2</run_address>
         <size>0x5a</size>
         <input_file_ref idref="fl-162"/>
      </object_component>
      <object_component id="oc-1cc">
         <name>.text:SysCtlPeripheralEnable</name>
         <load_address>0x493c</load_address>
         <run_address>0x493c</run_address>
         <size>0x58</size>
         <input_file_ref idref="fl-171"/>
      </object_component>
      <object_component id="oc-1d8">
         <name>.text</name>
         <load_address>0x4994</load_address>
         <run_address>0x4994</run_address>
         <size>0x52</size>
         <input_file_ref idref="fl-c"/>
      </object_component>
      <object_component id="oc-2de">
         <name>.text</name>
         <load_address>0x49e8</load_address>
         <run_address>0x49e8</run_address>
         <size>0x4c</size>
         <input_file_ref idref="fl-155"/>
      </object_component>
      <object_component id="oc-2bd">
         <name>.text</name>
         <load_address>0x4a34</load_address>
         <run_address>0x4a34</run_address>
         <size>0x48</size>
         <input_file_ref idref="fl-15d"/>
      </object_component>
      <object_component id="oc-1ad">
         <name>.text:SSIConfigSetExpClk</name>
         <load_address>0x4a7c</load_address>
         <run_address>0x4a7c</run_address>
         <size>0x44</size>
         <input_file_ref idref="fl-172"/>
      </object_component>
      <object_component id="oc-94">
         <name>.text</name>
         <load_address>0x4ac0</load_address>
         <run_address>0x4ac0</run_address>
         <size>0x44</size>
         <input_file_ref idref="fl-157"/>
      </object_component>
      <object_component id="oc-4a">
         <name>.text</name>
         <load_address>0x4b04</load_address>
         <run_address>0x4b04</run_address>
         <size>0x44</size>
         <input_file_ref idref="fl-143"/>
      </object_component>
      <object_component id="oc-35d">
         <name>.text</name>
         <load_address>0x4b48</load_address>
         <run_address>0x4b48</run_address>
         <size>0x44</size>
         <input_file_ref idref="fl-169"/>
      </object_component>
      <object_component id="oc-10">
         <name>.text</name>
         <load_address>0x4b8c</load_address>
         <run_address>0x4b8c</run_address>
         <size>0x34</size>
         <input_file_ref idref="fl-13e"/>
      </object_component>
      <object_component id="oc-e7">
         <name>.text</name>
         <load_address>0x4bc0</load_address>
         <run_address>0x4bc0</run_address>
         <size>0x30</size>
         <input_file_ref idref="fl-14f"/>
      </object_component>
      <object_component id="oc-261">
         <name>.text:GPIODirModeSet</name>
         <load_address>0x4bf0</load_address>
         <run_address>0x4bf0</run_address>
         <size>0x2e</size>
         <input_file_ref idref="fl-174"/>
      </object_component>
      <object_component id="oc-2c8">
         <name>.text</name>
         <load_address>0x4c1e</load_address>
         <run_address>0x4c1e</run_address>
         <size>0x2e</size>
         <input_file_ref idref="fl-160"/>
      </object_component>
      <object_component id="oc-de">
         <name>.text</name>
         <load_address>0x4c4c</load_address>
         <run_address>0x4c4c</run_address>
         <size>0x22</size>
         <input_file_ref idref="fl-146"/>
      </object_component>
      <object_component id="oc-2d8">
         <name>.text</name>
         <load_address>0x4c6e</load_address>
         <run_address>0x4c6e</run_address>
         <size>0x1a</size>
         <input_file_ref idref="fl-163"/>
      </object_component>
      <object_component id="oc-44">
         <name>.text</name>
         <load_address>0x4c88</load_address>
         <run_address>0x4c88</run_address>
         <size>0x18</size>
         <input_file_ref idref="fl-154"/>
      </object_component>
      <object_component id="oc-29e">
         <name>.text</name>
         <load_address>0x4ca0</load_address>
         <run_address>0x4ca0</run_address>
         <size>0x18</size>
         <input_file_ref idref="fl-161"/>
      </object_component>
      <object_component id="oc-333">
         <name>.text</name>
         <load_address>0x4cb8</load_address>
         <run_address>0x4cb8</run_address>
         <size>0x18</size>
         <input_file_ref idref="fl-14e"/>
      </object_component>
      <object_component id="oc-324">
         <name>.text</name>
         <load_address>0x4cd0</load_address>
         <run_address>0x4cd0</run_address>
         <size>0x16</size>
         <input_file_ref idref="fl-164"/>
      </object_component>
      <object_component id="oc-339">
         <name>.text</name>
         <load_address>0x4ce6</load_address>
         <run_address>0x4ce6</run_address>
         <size>0x16</size>
         <input_file_ref idref="fl-14d"/>
      </object_component>
      <object_component id="oc-149">
         <name>.text</name>
         <load_address>0x4cfc</load_address>
         <run_address>0x4cfc</run_address>
         <size>0x14</size>
         <input_file_ref idref="fl-152"/>
      </object_component>
      <object_component id="oc-2a3">
         <name>.text</name>
         <load_address>0x4d10</load_address>
         <run_address>0x4d10</run_address>
         <size>0x14</size>
         <input_file_ref idref="fl-166"/>
      </object_component>
      <object_component id="oc-1c1">
         <name>.text:GPIOPinTypeGPIOOutput</name>
         <load_address>0x4d24</load_address>
         <run_address>0x4d24</run_address>
         <size>0x12</size>
         <input_file_ref idref="fl-174"/>
      </object_component>
      <object_component id="oc-1b1">
         <name>.text:GPIOPinTypeSSI</name>
         <load_address>0x4d36</load_address>
         <run_address>0x4d36</run_address>
         <size>0x12</size>
         <input_file_ref idref="fl-174"/>
      </object_component>
      <object_component id="oc-1bd">
         <name>.text:SSIDataGetNonBlocking</name>
         <load_address>0x4d48</load_address>
         <run_address>0x4d48</run_address>
         <size>0x12</size>
         <input_file_ref idref="fl-172"/>
      </object_component>
      <object_component id="oc-1b">
         <name>.text:decompress:ZI</name>
         <load_address>0x4d5a</load_address>
         <run_address>0x4d5a</run_address>
         <size>0x12</size>
         <input_file_ref idref="fl-141"/>
      </object_component>
      <object_component id="oc-3d7">
         <name>.text</name>
         <load_address>0x4d6c</load_address>
         <run_address>0x4d6c</run_address>
         <size>0x12</size>
         <input_file_ref idref="fl-165"/>
      </object_component>
      <object_component id="oc-15">
         <name>.text:decompress:none</name>
         <load_address>0x4d7e</load_address>
         <run_address>0x4d7e</run_address>
         <size>0xe</size>
         <input_file_ref idref="fl-13f"/>
      </object_component>
      <object_component id="oc-2d2">
         <name>.text</name>
         <load_address>0x4d8c</load_address>
         <run_address>0x4d8c</run_address>
         <size>0xe</size>
         <input_file_ref idref="fl-168"/>
      </object_component>
      <object_component id="oc-2b">
         <name>.text</name>
         <load_address>0x4d9a</load_address>
         <run_address>0x4d9a</run_address>
         <size>0xc</size>
         <input_file_ref idref="fl-9"/>
      </object_component>
      <object_component id="oc-19e">
         <name>.text:SSIDataPut</name>
         <load_address>0x4da6</load_address>
         <run_address>0x4da6</run_address>
         <size>0xa</size>
         <input_file_ref idref="fl-172"/>
      </object_component>
      <object_component id="oc-1a5">
         <name>.text:SSIDisable</name>
         <load_address>0x4db0</load_address>
         <run_address>0x4db0</run_address>
         <size>0xa</size>
         <input_file_ref idref="fl-172"/>
      </object_component>
      <object_component id="oc-1b9">
         <name>.text:SSIEnable</name>
         <load_address>0x4dba</load_address>
         <run_address>0x4dba</run_address>
         <size>0xa</size>
         <input_file_ref idref="fl-172"/>
      </object_component>
      <object_component id="oc-196">
         <name>.text:SSIBusy</name>
         <load_address>0x4dc4</load_address>
         <run_address>0x4dc4</run_address>
         <size>0x8</size>
         <input_file_ref idref="fl-172"/>
      </object_component>
      <object_component id="oc-19a">
         <name>.text:GPIOPinWrite</name>
         <load_address>0x4dcc</load_address>
         <run_address>0x4dcc</run_address>
         <size>0x6</size>
         <input_file_ref idref="fl-174"/>
      </object_component>
      <object_component id="oc-18f">
         <name>.text:SysCtlDelay</name>
         <load_address>0x4dd2</load_address>
         <run_address>0x4dd2</run_address>
         <size>0x6</size>
         <input_file_ref idref="fl-171"/>
      </object_component>
      <object_component id="oc-21">
         <name>.text:decompress:rle24</name>
         <load_address>0x4dd8</load_address>
         <run_address>0x4dd8</run_address>
         <size>0x6</size>
         <input_file_ref idref="fl-140"/>
      </object_component>
      <object_component id="oc-222">
         <name>.const:.string:TETRIS_BACKGROUND_DATA</name>
         <load_address>0x4de0</load_address>
         <run_address>0x4de0</run_address>
         <size>0xf80</size>
         <input_file_ref idref="fl-b"/>
      </object_component>
      <object_component id="oc-1d0">
         <name>.const:g_pucFont</name>
         <load_address>0x5d60</load_address>
         <run_address>0x5d60</run_address>
         <size>0x1e0</size>
         <input_file_ref idref="fl-8"/>
      </object_component>
      <object_component id="oc-366">
         <name>.const:.string:_ctypes_</name>
         <load_address>0x5f40</load_address>
         <run_address>0x5f40</run_address>
         <size>0x102</size>
         <input_file_ref idref="fl-158"/>
      </object_component>
      <object_component id="oc-177">
         <name>.const</name>
         <load_address>0x6042</load_address>
         <run_address>0x6042</run_address>
         <size>0x2</size>
         <input_file_ref idref="fl-d"/>
      </object_component>
      <object_component id="oc-25d">
         <name>.const:g_pulXtals</name>
         <load_address>0x6044</load_address>
         <run_address>0x6044</run_address>
         <size>0x6c</size>
         <input_file_ref idref="fl-171"/>
      </object_component>
      <object_component id="oc-1d4">
         <name>.const:.string:g_pucRIT128x96x4Init</name>
         <load_address>0x60b0</load_address>
         <run_address>0x60b0</run_address>
         <size>0x4f</size>
         <input_file_ref idref="fl-8"/>
      </object_component>
      <object_component id="oc-26c">
         <name>.const</name>
         <load_address>0x6100</load_address>
         <run_address>0x6100</run_address>
         <size>0x40</size>
         <input_file_ref idref="fl-171"/>
      </object_component>
      <object_component id="oc-2f4">
         <name>.const:i_pose1</name>
         <load_address>0x6140</load_address>
         <run_address>0x6140</run_address>
         <size>0x40</size>
         <input_file_ref idref="fl-c"/>
      </object_component>
      <object_component id="oc-2f7">
         <name>.const:i_pose2</name>
         <load_address>0x6180</load_address>
         <run_address>0x6180</run_address>
         <size>0x40</size>
         <input_file_ref idref="fl-c"/>
      </object_component>
      <object_component id="oc-2fa">
         <name>.const:t_pose1</name>
         <load_address>0x61c0</load_address>
         <run_address>0x61c0</run_address>
         <size>0x40</size>
         <input_file_ref idref="fl-c"/>
      </object_component>
      <object_component id="oc-2fd">
         <name>.const:t_pose2</name>
         <load_address>0x6200</load_address>
         <run_address>0x6200</run_address>
         <size>0x40</size>
         <input_file_ref idref="fl-c"/>
      </object_component>
      <object_component id="oc-300">
         <name>.const:t_pose3</name>
         <load_address>0x6240</load_address>
         <run_address>0x6240</run_address>
         <size>0x40</size>
         <input_file_ref idref="fl-c"/>
      </object_component>
      <object_component id="oc-303">
         <name>.const:t_pose4</name>
         <load_address>0x6280</load_address>
         <run_address>0x6280</run_address>
         <size>0x40</size>
         <input_file_ref idref="fl-c"/>
      </object_component>
      <object_component id="oc-13d">
         <name>.const</name>
         <load_address>0x62c0</load_address>
         <run_address>0x62c0</run_address>
         <size>0x3c</size>
         <input_file_ref idref="fl-4"/>
      </object_component>
      <object_component id="oc-21f">
         <name>.const:.string</name>
         <load_address>0x62fc</load_address>
         <run_address>0x62fc</run_address>
         <size>0x30</size>
         <input_file_ref idref="fl-4"/>
      </object_component>
      <object_component id="oc-ed">
         <name>.const:.string</name>
         <load_address>0x632c</load_address>
         <run_address>0x632c</run_address>
         <size>0x14</size>
         <input_file_ref idref="fl-a"/>
      </object_component>
      <object_component id="oc-1c7">
         <name>.const:.string</name>
         <load_address>0x6340</load_address>
         <run_address>0x6340</run_address>
         <size>0xc</size>
         <input_file_ref idref="fl-8"/>
      </object_component>
      <object_component id="oc-434">
         <name>.cinit..data.load</name>
         <load_address>0x6350</load_address>
         <run_address>0x6350</run_address>
         <size>0xc3</size>
      </object_component>
      <object_component id="oc-432">
         <name>__TI_handler_table</name>
         <load_address>0x6414</load_address>
         <run_address>0x6414</run_address>
         <size>0xc</size>
      </object_component>
      <object_component id="oc-435">
         <name>.cinit..bss.load</name>
         <load_address>0x6420</load_address>
         <run_address>0x6420</run_address>
         <size>0x8</size>
      </object_component>
      <object_component id="oc-433">
         <name>__TI_cinit_table</name>
         <load_address>0x6428</load_address>
         <run_address>0x6428</run_address>
         <size>0x10</size>
      </object_component>
      <object_component id="oc-50">
         <name>.data</name>
         <load_address>0x20004090</load_address>
         <run_address>0x20004090</run_address>
         <size>0x4</size>
         <input_file_ref idref="fl-14c"/>
      </object_component>
      <object_component id="oc-79">
         <name>.data</name>
         <load_address>0x20004000</load_address>
         <run_address>0x20004000</run_address>
         <size>0x30</size>
         <input_file_ref idref="fl-a"/>
      </object_component>
      <object_component id="oc-83">
         <name>.data</name>
         <load_address>0x20004088</load_address>
         <run_address>0x20004088</run_address>
         <size>0x4</size>
         <input_file_ref idref="fl-e"/>
      </object_component>
      <object_component id="oc-a3">
         <name>.data</name>
         <load_address>0x20004078</load_address>
         <run_address>0x20004078</run_address>
         <size>0x8</size>
         <input_file_ref idref="fl-152"/>
      </object_component>
      <object_component id="oc-a6">
         <name>.data</name>
         <load_address>0x20004080</load_address>
         <run_address>0x20004080</run_address>
         <size>0x8</size>
         <input_file_ref idref="fl-143"/>
      </object_component>
      <object_component id="oc-13a">
         <name>.data</name>
         <load_address>0x20004030</load_address>
         <run_address>0x20004030</run_address>
         <size>0x24</size>
         <input_file_ref idref="fl-3"/>
      </object_component>
      <object_component id="oc-16b">
         <name>.data</name>
         <load_address>0x20004070</load_address>
         <run_address>0x20004070</run_address>
         <size>0x8</size>
         <input_file_ref idref="fl-d"/>
      </object_component>
      <object_component id="oc-1f5">
         <name>.data:_ftable</name>
         <load_address>0x20003e08</load_address>
         <run_address>0x20003e08</run_address>
         <size>0xf0</size>
         <input_file_ref idref="fl-142"/>
      </object_component>
      <object_component id="oc-215">
         <name>.data</name>
         <load_address>0x20003fc8</load_address>
         <run_address>0x20003fc8</run_address>
         <size>0x38</size>
         <input_file_ref idref="fl-c"/>
      </object_component>
      <object_component id="oc-28d">
         <name>.data</name>
         <load_address>0x20004054</load_address>
         <run_address>0x20004054</run_address>
         <size>0x10</size>
         <input_file_ref idref="fl-142"/>
      </object_component>
      <object_component id="oc-33f">
         <name>.data</name>
         <load_address>0x20003ef8</load_address>
         <run_address>0x20003ef8</run_address>
         <size>0xd0</size>
         <input_file_ref idref="fl-145"/>
      </object_component>
      <object_component id="oc-3ec">
         <name>.data</name>
         <load_address>0x20004064</load_address>
         <run_address>0x20004064</run_address>
         <size>0xc</size>
         <input_file_ref idref="fl-16e"/>
      </object_component>
      <object_component id="oc-3f6">
         <name>.data</name>
         <load_address>0x2000408c</load_address>
         <run_address>0x2000408c</run_address>
         <size>0x4</size>
         <input_file_ref idref="fl-16d"/>
      </object_component>
      <object_component id="oc-d6">
         <name>.bss:pxReadyTasksLists</name>
         <uninitialized>true</uninitialized>
         <run_address>0x20002ce0</run_address>
         <size>0x64</size>
         <input_file_ref idref="fl-a"/>
      </object_component>
      <object_component id="oc-171">
         <name>.bss:xHeap</name>
         <uninitialized>true</uninitialized>
         <run_address>0x20000000</run_address>
         <size>0x2800</size>
         <input_file_ref idref="fl-d"/>
      </object_component>
      <object_component id="oc-1f2">
         <name>.bss:cBuffer</name>
         <uninitialized>true</uninitialized>
         <run_address>0x20002d44</run_address>
         <size>0x34</size>
         <input_file_ref idref="fl-10"/>
      </object_component>
      <object_component id="oc-212">
         <name>.bss:grid</name>
         <uninitialized>true</uninitialized>
         <run_address>0x20002800</run_address>
         <size>0x320</size>
         <input_file_ref idref="fl-3"/>
      </object_component>
      <object_component id="oc-3fb">
         <name>.bss:__CIOBUF_</name>
         <uninitialized>true</uninitialized>
         <run_address>0x20002b20</run_address>
         <size>0x120</size>
         <input_file_ref idref="fl-151"/>
      </object_component>
      <object_component id="oc-406">
         <name>.bss:__TI_tmpnams</name>
         <uninitialized>true</uninitialized>
         <run_address>0x20002c40</run_address>
         <size>0xa0</size>
         <input_file_ref idref="fl-142"/>
      </object_component>
      <object_component id="oc-1d3">
         <name>.common:g_ulSSIFlags</name>
         <uninitialized>true</uninitialized>
         <run_address>0x20002dfc</run_address>
         <size>0x4</size>
      </object_component>
      <object_component id="oc-1cb">
         <name>.common:g_pucBuffer</name>
         <uninitialized>true</uninitialized>
         <run_address>0x20002ddc</run_address>
         <size>0x8</size>
      </object_component>
      <object_component id="oc-fb">
         <name>.common:xDelayedTaskList1</name>
         <uninitialized>true</uninitialized>
         <run_address>0x20002d78</run_address>
         <size>0x14</size>
      </object_component>
      <object_component id="oc-fc">
         <name>.common:xDelayedTaskList2</name>
         <uninitialized>true</uninitialized>
         <run_address>0x20002d8c</run_address>
         <size>0x14</size>
      </object_component>
      <object_component id="oc-fe">
         <name>.common:pxDelayedTaskList</name>
         <uninitialized>true</uninitialized>
         <run_address>0x20002e00</run_address>
         <size>0x4</size>
      </object_component>
      <object_component id="oc-ff">
         <name>.common:pxOverflowDelayedTaskList</name>
         <uninitialized>true</uninitialized>
         <run_address>0x20002e04</run_address>
         <size>0x4</size>
      </object_component>
      <object_component id="oc-fa">
         <name>.common:xPendingReadyList</name>
         <uninitialized>true</uninitialized>
         <run_address>0x20002da0</run_address>
         <size>0x14</size>
      </object_component>
      <object_component id="oc-100">
         <name>.common:xTasksWaitingTermination</name>
         <uninitialized>true</uninitialized>
         <run_address>0x20002dc8</run_address>
         <size>0x14</size>
      </object_component>
      <object_component id="oc-ee">
         <name>.common:xSuspendedTaskList</name>
         <uninitialized>true</uninitialized>
         <run_address>0x20002db4</run_address>
         <size>0x14</size>
      </object_component>
      <object_component id="oc-174">
         <name>.common:xStart</name>
         <uninitialized>true</uninitialized>
         <run_address>0x20002df4</run_address>
         <size>0x8</size>
      </object_component>
      <object_component id="oc-176">
         <name>.common:xEnd</name>
         <uninitialized>true</uninitialized>
         <run_address>0x20002dec</run_address>
         <size>0x8</size>
      </object_component>
      <object_component id="oc-3dd">
         <name>.common:parmbuf</name>
         <uninitialized>true</uninitialized>
         <run_address>0x20002de4</run_address>
         <size>0x8</size>
      </object_component>
      <object_component id="oc-28">
         <name>.sysmem</name>
         <uninitialized>true</uninitialized>
         <run_address>0x20003608</run_address>
         <size>0x8</size>
         <input_file_ref idref="fl-16e"/>
      </object_component>
      <object_component id="oc-437">
         <name>.sysmem</name>
         <uninitialized>true</uninitialized>
         <run_address>0x20003608</run_address>
         <size>0x0</size>
      </object_component>
      <object_component id="oc-27">
         <name>.stack</name>
         <uninitialized>true</uninitialized>
         <run_address>0x20002e08</run_address>
         <size>0x0</size>
         <input_file_ref idref="fl-13e"/>
      </object_component>
      <object_component id="oc-436">
         <name>.stack</name>
         <uninitialized>true</uninitialized>
         <run_address>0x20002e08</run_address>
         <size>0x0</size>
      </object_component>
      <object_component id="oc-e">
         <name>.debug_info</name>
         <load_address>0x0</load_address>
         <run_address>0x0</run_address>
         <size>0xef</size>
         <input_file_ref idref="fl-9"/>
      </object_component>
      <object_component id="oc-13">
         <name>.debug_info</name>
         <load_address>0xef</load_address>
         <run_address>0xef</run_address>
         <size>0xf3</size>
         <input_file_ref idref="fl-13e"/>
      </object_component>
      <object_component id="oc-17">
         <name>.debug_info</name>
         <load_address>0x1e2</load_address>
         <run_address>0x1e2</run_address>
         <size>0x194</size>
         <input_file_ref idref="fl-13f"/>
      </object_component>
      <object_component id="oc-1e">
         <name>.debug_info</name>
         <load_address>0x376</load_address>
         <run_address>0x376</run_address>
         <size>0x16a</size>
         <input_file_ref idref="fl-141"/>
      </object_component>
      <object_component id="oc-23">
         <name>.debug_info</name>
         <load_address>0x4e0</load_address>
         <run_address>0x4e0</run_address>
         <size>0x18e</size>
         <input_file_ref idref="fl-140"/>
      </object_component>
      <object_component id="oc-29">
         <name>.debug_info</name>
         <load_address>0x66e</load_address>
         <run_address>0x66e</run_address>
         <size>0xb6</size>
         <input_file_ref idref="fl-16e"/>
      </object_component>
      <object_component id="oc-2c">
         <name>.debug_info</name>
         <load_address>0x724</load_address>
         <run_address>0x724</run_address>
         <size>0x1fa</size>
         <input_file_ref idref="fl-9"/>
      </object_component>
      <object_component id="oc-32">
         <name>.debug_info</name>
         <load_address>0x91e</load_address>
         <run_address>0x91e</run_address>
         <size>0x14d</size>
         <input_file_ref idref="fl-f"/>
      </object_component>
      <object_component id="oc-37">
         <name>.debug_info</name>
         <load_address>0xa6b</load_address>
         <run_address>0xa6b</run_address>
         <size>0x5b8</size>
         <input_file_ref idref="fl-e"/>
      </object_component>
      <object_component id="oc-3e">
         <name>.debug_info</name>
         <load_address>0x1023</load_address>
         <run_address>0x1023</run_address>
         <size>0x189</size>
         <input_file_ref idref="fl-9"/>
      </object_component>
      <object_component id="oc-40">
         <name>.debug_info</name>
         <load_address>0x11ac</load_address>
         <run_address>0x11ac</run_address>
         <size>0x13d</size>
         <input_file_ref idref="fl-156"/>
      </object_component>
      <object_component id="oc-47">
         <name>.debug_info</name>
         <load_address>0x12e9</load_address>
         <run_address>0x12e9</run_address>
         <size>0x11c</size>
         <input_file_ref idref="fl-154"/>
      </object_component>
      <object_component id="oc-4d">
         <name>.debug_info</name>
         <load_address>0x1405</load_address>
         <run_address>0x1405</run_address>
         <size>0x1c2</size>
         <input_file_ref idref="fl-143"/>
      </object_component>
      <object_component id="oc-51">
         <name>.debug_info</name>
         <load_address>0x15c7</load_address>
         <run_address>0x15c7</run_address>
         <size>0xbe</size>
         <input_file_ref idref="fl-14c"/>
      </object_component>
      <object_component id="oc-56">
         <name>.debug_info</name>
         <load_address>0x1685</load_address>
         <run_address>0x1685</run_address>
         <size>0xcc</size>
         <input_file_ref idref="fl-147"/>
      </object_component>
      <object_component id="oc-5a">
         <name>.debug_info</name>
         <load_address>0x1751</load_address>
         <run_address>0x1751</run_address>
         <size>0x46</size>
         <input_file_ref idref="fl-13f"/>
      </object_component>
      <object_component id="oc-5f">
         <name>.debug_info</name>
         <load_address>0x1797</load_address>
         <run_address>0x1797</run_address>
         <size>0xf2</size>
         <input_file_ref idref="fl-13f"/>
      </object_component>
      <object_component id="oc-61">
         <name>.debug_info</name>
         <load_address>0x1889</load_address>
         <run_address>0x1889</run_address>
         <size>0x46</size>
         <input_file_ref idref="fl-141"/>
      </object_component>
      <object_component id="oc-66">
         <name>.debug_info</name>
         <load_address>0x18cf</load_address>
         <run_address>0x18cf</run_address>
         <size>0xad</size>
         <input_file_ref idref="fl-141"/>
      </object_component>
      <object_component id="oc-6a">
         <name>.debug_info</name>
         <load_address>0x197c</load_address>
         <run_address>0x197c</run_address>
         <size>0x1ef</size>
         <input_file_ref idref="fl-140"/>
      </object_component>
      <object_component id="oc-6e">
         <name>.debug_info</name>
         <load_address>0x1b6b</load_address>
         <run_address>0x1b6b</run_address>
         <size>0xb7</size>
         <input_file_ref idref="fl-140"/>
      </object_component>
      <object_component id="oc-6f">
         <name>.debug_info</name>
         <load_address>0x1c22</load_address>
         <run_address>0x1c22</run_address>
         <size>0x39</size>
         <input_file_ref idref="fl-140"/>
      </object_component>
      <object_component id="oc-76">
         <name>.debug_info</name>
         <load_address>0x1c5b</load_address>
         <run_address>0x1c5b</run_address>
         <size>0x1d7</size>
         <input_file_ref idref="fl-16e"/>
      </object_component>
      <object_component id="oc-7a">
         <name>.debug_info</name>
         <load_address>0x1e32</load_address>
         <run_address>0x1e32</run_address>
         <size>0x2ed</size>
         <input_file_ref idref="fl-a"/>
      </object_component>
      <object_component id="oc-7d">
         <name>.debug_info</name>
         <load_address>0x211f</load_address>
         <run_address>0x211f</run_address>
         <size>0x230c</size>
         <input_file_ref idref="fl-a"/>
      </object_component>
      <object_component id="oc-84">
         <name>.debug_info</name>
         <load_address>0x442b</load_address>
         <run_address>0x442b</run_address>
         <size>0xfa</size>
         <input_file_ref idref="fl-e"/>
      </object_component>
      <object_component id="oc-87">
         <name>.debug_info</name>
         <load_address>0x4525</load_address>
         <run_address>0x4525</run_address>
         <size>0x203</size>
         <input_file_ref idref="fl-e"/>
      </object_component>
      <object_component id="oc-88">
         <name>.debug_info</name>
         <load_address>0x4728</load_address>
         <run_address>0x4728</run_address>
         <size>0x2c</size>
         <input_file_ref idref="fl-2"/>
      </object_component>
      <object_component id="oc-8d">
         <name>.debug_info</name>
         <load_address>0x4754</load_address>
         <run_address>0x4754</run_address>
         <size>0x84</size>
         <input_file_ref idref="fl-2"/>
      </object_component>
      <object_component id="oc-95">
         <name>.debug_info</name>
         <load_address>0x47d8</load_address>
         <run_address>0x47d8</run_address>
         <size>0x14b</size>
         <input_file_ref idref="fl-157"/>
      </object_component>
      <object_component id="oc-9c">
         <name>.debug_info</name>
         <load_address>0x4923</load_address>
         <run_address>0x4923</run_address>
         <size>0x851</size>
         <input_file_ref idref="fl-6"/>
      </object_component>
      <object_component id="oc-a2">
         <name>.debug_info</name>
         <load_address>0x5174</load_address>
         <run_address>0x5174</run_address>
         <size>0x11b</size>
         <input_file_ref idref="fl-154"/>
      </object_component>
      <object_component id="oc-a4">
         <name>.debug_info</name>
         <load_address>0x528f</load_address>
         <run_address>0x528f</run_address>
         <size>0xc8</size>
         <input_file_ref idref="fl-152"/>
      </object_component>
      <object_component id="oc-a7">
         <name>.debug_info</name>
         <load_address>0x5357</load_address>
         <run_address>0x5357</run_address>
         <size>0xeb</size>
         <input_file_ref idref="fl-143"/>
      </object_component>
      <object_component id="oc-aa">
         <name>.debug_info</name>
         <load_address>0x5442</load_address>
         <run_address>0x5442</run_address>
         <size>0x146</size>
         <input_file_ref idref="fl-143"/>
      </object_component>
      <object_component id="oc-af">
         <name>.debug_info</name>
         <load_address>0x5588</load_address>
         <run_address>0x5588</run_address>
         <size>0x2c</size>
         <input_file_ref idref="fl-13f"/>
      </object_component>
      <object_component id="oc-b6">
         <name>.debug_info</name>
         <load_address>0x55b4</load_address>
         <run_address>0x55b4</run_address>
         <size>0x2c</size>
         <input_file_ref idref="fl-141"/>
      </object_component>
      <object_component id="oc-c2">
         <name>.debug_info</name>
         <load_address>0x55e0</load_address>
         <run_address>0x55e0</run_address>
         <size>0x2c</size>
         <input_file_ref idref="fl-16d"/>
      </object_component>
      <object_component id="oc-c7">
         <name>.debug_info</name>
         <load_address>0x560c</load_address>
         <run_address>0x560c</run_address>
         <size>0x62</size>
         <input_file_ref idref="fl-16e"/>
      </object_component>
      <object_component id="oc-ce">
         <name>.debug_info</name>
         <load_address>0x566e</load_address>
         <run_address>0x566e</run_address>
         <size>0x791</size>
         <input_file_ref idref="fl-a"/>
      </object_component>
      <object_component id="oc-d1">
         <name>.debug_info</name>
         <load_address>0x5dff</load_address>
         <run_address>0x5dff</run_address>
         <size>0x44f</size>
         <input_file_ref idref="fl-5"/>
      </object_component>
      <object_component id="oc-d7">
         <name>.debug_info</name>
         <load_address>0x624e</load_address>
         <run_address>0x624e</run_address>
         <size>0xf2</size>
         <input_file_ref idref="fl-a"/>
      </object_component>
      <object_component id="oc-e0">
         <name>.debug_info</name>
         <load_address>0x6340</load_address>
         <run_address>0x6340</run_address>
         <size>0x1a0</size>
         <input_file_ref idref="fl-146"/>
      </object_component>
      <object_component id="oc-e8">
         <name>.debug_info</name>
         <load_address>0x64e0</load_address>
         <run_address>0x64e0</run_address>
         <size>0x182</size>
         <input_file_ref idref="fl-14f"/>
      </object_component>
      <object_component id="oc-f0">
         <name>.debug_info</name>
         <load_address>0x6662</load_address>
         <run_address>0x6662</run_address>
         <size>0x4fd</size>
         <input_file_ref idref="fl-d"/>
      </object_component>
      <object_component id="oc-f8">
         <name>.debug_info</name>
         <load_address>0x6b5f</load_address>
         <run_address>0x6b5f</run_address>
         <size>0xfc</size>
         <input_file_ref idref="fl-148"/>
      </object_component>
      <object_component id="oc-102">
         <name>.debug_info</name>
         <load_address>0x6c5b</load_address>
         <run_address>0x6c5b</run_address>
         <size>0x16d</size>
         <input_file_ref idref="fl-2"/>
      </object_component>
      <object_component id="oc-107">
         <name>.debug_info</name>
         <load_address>0x6dc8</load_address>
         <run_address>0x6dc8</run_address>
         <size>0x2c</size>
         <input_file_ref idref="fl-2"/>
      </object_component>
      <object_component id="oc-110">
         <name>.debug_info</name>
         <load_address>0x6df4</load_address>
         <run_address>0x6df4</run_address>
         <size>0x14c</size>
         <input_file_ref idref="fl-2"/>
      </object_component>
      <object_component id="oc-115">
         <name>.debug_info</name>
         <load_address>0x6f40</load_address>
         <run_address>0x6f40</run_address>
         <size>0x2a2</size>
         <input_file_ref idref="fl-2"/>
      </object_component>
      <object_component id="oc-117">
         <name>.debug_info</name>
         <load_address>0x71e2</load_address>
         <run_address>0x71e2</run_address>
         <size>0x148</size>
         <input_file_ref idref="fl-157"/>
      </object_component>
      <object_component id="oc-119">
         <name>.debug_info</name>
         <load_address>0x732a</load_address>
         <run_address>0x732a</run_address>
         <size>0x2cb</size>
         <input_file_ref idref="fl-171"/>
      </object_component>
      <object_component id="oc-11d">
         <name>.debug_info</name>
         <load_address>0x75f5</load_address>
         <run_address>0x75f5</run_address>
         <size>0xc20</size>
         <input_file_ref idref="fl-8"/>
      </object_component>
      <object_component id="oc-123">
         <name>.debug_info</name>
         <load_address>0x8215</load_address>
         <run_address>0x8215</run_address>
         <size>0x7ad</size>
         <input_file_ref idref="fl-3"/>
      </object_component>
      <object_component id="oc-129">
         <name>.debug_info</name>
         <load_address>0x89c2</load_address>
         <run_address>0x89c2</run_address>
         <size>0x2f0</size>
         <input_file_ref idref="fl-10"/>
      </object_component>
      <object_component id="oc-12f">
         <name>.debug_info</name>
         <load_address>0x8cb2</load_address>
         <run_address>0x8cb2</run_address>
         <size>0x429</size>
         <input_file_ref idref="fl-2"/>
      </object_component>
      <object_component id="oc-138">
         <name>.debug_info</name>
         <load_address>0x90db</load_address>
         <run_address>0x90db</run_address>
         <size>0x322</size>
         <input_file_ref idref="fl-14a"/>
      </object_component>
      <object_component id="oc-13b">
         <name>.debug_info</name>
         <load_address>0x93fd</load_address>
         <run_address>0x93fd</run_address>
         <size>0x12b</size>
         <input_file_ref idref="fl-3"/>
      </object_component>
      <object_component id="oc-13e">
         <name>.debug_info</name>
         <load_address>0x9528</load_address>
         <run_address>0x9528</run_address>
         <size>0x17a</size>
         <input_file_ref idref="fl-4"/>
      </object_component>
      <object_component id="oc-141">
         <name>.debug_info</name>
         <load_address>0x96a2</load_address>
         <run_address>0x96a2</run_address>
         <size>0x614</size>
         <input_file_ref idref="fl-6"/>
      </object_component>
      <object_component id="oc-144">
         <name>.debug_info</name>
         <load_address>0x9cb6</load_address>
         <run_address>0x9cb6</run_address>
         <size>0x5e</size>
         <input_file_ref idref="fl-154"/>
      </object_component>
      <object_component id="oc-14a">
         <name>.debug_info</name>
         <load_address>0x9d14</load_address>
         <run_address>0x9d14</run_address>
         <size>0x1d4</size>
         <input_file_ref idref="fl-152"/>
      </object_component>
      <object_component id="oc-151">
         <name>.debug_info</name>
         <load_address>0x9ee8</load_address>
         <run_address>0x9ee8</run_address>
         <size>0xd9</size>
         <input_file_ref idref="fl-152"/>
      </object_component>
      <object_component id="oc-159">
         <name>.debug_info</name>
         <load_address>0x9fc1</load_address>
         <run_address>0x9fc1</run_address>
         <size>0xd4</size>
         <input_file_ref idref="fl-a"/>
      </object_component>
      <object_component id="oc-15e">
         <name>.debug_info</name>
         <load_address>0xa095</load_address>
         <run_address>0xa095</run_address>
         <size>0xc8</size>
         <input_file_ref idref="fl-a"/>
      </object_component>
      <object_component id="oc-164">
         <name>.debug_info</name>
         <load_address>0xa15d</load_address>
         <run_address>0xa15d</run_address>
         <size>0x14d</size>
         <input_file_ref idref="fl-5"/>
      </object_component>
      <object_component id="oc-168">
         <name>.debug_info</name>
         <load_address>0xa2aa</load_address>
         <run_address>0xa2aa</run_address>
         <size>0xaa</size>
         <input_file_ref idref="fl-146"/>
      </object_component>
      <object_component id="oc-16a">
         <name>.debug_info</name>
         <load_address>0xa354</load_address>
         <run_address>0xa354</run_address>
         <size>0xab</size>
         <input_file_ref idref="fl-14f"/>
      </object_component>
      <object_component id="oc-16c">
         <name>.debug_info</name>
         <load_address>0xa3ff</load_address>
         <run_address>0xa3ff</run_address>
         <size>0x100</size>
         <input_file_ref idref="fl-d"/>
      </object_component>
      <object_component id="oc-16f">
         <name>.debug_info</name>
         <load_address>0xa4ff</load_address>
         <run_address>0xa4ff</run_address>
         <size>0x260</size>
         <input_file_ref idref="fl-d"/>
      </object_component>
      <object_component id="oc-172">
         <name>.debug_info</name>
         <load_address>0xa75f</load_address>
         <run_address>0xa75f</run_address>
         <size>0xe4</size>
         <input_file_ref idref="fl-d"/>
      </object_component>
      <object_component id="oc-178">
         <name>.debug_info</name>
         <load_address>0xa843</load_address>
         <run_address>0xa843</run_address>
         <size>0xf8</size>
         <input_file_ref idref="fl-d"/>
      </object_component>
      <object_component id="oc-17b">
         <name>.debug_info</name>
         <load_address>0xa93b</load_address>
         <run_address>0xa93b</run_address>
         <size>0x110</size>
         <input_file_ref idref="fl-5"/>
      </object_component>
      <object_component id="oc-183">
         <name>.debug_info</name>
         <load_address>0xaa4b</load_address>
         <run_address>0xaa4b</run_address>
         <size>0x76</size>
         <input_file_ref idref="fl-2"/>
      </object_component>
      <object_component id="oc-18a">
         <name>.debug_info</name>
         <load_address>0xaac1</load_address>
         <run_address>0xaac1</run_address>
         <size>0xcd</size>
         <input_file_ref idref="fl-157"/>
      </object_component>
      <object_component id="oc-191">
         <name>.debug_info</name>
         <load_address>0xab8e</load_address>
         <run_address>0xab8e</run_address>
         <size>0x84</size>
         <input_file_ref idref="fl-171"/>
      </object_component>
      <object_component id="oc-195">
         <name>.debug_info</name>
         <load_address>0xac12</load_address>
         <run_address>0xac12</run_address>
         <size>0x4c2</size>
         <input_file_ref idref="fl-171"/>
      </object_component>
      <object_component id="oc-197">
         <name>.debug_info</name>
         <load_address>0xb0d4</load_address>
         <run_address>0xb0d4</run_address>
         <size>0x19b</size>
         <input_file_ref idref="fl-172"/>
      </object_component>
      <object_component id="oc-19b">
         <name>.debug_info</name>
         <load_address>0xb26f</load_address>
         <run_address>0xb26f</run_address>
         <size>0x1f4</size>
         <input_file_ref idref="fl-174"/>
      </object_component>
      <object_component id="oc-19f">
         <name>.debug_info</name>
         <load_address>0xb463</load_address>
         <run_address>0xb463</run_address>
         <size>0x248</size>
         <input_file_ref idref="fl-172"/>
      </object_component>
      <object_component id="oc-1a3">
         <name>.debug_info</name>
         <load_address>0xb6ab</load_address>
         <run_address>0xb6ab</run_address>
         <size>0x410</size>
         <input_file_ref idref="fl-8"/>
      </object_component>
      <object_component id="oc-1a6">
         <name>.debug_info</name>
         <load_address>0xbabb</load_address>
         <run_address>0xbabb</run_address>
         <size>0x19d</size>
         <input_file_ref idref="fl-172"/>
      </object_component>
      <object_component id="oc-1aa">
         <name>.debug_info</name>
         <load_address>0xbc58</load_address>
         <run_address>0xbc58</run_address>
         <size>0x1fe</size>
         <input_file_ref idref="fl-171"/>
      </object_component>
      <object_component id="oc-1ae">
         <name>.debug_info</name>
         <load_address>0xbe56</load_address>
         <run_address>0xbe56</run_address>
         <size>0x37d</size>
         <input_file_ref idref="fl-172"/>
      </object_component>
      <object_component id="oc-1b2">
         <name>.debug_info</name>
         <load_address>0xc1d3</load_address>
         <run_address>0xc1d3</run_address>
         <size>0x1d4</size>
         <input_file_ref idref="fl-174"/>
      </object_component>
      <object_component id="oc-1b6">
         <name>.debug_info</name>
         <load_address>0xc3a7</load_address>
         <run_address>0xc3a7</run_address>
         <size>0x246</size>
         <input_file_ref idref="fl-174"/>
      </object_component>
      <object_component id="oc-1ba">
         <name>.debug_info</name>
         <load_address>0xc5ed</load_address>
         <run_address>0xc5ed</run_address>
         <size>0x19b</size>
         <input_file_ref idref="fl-172"/>
      </object_component>
      <object_component id="oc-1be">
         <name>.debug_info</name>
         <load_address>0xc788</load_address>
         <run_address>0xc788</run_address>
         <size>0x1e5</size>
         <input_file_ref idref="fl-172"/>
      </object_component>
      <object_component id="oc-1c2">
         <name>.debug_info</name>
         <load_address>0xc96d</load_address>
         <run_address>0xc96d</run_address>
         <size>0x1e2</size>
         <input_file_ref idref="fl-174"/>
      </object_component>
      <object_component id="oc-1c8">
         <name>.debug_info</name>
         <load_address>0xcb4f</load_address>
         <run_address>0xcb4f</run_address>
         <size>0x156</size>
         <input_file_ref idref="fl-8"/>
      </object_component>
      <object_component id="oc-1cd">
         <name>.debug_info</name>
         <load_address>0xcca5</load_address>
         <run_address>0xcca5</run_address>
         <size>0x1d6</size>
         <input_file_ref idref="fl-171"/>
      </object_component>
      <object_component id="oc-1d1">
         <name>.debug_info</name>
         <load_address>0xce7b</load_address>
         <run_address>0xce7b</run_address>
         <size>0xe8</size>
         <input_file_ref idref="fl-8"/>
      </object_component>
      <object_component id="oc-1d5">
         <name>.debug_info</name>
         <load_address>0xcf63</load_address>
         <run_address>0xcf63</run_address>
         <size>0xfe</size>
         <input_file_ref idref="fl-8"/>
      </object_component>
      <object_component id="oc-1d9">
         <name>.debug_info</name>
         <load_address>0xd061</load_address>
         <run_address>0xd061</run_address>
         <size>0x26b</size>
         <input_file_ref idref="fl-c"/>
      </object_component>
      <object_component id="oc-1df">
         <name>.debug_info</name>
         <load_address>0xd2cc</load_address>
         <run_address>0xd2cc</run_address>
         <size>0x28b</size>
         <input_file_ref idref="fl-3"/>
      </object_component>
      <object_component id="oc-1e4">
         <name>.debug_info</name>
         <load_address>0xd557</load_address>
         <run_address>0xd557</run_address>
         <size>0x2b5</size>
         <input_file_ref idref="fl-14b"/>
      </object_component>
      <object_component id="oc-1ea">
         <name>.debug_info</name>
         <load_address>0xd80c</load_address>
         <run_address>0xd80c</run_address>
         <size>0x26d</size>
         <input_file_ref idref="fl-149"/>
      </object_component>
      <object_component id="oc-1ed">
         <name>.debug_info</name>
         <load_address>0xda79</load_address>
         <run_address>0xda79</run_address>
         <size>0x20f</size>
         <input_file_ref idref="fl-144"/>
      </object_component>
      <object_component id="oc-1f3">
         <name>.debug_info</name>
         <load_address>0xdc88</load_address>
         <run_address>0xdc88</run_address>
         <size>0xeb</size>
         <input_file_ref idref="fl-10"/>
      </object_component>
      <object_component id="oc-1f6">
         <name>.debug_info</name>
         <load_address>0xdd73</load_address>
         <run_address>0xdd73</run_address>
         <size>0xac</size>
         <input_file_ref idref="fl-142"/>
      </object_component>
      <object_component id="oc-1f9">
         <name>.debug_info</name>
         <load_address>0xde1f</load_address>
         <run_address>0xde1f</run_address>
         <size>0x251</size>
         <input_file_ref idref="fl-10"/>
      </object_component>
      <object_component id="oc-1fc">
         <name>.debug_info</name>
         <load_address>0xe070</load_address>
         <run_address>0xe070</run_address>
         <size>0x12b1</size>
         <input_file_ref idref="fl-153"/>
      </object_component>
      <object_component id="oc-202">
         <name>.debug_info</name>
         <load_address>0xf321</load_address>
         <run_address>0xf321</run_address>
         <size>0x17c</size>
         <input_file_ref idref="fl-14a"/>
      </object_component>
      <object_component id="oc-203">
         <name>.debug_info</name>
         <load_address>0xf49d</load_address>
         <run_address>0xf49d</run_address>
         <size>0x2c</size>
         <input_file_ref idref="fl-145"/>
      </object_component>
      <object_component id="oc-208">
         <name>.debug_info</name>
         <load_address>0xf4c9</load_address>
         <run_address>0xf4c9</run_address>
         <size>0x4e</size>
         <input_file_ref idref="fl-6"/>
      </object_component>
      <object_component id="oc-20d">
         <name>.debug_info</name>
         <load_address>0xf517</load_address>
         <run_address>0xf517</run_address>
         <size>0x69</size>
         <input_file_ref idref="fl-14a"/>
      </object_component>
      <object_component id="oc-213">
         <name>.debug_info</name>
         <load_address>0xf580</load_address>
         <run_address>0xf580</run_address>
         <size>0xdf</size>
         <input_file_ref idref="fl-3"/>
      </object_component>
      <object_component id="oc-216">
         <name>.debug_info</name>
         <load_address>0xf65f</load_address>
         <run_address>0xf65f</run_address>
         <size>0xff</size>
         <input_file_ref idref="fl-c"/>
      </object_component>
      <object_component id="oc-21a">
         <name>.debug_info</name>
         <load_address>0xf75e</load_address>
         <run_address>0xf75e</run_address>
         <size>0xe1</size>
         <input_file_ref idref="fl-3"/>
      </object_component>
      <object_component id="oc-220">
         <name>.debug_info</name>
         <load_address>0xf83f</load_address>
         <run_address>0xf83f</run_address>
         <size>0x16f</size>
         <input_file_ref idref="fl-4"/>
      </object_component>
      <object_component id="oc-223">
         <name>.debug_info</name>
         <load_address>0xf9ae</load_address>
         <run_address>0xf9ae</run_address>
         <size>0x109</size>
         <input_file_ref idref="fl-b"/>
      </object_component>
      <object_component id="oc-227">
         <name>.debug_info</name>
         <load_address>0xfab7</load_address>
         <run_address>0xfab7</run_address>
         <size>0x149</size>
         <input_file_ref idref="fl-4"/>
      </object_component>
      <object_component id="oc-22a">
         <name>.debug_info</name>
         <load_address>0xfc00</load_address>
         <run_address>0xfc00</run_address>
         <size>0xb9</size>
         <input_file_ref idref="fl-3"/>
      </object_component>
      <object_component id="oc-22f">
         <name>.debug_info</name>
         <load_address>0xfcb9</load_address>
         <run_address>0xfcb9</run_address>
         <size>0x46</size>
         <input_file_ref idref="fl-2"/>
      </object_component>
      <object_component id="oc-241">
         <name>.debug_info</name>
         <load_address>0xfcff</load_address>
         <run_address>0xfcff</run_address>
         <size>0xa7</size>
         <input_file_ref idref="fl-d"/>
      </object_component>
      <object_component id="oc-24c">
         <name>.debug_info</name>
         <load_address>0xfda6</load_address>
         <run_address>0xfda6</run_address>
         <size>0x2c</size>
         <input_file_ref idref="fl-171"/>
      </object_component>
      <object_component id="oc-251">
         <name>.debug_info</name>
         <load_address>0xfdd2</load_address>
         <run_address>0xfdd2</run_address>
         <size>0x46d</size>
         <input_file_ref idref="fl-172"/>
      </object_component>
      <object_component id="oc-253">
         <name>.debug_info</name>
         <load_address>0x1023f</load_address>
         <run_address>0x1023f</run_address>
         <size>0x467</size>
         <input_file_ref idref="fl-174"/>
      </object_component>
      <object_component id="oc-257">
         <name>.debug_info</name>
         <load_address>0x106a6</load_address>
         <run_address>0x106a6</run_address>
         <size>0x2c</size>
         <input_file_ref idref="fl-6"/>
      </object_component>
      <object_component id="oc-25e">
         <name>.debug_info</name>
         <load_address>0x106d2</load_address>
         <run_address>0x106d2</run_address>
         <size>0x104</size>
         <input_file_ref idref="fl-171"/>
      </object_component>
      <object_component id="oc-262">
         <name>.debug_info</name>
         <load_address>0x107d6</load_address>
         <run_address>0x107d6</run_address>
         <size>0x200</size>
         <input_file_ref idref="fl-174"/>
      </object_component>
      <object_component id="oc-26d">
         <name>.debug_info</name>
         <load_address>0x109d6</load_address>
         <run_address>0x109d6</run_address>
         <size>0x1ae</size>
         <input_file_ref idref="fl-171"/>
      </object_component>
      <object_component id="oc-274">
         <name>.debug_info</name>
         <load_address>0x10b84</load_address>
         <run_address>0x10b84</run_address>
         <size>0x103</size>
         <input_file_ref idref="fl-c"/>
      </object_component>
[...]
         <name>_c_int00</name>
         <value>0x4b8d</value>
         <object_component_ref idref="oc-10"/>
      </symbol>
      <symbol id="sm-3e8">
         <name>__stack</name>
         <value>0x20002e08</value>
         <object_component_ref idref="oc-27"/>
      </symbol>
      <symbol id="sm-3ff">
         <name>__TI_decompress_none</name>
         <value>0x4d7f</value>
         <object_component_ref idref="oc-15"/>
      </symbol>
      <symbol id="sm-423">
         <name>__TI_decompress_rle24</name>
         <value>0x4dd9</value>
         <object_component_ref idref="oc-21"/>
      </symbol>
      <symbol id="sm-43c">
         <name>__TI_zero_init</name>
         <value>0x4d5b</value>
         <object_component_ref idref="oc-1b"/>
      </symbol>
      <symbol id="sm-45a">
         <name>__aeabi_stdout</name>
         <value>0x2000405c</value>
         <object_component_ref idref="oc-28d"/>
      </symbol>
      <symbol id="sm-45b">
         <name>__TI_tmpnams</name>
         <value>0x20002c40</value>
         <object_component_ref idref="oc-406"/>
      </symbol>
      <symbol id="sm-45c">
         <name>__aeabi_stderr</name>
         <value>0x20004060</value>
         <object_component_ref idref="oc-28d"/>
      </symbol>
      <symbol id="sm-45d">
         <name>__aeabi_stdin</name>
         <value>0x20004058</value>
         <object_component_ref idref="oc-28d"/>
      </symbol>
      <symbol id="sm-45e">
         <name>_ftable</name>
         <value>0x20003e08</value>
         <object_component_ref idref="oc-1f5"/>
      </symbol>
      <symbol id="sm-45f">
         <name>__TI_ft_end</name>
         <value>0x20004054</value>
         <object_component_ref idref="oc-28d"/>
      </symbol>
      <symbol id="sm-47e">
         <name>C$$EXIT</name>
         <value>0x4b05</value>
         <object_component_ref idref="oc-4a"/>
      </symbol>
      <symbol id="sm-47f">
         <name>abort</name>
         <value>0x4b09</value>
         <object_component_ref idref="oc-4a"/>
      </symbol>
      <symbol id="sm-480">
         <name>exit</name>
         <value>0x4b11</value>
         <object_component_ref idref="oc-4a"/>
      </symbol>
      <symbol id="sm-481">
         <name>__TI_dtors_ptr</name>
         <value>0x20004084</value>
         <object_component_ref idref="oc-a6"/>
      </symbol>
      <symbol id="sm-482">
         <name>__TI_cleanup_ptr</name>
         <value>0x20004080</value>
         <object_component_ref idref="oc-a6"/>
      </symbol>
      <symbol id="sm-49c">
         <name>__TI_doflush</name>
         <value>0x3f8d</value>
         <object_component_ref idref="oc-1ec"/>
      </symbol>
      <symbol id="sm-49d">
         <name>fflush</name>
         <value>0x3fd9</value>
         <object_component_ref idref="oc-1ec"/>
      </symbol>
      <symbol id="sm-4f0">
         <name>open</name>
         <value>0x263b</value>
         <object_component_ref idref="oc-287"/>
      </symbol>
      <symbol id="sm-4f1">
         <name>add_device</name>
         <value>0x275f</value>
         <object_component_ref idref="oc-287"/>
      </symbol>
      <symbol id="sm-4f2">
         <name>remove_device</name>
         <value>0x25ef</value>
         <object_component_ref idref="oc-287"/>
      </symbol>
      <symbol id="sm-4f3">
         <name>lseek</name>
         <value>0x26e9</value>
         <object_component_ref idref="oc-287"/>
      </symbol>
      <symbol id="sm-4f4">
         <name>read</name>
         <value>0x2617</value>
         <object_component_ref idref="oc-287"/>
      </symbol>
      <symbol id="sm-4f5">
         <name>rename</name>
         <value>0x25b1</value>
         <object_component_ref idref="oc-287"/>
      </symbol>
      <symbol id="sm-4f6">
         <name>write</name>
         <value>0x24fd</value>
         <object_component_ref idref="oc-287"/>
      </symbol>
      <symbol id="sm-4f7">
         <name>close</name>
         <value>0x270d</value>
         <object_component_ref idref="oc-287"/>
      </symbol>
      <symbol id="sm-4f8">
         <name>unlink</name>
         <value>0x258d</value>
         <object_component_ref idref="oc-287"/>
      </symbol>
      <symbol id="sm-508">
         <name>memcmp</name>
         <value>0x4c4d</value>
         <object_component_ref idref="oc-de"/>
      </symbol>
      <symbol id="sm-523">
         <name>memcpy</name>
         <value>0x4231</value>
         <object_component_ref idref="oc-54"/>
      </symbol>
      <symbol id="sm-524">
         <name>__aeabi_memcpy</name>
         <value>0x4231</value>
         <object_component_ref idref="oc-54"/>
      </symbol>
      <symbol id="sm-525">
         <name>__aeabi_memcpy8</name>
         <value>0x4231</value>
         <object_component_ref idref="oc-54"/>
      </symbol>
      <symbol id="sm-526">
         <name>__aeabi_memcpy4</name>
         <value>0x4231</value>
         <object_component_ref idref="oc-54"/>
      </symbol>
      <symbol id="sm-535">
         <name>__aeabi_memset</name>
         <value>0x461b</value>
         <object_component_ref idref="oc-f5"/>
      </symbol>
      <symbol id="sm-536">
         <name>memset</name>
         <value>0x4621</value>
         <object_component_ref idref="oc-f5"/>
      </symbol>
      <symbol id="sm-537">
         <name>__aeabi_memset8</name>
         <value>0x461b</value>
         <object_component_ref idref="oc-f5"/>
      </symbol>
      <symbol id="sm-538">
         <name>__aeabi_memset4</name>
         <value>0x461b</value>
         <object_component_ref idref="oc-f5"/>
      </symbol>
      <symbol id="sm-539">
         <name>__aeabi_memclr8</name>
         <value>0x4619</value>
         <object_component_ref idref="oc-f5"/>
      </symbol>
      <symbol id="sm-53a">
         <name>__aeabi_memclr4</name>
         <value>0x4619</value>
         <object_component_ref idref="oc-f5"/>
      </symbol>
      <symbol id="sm-53b">
         <name>__aeabi_memclr</name>
         <value>0x4619</value>
         <object_component_ref idref="oc-f5"/>
      </symbol>
      <symbol id="sm-554">
         <name>printf</name>
         <value>0x4699</value>
         <object_component_ref idref="oc-1e6"/>
      </symbol>
      <symbol id="sm-570">
         <name>snprintf</name>
         <value>0x4365</value>
         <object_component_ref idref="oc-134"/>
      </symbol>
      <symbol id="sm-584">
         <name>sprintf</name>
         <value>0x47c5</value>
         <object_component_ref idref="oc-1e0"/>
      </symbol>
      <symbol id="sm-58c">
         <name>main_func_sp</name>
         <value>0x20004090</value>
         <object_component_ref idref="oc-50"/>
      </symbol>
      <symbol id="sm-59c">
         <name>strchr</name>
         <value>0x4ce7</value>
         <object_component_ref idref="oc-339"/>
      </symbol>
      <symbol id="sm-5ab">
         <name>strcmp</name>
         <value>0x4cb9</value>
         <object_component_ref idref="oc-333"/>
      </symbol>
      <symbol id="sm-5bb">
         <name>strncpy</name>
         <value>0x4bc1</value>
         <object_component_ref idref="oc-e7"/>
      </symbol>
      <symbol id="sm-5dc">
         <name>HOSTgetenv</name>
         <value>0x2a23</value>
         <object_component_ref idref="oc-398"/>
      </symbol>
      <symbol id="sm-5dd">
         <name>HOSTrename</name>
         <value>0x28cb</value>
         <object_component_ref idref="oc-398"/>
      </symbol>
      <symbol id="sm-5de">
         <name>HOSTclose</name>
         <value>0x2a61</value>
         <object_component_ref idref="oc-398"/>
      </symbol>
      <symbol id="sm-5df">
         <name>HOSTunlink</name>
         <value>0x2859</value>
         <object_component_ref idref="oc-398"/>
      </symbol>
      <symbol id="sm-5e0">
         <name>HOSTlseek</name>
         <value>0x29c7</value>
         <object_component_ref idref="oc-398"/>
      </symbol>
      <symbol id="sm-5e1">
         <name>HOSTopen</name>
         <value>0x2975</value>
         <object_component_ref idref="oc-398"/>
      </symbol>
      <symbol id="sm-5e2">
         <name>HOSTclock</name>
         <value>0x2a99</value>
         <object_component_ref idref="oc-398"/>
      </symbol>
      <symbol id="sm-5e3">
         <name>HOSTwrite</name>
         <value>0x280d</value>
         <object_component_ref idref="oc-398"/>
      </symbol>
      <symbol id="sm-5e4">
         <name>HOSTread</name>
         <value>0x2929</value>
         <object_component_ref idref="oc-398"/>
      </symbol>
      <symbol id="sm-5e5">
         <name>HOSTtime</name>
         <value>0x2891</value>
         <object_component_ref idref="oc-398"/>
      </symbol>
      <symbol id="sm-600">
         <name>__TI_readmsg</name>
         <value>0x4853</value>
         <object_component_ref idref="oc-3d1"/>
      </symbol>
      <symbol id="sm-601">
         <name>C$$IO$$</name>
         <value>0x484f</value>
         <object_component_ref idref="oc-3d1"/>
      </symbol>
      <symbol id="sm-602">
         <name>__CIOBUF_</name>
         <value>0x20002b20</value>
         <object_component_ref idref="oc-3fb"/>
      </symbol>
      <symbol id="sm-603">
         <name>__TI_writemsg</name>
         <value>0x4825</value>
         <object_component_ref idref="oc-3d1"/>
      </symbol>
      <symbol id="sm-61c">
         <name>_nop</name>
         <value>0x4d0b</value>
         <object_component_ref idref="oc-149"/>
      </symbol>
      <symbol id="sm-61d">
         <name>_lock</name>
         <value>0x20004078</value>
         <object_component_ref idref="oc-a3"/>
      </symbol>
      <symbol id="sm-61e">
         <name>_unlock</name>
         <value>0x2000407c</value>
         <object_component_ref idref="oc-a3"/>
      </symbol>
      <symbol id="sm-61f">
         <name>_register_lock</name>
         <value>0x4d03</value>
         <object_component_ref idref="oc-149"/>
      </symbol>
      <symbol id="sm-620">
         <name>_register_unlock</name>
         <value>0x4cfd</value>
         <object_component_ref idref="oc-149"/>
      </symbol>
      <symbol id="sm-70c">
         <name>__TI_printfi</name>
         <value>0xca3</value>
         <object_component_ref idref="oc-1fb"/>
      </symbol>
      <symbol id="sm-720">
         <name>_args_main</name>
         <value>0x4c89</value>
         <object_component_ref idref="oc-44"/>
      </symbol>
      <symbol id="sm-736">
         <name>atoi</name>
         <value>0x49e9</value>
         <object_component_ref idref="oc-2de"/>
      </symbol>
      <symbol id="sm-753">
         <name>__TI_auto_init</name>
         <value>0x43fd</value>
         <object_component_ref idref="oc-3f"/>
      </symbol>
      <symbol id="sm-76c">
         <name>copy_in</name>
         <value>0x4ac1</value>
         <object_component_ref idref="oc-94"/>
      </symbol>
      <symbol id="sm-777">
         <name>_ctypes_</name>
         <value>0x5f40</value>
         <object_component_ref idref="oc-366"/>
      </symbol>
      <symbol id="sm-78e">
         <name>__aeabi_dsub</name>
         <value>0x341d</value>
         <object_component_ref idref="oc-2cd"/>
      </symbol>
      <symbol id="sm-78f">
         <name>__aeabi_dadd</name>
         <value>0x3427</value>
         <object_component_ref idref="oc-2cd"/>
      </symbol>
      <symbol id="sm-7b1">
         <name>__aeabi_cdcmpeq</name>
         <value>0x4491</value>
         <object_component_ref idref="oc-2a9"/>
      </symbol>
      <symbol id="sm-7b2">
         <name>__aeabi_cdcmple</name>
         <value>0x4491</value>
         <object_component_ref idref="oc-2a9"/>
      </symbol>
      <symbol id="sm-7b3">
         <name>__aeabi_cdrcmple</name>
         <value>0x4517</value>
         <object_component_ref idref="oc-2b8"/>
      </symbol>
      <symbol id="sm-7c7">
         <name>__aeabi_ddiv</name>
         <value>0x386d</value>
         <object_component_ref idref="oc-2b3"/>
      </symbol>
      <symbol id="sm-7d2">
         <name>__aeabi_dmul</name>
         <value>0x3c07</value>
         <object_component_ref idref="oc-2ae"/>
      </symbol>
      <symbol id="sm-7dc">
         <name>__aeabi_d2iz</name>
         <value>0x4a35</value>
         <object_component_ref idref="oc-2bd"/>
      </symbol>
      <symbol id="sm-7f4">
         <name>putc</name>
         <value>0x4219</value>
         <object_component_ref idref="oc-279"/>
      </symbol>
      <symbol id="sm-7f5">
         <name>fputc</name>
         <value>0x4195</value>
         <object_component_ref idref="oc-279"/>
      </symbol>
      <symbol id="sm-7f6">
         <name>putchar</name>
         <value>0x421d</value>
         <object_component_ref idref="oc-279"/>
      </symbol>
      <symbol id="sm-818">
         <name>puts</name>
         <value>0x3aaf</value>
         <object_component_ref idref="oc-27f"/>
      </symbol>
      <symbol id="sm-819">
         <name>fputs</name>
         <value>0x39a5</value>
         <object_component_ref idref="oc-27f"/>
      </symbol>
      <symbol id="sm-823">
         <name>__aeabi_i2d</name>
         <value>0x4c1f</value>
         <object_component_ref idref="oc-2c8"/>
      </symbol>
      <symbol id="sm-82c">
         <name>__aeabi_lmul</name>
         <value>0x4ca1</value>
         <object_component_ref idref="oc-29e"/>
      </symbol>
      <symbol id="sm-83b">
         <name>ltoa</name>
         <value>0x48e3</value>
         <object_component_ref idref="oc-2c2"/>
      </symbol>
      <symbol id="sm-84b">
         <name>memccpy</name>
         <value>0x4c6f</value>
         <object_component_ref idref="oc-2d8"/>
      </symbol>
      <symbol id="sm-85b">
         <name>memchr</name>
         <value>0x4cd1</value>
         <object_component_ref idref="oc-324"/>
      </symbol>
      <symbol id="sm-869">
         <name>strcpy</name>
         <value>0x4d6d</value>
         <object_component_ref idref="oc-3d7"/>
      </symbol>
      <symbol id="sm-877">
         <name>strlen</name>
         <value>0x4d11</value>
         <object_component_ref idref="oc-2a3"/>
      </symbol>
      <symbol id="sm-893">
         <name>__aeabi_uldivmod</name>
         <value>0x2cd5</value>
         <object_component_ref idref="oc-299"/>
      </symbol>
      <symbol id="sm-89d">
         <name>_Dclass</name>
         <value>0x4d8d</value>
         <object_component_ref idref="oc-2d2"/>
      </symbol>
      <symbol id="sm-8af">
         <name>_Dtest</name>
         <value>0x4b49</value>
         <object_component_ref idref="oc-35d"/>
      </symbol>
      <symbol id="sm-8cd">
         <name>__TI_wrt_ok</name>
         <value>0x404d</value>
         <object_component_ref idref="oc-31c"/>
      </symbol>
      <symbol id="sm-8ce">
         <name>__TI_rd_ok</name>
         <value>0x40af</value>
         <object_component_ref idref="oc-31c"/>
      </symbol>
      <symbol id="sm-8e0">
         <name>fseek</name>
         <value>0x4701</value>
         <object_component_ref idref="oc-380"/>
      </symbol>
      <symbol id="sm-8fc">
         <name>setvbuf</name>
         <value>0x3de9</value>
         <object_component_ref idref="oc-386"/>
      </symbol>
      <symbol id="sm-934">
         <name>__TI_cleanup</name>
         <value>0x3169</value>
         <object_component_ref idref="oc-3bc"/>
      </symbol>
      <symbol id="sm-935">
         <name>freopen</name>
         <value>0x3195</value>
         <object_component_ref idref="oc-3bc"/>
      </symbol>
      <symbol id="sm-936">
         <name>fopen</name>
         <value>0x31bf</value>
         <object_component_ref idref="oc-3bc"/>
      </symbol>
      <symbol id="sm-9a6">
         <name>_sys_memory</name>
         <value>0x20003608</value>
         <object_component_ref idref="oc-28"/>
      </symbol>
      <symbol id="sm-9a7">
         <name>free</name>
         <value>0x221f</value>
         <object_component_ref idref="oc-3b6"/>
      </symbol>
      <symbol id="sm-9a8">
         <name>realloc</name>
         <value>0x22df</value>
         <object_component_ref idref="oc-3b6"/>
      </symbol>
      <symbol id="sm-9a9">
         <name>memalign</name>
         <value>0x23e5</value>
         <object_component_ref idref="oc-3b6"/>
      </symbol>
      <symbol id="sm-9aa">
         <name>calloc</name>
         <value>0x24c5</value>
         <object_component_ref idref="oc-3b6"/>
      </symbol>
      <symbol id="sm-9ab">
         <name>malloc</name>
         <value>0x21bd</value>
         <object_component_ref idref="oc-3b6"/>
      </symbol>
      <symbol id="sm-9ac">
         <name>minit</name>
         <value>0x2131</value>
         <object_component_ref idref="oc-3b6"/>
      </symbol>
      <symbol id="sm-9c2">
         <name>__TI_closefile</name>
         <value>0x42cd</value>
         <object_component_ref idref="oc-3f0"/>
      </symbol>
      <symbol id="sm-9c3">
         <name>fclose</name>
         <value>0x4333</value>
         <object_component_ref idref="oc-3f0"/>
      </symbol>
      <symbol id="sm-a3f">
         <name>SysCtlClockSet</name>
         <value>0x3729</value>
         <object_component_ref idref="oc-118"/>
      </symbol>
      <symbol id="sm-a40">
         <name>SysCtlDelay</name>
         <value>0x4dd3</value>
         <object_component_ref idref="oc-18f"/>
      </symbol>
      <symbol id="sm-a41">
         <name>SysCtlPeripheralEnable</name>
         <value>0x493d</value>
         <object_component_ref idref="oc-1cc"/>
      </symbol>
      <symbol id="sm-a42">
         <name>SysCtlClockGet</name>
         <value>0x2ec9</value>
         <object_component_ref idref="oc-1a9"/>
      </symbol>
      <symbol id="sm-a76">
         <name>SSIDataPut</name>
         <value>0x4da7</value>
         <object_component_ref idref="oc-19e"/>
      </symbol>
      <symbol id="sm-a77">
         <name>SSIDataGetNonBlocking</name>
         <value>0x4d49</value>
         <object_component_ref idref="oc-1bd"/>
      </symbol>
      <symbol id="sm-a78">
         <name>SSIConfigSetExpClk</name>
         <value>0x4a7d</value>
         <object_component_ref idref="oc-1ad"/>
      </symbol>
      <symbol id="sm-a79">
         <name>SSIEnable</name>
         <value>0x4dbb</value>
         <object_component_ref idref="oc-1b9"/>
      </symbol>
      <symbol id="sm-a7a">
         <name>SSIBusy</name>
         <value>0x4dc5</value>
         <object_component_ref idref="oc-196"/>
      </symbol>
      <symbol id="sm-a7b">
         <name>SSIDisable</name>
         <value>0x4db1</value>
         <object_component_ref idref="oc-1a5"/>
      </symbol>
      <symbol id="sm-ab5">
         <name>GPIOPinTypeGPIOOutput</name>
         <value>0x4d25</value>
         <object_component_ref idref="oc-1c1"/>
      </symbol>
      <symbol id="sm-ab6">
         <name>GPIODirModeSet</name>
         <value>0x4bf1</value>
         <object_component_ref idref="oc-261"/>
      </symbol>
      <symbol id="sm-ab7">
         <name>GPIOPinWrite</name>
         <value>0x4dcd</value>
         <object_component_ref idref="oc-19a"/>
      </symbol>
      <symbol id="sm-ab8">
         <name>GPIOPadConfigSet</name>
         <value>0x3ec5</value>
         <object_component_ref idref="oc-1b5"/>
      </symbol>
      <symbol id="sm-ab9">
         <name>GPIOPinTypeSSI</name>
         <value>0x4d37</value>
         <object_component_ref idref="oc-1b1"/>
      </symbol>
      <symbol id="sm-abb">
         <name>__TI_static_base__</name>
         <value>0x0</value>
      </symbol>
      <symbol id="sm-abc">
         <name>__TI_args_main</name>
         <value>0x1</value>
      </symbol>
      <symbol id="sm-abd">
         <name>SHT$$INIT_ARRAY$$Limit</name>
         <value>0x0</value>
      </symbol>
      <symbol id="sm-abe">
         <name>SHT$$INIT_ARRAY$$Base</name>
         <value>0x0</value>
      </symbol>
      <symbol id="sm-ac2">
         <name>remove</name>
         <value>0x258d</value>
      </symbol>
   </symbol_table>
   <title>Link successful</title>
</link_info>
