<?xml version="1.0"?>
<link_info>
   <banner>TI ARM Linker PC v5.1.6</banner>
   <copyright>Copyright (c) 1996-2014 Texas Instruments Incorporated</copyright>
   <link_time>0x57abef15</link_time>
   <link_errors>0x0</link_errors>
   <output_file>ENCE463-Tetris.out</output_file>
   <entry_point>
      <name>_c_int00</name>
      <address>0x6b4d</address>
   </entry_point>
   <input_file_list>
      <input_file id="fl-2">
         <path>.\</path>
         <kind>object</kind>
         <file>board.obj</file>
         <name>board.obj</name>
      </input_file>
      <input_file id="fl-3">
         <path>.\</path>
         <kind>object</kind>
         <file>buttons.obj</file>
         <name>buttons.obj</name>
      </input_file>
      <input_file id="fl-4">
         <path>.\</path>
         <kind>object</kind>
         <file>display.obj</file>
         <name>display.obj</name>
      </input_file>
      <input_file id="fl-5">
         <path>.\</path>
         <kind>object</kind>
         <file>game_engine.obj</file>
         <name>game_engine.obj</name>
      </input_file>
      <input_file id="fl-6">
         <path>.\</path>
         <kind>object</kind>
         <file>game_over_screen.obj</file>
         <name>game_over_screen.obj</name>
      </input_file>
      <input_file id="fl-7">
         <path>.\</path>
         <kind>object</kind>
         <file>images.obj</file>
         <name>images.obj</name>
      </input_file>
      <input_file id="fl-8">
         <path>.\</path>
         <kind>object</kind>
         <file>list.obj</file>
         <name>list.obj</name>
      </input_file>
      <input_file id="fl-9">
         <path>.\</path>
         <kind>object</kind>
         <file>main.obj</file>
         <name>main.obj</name>
      </input_file>
      <input_file id="fl-a">
         <path>.\</path>
         <kind>object</kind>
         <file>math.obj</file>
         <name>math.obj</name>
      </input_file>
      <input_file id="fl-b">
         <path>.\</path>
         <kind>object</kind>
         <file>queue.obj</file>
         <name>queue.obj</name>
      </input_file>
      <input_file id="fl-c">
         <path>.\</path>
         <kind>object</kind>
         <file>rit128x96x4.obj</file>
         <name>rit128x96x4.obj</name>
      </input_file>
      <input_file id="fl-d">
         <path>.\</path>
         <kind>object</kind>
         <file>screen_draw.obj</file>
         <name>screen_draw.obj</name>
      </input_file>
      <input_file id="fl-e">
         <path>.\</path>
         <kind>object</kind>
         <file>startup_ccs.obj</file>
         <name>startup_ccs.obj</name>
      </input_file>
      <input_file id="fl-f">
         <path>.\</path>
         <kind>object</kind>
         <file>strings.obj</file>
         <name>strings.obj</name>
      </input_file>
      <input_file id="fl-10">
         <path>.\</path>
         <kind>object</kind>
         <file>tasks.obj</file>
         <name>tasks.obj</name>
      </input_file>
      <input_file id="fl-11">
         <path>.\</path>
         <kind>object</kind>
         <file>tests.obj</file>
         <name>tests.obj</name>
      </input_file>
      <input_file id="fl-12">
         <path>.\</path>
         <kind>object</kind>
         <file>tetris_background.obj</file>
         <name>tetris_background.obj</name>
      </input_file>
      <input_file id="fl-13">
         <path>.\</path>
         <kind>object</kind>
         <file>tetris_start_screen.obj</file>
         <name>tetris_start_screen.obj</name>
      </input_file>
      <input_file id="fl-14">
         <path>.\</path>
         <kind>object</kind>
         <file>tetrominoe.obj</file>
         <name>tetrominoe.obj</name>
      </input_file>
      <input_file id="fl-15">
         <path>.\</path>
         <kind>object</kind>
         <file>text_images.obj</file>
         <name>text_images.obj</name>
      </input_file>
      <input_file id="fl-16">
         <path>.\</path>
         <kind>object</kind>
         <file>timer.obj</file>
         <name>timer.obj</name>
      </input_file>
      <input_file id="fl-17">
         <path>.\portable\</path>
         <kind>object</kind>
         <file>heap_2.obj</file>
         <name>heap_2.obj</name>
      </input_file>
      <input_file id="fl-18">
         <path>.\portable\</path>
         <kind>object</kind>
         <file>port.obj</file>
         <name>port.obj</name>
      </input_file>
      <input_file id="fl-19">
         <path>.\portable\</path>
         <kind>object</kind>
         <file>portasm.obj</file>
         <name>portasm.obj</name>
      </input_file>
      <input_file id="fl-1a">
         <path>.\demo_code\</path>
         <kind>object</kind>
         <file>basic_io.obj</file>
         <name>basic_io.obj</name>
      </input_file>
      <input_file id="fl-148">
         <path>c:\ti\ccsv6\tools\compiler\arm_5.1.6\lib\</path>
         <kind>archive</kind>
         <file>rtsv7M3_T_le_eabi.lib</file>
         <name>boot.obj</name>
      </input_file>
      <input_file id="fl-149">
         <path>c:\ti\ccsv6\tools\compiler\arm_5.1.6\lib\</path>
         <kind>archive</kind>
         <file>rtsv7M3_T_le_eabi.lib</file>
         <name>copy_decompress_none.obj</name>
      </input_file>
      <input_file id="fl-14a">
         <path>c:\ti\ccsv6\tools\compiler\arm_5.1.6\lib\</path>
         <kind>archive</kind>
         <file>rtsv7M3_T_le_eabi.lib</file>
         <name>copy_decompress_rle.obj</name>
      </input_file>
      <input_file id="fl-14b">
         <path>c:\ti\ccsv6\tools\compiler\arm_5.1.6\lib\</path>
         <kind>archive</kind>
         <file>rtsv7M3_T_le_eabi.lib</file>
         <name>copy_zero_init.obj</name>
      </input_file>
      <input_file id="fl-14c">
         <path>c:\ti\ccsv6\tools\compiler\arm_5.1.6\lib\</path>
         <kind>archive</kind>
         <file>rtsv7M3_T_le_eabi.lib</file>
         <name>defs.obj</name>
      </input_file>
      <input_file id="fl-14d">
         <path>c:\ti\ccsv6\tools\compiler\arm_5.1.6\lib\</path>
         <kind>archive</kind>
         <file>rtsv7M3_T_le_eabi.lib</file>
         <name>exit.obj</name>
      </input_file>
      <input_file id="fl-14e">
         <path>c:\ti\ccsv6\tools\compiler\arm_5.1.6\lib\</path>
         <kind>archive</kind>
         <file>rtsv7M3_T_le_eabi.lib</file>
         <name>fflush.obj</name>
      </input_file>
      <input_file id="fl-14f">
         <path>c:\ti\ccsv6\tools\compiler\arm_5.1.6\lib\</path>
         <kind>archive</kind>
         <file>rtsv7M3_T_le_eabi.lib</file>
         <name>lowlev.obj</name>
      </input_file>
      <input_file id="fl-150">
         <path>c:\ti\ccsv6\tools\compiler\arm_5.1.6\lib\</path>
         <kind>archive</kind>
         <file>rtsv7M3_T_le_eabi.lib</file>
         <name>memcmp.obj</name>
      </input_file>
      <input_file id="fl-151">
         <path>c:\ti\ccsv6\tools\compiler\arm_5.1.6\lib\</path>
         <kind>archive</kind>
         <file>rtsv7M3_T_le_eabi.lib</file>
         <name>memcpy_t2.obj</name>
      </input_file>
      <input_file id="fl-152">
         <path>c:\ti\ccsv6\tools\compiler\arm_5.1.6\lib\</path>
         <kind>archive</kind>
         <file>rtsv7M3_T_le_eabi.lib</file>
         <name>memset_t2.obj</name>
      </input_file>
      <input_file id="fl-153">
         <path>c:\ti\ccsv6\tools\compiler\arm_5.1.6\lib\</path>
         <kind>archive</kind>
         <file>rtsv7M3_T_le_eabi.lib</file>
         <name>printf.obj</name>
      </input_file>
      <input_file id="fl-154">
         <path>c:\ti\ccsv6\tools\compiler\arm_5.1.6\lib\</path>
         <kind>archive</kind>
         <file>rtsv7M3_T_le_eabi.lib</file>
         <name>sprintf.obj</name>
      </input_file>
      <input_file id="fl-155">
         <path>c:\ti\ccsv6\tools\compiler\arm_5.1.6\lib\</path>
         <kind>archive</kind>
         <file>rtsv7M3_T_le_eabi.lib</file>
         <name>stkdepth_vars.obj</name>
      </input_file>
      <input_file id="fl-156">
         <path>c:\ti\ccsv6\tools\compiler\arm_5.1.6\lib\</path>
         <kind>archive</kind>
         <file>rtsv7M3_T_le_eabi.lib</file>
         <name>strchr.obj</name>
      </input_file>
      <input_file id="fl-157">
         <path>c:\ti\ccsv6\tools\compiler\arm_5.1.6\lib\</path>
         <kind>archive</kind>
         <file>rtsv7M3_T_le_eabi.lib</file>
         <name>strcmp.obj</name>
      </input_file>
      <input_file id="fl-158">
         <path>c:\ti\ccsv6\tools\compiler\arm_5.1.6\lib\</path>
         <kind>archive</kind>
         <file>rtsv7M3_T_le_eabi.lib</file>
         <name>strncpy.obj</name>
      </input_file>
      <input_file id="fl-159">
         <path>c:\ti\ccsv6\tools\compiler\arm_5.1.6\lib\</path>
         <kind>archive</kind>
         <file>rtsv7M3_T_le_eabi.lib</file>
         <name>trgdrv.obj</name>
      </input_file>
      <input_file id="fl-15a">
         <path>c:\ti\ccsv6\tools\compiler\arm_5.1.6\lib\</path>
         <kind>archive</kind>
         <file>rtsv7M3_T_le_eabi.lib</file>
         <name>trgmsg.obj</name>
      </input_file>
      <input_file id="fl-15b">
         <path>c:\ti\ccsv6\tools\compiler\arm_5.1.6\lib\</path>
         <kind>archive</kind>
         <file>rtsv7M3_T_le_eabi.lib</file>
         <name>_lock.obj</name>
      </input_file>
      <input_file id="fl-15c">
         <path>c:\ti\ccsv6\tools\compiler\arm_5.1.6\lib\</path>
         <kind>archive</kind>
         <file>rtsv7M3_T_le_eabi.lib</file>
         <name>_printfi.obj</name>
      </input_file>
      <input_file id="fl-15d">
         <path>c:\ti\ccsv6\tools\compiler\arm_5.1.6\lib\</path>
         <kind>archive</kind>
         <file>rtsv7M3_T_le_eabi.lib</file>
         <name>args_main.obj</name>
      </input_file>
      <input_file id="fl-15e">
         <path>c:\ti\ccsv6\tools\compiler\arm_5.1.6\lib\</path>
         <kind>archive</kind>
         <file>rtsv7M3_T_le_eabi.lib</file>
         <name>atoi.obj</name>
      </input_file>
      <input_file id="fl-15f">
         <path>c:\ti\ccsv6\tools\compiler\arm_5.1.6\lib\</path>
         <kind>archive</kind>
         <file>rtsv7M3_T_le_eabi.lib</file>
         <name>auto_init.obj</name>
      </input_file>
      <input_file id="fl-160">
         <path>c:\ti\ccsv6\tools\compiler\arm_5.1.6\lib\</path>
         <kind>archive</kind>
         <file>rtsv7M3_T_le_eabi.lib</file>
         <name>cpy_tbl.obj</name>
      </input_file>
      <input_file id="fl-161">
         <path>c:\ti\ccsv6\tools\compiler\arm_5.1.6\lib\</path>
         <kind>archive</kind>
         <file>rtsv7M3_T_le_eabi.lib</file>
         <name>ctype.obj</name>
      </input_file>
      <input_file id="fl-162">
         <path>c:\ti\ccsv6\tools\compiler\arm_5.1.6\lib\</path>
         <kind>archive</kind>
         <file>rtsv7M3_T_le_eabi.lib</file>
         <name>fd_add_t2.obj</name>
      </input_file>
      <input_file id="fl-163">
         <path>c:\ti\ccsv6\tools\compiler\arm_5.1.6\lib\</path>
         <kind>archive</kind>
         <file>rtsv7M3_T_le_eabi.lib</file>
         <name>fd_cmp_t2.obj</name>
      </input_file>
      <input_file id="fl-164">
         <path>c:\ti\ccsv6\tools\compiler\arm_5.1.6\lib\</path>
         <kind>archive</kind>
         <file>rtsv7M3_T_le_eabi.lib</file>
         <name>fd_div_t2.obj</name>
      </input_file>
      <input_file id="fl-165">
         <path>c:\ti\ccsv6\tools\compiler\arm_5.1.6\lib\</path>
         <kind>archive</kind>
         <file>rtsv7M3_T_le_eabi.lib</file>
         <name>fd_mul_t2.obj</name>
      </input_file>
      <input_file id="fl-166">
         <path>c:\ti\ccsv6\tools\compiler\arm_5.1.6\lib\</path>
         <kind>archive</kind>
         <file>rtsv7M3_T_le_eabi.lib</file>
         <name>fd_toi_t2.obj</name>
      </input_file>
      <input_file id="fl-167">
         <path>c:\ti\ccsv6\tools\compiler\arm_5.1.6\lib\</path>
         <kind>archive</kind>
         <file>rtsv7M3_T_le_eabi.lib</file>
         <name>fputc.obj</name>
      </input_file>
      <input_file id="fl-168">
         <path>c:\ti\ccsv6\tools\compiler\arm_5.1.6\lib\</path>
         <kind>archive</kind>
         <file>rtsv7M3_T_le_eabi.lib</file>
         <name>fputs.obj</name>
      </input_file>
      <input_file id="fl-169">
         <path>c:\ti\ccsv6\tools\compiler\arm_5.1.6\lib\</path>
         <kind>archive</kind>
         <file>rtsv7M3_T_le_eabi.lib</file>
         <name>i_tofd_t2.obj</name>
      </input_file>
      <input_file id="fl-16a">
         <path>c:\ti\ccsv6\tools\compiler\arm_5.1.6\lib\</path>
         <kind>archive</kind>
         <file>rtsv7M3_T_le_eabi.lib</file>
         <name>ll_mul_t2.obj</name>
      </input_file>
      <input_file id="fl-16b">
         <path>c:\ti\ccsv6\tools\compiler\arm_5.1.6\lib\</path>
         <kind>archive</kind>
         <file>rtsv7M3_T_le_eabi.lib</file>
         <name>ltoa.obj</name>
      </input_file>
      <input_file id="fl-16c">
         <path>c:\ti\ccsv6\tools\compiler\arm_5.1.6\lib\</path>
         <kind>archive</kind>
         <file>rtsv7M3_T_le_eabi.lib</file>
         <name>memccpy.obj</name>
      </input_file>
      <input_file id="fl-16d">
         <path>c:\ti\ccsv6\tools\compiler\arm_5.1.6\lib\</path>
         <kind>archive</kind>
         <file>rtsv7M3_T_le_eabi.lib</file>
         <name>memchr.obj</name>
      </input_file>
      <input_file id="fl-16e">
         <path>c:\ti\ccsv6\tools\compiler\arm_5.1.6\lib\</path>
         <kind>archive</kind>
         <file>rtsv7M3_T_le_eabi.lib</file>
         <name>strcpy.obj</name>
      </input_file>
      <input_file id="fl-16f">
         <path>c:\ti\ccsv6\tools\compiler\arm_5.1.6\lib\</path>
         <kind>archive</kind>
         <file>rtsv7M3_T_le_eabi.lib</file>
         <name>strlen.obj</name>
      </input_file>
      <input_file id="fl-170">
         <path>c:\ti\ccsv6\tools\compiler\arm_5.1.6\lib\</path>
         <kind>archive</kind>
         <file>rtsv7M3_T_le_eabi.lib</file>
         <name>ull_div_t2.obj</name>
      </input_file>
      <input_file id="fl-171">
         <path>c:\ti\ccsv6\tools\compiler\arm_5.1.6\lib\</path>
         <kind>archive</kind>
         <file>rtsv7M3_T_le_eabi.lib</file>
         <name>xdclass.obj</name>
      </input_file>
      <input_file id="fl-172">
         <path>c:\ti\ccsv6\tools\compiler\arm_5.1.6\lib\</path>
         <kind>archive</kind>
         <file>rtsv7M3_T_le_eabi.lib</file>
         <name>xdtest.obj</name>
      </input_file>
      <input_file id="fl-173">
         <path>c:\ti\ccsv6\tools\compiler\arm_5.1.6\lib\</path>
         <kind>archive</kind>
         <file>rtsv7M3_T_le_eabi.lib</file>
         <name>_io_perm.obj</name>
      </input_file>
      <input_file id="fl-174">
         <path>c:\ti\ccsv6\tools\compiler\arm_5.1.6\lib\</path>
         <kind>archive</kind>
         <file>rtsv7M3_T_le_eabi.lib</file>
         <name>fseek.obj</name>
      </input_file>
      <input_file id="fl-175">
         <path>c:\ti\ccsv6\tools\compiler\arm_5.1.6\lib\</path>
         <kind>archive</kind>
         <file>rtsv7M3_T_le_eabi.lib</file>
         <name>setvbuf.obj</name>
      </input_file>
      <input_file id="fl-176">
         <path>c:\ti\ccsv6\tools\compiler\arm_5.1.6\lib\</path>
         <kind>archive</kind>
         <file>rtsv7M3_T_le_eabi.lib</file>
         <name>fopen.obj</name>
      </input_file>
      <input_file id="fl-177">
         <path>c:\ti\ccsv6\tools\compiler\arm_5.1.6\lib\</path>
         <kind>archive</kind>
         <file>rtsv7M3_T_le_eabi.lib</file>
         <name>memory.obj</name>
      </input_file>
      <input_file id="fl-178">
         <path>c:\ti\ccsv6\tools\compiler\arm_5.1.6\lib\</path>
         <kind>archive</kind>
         <file>rtsv7M3_T_le_eabi.lib</file>
         <name>fclose.obj</name>
      </input_file>
      <input_file id="fl-179">
         <path>c:\ti\ccsv6\tools\compiler\arm_5.1.6\lib\</path>
         <kind>archive</kind>
         <file>rtsv7M3_T_le_eabi.lib</file>
         <name>remove.obj</name>
      </input_file>
      <input_file id="fl-17a">
         <path>P:\My Documents\2015\courses\ENCE361\StellarisWare\driverlib\ccs-cm3\Debug\</path>
         <kind>archive</kind>
         <file>driverlib-cm3.lib</file>
         <name>sysctl.obj</name>
      </input_file>
      <input_file id="fl-17b">
         <path>P:\My Documents\2015\courses\ENCE361\StellarisWare\driverlib\ccs-cm3\Debug\</path>
         <kind>archive</kind>
         <file>driverlib-cm3.lib</file>
         <name>ssi.obj</name>
      </input_file>
      <input_file id="fl-17c">
         <path>P:\My Documents\2015\courses\ENCE361\StellarisWare\driverlib\ccs-cm3\Debug\</path>
         <kind>archive</kind>
         <file>driverlib-cm3.lib</file>
         <name>interrupt.obj</name>
      </input_file>
      <input_file id="fl-17d">
         <path>P:\My Documents\2015\courses\ENCE361\StellarisWare\driverlib\ccs-cm3\Debug\</path>
         <kind>archive</kind>
         <file>driverlib-cm3.lib</file>
         <name>gpio.obj</name>
      </input_file>
      <input_file id="fl-17e">
         <path>P:\My Documents\2015\courses\ENCE361\StellarisWare\driverlib\ccs-cm3\Debug\</path>
         <kind>archive</kind>
         <file>driverlib-cm3.lib</file>
         <name>cpu.obj</name>
      </input_file>
   </input_file_list>
   <object_component_list>
      <object_component id="oc-d">
         <name>.intvecs</name>
         <load_address>0x0</load_address>
         <run_address>0x0</run_address>
         <size>0xf0</size>
         <input_file_ref idref="fl-e"/>
      </object_component>
      <object_component id="oc-319">
         <name>.text</name>
         <load_address>0xf0</load_address>
         <run_address>0xf0</run_address>
         <size>0xebc</size>
         <input_file_ref idref="fl-15c"/>
      </object_component>
      <object_component id="oc-126">
         <name>.text</name>
         <load_address>0xfac</load_address>
         <run_address>0xfac</run_address>
         <size>0xbd8</size>
         <input_file_ref idref="fl-5"/>
      </object_component>
      <object_component id="oc-7c">
         <name>.text</name>
         <load_address>0x1b84</load_address>
         <run_address>0x1b84</run_address>
         <size>0xab8</size>
         <input_file_ref idref="fl-10"/>
      </object_component>
      <object_component id="oc-1b7">
         <name>.text</name>
         <load_address>0x263c</load_address>
         <run_address>0x263c</run_address>
         <size>0x614</size>
         <input_file_ref idref="fl-b"/>
      </object_component>
      <object_component id="oc-11a">
         <name>.text</name>
         <load_address>0x2c50</load_address>
         <run_address>0x2c50</run_address>
         <size>0x550</size>
         <input_file_ref idref="fl-a"/>
      </object_component>
      <object_component id="oc-1f8">
         <name>.text</name>
         <load_address>0x31a0</load_address>
         <run_address>0x31a0</run_address>
         <size>0x510</size>
         <input_file_ref idref="fl-c"/>
      </object_component>
      <object_component id="oc-132">
         <name>.text</name>
         <load_address>0x36b0</load_address>
         <run_address>0x36b0</run_address>
         <size>0x494</size>
         <input_file_ref idref="fl-4"/>
      </object_component>
      <object_component id="oc-4bd">
         <name>.text</name>
         <load_address>0x3b44</load_address>
         <run_address>0x3b44</run_address>
         <size>0x3cc</size>
         <input_file_ref idref="fl-177"/>
      </object_component>
      <object_component id="oc-1c4">
         <name>.text</name>
         <load_address>0x3f10</load_address>
         <run_address>0x3f10</run_address>
         <size>0x32e</size>
         <input_file_ref idref="fl-2"/>
      </object_component>
      <object_component id="oc-334">
         <name>.text</name>
         <load_address>0x4240</load_address>
         <run_address>0x4240</run_address>
         <size>0x310</size>
         <input_file_ref idref="fl-14f"/>
      </object_component>
      <object_component id="oc-1ca">
         <name>.text</name>
         <load_address>0x4550</load_address>
         <run_address>0x4550</run_address>
         <size>0x2f4</size>
         <input_file_ref idref="fl-d"/>
      </object_component>
      <object_component id="oc-49f">
         <name>.text</name>
         <load_address>0x4844</load_address>
         <run_address>0x4844</run_address>
         <size>0x2d4</size>
         <input_file_ref idref="fl-159"/>
      </object_component>
      <object_component id="oc-3a8">
         <name>.text</name>
         <load_address>0x4b18</load_address>
         <run_address>0x4b18</run_address>
         <size>0x1f4</size>
         <input_file_ref idref="fl-170"/>
      </object_component>
      <object_component id="oc-2b7">
         <name>.text:SysCtlClockGet</name>
         <load_address>0x4d0c</load_address>
         <run_address>0x4d0c</run_address>
         <size>0x1d8</size>
         <input_file_ref idref="fl-17a"/>
      </object_component>
      <object_component id="oc-4c3">
         <name>.text</name>
         <load_address>0x4ee4</load_address>
         <run_address>0x4ee4</run_address>
         <size>0x1c0</size>
         <input_file_ref idref="fl-176"/>
      </object_component>
      <object_component id="oc-ed">
         <name>.text</name>
         <load_address>0x50a4</load_address>
         <run_address>0x50a4</run_address>
         <size>0x1bc</size>
         <input_file_ref idref="fl-17"/>
      </object_component>
      <object_component id="oc-3dc">
         <name>.text</name>
         <load_address>0x5260</load_address>
         <run_address>0x5260</run_address>
         <size>0x1b6</size>
         <input_file_ref idref="fl-162"/>
      </object_component>
      <object_component id="oc-120">
         <name>.text</name>
         <load_address>0x5418</load_address>
         <run_address>0x5418</run_address>
         <size>0x178</size>
         <input_file_ref idref="fl-3"/>
      </object_component>
      <object_component id="oc-116">
         <name>.text:SysCtlClockSet</name>
         <load_address>0x5590</load_address>
         <run_address>0x5590</run_address>
         <size>0x144</size>
         <input_file_ref idref="fl-17a"/>
      </object_component>
      <object_component id="oc-3c2">
         <name>.text</name>
         <load_address>0x56d4</load_address>
         <run_address>0x56d4</run_address>
         <size>0x136</size>
         <input_file_ref idref="fl-164"/>
      </object_component>
      <object_component id="oc-32c">
         <name>.text</name>
         <load_address>0x580c</load_address>
         <run_address>0x580c</run_address>
         <size>0x134</size>
         <input_file_ref idref="fl-168"/>
      </object_component>
      <object_component id="oc-d0">
         <name>.text</name>
         <load_address>0x5940</load_address>
         <run_address>0x5940</run_address>
         <size>0x12e</size>
         <input_file_ref idref="fl-8"/>
      </object_component>
      <object_component id="oc-3bd">
         <name>.text</name>
         <load_address>0x5a6e</load_address>
         <run_address>0x5a6e</run_address>
         <size>0xfc</size>
         <input_file_ref idref="fl-165"/>
      </object_component>
      <object_component id="oc-9b">
         <name>.text</name>
         <load_address>0x5b6c</load_address>
         <run_address>0x5b6c</run_address>
         <size>0xe8</size>
         <input_file_ref idref="fl-9"/>
      </object_component>
      <object_component id="oc-36">
         <name>.text</name>
         <load_address>0x5c54</load_address>
         <run_address>0x5c54</run_address>
         <size>0xe4</size>
         <input_file_ref idref="fl-18"/>
      </object_component>
      <object_component id="oc-48d">
         <name>.text</name>
         <load_address>0x5d38</load_address>
         <run_address>0x5d38</run_address>
         <size>0xdc</size>
         <input_file_ref idref="fl-175"/>
      </object_component>
      <object_component id="oc-1b1">
         <name>.text</name>
         <load_address>0x5e14</load_address>
         <run_address>0x5e14</run_address>
         <size>0xdc</size>
         <input_file_ref idref="fl-16"/>
      </object_component>
      <object_component id="oc-1a9">
         <name>.text:GPIOPadConfigSet</name>
         <load_address>0x5ef0</load_address>
         <run_address>0x5ef0</run_address>
         <size>0xc8</size>
         <input_file_ref idref="fl-17d"/>
      </object_component>
      <object_component id="oc-280">
         <name>.text</name>
         <load_address>0x5fb8</load_address>
         <run_address>0x5fb8</run_address>
         <size>0xc0</size>
         <input_file_ref idref="fl-14e"/>
      </object_component>
      <object_component id="oc-406">
         <name>.text</name>
         <load_address>0x6078</load_address>
         <run_address>0x6078</run_address>
         <size>0xac</size>
         <input_file_ref idref="fl-173"/>
      </object_component>
      <object_component id="oc-31">
         <name>.text</name>
         <load_address>0x6124</load_address>
         <run_address>0x6124</run_address>
         <size>0x9c</size>
         <input_file_ref idref="fl-19"/>
      </object_component>
      <object_component id="oc-326">
         <name>.text</name>
         <load_address>0x61c0</load_address>
         <run_address>0x61c0</run_address>
         <size>0x9c</size>
         <input_file_ref idref="fl-167"/>
      </object_component>
      <object_component id="oc-54">
         <name>.text</name>
         <load_address>0x625c</load_address>
         <run_address>0x625c</run_address>
         <size>0x9c</size>
         <input_file_ref idref="fl-151"/>
      </object_component>
      <object_component id="oc-4f7">
         <name>.text</name>
         <load_address>0x62f8</load_address>
         <run_address>0x62f8</run_address>
         <size>0x98</size>
         <input_file_ref idref="fl-178"/>
      </object_component>
      <object_component id="oc-3f">
         <name>.text</name>
         <load_address>0x6390</load_address>
         <run_address>0x6390</run_address>
         <size>0x94</size>
         <input_file_ref idref="fl-15f"/>
      </object_component>
      <object_component id="oc-198">
         <name>.text:SysCtlPeripheralReset</name>
         <load_address>0x6424</load_address>
         <run_address>0x6424</run_address>
         <size>0x88</size>
         <input_file_ref idref="fl-17a"/>
      </object_component>
      <object_component id="oc-3b8">
         <name>.text:__aeabi_cdcmple</name>
         <load_address>0x64ac</load_address>
         <run_address>0x64ac</run_address>
         <size>0x86</size>
         <input_file_ref idref="fl-163"/>
      </object_component>
      <object_component id="oc-3c7">
         <name>.text:__aeabi_cdrcmple</name>
         <load_address>0x6532</load_address>
         <run_address>0x6532</run_address>
         <size>0x86</size>
         <input_file_ref idref="fl-163"/>
      </object_component>
      <object_component id="oc-f3">
         <name>.text</name>
         <load_address>0x65b8</load_address>
         <run_address>0x65b8</run_address>
         <size>0x78</size>
         <input_file_ref idref="fl-152"/>
      </object_component>
      <object_component id="oc-1be">
         <name>.text</name>
         <load_address>0x6630</load_address>
         <run_address>0x6630</run_address>
         <size>0x74</size>
         <input_file_ref idref="fl-14"/>
      </object_component>
      <object_component id="oc-27a">
         <name>.text</name>
         <load_address>0x66a4</load_address>
         <run_address>0x66a4</run_address>
         <size>0x70</size>
         <input_file_ref idref="fl-153"/>
      </object_component>
      <object_component id="oc-487">
         <name>.text</name>
         <load_address>0x6714</load_address>
         <run_address>0x6714</run_address>
         <size>0x64</size>
         <input_file_ref idref="fl-174"/>
      </object_component>
      <object_component id="oc-1d9">
         <name>.text</name>
         <load_address>0x6778</load_address>
         <run_address>0x6778</run_address>
         <size>0x60</size>
         <input_file_ref idref="fl-1a"/>
      </object_component>
      <object_component id="oc-274">
         <name>.text</name>
         <load_address>0x67d8</load_address>
         <run_address>0x67d8</run_address>
         <size>0x60</size>
         <input_file_ref idref="fl-154"/>
      </object_component>
      <object_component id="oc-4d8">
         <name>.text</name>
         <load_address>0x6838</load_address>
         <run_address>0x6838</run_address>
         <size>0x60</size>
         <input_file_ref idref="fl-15a"/>
      </object_component>
      <object_component id="oc-67">
         <name>.text</name>
         <load_address>0x6898</load_address>
         <run_address>0x6898</run_address>
         <size>0x5e</size>
         <input_file_ref idref="fl-14a"/>
      </object_component>
      <object_component id="oc-3d1">
         <name>.text</name>
         <load_address>0x68f6</load_address>
         <run_address>0x68f6</run_address>
         <size>0x5a</size>
         <input_file_ref idref="fl-16b"/>
      </object_component>
      <object_component id="oc-1a5">
         <name>.text:SysCtlPeripheralEnable</name>
         <load_address>0x6950</load_address>
         <run_address>0x6950</run_address>
         <size>0x58</size>
         <input_file_ref idref="fl-17a"/>
      </object_component>
      <object_component id="oc-3ed">
         <name>.text</name>
         <load_address>0x69a8</load_address>
         <run_address>0x69a8</run_address>
         <size>0x4c</size>
         <input_file_ref idref="fl-15e"/>
      </object_component>
      <object_component id="oc-3cc">
         <name>.text</name>
         <load_address>0x69f4</load_address>
         <run_address>0x69f4</run_address>
         <size>0x48</size>
         <input_file_ref idref="fl-166"/>
      </object_component>
      <object_component id="oc-2bb">
         <name>.text:SSIConfigSetExpClk</name>
         <load_address>0x6a3c</load_address>
         <run_address>0x6a3c</run_address>
         <size>0x44</size>
         <input_file_ref idref="fl-17b"/>
      </object_component>
      <object_component id="oc-94">
         <name>.text</name>
         <load_address>0x6a80</load_address>
         <run_address>0x6a80</run_address>
         <size>0x44</size>
         <input_file_ref idref="fl-160"/>
      </object_component>
      <object_component id="oc-4a">
         <name>.text</name>
         <load_address>0x6ac4</load_address>
         <run_address>0x6ac4</run_address>
         <size>0x44</size>
         <input_file_ref idref="fl-14d"/>
      </object_component>
      <object_component id="oc-472">
         <name>.text</name>
         <load_address>0x6b08</load_address>
         <run_address>0x6b08</run_address>
         <size>0x44</size>
         <input_file_ref idref="fl-172"/>
      </object_component>
      <object_component id="oc-10">
         <name>.text</name>
         <load_address>0x6b4c</load_address>
         <run_address>0x6b4c</run_address>
         <size>0x34</size>
         <input_file_ref idref="fl-148"/>
      </object_component>
      <object_component id="oc-e6">
         <name>.text</name>
         <load_address>0x6b80</load_address>
         <run_address>0x6b80</run_address>
         <size>0x30</size>
         <input_file_ref idref="fl-158"/>
      </object_component>
      <object_component id="oc-390">
         <name>.text:GPIODirModeSet</name>
         <load_address>0x6bb0</load_address>
         <run_address>0x6bb0</run_address>
         <size>0x2e</size>
         <input_file_ref idref="fl-17d"/>
      </object_component>
      <object_component id="oc-3d7">
         <name>.text</name>
         <load_address>0x6bde</load_address>
         <run_address>0x6bde</run_address>
         <size>0x2e</size>
         <input_file_ref idref="fl-169"/>
      </object_component>
      <object_component id="oc-dc">
         <name>.text</name>
         <load_address>0x6c0c</load_address>
         <run_address>0x6c0c</run_address>
         <size>0x22</size>
         <input_file_ref idref="fl-150"/>
      </object_component>
      <object_component id="oc-3e7">
         <name>.text</name>
         <load_address>0x6c2e</load_address>
         <run_address>0x6c2e</run_address>
         <size>0x1a</size>
         <input_file_ref idref="fl-16c"/>
      </object_component>
      <object_component id="oc-44">
         <name>.text</name>
         <load_address>0x6c48</load_address>
         <run_address>0x6c48</run_address>
         <size>0x18</size>
         <input_file_ref idref="fl-15d"/>
      </object_component>
      <object_component id="oc-3ad">
         <name>.text</name>
         <load_address>0x6c60</load_address>
         <run_address>0x6c60</run_address>
         <size>0x18</size>
         <input_file_ref idref="fl-16a"/>
      </object_component>
      <object_component id="oc-41d">
         <name>.text</name>
         <load_address>0x6c78</load_address>
         <run_address>0x6c78</run_address>
         <size>0x18</size>
         <input_file_ref idref="fl-157"/>
      </object_component>
      <object_component id="oc-40e">
         <name>.text</name>
         <load_address>0x6c90</load_address>
         <run_address>0x6c90</run_address>
         <size>0x16</size>
         <input_file_ref idref="fl-16d"/>
      </object_component>
      <object_component id="oc-423">
         <name>.text</name>
         <load_address>0x6ca6</load_address>
         <run_address>0x6ca6</run_address>
         <size>0x16</size>
         <input_file_ref idref="fl-156"/>
      </object_component>
      <object_component id="oc-141">
         <name>.text</name>
         <load_address>0x6cbc</load_address>
         <run_address>0x6cbc</run_address>
         <size>0x14</size>
         <input_file_ref idref="fl-15b"/>
      </object_component>
      <object_component id="oc-3b2">
         <name>.text</name>
         <load_address>0x6cd0</load_address>
         <run_address>0x6cd0</run_address>
         <size>0x14</size>
         <input_file_ref idref="fl-16f"/>
      </object_component>
      <object_component id="oc-2cb">
         <name>.text:GPIOPinTypeGPIOOutput</name>
         <load_address>0x6ce4</load_address>
         <run_address>0x6ce4</run_address>
         <size>0x12</size>
         <input_file_ref idref="fl-17d"/>
      </object_component>
      <object_component id="oc-2bf">
         <name>.text:GPIOPinTypeSSI</name>
         <load_address>0x6cf6</load_address>
         <run_address>0x6cf6</run_address>
         <size>0x12</size>
         <input_file_ref idref="fl-17d"/>
      </object_component>
      <object_component id="oc-2c7">
         <name>.text:SSIDataGetNonBlocking</name>
         <load_address>0x6d08</load_address>
         <run_address>0x6d08</run_address>
         <size>0x12</size>
         <input_file_ref idref="fl-17b"/>
      </object_component>
      <object_component id="oc-1b">
         <name>.text:decompress:ZI</name>
         <load_address>0x6d1a</load_address>
         <run_address>0x6d1a</run_address>
         <size>0x12</size>
         <input_file_ref idref="fl-14b"/>
      </object_component>
      <object_component id="oc-4de">
         <name>.text</name>
         <load_address>0x6d2c</load_address>
         <run_address>0x6d2c</run_address>
         <size>0x12</size>
         <input_file_ref idref="fl-16e"/>
      </object_component>
      <object_component id="oc-15">
         <name>.text:decompress:none</name>
         <load_address>0x6d3e</load_address>
         <run_address>0x6d3e</run_address>
         <size>0xe</size>
         <input_file_ref idref="fl-149"/>
      </object_component>
      <object_component id="oc-3e1">
         <name>.text</name>
         <load_address>0x6d4c</load_address>
         <run_address>0x6d4c</run_address>
         <size>0xe</size>
         <input_file_ref idref="fl-171"/>
      </object_component>
      <object_component id="oc-2b">
         <name>.text</name>
         <load_address>0x6d5a</load_address>
         <run_address>0x6d5a</run_address>
         <size>0xc</size>
         <input_file_ref idref="fl-e"/>
      </object_component>
      <object_component id="oc-2ac">
         <name>.text:SSIDataPut</name>
         <load_address>0x6d66</load_address>
         <run_address>0x6d66</run_address>
         <size>0xa</size>
         <input_file_ref idref="fl-17b"/>
      </object_component>
      <object_component id="oc-2b3">
         <name>.text:SSIDisable</name>
         <load_address>0x6d70</load_address>
         <run_address>0x6d70</run_address>
         <size>0xa</size>
         <input_file_ref idref="fl-17b"/>
      </object_component>
      <object_component id="oc-2c3">
         <name>.text:SSIEnable</name>
         <load_address>0x6d7a</load_address>
         <run_address>0x6d7a</run_address>
         <size>0xa</size>
         <input_file_ref idref="fl-17b"/>
      </object_component>
      <object_component id="oc-2a4">
         <name>.text:SSIBusy</name>
         <load_address>0x6d84</load_address>
         <run_address>0x6d84</run_address>
         <size>0x8</size>
         <input_file_ref idref="fl-17b"/>
      </object_component>
      <object_component id="oc-1ad">
         <name>.text:GPIOPinRead</name>
         <load_address>0x6d8c</load_address>
         <run_address>0x6d8c</run_address>
         <size>0x6</size>
         <input_file_ref idref="fl-17d"/>
      </object_component>
      <object_component id="oc-2a8">
         <name>.text:GPIOPinWrite</name>
         <load_address>0x6d92</load_address>
         <run_address>0x6d92</run_address>
         <size>0x6</size>
         <input_file_ref idref="fl-17d"/>
      </object_component>
      <object_component id="oc-191">
         <name>.text:SysCtlDelay</name>
         <load_address>0x6d98</load_address>
         <run_address>0x6d98</run_address>
         <size>0x6</size>
         <input_file_ref idref="fl-17a"/>
      </object_component>
      <object_component id="oc-21">
         <name>.text:decompress:rle24</name>
         <load_address>0x6d9e</load_address>
         <run_address>0x6d9e</run_address>
         <size>0x6</size>
         <input_file_ref idref="fl-14a"/>
      </object_component>
      <object_component id="oc-262">
         <name>.const:.string:TETRIS_BACKGROUND_DATA</name>
         <load_address>0x6da4</load_address>
         <run_address>0x6da4</run_address>
         <size>0xf80</size>
         <input_file_ref idref="fl-12"/>
      </object_component>
      <object_component id="oc-26b">
         <name>.const:.string:START_SCREEN_DATA</name>
         <load_address>0x7d24</load_address>
         <run_address>0x7d24</run_address>
         <size>0x960</size>
         <input_file_ref idref="fl-13"/>
      </object_component>
      <object_component id="oc-268">
         <name>.const:.string:GAME_OVER_DATA</name>
         <load_address>0x8684</load_address>
         <run_address>0x8684</run_address>
         <size>0x420</size>
         <input_file_ref idref="fl-6"/>
      </object_component>
      <object_component id="oc-1d6">
         <name>.const</name>
         <load_address>0x8aa4</load_address>
         <run_address>0x8aa4</run_address>
         <size>0x2a0</size>
         <input_file_ref idref="fl-7"/>
      </object_component>
      <object_component id="oc-2d6">
         <name>.const:g_pucFont</name>
         <load_address>0x8d44</load_address>
         <run_address>0x8d44</run_address>
         <size>0x1e0</size>
         <input_file_ref idref="fl-c"/>
      </object_component>
      <object_component id="oc-2e4">
         <name>.const:.string</name>
         <load_address>0x8f24</load_address>
         <run_address>0x8f24</run_address>
         <size>0x180</size>
         <input_file_ref idref="fl-f"/>
      </object_component>
      <object_component id="oc-26e">
         <name>.const:.string</name>
         <load_address>0x90a4</load_address>
         <run_address>0x90a4</run_address>
         <size>0x17c</size>
         <input_file_ref idref="fl-15"/>
      </object_component>
      <object_component id="oc-265">
         <name>.const:.string:NEXT_TETROMINOE_BOARDER_DATA</name>
         <load_address>0x9220</load_address>
         <run_address>0x9220</run_address>
         <size>0x134</size>
         <input_file_ref idref="fl-7"/>
      </object_component>
      <object_component id="oc-47b">
         <name>.const:.string:_ctypes_</name>
         <load_address>0x9354</load_address>
         <run_address>0x9354</run_address>
         <size>0x102</size>
         <input_file_ref idref="fl-161"/>
      </object_component>
      <object_component id="oc-16f">
         <name>.const</name>
         <load_address>0x9456</load_address>
         <run_address>0x9456</run_address>
         <size>0x2</size>
         <input_file_ref idref="fl-17"/>
      </object_component>
      <object_component id="oc-204">
         <name>.const</name>
         <load_address>0x9458</load_address>
         <run_address>0x9458</run_address>
         <size>0x80</size>
         <input_file_ref idref="fl-4"/>
      </object_component>
      <object_component id="oc-38c">
         <name>.const:g_pulXtals</name>
         <load_address>0x94d8</load_address>
         <run_address>0x94d8</run_address>
         <size>0x6c</size>
         <input_file_ref idref="fl-17a"/>
      </object_component>
      <object_component id="oc-253">
         <name>.const:.string</name>
         <load_address>0x9544</load_address>
         <run_address>0x9544</run_address>
         <size>0x5f</size>
         <input_file_ref idref="fl-7"/>
      </object_component>
      <object_component id="oc-2da">
         <name>.const:.string:g_pucRIT128x96x4Init</name>
         <load_address>0x95a3</load_address>
         <run_address>0x95a3</run_address>
         <size>0x4f</size>
         <input_file_ref idref="fl-c"/>
      </object_component>
      <object_component id="oc-234">
         <name>.const</name>
         <load_address>0x95f4</load_address>
         <run_address>0x95f4</run_address>
         <size>0x40</size>
         <input_file_ref idref="fl-17a"/>
      </object_component>
      <object_component id="oc-34b">
         <name>.const:i_pose1</name>
         <load_address>0x9634</load_address>
         <run_address>0x9634</run_address>
         <size>0x40</size>
         <input_file_ref idref="fl-14"/>
      </object_component>
      <object_component id="oc-348">
         <name>.const:i_pose2</name>
         <load_address>0x9674</load_address>
         <run_address>0x9674</run_address>
         <size>0x40</size>
         <input_file_ref idref="fl-14"/>
      </object_component>
      <object_component id="oc-354">
         <name>.const:ll_pose1</name>
         <load_address>0x96b4</load_address>
         <run_address>0x96b4</run_address>
         <size>0x40</size>
         <input_file_ref idref="fl-14"/>
      </object_component>
      <object_component id="oc-357">
         <name>.const:ll_pose2</name>
         <load_address>0x96f4</load_address>
         <run_address>0x96f4</run_address>
         <size>0x40</size>
         <input_file_ref idref="fl-14"/>
      </object_component>
      <object_component id="oc-35a">
         <name>.const:ll_pose3</name>
         <load_address>0x9734</load_address>
         <run_address>0x9734</run_address>
         <size>0x40</size>
         <input_file_ref idref="fl-14"/>
      </object_component>
      <object_component id="oc-351">
         <name>.const:ll_pose4</name>
         <load_address>0x9774</load_address>
         <run_address>0x9774</run_address>
         <size>0x40</size>
         <input_file_ref idref="fl-14"/>
      </object_component>
      <object_component id="oc-36c">
         <name>.const:lz_pose1</name>
         <load_address>0x97b4</load_address>
         <run_address>0x97b4</run_address>
         <size>0x40</size>
         <input_file_ref idref="fl-14"/>
      </object_component>
      <object_component id="oc-369">
         <name>.const:lz_pose2</name>
         <load_address>0x97f4</load_address>
         <run_address>0x97f4</run_address>
         <size>0x40</size>
         <input_file_ref idref="fl-14"/>
      </object_component>
      <object_component id="oc-366">
         <name>.const:rl_pose1</name>
         <load_address>0x9834</load_address>
         <run_address>0x9834</run_address>
         <size>0x40</size>
         <input_file_ref idref="fl-14"/>
      </object_component>
      <object_component id="oc-35d">
         <name>.const:rl_pose2</name>
         <load_address>0x9874</load_address>
         <run_address>0x9874</run_address>
         <size>0x40</size>
         <input_file_ref idref="fl-14"/>
      </object_component>
      <object_component id="oc-360">
         <name>.const:rl_pose3</name>
         <load_address>0x98b4</load_address>
         <run_address>0x98b4</run_address>
         <size>0x40</size>
         <input_file_ref idref="fl-14"/>
      </object_component>
      <object_component id="oc-363">
         <name>.const:rl_pose4</name>
         <load_address>0x98f4</load_address>
         <run_address>0x98f4</run_address>
         <size>0x40</size>
         <input_file_ref idref="fl-14"/>
      </object_component>
      <object_component id="oc-372">
         <name>.const:rz_pose1</name>
         <load_address>0x9934</load_address>
         <run_address>0x9934</run_address>
         <size>0x40</size>
         <input_file_ref idref="fl-14"/>
      </object_component>
      <object_component id="oc-36f">
         <name>.const:rz_pose2</name>
         <load_address>0x9974</load_address>
         <run_address>0x9974</run_address>
         <size>0x40</size>
         <input_file_ref idref="fl-14"/>
      </object_component>
      <object_component id="oc-34e">
         <name>.const:s_pose1</name>
         <load_address>0x99b4</load_address>
         <run_address>0x99b4</run_address>
         <size>0x40</size>
         <input_file_ref idref="fl-14"/>
      </object_component>
      <object_component id="oc-37b">
         <name>.const:t_pose1</name>
         <load_address>0x99f4</load_address>
         <run_address>0x99f4</run_address>
         <size>0x40</size>
         <input_file_ref idref="fl-14"/>
      </object_component>
      <object_component id="oc-37e">
         <name>.const:t_pose2</name>
         <load_address>0x9a34</load_address>
         <run_address>0x9a34</run_address>
         <size>0x40</size>
         <input_file_ref idref="fl-14"/>
      </object_component>
      <object_component id="oc-375">
         <name>.const:t_pose3</name>
         <load_address>0x9a74</load_address>
         <run_address>0x9a74</run_address>
         <size>0x40</size>
         <input_file_ref idref="fl-14"/>
      </object_component>
      <object_component id="oc-378">
         <name>.const:t_pose4</name>
         <load_address>0x9ab4</load_address>
         <run_address>0x9ab4</run_address>
         <size>0x40</size>
         <input_file_ref idref="fl-14"/>
      </object_component>
      <object_component id="oc-259">
         <name>.const:.string:DOWN_BUTTON_ICON_DATA</name>
         <load_address>0x9af4</load_address>
         <run_address>0x9af4</run_address>
         <size>0x32</size>
         <input_file_ref idref="fl-7"/>
      </object_component>
      <object_component id="oc-25c">
         <name>.const:.string:LEFT_BUTTON_ICON_DATA</name>
         <load_address>0x9b26</load_address>
         <run_address>0x9b26</run_address>
         <size>0x32</size>
         <input_file_ref idref="fl-7"/>
      </object_component>
      <object_component id="oc-25f">
         <name>.const:.string:RIGHT_BUTTON_ICON_DATA</name>
         <load_address>0x9b58</load_address>
         <run_address>0x9b58</run_address>
         <size>0x32</size>
         <input_file_ref idref="fl-7"/>
      </object_component>
      <object_component id="oc-256">
         <name>.const:.string:UP_BUTTON_ICON_DATA</name>
         <load_address>0x9b8a</load_address>
         <run_address>0x9b8a</run_address>
         <size>0x32</size>
         <input_file_ref idref="fl-7"/>
      </object_component>
      <object_component id="oc-1d3">
         <name>.const</name>
         <load_address>0x9bbc</load_address>
         <run_address>0x9bbc</run_address>
         <size>0x30</size>
         <input_file_ref idref="fl-5"/>
      </object_component>
      <object_component id="oc-ec">
         <name>.const:.string</name>
         <load_address>0x9bec</load_address>
         <run_address>0x9bec</run_address>
         <size>0x14</size>
         <input_file_ref idref="fl-10"/>
      </object_component>
      <object_component id="oc-2d1">
         <name>.const:.string</name>
         <load_address>0x9c00</load_address>
         <run_address>0x9c00</run_address>
         <size>0xc</size>
         <input_file_ref idref="fl-c"/>
      </object_component>
      <object_component id="oc-53b">
         <name>.cinit..data.load</name>
         <load_address>0x9c10</load_address>
         <run_address>0x9c10</run_address>
         <size>0x2f1</size>
      </object_component>
      <object_component id="oc-539">
         <name>__TI_handler_table</name>
         <load_address>0x9f04</load_address>
         <run_address>0x9f04</run_address>
         <size>0xc</size>
      </object_component>
      <object_component id="oc-53c">
         <name>.cinit..bss.load</name>
         <load_address>0x9f10</load_address>
         <run_address>0x9f10</run_address>
         <size>0x8</size>
      </object_component>
      <object_component id="oc-53a">
         <name>__TI_cinit_table</name>
         <load_address>0x9f18</load_address>
         <run_address>0x9f18</run_address>
         <size>0x10</size>
      </object_component>
      <object_component id="oc-50">
         <name>.data</name>
         <load_address>0x2000808c</load_address>
         <run_address>0x2000808c</run_address>
         <size>0x4</size>
         <input_file_ref idref="fl-155"/>
      </object_component>
      <object_component id="oc-79">
         <name>.data</name>
         <load_address>0x20007fec</load_address>
         <run_address>0x20007fec</run_address>
         <size>0x30</size>
         <input_file_ref idref="fl-10"/>
      </object_component>
      <object_component id="oc-83">
         <name>.data</name>
         <load_address>0x20008084</load_address>
         <run_address>0x20008084</run_address>
         <size>0x4</size>
         <input_file_ref idref="fl-18"/>
      </object_component>
      <object_component id="oc-a3">
         <name>.data</name>
         <load_address>0x20008074</load_address>
         <run_address>0x20008074</run_address>
         <size>0x8</size>
         <input_file_ref idref="fl-15b"/>
      </object_component>
      <object_component id="oc-a6">
         <name>.data</name>
         <load_address>0x2000807c</load_address>
         <run_address>0x2000807c</run_address>
         <size>0x8</size>
         <input_file_ref idref="fl-14d"/>
      </object_component>
      <object_component id="oc-12c">
         <name>.data</name>
         <load_address>0x20007e14</load_address>
         <run_address>0x20007e14</run_address>
         <size>0x70</size>
         <input_file_ref idref="fl-3"/>
      </object_component>
      <object_component id="oc-12f">
         <name>.data:base_game</name>
         <load_address>0x20007f84</load_address>
         <run_address>0x20007f84</run_address>
         <size>0x38</size>
         <input_file_ref idref="fl-5"/>
      </object_component>
      <object_component id="oc-163">
         <name>.data</name>
         <load_address>0x2000806c</load_address>
         <run_address>0x2000806c</run_address>
         <size>0x8</size>
         <input_file_ref idref="fl-17"/>
      </object_component>
      <object_component id="oc-1d0">
         <name>.data</name>
         <load_address>0x20008054</load_address>
         <run_address>0x20008054</run_address>
         <size>0xc</size>
         <input_file_ref idref="fl-4"/>
      </object_component>
      <object_component id="oc-1df">
         <name>.data</name>
         <load_address>0x20007ee4</load_address>
         <run_address>0x20007ee4</run_address>
         <size>0x50</size>
         <input_file_ref idref="fl-5"/>
      </object_component>
      <object_component id="oc-1eb">
         <name>.data:tick_rates</name>
         <load_address>0x20007f34</load_address>
         <run_address>0x20007f34</run_address>
         <size>0x50</size>
         <input_file_ref idref="fl-5"/>
      </object_component>
      <object_component id="oc-1ee">
         <name>.data:DEBUG_TIMERS</name>
         <load_address>0x20007fbc</load_address>
         <run_address>0x20007fbc</run_address>
         <size>0x30</size>
         <input_file_ref idref="fl-16"/>
      </object_component>
      <object_component id="oc-1fe">
         <name>.data:NUMBERS</name>
         <load_address>0x2000801c</load_address>
         <run_address>0x2000801c</run_address>
         <size>0x28</size>
         <input_file_ref idref="fl-7"/>
      </object_component>
      <object_component id="oc-201">
         <name>.data:FONT</name>
         <load_address>0x20007d9c</load_address>
         <run_address>0x20007d9c</run_address>
         <size>0x78</size>
         <input_file_ref idref="fl-7"/>
      </object_component>
      <object_component id="oc-207">
         <name>.data</name>
         <load_address>0x20007e84</load_address>
         <run_address>0x20007e84</run_address>
         <size>0x60</size>
         <input_file_ref idref="fl-f"/>
      </object_component>
      <object_component id="oc-23d">
         <name>.data</name>
         <load_address>0x20008090</load_address>
         <run_address>0x20008090</run_address>
         <size>0x4</size>
         <input_file_ref idref="fl-16"/>
      </object_component>
      <object_component id="oc-289">
         <name>.data:_ftable</name>
         <load_address>0x20007b18</load_address>
         <run_address>0x20007b18</run_address>
         <size>0xf0</size>
         <input_file_ref idref="fl-14c"/>
      </object_component>
      <object_component id="oc-291">
         <name>.data</name>
         <load_address>0x20007cd8</load_address>
         <run_address>0x20007cd8</run_address>
         <size>0xc4</size>
         <input_file_ref idref="fl-14"/>
      </object_component>
      <object_component id="oc-33a">
         <name>.data</name>
         <load_address>0x20008044</load_address>
         <run_address>0x20008044</run_address>
         <size>0x10</size>
         <input_file_ref idref="fl-14c"/>
      </object_component>
      <object_component id="oc-429">
         <name>.data</name>
         <load_address>0x20007c08</load_address>
         <run_address>0x20007c08</run_address>
         <size>0xd0</size>
         <input_file_ref idref="fl-14f"/>
      </object_component>
      <object_component id="oc-4f3">
         <name>.data</name>
         <load_address>0x20008060</load_address>
         <run_address>0x20008060</run_address>
         <size>0xc</size>
         <input_file_ref idref="fl-177"/>
      </object_component>
      <object_component id="oc-4fd">
         <name>.data</name>
         <load_address>0x20008088</load_address>
         <run_address>0x20008088</run_address>
         <size>0x4</size>
         <input_file_ref idref="fl-176"/>
      </object_component>
      <object_component id="oc-d6">
         <name>.bss:pxReadyTasksLists</name>
         <uninitialized>true</uninitialized>
         <run_address>0x20006200</run_address>
         <size>0x64</size>
         <input_file_ref idref="fl-10"/>
      </object_component>
      <object_component id="oc-169">
         <name>.bss:xHeap</name>
         <uninitialized>true</uninitialized>
         <run_address>0x20003200</run_address>
         <size>0x2800</size>
         <input_file_ref idref="fl-17"/>
      </object_component>
      <object_component id="oc-286">
         <name>.bss:cBuffer</name>
         <uninitialized>true</uninitialized>
         <run_address>0x20006264</run_address>
         <size>0x34</size>
         <input_file_ref idref="fl-1a"/>
      </object_component>
      <object_component id="oc-28e">
         <name>.bss:grid</name>
         <uninitialized>true</uninitialized>
         <run_address>0x20005a00</run_address>
         <size>0x320</size>
         <input_file_ref idref="fl-5"/>
      </object_component>
      <object_component id="oc-294">
         <name>.bss:temp_board_grid</name>
         <uninitialized>true</uninitialized>
         <run_address>0x20005d20</run_address>
         <size>0x320</size>
         <input_file_ref idref="fl-5"/>
      </object_component>
      <object_component id="oc-502">
         <name>.bss:__CIOBUF_</name>
         <uninitialized>true</uninitialized>
         <run_address>0x20006040</run_address>
         <size>0x120</size>
         <input_file_ref idref="fl-15a"/>
      </object_component>
      <object_component id="oc-50d">
         <name>.bss:__TI_tmpnams</name>
         <uninitialized>true</uninitialized>
         <run_address>0x20006160</run_address>
         <size>0xa0</size>
         <input_file_ref idref="fl-14c"/>
      </object_component>
      <object_component id="oc-19c">
         <name>.common:seed</name>
         <uninitialized>true</uninitialized>
         <run_address>0x20006314</run_address>
         <size>0x4</size>
      </object_component>
      <object_component id="oc-2d9">
         <name>.common:g_ulSSIFlags</name>
         <uninitialized>true</uninitialized>
         <run_address>0x20006308</run_address>
         <size>0x4</size>
      </object_component>
      <object_component id="oc-2d5">
         <name>.common:g_pucBuffer</name>
         <uninitialized>true</uninitialized>
         <run_address>0x200062e8</run_address>
         <size>0x8</size>
      </object_component>
      <object_component id="oc-f9">
         <name>.common:xDelayedTaskList1</name>
         <uninitialized>true</uninitialized>
         <run_address>0x20006298</run_address>
         <size>0x14</size>
      </object_component>
      <object_component id="oc-fa">
         <name>.common:xDelayedTaskList2</name>
         <uninitialized>true</uninitialized>
         <run_address>0x200062ac</run_address>
         <size>0x14</size>
      </object_component>
      <object_component id="oc-fc">
         <name>.common:pxDelayedTaskList</name>
         <uninitialized>true</uninitialized>
         <run_address>0x2000630c</run_address>
         <size>0x4</size>
      </object_component>
      <object_component id="oc-fd">
         <name>.common:pxOverflowDelayedTaskList</name>
         <uninitialized>true</uninitialized>
         <run_address>0x20006310</run_address>
         <size>0x4</size>
      </object_component>
      <object_component id="oc-f8">
         <name>.common:xPendingReadyList</name>
         <uninitialized>true</uninitialized>
         <run_address>0x200062c0</run_address>
         <size>0x14</size>
      </object_component>
      <object_component id="oc-fe">
         <name>.common:xTasksWaitingTermination</name>
         <uninitialized>true</uninitialized>
         <run_address>0x200062d4</run_address>
         <size>0x14</size>
      </object_component>
      <object_component id="oc-16c">
         <name>.common:xStart</name>
         <uninitialized>true</uninitialized>
         <run_address>0x20006300</run_address>
         <size>0x8</size>
      </object_component>
      <object_component id="oc-16e">
         <name>.common:xEnd</name>
         <uninitialized>true</uninitialized>
         <run_address>0x200062f8</run_address>
         <size>0x8</size>
      </object_component>
      <object_component id="oc-4e4">
         <name>.common:parmbuf</name>
         <uninitialized>true</uninitialized>
         <run_address>0x200062f0</run_address>
         <size>0x8</size>
      </object_component>
      <object_component id="oc-28">
         <name>.sysmem</name>
         <uninitialized>true</uninitialized>
         <run_address>0x20000000</run_address>
         <size>0x8</size>
         <input_file_ref idref="fl-177"/>
      </object_component>
      <object_component id="oc-53e">
         <name>.sysmem</name>
         <uninitialized>true</uninitialized>
         <run_address>0x20000000</run_address>
         <size>0x0</size>
      </object_component>
      <object_component id="oc-27">
         <name>.stack</name>
         <uninitialized>true</uninitialized>
         <run_address>0x20006318</run_address>
         <size>0x0</size>
         <input_file_ref idref="fl-148"/>
      </object_component>
      <object_component id="oc-53d">
         <name>.stack</name>
         <uninitialized>true</uninitialized>
         <run_address>0x20006318</run_address>
         <size>0x0</size>
      </object_component>
      <object_component id="oc-e">
         <name>.debug_info</name>
         <load_address>0x0</load_address>
         <run_address>0x0</run_address>
         <size>0xef</size>
         <input_file_ref idref="fl-e"/>
      </object_component>
      <object_component id="oc-11">
         <name>.debug_info</name>
         <load_address>0xef</load_address>
         <run_address>0xef</run_address>
         <size>0xf3</size>
         <input_file_ref idref="fl-148"/>
      </object_component>
      <object_component id="oc-18">
         <name>.debug_info</name>
         <load_address>0x1e2</load_address>
         <run_address>0x1e2</run_address>
         <size>0x194</size>
         <input_file_ref idref="fl-149"/>
      </object_component>
      <object_component id="oc-1c">
         <name>.debug_info</name>
         <load_address>0x376</load_address>
         <run_address>0x376</run_address>
         <size>0x16a</size>
         <input_file_ref idref="fl-14b"/>
      </object_component>
      <object_component id="oc-24">
         <name>.debug_info</name>
         <load_address>0x4e0</load_address>
         <run_address>0x4e0</run_address>
         <size>0x18e</size>
         <input_file_ref idref="fl-14a"/>
      </object_component>
      <object_component id="oc-29">
         <name>.debug_info</name>
         <load_address>0x66e</load_address>
         <run_address>0x66e</run_address>
         <size>0xb6</size>
         <input_file_ref idref="fl-177"/>
      </object_component>
      <object_component id="oc-2c">
         <name>.debug_info</name>
         <load_address>0x724</load_address>
         <run_address>0x724</run_address>
         <size>0x1fa</size>
         <input_file_ref idref="fl-e"/>
      </object_component>
      <object_component id="oc-32">
         <name>.debug_info</name>
         <load_address>0x91e</load_address>
         <run_address>0x91e</run_address>
         <size>0x14d</size>
         <input_file_ref idref="fl-19"/>
      </object_component>
      <object_component id="oc-37">
         <name>.debug_info</name>
         <load_address>0xa6b</load_address>
         <run_address>0xa6b</run_address>
         <size>0x5b8</size>
         <input_file_ref idref="fl-18"/>
      </object_component>
      <object_component id="oc-3e">
         <name>.debug_info</name>
         <load_address>0x1023</load_address>
         <run_address>0x1023</run_address>
         <size>0x189</size>
         <input_file_ref idref="fl-e"/>
      </object_component>
      <object_component id="oc-41">
         <name>.debug_info</name>
         <load_address>0x11ac</load_address>
         <run_address>0x11ac</run_address>
         <size>0x13d</size>
         <input_file_ref idref="fl-15f"/>
      </object_component>
      <object_component id="oc-47">
         <name>.debug_info</name>
         <load_address>0x12e9</load_address>
         <run_address>0x12e9</run_address>
         <size>0x11c</size>
         <input_file_ref idref="fl-15d"/>
      </object_component>
      <object_component id="oc-4b">
         <name>.debug_info</name>
         <load_address>0x1405</load_address>
         <run_address>0x1405</run_address>
         <size>0x1c2</size>
         <input_file_ref idref="fl-14d"/>
      </object_component>
      <object_component id="oc-51">
         <name>.debug_info</name>
         <load_address>0x15c7</load_address>
         <run_address>0x15c7</run_address>
         <size>0xbe</size>
         <input_file_ref idref="fl-155"/>
      </object_component>
      <object_component id="oc-57">
         <name>.debug_info</name>
         <load_address>0x1685</load_address>
         <run_address>0x1685</run_address>
         <size>0xcc</size>
         <input_file_ref idref="fl-151"/>
      </object_component>
      <object_component id="oc-5a">
         <name>.debug_info</name>
         <load_address>0x1751</load_address>
         <run_address>0x1751</run_address>
         <size>0x46</size>
         <input_file_ref idref="fl-149"/>
      </object_component>
      <object_component id="oc-5f">
         <name>.debug_info</name>
         <load_address>0x1797</load_address>
         <run_address>0x1797</run_address>
         <size>0xf2</size>
         <input_file_ref idref="fl-149"/>
      </object_component>
      <object_component id="oc-61">
         <name>.debug_info</name>
         <load_address>0x1889</load_address>
         <run_address>0x1889</run_address>
         <size>0x46</size>
         <input_file_ref idref="fl-14b"/>
      </object_component>
      <object_component id="oc-66">
         <name>.debug_info</name>
         <load_address>0x18cf</load_address>
         <run_address>0x18cf</run_address>
         <size>0xad</size>
         <input_file_ref idref="fl-14b"/>
      </object_component>
      <object_component id="oc-69">
         <name>.debug_info</name>
         <load_address>0x197c</load_address>
         <run_address>0x197c</run_address>
         <size>0x1ef</size>
         <input_file_ref idref="fl-14a"/>
      </object_component>
      <object_component id="oc-6e">
         <name>.debug_info</name>
         <load_address>0x1b6b</load_address>
         <run_address>0x1b6b</run_address>
         <size>0xb7</size>
         <input_file_ref idref="fl-14a"/>
      </object_component>
      <object_component id="oc-6f">
         <name>.debug_info</name>
         <load_address>0x1c22</load_address>
         <run_address>0x1c22</run_address>
         <size>0x39</size>
         <input_file_ref idref="fl-14a"/>
      </object_component>
      <object_component id="oc-76">
         <name>.debug_info</name>
         <load_address>0x1c5b</load_address>
         <run_address>0x1c5b</run_address>
         <size>0x1d7</size>
         <input_file_ref idref="fl-177"/>
      </object_component>
      <object_component id="oc-7a">
         <name>.debug_info</name>
         <load_address>0x1e32</load_address>
         <run_address>0x1e32</run_address>
         <size>0x2ed</size>
         <input_file_ref idref="fl-10"/>
      </object_component>
      <object_component id="oc-7d">
         <name>.debug_info</name>
         <load_address>0x211f</load_address>
         <run_address>0x211f</run_address>
         <size>0x1e81</size>
         <input_file_ref idref="fl-10"/>
      </object_component>
      <object_component id="oc-84">
         <name>.debug_info</name>
         <load_address>0x3fa0</load_address>
         <run_address>0x3fa0</run_address>
         <size>0xfa</size>
         <input_file_ref idref="fl-18"/>
      </object_component>
      <object_component id="oc-87">
         <name>.debug_info</name>
         <load_address>0x409a</load_address>
         <run_address>0x409a</run_address>
         <size>0x203</size>
         <input_file_ref idref="fl-18"/>
      </object_component>
      <object_component id="oc-88">
         <name>.debug_info</name>
         <load_address>0x429d</load_address>
         <run_address>0x429d</run_address>
         <size>0x2c</size>
         <input_file_ref idref="fl-3"/>
      </object_component>
      <object_component id="oc-8d">
         <name>.debug_info</name>
         <load_address>0x42c9</load_address>
         <run_address>0x42c9</run_address>
         <size>0x84</size>
         <input_file_ref idref="fl-2"/>
      </object_component>
      <object_component id="oc-98">
         <name>.debug_info</name>
         <load_address>0x434d</load_address>
         <run_address>0x434d</run_address>
         <size>0x14b</size>
         <input_file_ref idref="fl-160"/>
      </object_component>
      <object_component id="oc-9c">
         <name>.debug_info</name>
         <load_address>0x4498</load_address>
         <run_address>0x4498</run_address>
         <size>0x3b2</size>
         <input_file_ref idref="fl-9"/>
      </object_component>
      <object_component id="oc-a2">
         <name>.debug_info</name>
         <load_address>0x484a</load_address>
         <run_address>0x484a</run_address>
         <size>0x11b</size>
         <input_file_ref idref="fl-15d"/>
      </object_component>
      <object_component id="oc-a4">
         <name>.debug_info</name>
         <load_address>0x4965</load_address>
         <run_address>0x4965</run_address>
         <size>0xc8</size>
         <input_file_ref idref="fl-15b"/>
      </object_component>
      <object_component id="oc-a7">
         <name>.debug_info</name>
         <load_address>0x4a2d</load_address>
         <run_address>0x4a2d</run_address>
         <size>0xeb</size>
         <input_file_ref idref="fl-14d"/>
      </object_component>
      <object_component id="oc-aa">
         <name>.debug_info</name>
         <load_address>0x4b18</load_address>
         <run_address>0x4b18</run_address>
         <size>0x146</size>
         <input_file_ref idref="fl-14d"/>
      </object_component>
      <object_component id="oc-af">
         <name>.debug_info</name>
         <load_address>0x4c5e</load_address>
         <run_address>0x4c5e</run_address>
         <size>0x2c</size>
         <input_file_ref idref="fl-149"/>
      </object_component>
      <object_component id="oc-b6">
         <name>.debug_info</name>
         <load_address>0x4c8a</load_address>
         <run_address>0x4c8a</run_address>
         <size>0x2c</size>
         <input_file_ref idref="fl-14b"/>
      </object_component>
      <object_component id="oc-c2">
         <name>.debug_info</name>
         <load_address>0x4cb6</load_address>
         <run_address>0x4cb6</run_address>
         <size>0x2c</size>
         <input_file_ref idref="fl-176"/>
      </object_component>
      <object_component id="oc-c7">
         <name>.debug_info</name>
         <load_address>0x4ce2</load_address>
         <run_address>0x4ce2</run_address>
         <size>0x62</size>
         <input_file_ref idref="fl-177"/>
      </object_component>
      <object_component id="oc-ce">
         <name>.debug_info</name>
         <load_address>0x4d44</load_address>
         <run_address>0x4d44</run_address>
         <size>0x74d</size>
         <input_file_ref idref="fl-10"/>
      </object_component>
      <object_component id="oc-d1">
         <name>.debug_info</name>
         <load_address>0x5491</load_address>
         <run_address>0x5491</run_address>
         <size>0x44f</size>
         <input_file_ref idref="fl-8"/>
      </object_component>
      <object_component id="oc-d7">
         <name>.debug_info</name>
         <load_address>0x58e0</load_address>
         <run_address>0x58e0</run_address>
         <size>0xf2</size>
         <input_file_ref idref="fl-10"/>
      </object_component>
      <object_component id="oc-dd">
         <name>.debug_info</name>
         <load_address>0x59d2</load_address>
         <run_address>0x59d2</run_address>
         <size>0x1a0</size>
         <input_file_ref idref="fl-150"/>
      </object_component>
      <object_component id="oc-e7">
         <name>.debug_info</name>
         <load_address>0x5b72</load_address>
         <run_address>0x5b72</run_address>
         <size>0x182</size>
         <input_file_ref idref="fl-158"/>
      </object_component>
      <object_component id="oc-ee">
         <name>.debug_info</name>
         <load_address>0x5cf4</load_address>
         <run_address>0x5cf4</run_address>
         <size>0x4fd</size>
         <input_file_ref idref="fl-17"/>
      </object_component>
      <object_component id="oc-f5">
         <name>.debug_info</name>
         <load_address>0x61f1</load_address>
         <run_address>0x61f1</run_address>
         <size>0xfc</size>
         <input_file_ref idref="fl-152"/>
      </object_component>
      <object_component id="oc-100">
         <name>.debug_info</name>
         <load_address>0x62ed</load_address>
         <run_address>0x62ed</run_address>
         <size>0x16d</size>
         <input_file_ref idref="fl-3"/>
      </object_component>
      <object_component id="oc-105">
         <name>.debug_info</name>
         <load_address>0x645a</load_address>
         <run_address>0x645a</run_address>
         <size>0x2c</size>
         <input_file_ref idref="fl-3"/>
      </object_component>
      <object_component id="oc-10e">
         <name>.debug_info</name>
         <load_address>0x6486</load_address>
         <run_address>0x6486</run_address>
         <size>0x14c</size>
         <input_file_ref idref="fl-3"/>
      </object_component>
      <object_component id="oc-113">
         <name>.debug_info</name>
         <load_address>0x65d2</load_address>
         <run_address>0x65d2</run_address>
         <size>0x3b1</size>
         <input_file_ref idref="fl-3"/>
      </object_component>
      <object_component id="oc-115">
         <name>.debug_info</name>
         <load_address>0x6983</load_address>
         <run_address>0x6983</run_address>
         <size>0x148</size>
         <input_file_ref idref="fl-160"/>
      </object_component>
      <object_component id="oc-117">
         <name>.debug_info</name>
         <load_address>0x6acb</load_address>
         <run_address>0x6acb</run_address>
         <size>0x2cb</size>
         <input_file_ref idref="fl-17a"/>
      </object_component>
      <object_component id="oc-11b">
         <name>.debug_info</name>
         <load_address>0x6d96</load_address>
         <run_address>0x6d96</run_address>
         <size>0x1c43</size>
         <input_file_ref idref="fl-a"/>
      </object_component>
      <object_component id="oc-121">
         <name>.debug_info</name>
         <load_address>0x89d9</load_address>
         <run_address>0x89d9</run_address>
         <size>0x6bc</size>
         <input_file_ref idref="fl-3"/>
      </object_component>
      <object_component id="oc-127">
         <name>.debug_info</name>
         <load_address>0x9095</load_address>
         <run_address>0x9095</run_address>
         <size>0x307f</size>
         <input_file_ref idref="fl-5"/>
      </object_component>
      <object_component id="oc-12d">
         <name>.debug_info</name>
         <load_address>0xc114</load_address>
         <run_address>0xc114</run_address>
         <size>0x143</size>
         <input_file_ref idref="fl-3"/>
      </object_component>
      <object_component id="oc-130">
         <name>.debug_info</name>
         <load_address>0xc257</load_address>
         <run_address>0xc257</run_address>
         <size>0xe9</size>
         <input_file_ref idref="fl-5"/>
      </object_component>
      <object_component id="oc-133">
         <name>.debug_info</name>
         <load_address>0xc340</load_address>
         <run_address>0xc340</run_address>
         <size>0x115f</size>
         <input_file_ref idref="fl-4"/>
      </object_component>
      <object_component id="oc-139">
         <name>.debug_info</name>
         <load_address>0xd49f</load_address>
         <run_address>0xd49f</run_address>
         <size>0x430</size>
         <input_file_ref idref="fl-9"/>
      </object_component>
      <object_component id="oc-13c">
         <name>.debug_info</name>
         <load_address>0xd8cf</load_address>
         <run_address>0xd8cf</run_address>
         <size>0x5e</size>
         <input_file_ref idref="fl-15d"/>
      </object_component>
      <object_component id="oc-145">
         <name>.debug_info</name>
         <load_address>0xd92d</load_address>
         <run_address>0xd92d</run_address>
         <size>0x1d4</size>
         <input_file_ref idref="fl-15b"/>
      </object_component>
      <object_component id="oc-149">
         <name>.debug_info</name>
         <load_address>0xdb01</load_address>
         <run_address>0xdb01</run_address>
         <size>0xd9</size>
         <input_file_ref idref="fl-15b"/>
      </object_component>
      <object_component id="oc-151">
         <name>.debug_info</name>
         <load_address>0xdbda</load_address>
         <run_address>0xdbda</run_address>
         <size>0xd4</size>
         <input_file_ref idref="fl-10"/>
      </object_component>
      <object_component id="oc-156">
         <name>.debug_info</name>
         <load_address>0xdcae</load_address>
         <run_address>0xdcae</run_address>
         <size>0xc8</size>
         <input_file_ref idref="fl-3"/>
      </object_component>
      <object_component id="oc-15c">
         <name>.debug_info</name>
         <load_address>0xdd76</load_address>
         <run_address>0xdd76</run_address>
         <size>0x14d</size>
         <input_file_ref idref="fl-8"/>
      </object_component>
      <object_component id="oc-160">
         <name>.debug_info</name>
         <load_address>0xdec3</load_address>
         <run_address>0xdec3</run_address>
         <size>0xaa</size>
         <input_file_ref idref="fl-150"/>
      </object_component>
      <object_component id="oc-162">
         <name>.debug_info</name>
         <load_address>0xdf6d</load_address>
         <run_address>0xdf6d</run_address>
         <size>0xab</size>
         <input_file_ref idref="fl-158"/>
      </object_component>
      <object_component id="oc-164">
         <name>.debug_info</name>
         <load_address>0xe018</load_address>
         <run_address>0xe018</run_address>
         <size>0x100</size>
         <input_file_ref idref="fl-17"/>
      </object_component>
      <object_component id="oc-167">
         <name>.debug_info</name>
         <load_address>0xe118</load_address>
         <run_address>0xe118</run_address>
         <size>0x260</size>
         <input_file_ref idref="fl-17"/>
      </object_component>
      <object_component id="oc-16a">
         <name>.debug_info</name>
         <load_address>0xe378</load_address>
         <run_address>0xe378</run_address>
         <size>0xe4</size>
         <input_file_ref idref="fl-17"/>
      </object_component>
      <object_component id="oc-170">
         <name>.debug_info</name>
         <load_address>0xe45c</load_address>
         <run_address>0xe45c</run_address>
         <size>0xf8</size>
         <input_file_ref idref="fl-17"/>
      </object_component>
      <object_component id="oc-173">
         <name>.debug_info</name>
         <load_address>0xe554</load_address>
         <run_address>0xe554</run_address>
         <size>0x110</size>
         <input_file_ref idref="fl-8"/>
      </object_component>
      <object_component id="oc-17b">
         <name>.debug_info</name>
         <load_address>0xe664</load_address>
         <run_address>0xe664</run_address>
         <size>0x2c</size>
         <input_file_ref idref="fl-3"/>
      </object_component>
      <object_component id="oc-180">
         <name>.debug_info</name>
         <load_address>0xe690</load_address>
         <run_address>0xe690</run_address>
         <size>0xf5</size>
         <input_file_ref idref="fl-3"/>
      </object_component>
      <object_component id="oc-185">
         <name>.debug_info</name>
         <load_address>0xe785</load_address>
         <run_address>0xe785</run_address>
         <size>0x174</size>
         <input_file_ref idref="fl-3"/>
      </object_component>
[...]
         <value>0x20006318</value>
         <object_component_ref idref="oc-27"/>
      </symbol>
      <symbol id="sm-89c">
         <name>__TI_decompress_none</name>
         <value>0x6d3f</value>
         <object_component_ref idref="oc-15"/>
      </symbol>
      <symbol id="sm-8c0">
         <name>__TI_decompress_rle24</name>
         <value>0x6d9f</value>
         <object_component_ref idref="oc-21"/>
      </symbol>
      <symbol id="sm-8d9">
         <name>__TI_zero_init</name>
         <value>0x6d1b</value>
         <object_component_ref idref="oc-1b"/>
      </symbol>
      <symbol id="sm-8f7">
         <name>__aeabi_stdout</name>
         <value>0x2000804c</value>
         <object_component_ref idref="oc-33a"/>
      </symbol>
      <symbol id="sm-8f8">
         <name>__TI_tmpnams</name>
         <value>0x20006160</value>
         <object_component_ref idref="oc-50d"/>
      </symbol>
      <symbol id="sm-8f9">
         <name>__aeabi_stderr</name>
         <value>0x20008050</value>
         <object_component_ref idref="oc-33a"/>
      </symbol>
      <symbol id="sm-8fa">
         <name>__aeabi_stdin</name>
         <value>0x20008048</value>
         <object_component_ref idref="oc-33a"/>
      </symbol>
      <symbol id="sm-8fb">
         <name>_ftable</name>
         <value>0x20007b18</value>
         <object_component_ref idref="oc-289"/>
      </symbol>
      <symbol id="sm-8fc">
         <name>__TI_ft_end</name>
         <value>0x20008044</value>
         <object_component_ref idref="oc-33a"/>
      </symbol>
      <symbol id="sm-91b">
         <name>C$$EXIT</name>
         <value>0x6ac5</value>
         <object_component_ref idref="oc-4a"/>
      </symbol>
      <symbol id="sm-91c">
         <name>abort</name>
         <value>0x6ac9</value>
         <object_component_ref idref="oc-4a"/>
      </symbol>
      <symbol id="sm-91d">
         <name>exit</name>
         <value>0x6ad1</value>
         <object_component_ref idref="oc-4a"/>
      </symbol>
      <symbol id="sm-91e">
         <name>__TI_dtors_ptr</name>
         <value>0x20008080</value>
         <object_component_ref idref="oc-a6"/>
      </symbol>
      <symbol id="sm-91f">
         <name>__TI_cleanup_ptr</name>
         <value>0x2000807c</value>
         <object_component_ref idref="oc-a6"/>
      </symbol>
      <symbol id="sm-939">
         <name>__TI_doflush</name>
         <value>0x5fb9</value>
         <object_component_ref idref="oc-280"/>
      </symbol>
      <symbol id="sm-93a">
         <name>fflush</name>
         <value>0x6005</value>
         <object_component_ref idref="oc-280"/>
      </symbol>
      <symbol id="sm-98d">
         <name>open</name>
         <value>0x437f</value>
         <object_component_ref idref="oc-334"/>
      </symbol>
      <symbol id="sm-98e">
         <name>add_device</name>
         <value>0x44a3</value>
         <object_component_ref idref="oc-334"/>
      </symbol>
      <symbol id="sm-98f">
         <name>remove_device</name>
         <value>0x4333</value>
         <object_component_ref idref="oc-334"/>
      </symbol>
      <symbol id="sm-990">
         <name>lseek</name>
         <value>0x442d</value>
         <object_component_ref idref="oc-334"/>
      </symbol>
      <symbol id="sm-991">
         <name>read</name>
         <value>0x435b</value>
         <object_component_ref idref="oc-334"/>
      </symbol>
      <symbol id="sm-992">
         <name>rename</name>
         <value>0x42f5</value>
         <object_component_ref idref="oc-334"/>
      </symbol>
      <symbol id="sm-993">
         <name>write</name>
         <value>0x4241</value>
         <object_component_ref idref="oc-334"/>
      </symbol>
      <symbol id="sm-994">
         <name>close</name>
         <value>0x4451</value>
         <object_component_ref idref="oc-334"/>
      </symbol>
      <symbol id="sm-995">
         <name>unlink</name>
         <value>0x42d1</value>
         <object_component_ref idref="oc-334"/>
      </symbol>
      <symbol id="sm-9a5">
         <name>memcmp</name>
         <value>0x6c0d</value>
         <object_component_ref idref="oc-dc"/>
      </symbol>
      <symbol id="sm-9c0">
         <name>memcpy</name>
         <value>0x625d</value>
         <object_component_ref idref="oc-54"/>
      </symbol>
      <symbol id="sm-9c1">
         <name>__aeabi_memcpy</name>
         <value>0x625d</value>
         <object_component_ref idref="oc-54"/>
      </symbol>
      <symbol id="sm-9c2">
         <name>__aeabi_memcpy8</name>
         <value>0x625d</value>
         <object_component_ref idref="oc-54"/>
      </symbol>
      <symbol id="sm-9c3">
         <name>__aeabi_memcpy4</name>
         <value>0x625d</value>
         <object_component_ref idref="oc-54"/>
      </symbol>
      <symbol id="sm-9d2">
         <name>__aeabi_memset</name>
         <value>0x65bb</value>
         <object_component_ref idref="oc-f3"/>
      </symbol>
      <symbol id="sm-9d3">
         <name>memset</name>
         <value>0x65c1</value>
         <object_component_ref idref="oc-f3"/>
      </symbol>
      <symbol id="sm-9d4">
         <name>__aeabi_memset8</name>
         <value>0x65bb</value>
         <object_component_ref idref="oc-f3"/>
      </symbol>
      <symbol id="sm-9d5">
         <name>__aeabi_memset4</name>
         <value>0x65bb</value>
         <object_component_ref idref="oc-f3"/>
      </symbol>
      <symbol id="sm-9d6">
         <name>__aeabi_memclr8</name>
         <value>0x65b9</value>
         <object_component_ref idref="oc-f3"/>
      </symbol>
      <symbol id="sm-9d7">
         <name>__aeabi_memclr4</name>
         <value>0x65b9</value>
         <object_component_ref idref="oc-f3"/>
      </symbol>
      <symbol id="sm-9d8">
         <name>__aeabi_memclr</name>
         <value>0x65b9</value>
         <object_component_ref idref="oc-f3"/>
      </symbol>
      <symbol id="sm-9f1">
         <name>printf</name>
         <value>0x66ad</value>
         <object_component_ref idref="oc-27a"/>
      </symbol>
      <symbol id="sm-a05">
         <name>sprintf</name>
         <value>0x67d9</value>
         <object_component_ref idref="oc-274"/>
      </symbol>
      <symbol id="sm-a0d">
         <name>main_func_sp</name>
         <value>0x2000808c</value>
         <object_component_ref idref="oc-50"/>
      </symbol>
      <symbol id="sm-a1d">
         <name>strchr</name>
         <value>0x6ca7</value>
         <object_component_ref idref="oc-423"/>
      </symbol>
      <symbol id="sm-a2c">
         <name>strcmp</name>
         <value>0x6c79</value>
         <object_component_ref idref="oc-41d"/>
      </symbol>
      <symbol id="sm-a3c">
         <name>strncpy</name>
         <value>0x6b81</value>
         <object_component_ref idref="oc-e6"/>
      </symbol>
      <symbol id="sm-a5d">
         <name>HOSTgetenv</name>
         <value>0x4a5b</value>
         <object_component_ref idref="oc-49f"/>
      </symbol>
      <symbol id="sm-a5e">
         <name>HOSTrename</name>
         <value>0x4903</value>
         <object_component_ref idref="oc-49f"/>
      </symbol>
      <symbol id="sm-a5f">
         <name>HOSTclose</name>
         <value>0x4a99</value>
         <object_component_ref idref="oc-49f"/>
      </symbol>
      <symbol id="sm-a60">
         <name>HOSTunlink</name>
         <value>0x4891</value>
         <object_component_ref idref="oc-49f"/>
      </symbol>
      <symbol id="sm-a61">
         <name>HOSTlseek</name>
         <value>0x49ff</value>
         <object_component_ref idref="oc-49f"/>
      </symbol>
      <symbol id="sm-a62">
         <name>HOSTopen</name>
         <value>0x49ad</value>
         <object_component_ref idref="oc-49f"/>
      </symbol>
      <symbol id="sm-a63">
         <name>HOSTclock</name>
         <value>0x4ad1</value>
         <object_component_ref idref="oc-49f"/>
      </symbol>
      <symbol id="sm-a64">
         <name>HOSTwrite</name>
         <value>0x4845</value>
         <object_component_ref idref="oc-49f"/>
      </symbol>
      <symbol id="sm-a65">
         <name>HOSTread</name>
         <value>0x4961</value>
         <object_component_ref idref="oc-49f"/>
      </symbol>
      <symbol id="sm-a66">
         <name>HOSTtime</name>
         <value>0x48c9</value>
         <object_component_ref idref="oc-49f"/>
      </symbol>
      <symbol id="sm-a81">
         <name>__TI_readmsg</name>
         <value>0x6867</value>
         <object_component_ref idref="oc-4d8"/>
      </symbol>
      <symbol id="sm-a82">
         <name>C$$IO$$</name>
         <value>0x6863</value>
         <object_component_ref idref="oc-4d8"/>
      </symbol>
      <symbol id="sm-a83">
         <name>__CIOBUF_</name>
         <value>0x20006040</value>
         <object_component_ref idref="oc-502"/>
      </symbol>
      <symbol id="sm-a84">
         <name>__TI_writemsg</name>
         <value>0x6839</value>
         <object_component_ref idref="oc-4d8"/>
      </symbol>
      <symbol id="sm-a9d">
         <name>_nop</name>
         <value>0x6ccb</value>
         <object_component_ref idref="oc-141"/>
      </symbol>
      <symbol id="sm-a9e">
         <name>_lock</name>
         <value>0x20008074</value>
         <object_component_ref idref="oc-a3"/>
      </symbol>
      <symbol id="sm-a9f">
         <name>_unlock</name>
         <value>0x20008078</value>
         <object_component_ref idref="oc-a3"/>
      </symbol>
      <symbol id="sm-aa0">
         <name>_register_lock</name>
         <value>0x6cc3</value>
         <object_component_ref idref="oc-141"/>
      </symbol>
      <symbol id="sm-aa1">
         <name>_register_unlock</name>
         <value>0x6cbd</value>
         <object_component_ref idref="oc-141"/>
      </symbol>
      <symbol id="sm-b8d">
         <name>__TI_printfi</name>
         <value>0xca3</value>
         <object_component_ref idref="oc-319"/>
      </symbol>
      <symbol id="sm-ba1">
         <name>_args_main</name>
         <value>0x6c49</value>
         <object_component_ref idref="oc-44"/>
      </symbol>
      <symbol id="sm-bb7">
         <name>atoi</name>
         <value>0x69a9</value>
         <object_component_ref idref="oc-3ed"/>
      </symbol>
      <symbol id="sm-bd4">
         <name>__TI_auto_init</name>
         <value>0x6391</value>
         <object_component_ref idref="oc-3f"/>
      </symbol>
      <symbol id="sm-bed">
         <name>copy_in</name>
         <value>0x6a81</value>
         <object_component_ref idref="oc-94"/>
      </symbol>
      <symbol id="sm-bf8">
         <name>_ctypes_</name>
         <value>0x9354</value>
         <object_component_ref idref="oc-47b"/>
      </symbol>
      <symbol id="sm-c0f">
         <name>__aeabi_dsub</name>
         <value>0x5261</value>
         <object_component_ref idref="oc-3dc"/>
      </symbol>
      <symbol id="sm-c10">
         <name>__aeabi_dadd</name>
         <value>0x526b</value>
         <object_component_ref idref="oc-3dc"/>
      </symbol>
      <symbol id="sm-c32">
         <name>__aeabi_cdcmpeq</name>
         <value>0x64ad</value>
         <object_component_ref idref="oc-3b8"/>
      </symbol>
      <symbol id="sm-c33">
         <name>__aeabi_cdcmple</name>
         <value>0x64ad</value>
         <object_component_ref idref="oc-3b8"/>
      </symbol>
      <symbol id="sm-c34">
         <name>__aeabi_cdrcmple</name>
         <value>0x6533</value>
         <object_component_ref idref="oc-3c7"/>
      </symbol>
      <symbol id="sm-c48">
         <name>__aeabi_ddiv</name>
         <value>0x56d5</value>
         <object_component_ref idref="oc-3c2"/>
      </symbol>
      <symbol id="sm-c53">
         <name>__aeabi_dmul</name>
         <value>0x5a6f</value>
         <object_component_ref idref="oc-3bd"/>
      </symbol>
      <symbol id="sm-c5d">
         <name>__aeabi_d2iz</name>
         <value>0x69f5</value>
         <object_component_ref idref="oc-3cc"/>
      </symbol>
      <symbol id="sm-c75">
         <name>putc</name>
         <value>0x6245</value>
         <object_component_ref idref="oc-326"/>
      </symbol>
      <symbol id="sm-c76">
         <name>fputc</name>
         <value>0x61c1</value>
         <object_component_ref idref="oc-326"/>
      </symbol>
      <symbol id="sm-c77">
         <name>putchar</name>
         <value>0x6249</value>
         <object_component_ref idref="oc-326"/>
      </symbol>
      <symbol id="sm-c99">
         <name>puts</name>
         <value>0x5917</value>
         <object_component_ref idref="oc-32c"/>
      </symbol>
      <symbol id="sm-c9a">
         <name>fputs</name>
         <value>0x580d</value>
         <object_component_ref idref="oc-32c"/>
      </symbol>
      <symbol id="sm-ca4">
         <name>__aeabi_i2d</name>
         <value>0x6bdf</value>
         <object_component_ref idref="oc-3d7"/>
      </symbol>
      <symbol id="sm-cad">
         <name>__aeabi_lmul</name>
         <value>0x6c61</value>
         <object_component_ref idref="oc-3ad"/>
      </symbol>
      <symbol id="sm-cbc">
         <name>ltoa</name>
         <value>0x68f7</value>
         <object_component_ref idref="oc-3d1"/>
      </symbol>
      <symbol id="sm-ccc">
         <name>memccpy</name>
         <value>0x6c2f</value>
         <object_component_ref idref="oc-3e7"/>
      </symbol>
      <symbol id="sm-cdc">
         <name>memchr</name>
         <value>0x6c91</value>
         <object_component_ref idref="oc-40e"/>
      </symbol>
      <symbol id="sm-cea">
         <name>strcpy</name>
         <value>0x6d2d</value>
         <object_component_ref idref="oc-4de"/>
      </symbol>
      <symbol id="sm-cf8">
         <name>strlen</name>
         <value>0x6cd1</value>
         <object_component_ref idref="oc-3b2"/>
      </symbol>
      <symbol id="sm-d14">
         <name>__aeabi_uldivmod</name>
         <value>0x4b19</value>
         <object_component_ref idref="oc-3a8"/>
      </symbol>
      <symbol id="sm-d1e">
         <name>_Dclass</name>
         <value>0x6d4d</value>
         <object_component_ref idref="oc-3e1"/>
      </symbol>
      <symbol id="sm-d30">
         <name>_Dtest</name>
         <value>0x6b09</value>
         <object_component_ref idref="oc-472"/>
      </symbol>
      <symbol id="sm-d4e">
         <name>__TI_wrt_ok</name>
         <value>0x6079</value>
         <object_component_ref idref="oc-406"/>
      </symbol>
      <symbol id="sm-d4f">
         <name>__TI_rd_ok</name>
         <value>0x60db</value>
         <object_component_ref idref="oc-406"/>
      </symbol>
      <symbol id="sm-d61">
         <name>fseek</name>
         <value>0x6715</value>
         <object_component_ref idref="oc-487"/>
      </symbol>
      <symbol id="sm-d7d">
         <name>setvbuf</name>
         <value>0x5d39</value>
         <object_component_ref idref="oc-48d"/>
      </symbol>
      <symbol id="sm-db5">
         <name>__TI_cleanup</name>
         <value>0x4fad</value>
         <object_component_ref idref="oc-4c3"/>
      </symbol>
      <symbol id="sm-db6">
         <name>freopen</name>
         <value>0x4fd9</value>
         <object_component_ref idref="oc-4c3"/>
      </symbol>
      <symbol id="sm-db7">
         <name>fopen</name>
         <value>0x5003</value>
         <object_component_ref idref="oc-4c3"/>
      </symbol>
      <symbol id="sm-e27">
         <name>_sys_memory</name>
         <value>0x20000000</value>
         <object_component_ref idref="oc-28"/>
      </symbol>
      <symbol id="sm-e28">
         <name>free</name>
         <value>0x3c33</value>
         <object_component_ref idref="oc-4bd"/>
      </symbol>
      <symbol id="sm-e29">
         <name>realloc</name>
         <value>0x3cf3</value>
         <object_component_ref idref="oc-4bd"/>
      </symbol>
      <symbol id="sm-e2a">
         <name>memalign</name>
         <value>0x3df9</value>
         <object_component_ref idref="oc-4bd"/>
      </symbol>
      <symbol id="sm-e2b">
         <name>calloc</name>
         <value>0x3ed9</value>
         <object_component_ref idref="oc-4bd"/>
      </symbol>
      <symbol id="sm-e2c">
         <name>malloc</name>
         <value>0x3bd1</value>
         <object_component_ref idref="oc-4bd"/>
      </symbol>
      <symbol id="sm-e2d">
         <name>minit</name>
         <value>0x3b45</value>
         <object_component_ref idref="oc-4bd"/>
      </symbol>
      <symbol id="sm-e43">
         <name>__TI_closefile</name>
         <value>0x62f9</value>
         <object_component_ref idref="oc-4f7"/>
      </symbol>
      <symbol id="sm-e44">
         <name>fclose</name>
         <value>0x635f</value>
         <object_component_ref idref="oc-4f7"/>
      </symbol>
      <symbol id="sm-ed7">
         <name>SysCtlClockSet</name>
         <value>0x5591</value>
         <object_component_ref idref="oc-116"/>
      </symbol>
      <symbol id="sm-ed8">
         <name>SysCtlDelay</name>
         <value>0x6d99</value>
         <object_component_ref idref="oc-191"/>
      </symbol>
      <symbol id="sm-ed9">
         <name>SysCtlPeripheralEnable</name>
         <value>0x6951</value>
         <object_component_ref idref="oc-1a5"/>
      </symbol>
      <symbol id="sm-eda">
         <name>SysCtlClockGet</name>
         <value>0x4d0d</value>
         <object_component_ref idref="oc-2b7"/>
      </symbol>
      <symbol id="sm-edb">
         <name>SysCtlPeripheralReset</name>
         <value>0x6425</value>
         <object_component_ref idref="oc-198"/>
      </symbol>
      <symbol id="sm-f0f">
         <name>SSIDataPut</name>
         <value>0x6d67</value>
         <object_component_ref idref="oc-2ac"/>
      </symbol>
      <symbol id="sm-f10">
         <name>SSIDataGetNonBlocking</name>
         <value>0x6d09</value>
         <object_component_ref idref="oc-2c7"/>
      </symbol>
      <symbol id="sm-f11">
         <name>SSIConfigSetExpClk</name>
         <value>0x6a3d</value>
         <object_component_ref idref="oc-2bb"/>
      </symbol>
      <symbol id="sm-f12">
         <name>SSIEnable</name>
         <value>0x6d7b</value>
         <object_component_ref idref="oc-2c3"/>
      </symbol>
      <symbol id="sm-f13">
         <name>SSIBusy</name>
         <value>0x6d85</value>
         <object_component_ref idref="oc-2a4"/>
      </symbol>
      <symbol id="sm-f14">
         <name>SSIDisable</name>
         <value>0x6d71</value>
         <object_component_ref idref="oc-2b3"/>
      </symbol>
      <symbol id="sm-f54">
         <name>GPIOPinTypeGPIOOutput</name>
         <value>0x6ce5</value>
         <object_component_ref idref="oc-2cb"/>
      </symbol>
      <symbol id="sm-f55">
         <name>GPIOPinRead</name>
         <value>0x6d8d</value>
         <object_component_ref idref="oc-1ad"/>
      </symbol>
      <symbol id="sm-f56">
         <name>GPIODirModeSet</name>
         <value>0x6bb1</value>
         <object_component_ref idref="oc-390"/>
      </symbol>
      <symbol id="sm-f57">
         <name>GPIOPinWrite</name>
         <value>0x6d93</value>
         <object_component_ref idref="oc-2a8"/>
      </symbol>
      <symbol id="sm-f58">
         <name>GPIOPadConfigSet</name>
         <value>0x5ef1</value>
         <object_component_ref idref="oc-1a9"/>
      </symbol>
      <symbol id="sm-f59">
         <name>GPIOPinTypeSSI</name>
         <value>0x6cf7</value>
         <object_component_ref idref="oc-2bf"/>
      </symbol>
      <symbol id="sm-f5b">
         <name>__TI_static_base__</name>
         <value>0x0</value>
      </symbol>
      <symbol id="sm-f5c">
         <name>__TI_args_main</name>
         <value>0x1</value>
      </symbol>
      <symbol id="sm-f5d">
         <name>SHT$$INIT_ARRAY$$Limit</name>
         <value>0x0</value>
      </symbol>
      <symbol id="sm-f5e">
         <name>SHT$$INIT_ARRAY$$Base</name>
         <value>0x0</value>
      </symbol>
      <symbol id="sm-f62">
         <name>remove</name>
         <value>0x42d1</value>
      </symbol>
   </symbol_table>
   <title>Link successful</title>
</link_info>
