******************************************************************************
                  TI ARM Linker PC v5.1.6                      
******************************************************************************
>> Linked Fri Jul 29 20:34:41 2016

OUTPUT FILE NAME:   <ENCE463-Tetris.out>
ENTRY POINT SYMBOL: "_c_int00"  address: 00006719


MEMORY CONFIGURATION

         name            origin    length      used     unused   attr    fill
----------------------  --------  ---------  --------  --------  ----  --------
  FLASH                 00000000   00040000  00008946  000376ba  R  X
  SRAM                  20000000   00010000  00005a90  0000a570  RW X


SEGMENT ALLOCATION MAP

run origin  load origin   length   init length attrs members
----------  ----------- ---------- ----------- ----- -------
00000000    00000000    00008948   00008948    r-x
  00000000    00000000    000000f0   000000f0    r-- .intvecs
  000000f0    000000f0    00006880   00006880    r-x .text
  00006970    00006970    00001d66   00001d66    r-- .const
  000086d8    000086d8    00000270   00000270    r-- .cinit
20000000    20000000    00005a90   00000000    rw-
  20000000    20000000    00002df8   00000000    rw- .bss
  20002df8    20002df8    00002000   00000000    rw- .stack
  20004df8    20004df8    00000800   00000000    rw- .sysmem
  200055f8    200055f8    00000498   00000000    rw- .data


SECTION ALLOCATION MAP

 output                                  attributes/
section   page    origin      length       input sections
--------  ----  ----------  ----------   ----------------
.intvecs   0    00000000    000000f0     
                  00000000    000000f0     startup_ccs.obj (.intvecs)

.text      0    000000f0    00006880     
                  000000f0    00000ebc     rtsv7M3_T_le_eabi.lib : _printfi.obj (.text)
                  00000fac    00000ab8     tasks.obj (.text)
                  00001a64    00000a10     game_engine.obj (.text)
                  00002474    00000614     queue.obj (.text)
                  00002a88    00000550     math.obj (.text)
                  00002fd8    00000510     rit128x96x4.obj (.text)
                  000034e8    000003fc     display.obj (.text)
                  000038e4    000003cc     rtsv7M3_T_le_eabi.lib : memory.obj (.text)
                  00003cb0    00000310                           : lowlev.obj (.text)
                  00003fc0    000002d4                           : trgdrv.obj (.text)
                  00004294    000002bc     main.obj (.text)
                  00004550    0000024c     board.obj (.text)
                  0000479c    000001f4     rtsv7M3_T_le_eabi.lib : ull_div_t2.obj (.text)
                  00004990    000001d8     driverlib-cm3.lib : sysctl.obj (.text:SysCtlClockGet)
                  00004b68    000001c0     rtsv7M3_T_le_eabi.lib : fopen.obj (.text)
                  00004d28    000001bc     heap_2.obj (.text)
                  00004ee4    000001b6     rtsv7M3_T_le_eabi.lib : fd_add_t2.obj (.text)
                  0000509a    00000002     --HOLE-- [fill = 0]
                  0000509c    000001a8     buttons.obj (.text)
                  00005244    00000144     driverlib-cm3.lib : sysctl.obj (.text:SysCtlClockSet)
                  00005388    00000136     rtsv7M3_T_le_eabi.lib : fd_div_t2.obj (.text)
                  000054be    00000002     --HOLE-- [fill = 0]
                  000054c0    00000134                           : fputs.obj (.text)
                  000055f4    0000012e     list.obj (.text)
                  00005722    000000fc     rtsv7M3_T_le_eabi.lib : fd_mul_t2.obj (.text)
                  0000581e    00000002     --HOLE-- [fill = 0]
                  00005820    000000e4     port.obj (.text)
                  00005904    000000dc     rtsv7M3_T_le_eabi.lib : setvbuf.obj (.text)
                  000059e0    000000dc     timer.obj (.text)
                  00005abc    000000c8     driverlib-cm3.lib : gpio.obj (.text:GPIOPadConfigSet)
                  00005b84    000000c0     rtsv7M3_T_le_eabi.lib : fflush.obj (.text)
                  00005c44    000000ac                           : _io_perm.obj (.text)
                  00005cf0    0000009c     portasm.obj (.text)
                  00005d8c    0000009c     rtsv7M3_T_le_eabi.lib : fputc.obj (.text)
                  00005e28    0000009c                           : memcpy_t2.obj (.text)
                  00005ec4    00000098                           : fclose.obj (.text)
                  00005f5c    00000094                           : auto_init.obj (.text)
                  00005ff0    00000088     driverlib-cm3.lib : sysctl.obj (.text:SysCtlPeripheralReset)
                  00006078    00000086     rtsv7M3_T_le_eabi.lib : fd_cmp_t2.obj (.text:__aeabi_cdcmple)
                  000060fe    00000086                           : fd_cmp_t2.obj (.text:__aeabi_cdrcmple)
                  00006184    00000078                           : memset_t2.obj (.text)
                  000061fc    00000074     tetrominoe.obj (.text)
                  00006270    00000070     rtsv7M3_T_le_eabi.lib : printf.obj (.text)
                  000062e0    00000064                           : fseek.obj (.text)
                  00006344    00000060     basic_io.obj (.text)
                  000063a4    00000060     rtsv7M3_T_le_eabi.lib : sprintf.obj (.text)
                  00006404    00000060                           : trgmsg.obj (.text)
                  00006464    0000005e                           : copy_decompress_rle.obj (.text)
                  000064c2    0000005a                           : ltoa.obj (.text)
                  0000651c    00000058     driverlib-cm3.lib : sysctl.obj (.text:SysCtlPeripheralEnable)
                  00006574    0000004c     rtsv7M3_T_le_eabi.lib : atoi.obj (.text)
                  000065c0    00000048                           : fd_toi_t2.obj (.text)
                  00006608    00000044     driverlib-cm3.lib : ssi.obj (.text:SSIConfigSetExpClk)
                  0000664c    00000044     rtsv7M3_T_le_eabi.lib : cpy_tbl.obj (.text)
                  00006690    00000044                           : exit.obj (.text)
                  000066d4    00000044                           : xdtest.obj (.text)
                  00006718    00000034                           : boot.obj (.text)
                  0000674c    00000030                           : strncpy.obj (.text)
                  0000677c    0000002e     driverlib-cm3.lib : gpio.obj (.text:GPIODirModeSet)
                  000067aa    0000002e     rtsv7M3_T_le_eabi.lib : i_tofd_t2.obj (.text)
                  000067d8    00000022                           : memcmp.obj (.text)
                  000067fa    0000001a                           : memccpy.obj (.text)
                  00006814    00000018                           : args_main.obj (.text)
                  0000682c    00000018                           : ll_mul_t2.obj (.text)
                  00006844    00000018                           : strcmp.obj (.text)
                  0000685c    00000016                           : memchr.obj (.text)
                  00006872    00000016                           : strchr.obj (.text)
                  00006888    00000014                           : _lock.obj (.text)
                  0000689c    00000014                           : strlen.obj (.text)
                  000068b0    00000012     driverlib-cm3.lib : gpio.obj (.text:GPIOPinTypeGPIOOutput)
                  000068c2    00000012                       : gpio.obj (.text:GPIOPinTypeSSI)
                  000068d4    00000012                       : ssi.obj (.text:SSIDataGetNonBlocking)
                  000068e6    00000012     rtsv7M3_T_le_eabi.lib : copy_zero_init.obj (.text:decompress:ZI)
                  000068f8    00000012                           : strcpy.obj (.text)
                  0000690a    0000000e                           : copy_decompress_none.obj (.text:decompress:none)
                  00006918    0000000e                           : xdclass.obj (.text)
                  00006926    0000000c     startup_ccs.obj (.text)
                  00006932    0000000a     driverlib-cm3.lib : ssi.obj (.text:SSIDataPut)
                  0000693c    0000000a                       : ssi.obj (.text:SSIDisable)
                  00006946    0000000a                       : ssi.obj (.text:SSIEnable)
                  00006950    00000008                       : ssi.obj (.text:SSIBusy)
                  00006958    00000006                       : gpio.obj (.text:GPIOPinRead)
                  0000695e    00000006                       : gpio.obj (.text:GPIOPinWrite)
                  00006964    00000006                       : sysctl.obj (.text:SysCtlDelay)
                  0000696a    00000006     rtsv7M3_T_le_eabi.lib : copy_decompress_rle.obj (.text:decompress:rle24)

.const     0    00006970    00001d66     
                  00006970    00000f80     tetris_background.obj (.const:.string:TETRIS_BACKGROUND_DATA)
                  000078f0    00000234     images.obj (.const)
                  00007b24    000001e0     rit128x96x4.obj (.const:g_pucFont)
                  00007d04    0000016d     text_images.obj (.const:.string)
                  00007e71    00000001     --HOLE-- [fill = 0]
                  00007e72    00000102     rtsv7M3_T_le_eabi.lib : ctype.obj (.const:.string:_ctypes_)
                  00007f74    0000008c     strings.obj (.const:.string)
                  00008000    00000080     display.obj (.const)
                  00008080    0000006c     driverlib-cm3.lib : sysctl.obj (.const:g_pulXtals)
                  000080ec    0000004f     rit128x96x4.obj (.const:.string:g_pucRIT128x96x4Init)
                  0000813b    00000001     --HOLE-- [fill = 0]
                  0000813c    00000040     driverlib-cm3.lib : sysctl.obj (.const)
                  0000817c    00000040     tetrominoe.obj (.const:i_pose1)
                  000081bc    00000040     tetrominoe.obj (.const:i_pose2)
                  000081fc    00000040     tetrominoe.obj (.const:ll_pose1)
                  0000823c    00000040     tetrominoe.obj (.const:ll_pose2)
                  0000827c    00000040     tetrominoe.obj (.const:ll_pose3)
                  000082bc    00000040     tetrominoe.obj (.const:ll_pose4)
                  000082fc    00000040     tetrominoe.obj (.const:lz_pose1)
                  0000833c    00000040     tetrominoe.obj (.const:lz_pose2)
                  0000837c    00000040     tetrominoe.obj (.const:rl_pose1)
                  000083bc    00000040     tetrominoe.obj (.const:rl_pose2)
                  000083fc    00000040     tetrominoe.obj (.const:rl_pose3)
                  0000843c    00000040     tetrominoe.obj (.const:rl_pose4)
                  0000847c    00000040     tetrominoe.obj (.const:rz_pose1)
                  000084bc    00000040     tetrominoe.obj (.const:rz_pose2)
                  000084fc    00000040     tetrominoe.obj (.const:s_pose1)
                  0000853c    00000040     tetrominoe.obj (.const:t_pose1)
                  0000857c    00000040     tetrominoe.obj (.const:t_pose2)
                  000085bc    00000040     tetrominoe.obj (.const:t_pose3)
                  000085fc    00000040     tetrominoe.obj (.const:t_pose4)
                  0000863c    00000030     images.obj (.const:.string)
                  0000866c    00000030     game_engine.obj (.const)
                  0000869c    00000018     main.obj (.const)
                  000086b4    00000014     tasks.obj (.const:.string)
                  000086c8    0000000c     rit128x96x4.obj (.const:.string)
                  000086d4    00000002     heap_2.obj (.const)

.cinit     0    000086d8    00000270     
                  000086d8    0000024a     (.cinit..data.load) [load image, compression = rle]
                  00008922    00000002     --HOLE-- [fill = 0]
                  00008924    0000000c     (__TI_handler_table)
                  00008930    00000008     (.cinit..bss.load) [load image, compression = zero_init]
                  00008938    00000010     (__TI_cinit_table)

.bss       0    20000000    00002df8     UNINITIALIZED
                  20000000    00002800     heap_2.obj (.bss:xHeap)
                  20002800    00000320     game_engine.obj (.bss:grid)
                  20002b20    00000120     rtsv7M3_T_le_eabi.lib : trgmsg.obj (.bss:__CIOBUF_)
                  20002c40    000000a0                           : defs.obj (.bss:__TI_tmpnams)
                  20002ce0    00000064     tasks.obj (.bss:pxReadyTasksLists)
                  20002d44    00000034     basic_io.obj (.bss:cBuffer)
                  20002d78    00000014     (.common:xDelayedTaskList1)
                  20002d8c    00000014     (.common:xDelayedTaskList2)
                  20002da0    00000014     (.common:xPendingReadyList)
                  20002db4    00000014     (.common:xTasksWaitingTermination)
                  20002dc8    00000008     (.common:g_pucBuffer)
                  20002dd0    00000008     (.common:parmbuf)
                  20002dd8    00000008     (.common:xEnd)
                  20002de0    00000008     (.common:xStart)
                  20002de8    00000004     (.common:g_ulSSIFlags)
                  20002dec    00000004     (.common:pxDelayedTaskList)
                  20002df0    00000004     (.common:pxOverflowDelayedTaskList)
                  20002df4    00000004     (.common:seed)

.stack     0    20002df8    00002000     UNINITIALIZED
                  20002df8    00002000     --HOLE--

.sysmem    0    20004df8    00000800     UNINITIALIZED
                  20004df8    00000008     rtsv7M3_T_le_eabi.lib : memory.obj (.sysmem)
                  20004e00    000007f8     --HOLE--

.data      0    200055f8    00000498     UNINITIALIZED
                  200055f8    000000f0     rtsv7M3_T_le_eabi.lib : defs.obj (.data:_ftable)
                  200056e8    000000d0                           : lowlev.obj (.data)
                  200057b8    000000c4     tetrominoe.obj (.data)
                  2000587c    00000078     images.obj (.data:FONT)
                  200058f4    00000070     buttons.obj (.data)
                  20005964    00000030     tasks.obj (.data)
                  20005994    0000002c     game_engine.obj (.data:base_game)
                  200059c0    0000002c     strings.obj (.data)
                  200059ec    00000028     images.obj (.data:NUMBERS)
                  20005a14    00000028     game_engine.obj (.data)
                  20005a3c    00000010     images.obj (.data)
                  20005a4c    00000010     rtsv7M3_T_le_eabi.lib : defs.obj (.data)
                  20005a5c    0000000c                           : memory.obj (.data)
                  20005a68    00000008     heap_2.obj (.data)
                  20005a70    00000008     rtsv7M3_T_le_eabi.lib : _lock.obj (.data)
                  20005a78    00000008                           : exit.obj (.data)
                  20005a80    00000004     port.obj (.data)
                  20005a84    00000004     rtsv7M3_T_le_eabi.lib : fopen.obj (.data)
                  20005a88    00000004                           : stkdepth_vars.obj (.data)
                  20005a8c    00000004     timer.obj (.data)


LINKER GENERATED COPY TABLES

__TI_cinit_table @ 00008938 records: 2, size/record: 8, table size: 16
	.data: load addr=000086d8, load size=0000024a bytes, run addr=200055f8, run size=00000498 bytes, compression=rle
	.bss: load addr=00008930, load size=00000008 bytes, run addr=20000000, run size=00002df8 bytes, compression=zero_init


LINKER GENERATED HANDLER TABLE

__TI_handler_table @ 00008924 records: 3, size/record: 4, table size: 12
	index: 0, handler: __TI_decompress_rle24
	index: 1, handler: __TI_decompress_none
	index: 2, handler: __TI_zero_init


GLOBAL SYMBOLS: SORTED ALPHABETICALLY BY Name 

address    name
--------   ----
200059e0   AUTHOR_STRING
20005954   BUTTONS
00006691   C$$EXIT
0000642f   C$$IO$$
000078f0   CUBE
0000863c   CUBE_DATA
200059c0   DISPLAY_QUEUE_ERROR_MESSAGE
2000590c   DOWN
00002b4d   EEPROMBlockCountGet
00002e01   EEPROMBlockHide
00002d91   EEPROMBlockLock
00002d3f   EEPROMBlockPasswordSet
00002d07   EEPROMBlockProtectGet
00002d1b   EEPROMBlockProtectSet
00002db9   EEPROMBlockUnlock
00002afd   EEPROMInit
00002e95   EEPROMIntClear
00002e41   EEPROMIntDisable
00002e19   EEPROMIntEnable
00002e65   EEPROMIntStatus
00002cc9   EEPROMMassErase
00002bad   EEPROMProgram
00002c87   EEPROMProgramNonBlocking
00002b5b   EEPROMRead
00002b41   EEPROMSizeGet
00002ebd   EEPROMStatusGet
00007914   EMPTY_CELL
0000865a   EMPTY_CELL_DATA
200059d0   FINAL_SCORE_STRING
2000587c   FONT
00007908   FULL_CELL
00008648   FULL_CELL_DATA
0000677d   GPIODirModeSet
00005abd   GPIOPadConfigSet
00006959   GPIOPinRead
000068b1   GPIOPinTypeGPIOOutput
000068c3   GPIOPinTypeSSI
0000695f   GPIOPinWrite
0000424d   HOSTclock
00004215   HOSTclose
000041d7   HOSTgetenv
0000417b   HOSTlseek
00004129   HOSTopen
000040dd   HOSTread
0000407f   HOSTrename
00004045   HOSTtime
0000400d   HOSTunlink
00003fc1   HOSTwrite
2000593c   LEFT
000079d4   LETTER_A
00007d66   LETTER_A_DATA
000079e0   LETTER_B
00007d6f   LETTER_B_DATA
000079ec   LETTER_C
00007d78   LETTER_C_DATA
000079f8   LETTER_D
00007d81   LETTER_D_DATA
00007a04   LETTER_E
00007d8a   LETTER_E_DATA
00007a10   LETTER_F
00007d93   LETTER_F_DATA
00007a1c   LETTER_G
00007d9c   LETTER_G_DATA
00007a28   LETTER_H
00007da5   LETTER_H_DATA
00007a34   LETTER_I
00007dae   LETTER_I_DATA
00007a40   LETTER_J
00007db7   LETTER_J_DATA
00007a4c   LETTER_K
00007dc0   LETTER_K_DATA
00007a58   LETTER_L
00007dc9   LETTER_L_DATA
00007a64   LETTER_M
00007dd2   LETTER_M_DATA
00007a70   LETTER_N
00007de1   LETTER_N_DATA
00007a7c   LETTER_O
00007dea   LETTER_O_DATA
00007a88   LETTER_P
00007df3   LETTER_P_DATA
00007a94   LETTER_Q
00007dfc   LETTER_Q_DATA
00007aa0   LETTER_R
00007e08   LETTER_R_DATA
00007aac   LETTER_S
00007e11   LETTER_S_DATA
00007ab8   LETTER_T
00007e1a   LETTER_T_DATA
00007ac4   LETTER_U
00007b18   LETTER_UNDEFINED
00007e68   LETTER_UNDEFINED_DATA
00007e23   LETTER_U_DATA
00007ad0   LETTER_V
00007e2c   LETTER_V_DATA
00007adc   LETTER_W
00007e35   LETTER_W_DATA
00007ae8   LETTER_X
00007e44   LETTER_X_DATA
00007af4   LETTER_Y
00007e4d   LETTER_Y_DATA
00007b00   LETTER_Z
00007e56   LETTER_Z_DATA
00007b0c   LETTER__
00007e5f   LETTER___DATA
200059d4   LEVELS_CLEARED_STRING
200059c8   LEVEL_STRING
20005a8c   MAX_PORT_TICK_VALUE
200059cc   NEXT_STRING
0000792c   NUMBER0
00007d04   NUMBER0_DATA
00007938   NUMBER1
00007d0d   NUMBER1_DATA
00007944   NUMBER2
00007d16   NUMBER2_DATA
00007950   NUMBER3
00007d1f   NUMBER3_DATA
0000795c   NUMBER4
00007d28   NUMBER4_DATA
00007968   NUMBER5
00007d31   NUMBER5_DATA
00007974   NUMBER6
00007d3a   NUMBER6_DATA
00007980   NUMBER7
00007d43   NUMBER7_DATA
0000798c   NUMBER8
00007d4c   NUMBER8_DATA
00007998   NUMBER9
00007d55   NUMBER9_DATA
200059ec   NUMBERS
20005924   RIGHT
000030e1   RIT128x96x4Clear
0000335f   RIT128x96x4Disable
000034b1   RIT128x96x4DisplayOff
0000347d   RIT128x96x4DisplayOn
00003305   RIT128x96x4Enable
0000327d   RIT128x96x4ImageDraw
000033d9   RIT128x96x4Init
0000313d   RIT128x96x4StringDraw
20005a3c   RUNNING_ANIMATION
000079a4   RUNNING_ANIMATION0
00007d5e   RUNNING_ANIMATION0_DATA
000079b0   RUNNING_ANIMATION1
00007d60   RUNNING_ANIMATION1_DATA
000079bc   RUNNING_ANIMATION2
00007d62   RUNNING_ANIMATION2_DATA
000079c8   RUNNING_ANIMATION3
00007d64   RUNNING_ANIMATION3_DATA
00006927   ResetISR
200059c4   SCORE_STRING
UNDEFED    SHT$$INIT_ARRAY$$Base
UNDEFED    SHT$$INIT_ARRAY$$Limit
000078fc   SMALL_CUBE
00008644   SMALL_CUBE_DATA
00006951   SSIBusy
00006609   SSIConfigSetExpClk
000068d5   SSIDataGetNonBlocking
00006933   SSIDataPut
0000693d   SSIDisable
00006947   SSIEnable
00004991   SysCtlClockGet
00005245   SysCtlClockSet
00006965   SysCtlDelay
0000651d   SysCtlPeripheralEnable
00005ff1   SysCtlPeripheralReset
200059dc   TEMP_GAME_OVER_STRING
200059e8   TEMP_TETRIS_STRING
00007920   TETRIS_BACKGROUND
00006970   TETRIS_BACKGROUND_DATA
200059d8   THANKS_STRING
200058f4   UP
200059e4   VERSION_STRING
00006919   _Dclass
000066d5   _Dtest
20002b20   __CIOBUF_
20004df8   __STACK_END
00002000   __STACK_SIZE
20002ef8   __STACK_TOP
00000800   __SYSMEM_SIZE
00008938   __TI_CINIT_Base
00008948   __TI_CINIT_Limit
00008924   __TI_Handler_Table_Base
00008930   __TI_Handler_Table_Limit
00000001   __TI_args_main
00005f5d   __TI_auto_init
00004c31   __TI_cleanup
20005a78   __TI_cleanup_ptr
00005ec5   __TI_closefile
0000690b   __TI_decompress_none
0000696b   __TI_decompress_rle24
00005b85   __TI_doflush
20005a7c   __TI_dtors_ptr
20005a4c   __TI_ft_end
00000ca3   __TI_printfi
00005ca7   __TI_rd_ok
00006433   __TI_readmsg
00000000   __TI_static_base__
20002c40   __TI_tmpnams
00006405   __TI_writemsg
00005c45   __TI_wrt_ok
000068e7   __TI_zero_init
00006079   __aeabi_cdcmpeq
00006079   __aeabi_cdcmple
000060ff   __aeabi_cdrcmple
000065c1   __aeabi_d2iz
00004eef   __aeabi_dadd
00005389   __aeabi_ddiv
00005723   __aeabi_dmul
00004ee5   __aeabi_dsub
000067ab   __aeabi_i2d
0000682d   __aeabi_lmul
00006185   __aeabi_memclr
00006185   __aeabi_memclr4
00006185   __aeabi_memclr8
00005e29   __aeabi_memcpy
00005e29   __aeabi_memcpy4
00005e29   __aeabi_memcpy8
00006187   __aeabi_memset
00006187   __aeabi_memset4
00006187   __aeabi_memset8
20005a58   __aeabi_stderr
20005a50   __aeabi_stdin
20005a54   __aeabi_stdout
0000479d   __aeabi_uldivmod
ffffffff   __binit__
ffffffff   __c_args__
20002df8   __stack
00006815   _args_main
00006719   _c_int00
00007e72   _ctypes_
200055f8   _ftable
20005a70   _lock
00006897   _nop
0000688f   _register_lock
00006889   _register_unlock
20004df8   _sys_memory
20005a74   _unlock
00006695   abort
00002f4f   abs_modulo
00003f13   add_device
00006575   atoi
20005994   base_game
ffffffff   binit
200057b8   block0
200057d4   block1
200057f0   block2
2000580c   block3
20005828   block4
20005844   block5
20005860   block6
0000514d   button_event_occurred
00001b33   button_process_loop
00001e35   calculate_tetris_grid_x_position
00001e1f   calculate_tetris_grid_y_position
00003c79   calloc
00001f43   can_drop_current_tetrominoe
00001f55   can_rotate_current_tetrominoe
00001f67   can_shift_current_tetrominoe
00004551   clear_board
00003551   clear_display
000021d1   clear_full_rows
000046dd   clear_row
00003ec1   close
0000664d   copy_in
00001e61   current_tetrominoe_can_occupy
00002021   debug_board
00001d31   draw_current_tetrominoe
00001d5d   draw_current_tetrominoe_as
00002171   draw_next_tetrominoe_on_side
00001d87   draw_tetrominoe
00005aa9   elapsed_time_ms
00005223   enqueue_button_event
0000375b   enqueue_display_task
00001d4f   erase_current_tetrominoe
000021a1   erase_next_tetrominoe_on_side
000036bb   execute_display_task
0000669d   exit
00005f2b   fclose
00005bd1   fflush
00004c87   fopen
00005d8d   fputc
000054c1   fputs
000039d3   free
00004c5d   freopen
000062e1   fseek
000023cb   full_drop_current_tetrominoe
00000000   g_pfnVectors
20005a14   game_board
00001aab   game_loop
00004583   get_board_value
00001d15   get_current_tetrominoe
000045c9   get_next_complete_row
00002105   get_next_tetrominoe
00006219   get_tetromineo_grid
20002800   grid
000059e1   has_timed_out
00004767   highest_occupied_cell_in_column
0000817c   i_pose1
000081bc   i_pose2
0000510d   initalise_button
0000520b   initalise_button_event_queue
0000509d   initalise_buttons
0000353f   initalise_display
00003743   initalise_display_queue
00001c57   initalise_game
00002f3f   initalise_random_number_generator
000046b3   is_occupied
0000467f   is_off_board
000081fc   ll_pose1
0000823c   ll_pose2
0000827c   ll_pose3
000082bc   ll_pose4
00003e9d   lseek
000064c3   ltoa
000082fc   lz_pose1
0000833c   lz_pose2
00004295   main
20005a88   main_func_sp
00003971   malloc
00003b99   memalign
000067fb   memccpy
0000685d   memchr
000067d9   memcmp
00005e29   memcpy
0000618d   memset
000038e5   minit
0000461f   num_complete_rows
00003def   open
00001f95   place_current_tetrominoe
00006279   printf
00001b7f   process_button_event
00005e11   putc
00005e15   putchar
000055cb   puts
00004d29   pvPortMalloc
20005964   pxCurrentTCB
00005821   pxPortInitialiseStack
00003809   quick_clear_screen
000037a5   quick_initalise_screen
000037d9   quick_send_image
0000382d   quick_send_number
0000385d   quick_send_string
00003891   quick_send_string_rit
00002f0d   rand_range
00003dcb   read
00005123   read_button
00003a93   realloc
000022f9   redraw_empty_cells
00003d41   remove
00003da3   remove_device
00003d65   rename
00001c6d   reset_game
000061fd   reset_tetromineo
0000837c   rl_pose1
000083bc   rl_pose2
000083fc   rl_pose3
0000843c   rl_pose4
0000622f   rotate_tetromineo
0000847c   rz_pose1
000084bc   rz_pose2
000084fc   s_pose1
00001c4d   score_screen_loop
20002df4   seed
000045a5   set_board_value
00005905   setvbuf
0000624f   shift_tetrominoe
000020a5   spawn_new_tetrominoe
00001bd1   splash_screen_loop
000063a5   sprintf
00005a37   start_timeout
00006873   strchr
00006845   strcmp
000068f9   strcpy
0000689d   strlen
0000674d   strncpy
00002f7f   symbols_in_number
0000853c   t_pose1
0000857c   t_pose2
000085bc   t_pose3
000085fc   t_pose4
0000227b   temp_fill_cells
20005a20   tetrominoes
00004337   tetronimoe_drop_test
000043bf   tetronimoe_drop_test2
00005a09   tick_difference
00005a4d   timer_start
00005a97   timer_stop
00005a67   timer_update
00004717   trickle_down_column
00002377   try_rotate_current_tetrominoe
0000239d   try_shift_current_tetrominoe
00003d41   unlink
00002411   update_level_display
0000242d   update_score_and_level
000023f7   update_score_display
00002ed1   urand
0000288f   uxQueueMessagesWaiting
000028a5   uxQueueMessagesWaitingFromISR
000014a9   uxTaskGetNumberOfTasks
0000123d   uxTaskPriorityGet
000044fb   vApplicationIdleHook
000044ef   vApplicationMallocFailedHook
000044f1   vApplicationStackOverflowHook
000044fd   vApplicationTickHook
000044c7   vButtonTest
00004481   vDisplayRunning
000055f5   vListInitialise
00005625   vListInitialiseItem
00005679   vListInsert
00005635   vListInsertEnd
000056df   vListRemove
00005d3d   vPortClearInterruptMask
00005d7b   vPortEnableVFP
00005891   vPortEndScheduler
0000589d   vPortEnterCritical
000058ad   vPortExitCritical
00004e5b   vPortFree
00004ec3   vPortInitialiseBlocks
00005d4b   vPortSVCHandler
00005d2f   vPortSetInterruptMask
00005d69   vPortStartFirstTask
00005893   vPortYieldFromISR
00006345   vPrintString
00006369   vPrintStringAndNumber
000028b7   vQueueDelete
000011d9   vTaskDelay
000042f5   vTaskDelayTest
00001129   vTaskDelayUntil
000010c1   vTaskDelete
000013a7   vTaskEndScheduler
000042cb   vTaskFunction
00004449   vTaskImageFun
000014af   vTaskIncrementTick
00001799   vTaskMissedYield
0000161d   vTaskPlaceOnEventList
000019d5   vTaskPriorityDisinherit
0000194d   vTaskPriorityInherit
00001279   vTaskPrioritySet
00001709   vTaskSetTimeOutState
00001361   vTaskStartScheduler
000013b9   vTaskSuspendAll
00001561   vTaskSwitchContext
00003cb1   write
00003511   write_image
000034e9   write_string
00003561   write_tetris_number
000035e9   write_tetris_string
00005191   xButtonReadTask
00003693   xDisplayTask
00001a65   xGameEngineTask
00004ebd   xPortGetFreeHeapSize
00005cf5   xPortPendSVHandler
00005869   xPortStartScheduler
000058c3   xPortSysTickHandler
00002475   xQueueCreate
00002583   xQueueCreateCountingSemaphore
0000251b   xQueueCreateMutex
000026f3   xQueueGenericReceive
000025a1   xQueueGenericSend
00002689   xQueueGenericSendFromISR
00002a31   xQueueIsQueueEmptyFromISR
00002a6b   xQueueIsQueueFullFromISR
00002827   xQueueReceiveFromISR
00001731   xTaskCheckForTimeOut
00000fad   xTaskGenericCreate
00001933   xTaskGetCurrentTaskHandle
00001495   xTaskGetTickCount
00001685   xTaskRemoveFromEventList
000013d1   xTaskResumeAll


GLOBAL SYMBOLS: SORTED BY Symbol Address 

address    name
--------   ----
00000000   __TI_static_base__
00000000   g_pfnVectors
00000001   __TI_args_main
00000800   __SYSMEM_SIZE
00000ca3   __TI_printfi
00000fad   xTaskGenericCreate
000010c1   vTaskDelete
00001129   vTaskDelayUntil
000011d9   vTaskDelay
0000123d   uxTaskPriorityGet
00001279   vTaskPrioritySet
00001361   vTaskStartScheduler
000013a7   vTaskEndScheduler
000013b9   vTaskSuspendAll
000013d1   xTaskResumeAll
00001495   xTaskGetTickCount
000014a9   uxTaskGetNumberOfTasks
000014af   vTaskIncrementTick
00001561   vTaskSwitchContext
0000161d   vTaskPlaceOnEventList
00001685   xTaskRemoveFromEventList
00001709   vTaskSetTimeOutState
00001731   xTaskCheckForTimeOut
00001799   vTaskMissedYield
00001933   xTaskGetCurrentTaskHandle
0000194d   vTaskPriorityInherit
000019d5   vTaskPriorityDisinherit
00001a65   xGameEngineTask
00001aab   game_loop
00001b33   button_process_loop
00001b7f   process_button_event
00001bd1   splash_screen_loop
00001c4d   score_screen_loop
00001c57   initalise_game
00001c6d   reset_game
00001d15   get_current_tetrominoe
00001d31   draw_current_tetrominoe
00001d4f   erase_current_tetrominoe
00001d5d   draw_current_tetrominoe_as
00001d87   draw_tetrominoe
00001e1f   calculate_tetris_grid_y_position
00001e35   calculate_tetris_grid_x_position
00001e61   current_tetrominoe_can_occupy
00001f43   can_drop_current_tetrominoe
00001f55   can_rotate_current_tetrominoe
00001f67   can_shift_current_tetrominoe
00001f95   place_current_tetrominoe
00002000   __STACK_SIZE
00002021   debug_board
000020a5   spawn_new_tetrominoe
00002105   get_next_tetrominoe
00002171   draw_next_tetrominoe_on_side
000021a1   erase_next_tetrominoe_on_side
000021d1   clear_full_rows
0000227b   temp_fill_cells
000022f9   redraw_empty_cells
00002377   try_rotate_current_tetrominoe
0000239d   try_shift_current_tetrominoe
000023cb   full_drop_current_tetrominoe
000023f7   update_score_display
00002411   update_level_display
0000242d   update_score_and_level
00002475   xQueueCreate
0000251b   xQueueCreateMutex
00002583   xQueueCreateCountingSemaphore
000025a1   xQueueGenericSend
00002689   xQueueGenericSendFromISR
000026f3   xQueueGenericReceive
00002827   xQueueReceiveFromISR
0000288f   uxQueueMessagesWaiting
000028a5   uxQueueMessagesWaitingFromISR
000028b7   vQueueDelete
00002a31   xQueueIsQueueEmptyFromISR
00002a6b   xQueueIsQueueFullFromISR
00002afd   EEPROMInit
00002b41   EEPROMSizeGet
00002b4d   EEPROMBlockCountGet
00002b5b   EEPROMRead
00002bad   EEPROMProgram
00002c87   EEPROMProgramNonBlocking
00002cc9   EEPROMMassErase
00002d07   EEPROMBlockProtectGet
00002d1b   EEPROMBlockProtectSet
00002d3f   EEPROMBlockPasswordSet
00002d91   EEPROMBlockLock
00002db9   EEPROMBlockUnlock
00002e01   EEPROMBlockHide
00002e19   EEPROMIntEnable
00002e41   EEPROMIntDisable
00002e65   EEPROMIntStatus
00002e95   EEPROMIntClear
00002ebd   EEPROMStatusGet
00002ed1   urand
00002f0d   rand_range
00002f3f   initalise_random_number_generator
00002f4f   abs_modulo
00002f7f   symbols_in_number
000030e1   RIT128x96x4Clear
0000313d   RIT128x96x4StringDraw
0000327d   RIT128x96x4ImageDraw
00003305   RIT128x96x4Enable
0000335f   RIT128x96x4Disable
000033d9   RIT128x96x4Init
0000347d   RIT128x96x4DisplayOn
000034b1   RIT128x96x4DisplayOff
000034e9   write_string
00003511   write_image
0000353f   initalise_display
00003551   clear_display
00003561   write_tetris_number
000035e9   write_tetris_string
00003693   xDisplayTask
000036bb   execute_display_task
00003743   initalise_display_queue
0000375b   enqueue_display_task
000037a5   quick_initalise_screen
000037d9   quick_send_image
00003809   quick_clear_screen
0000382d   quick_send_number
0000385d   quick_send_string
00003891   quick_send_string_rit
000038e5   minit
00003971   malloc
000039d3   free
00003a93   realloc
00003b99   memalign
00003c79   calloc
00003cb1   write
00003d41   remove
00003d41   unlink
00003d65   rename
00003da3   remove_device
00003dcb   read
00003def   open
00003e9d   lseek
00003ec1   close
00003f13   add_device
00003fc1   HOSTwrite
0000400d   HOSTunlink
00004045   HOSTtime
0000407f   HOSTrename
000040dd   HOSTread
00004129   HOSTopen
0000417b   HOSTlseek
000041d7   HOSTgetenv
00004215   HOSTclose
0000424d   HOSTclock
00004295   main
000042cb   vTaskFunction
000042f5   vTaskDelayTest
00004337   tetronimoe_drop_test
000043bf   tetronimoe_drop_test2
00004449   vTaskImageFun
00004481   vDisplayRunning
000044c7   vButtonTest
000044ef   vApplicationMallocFailedHook
000044f1   vApplicationStackOverflowHook
000044fb   vApplicationIdleHook
000044fd   vApplicationTickHook
00004551   clear_board
00004583   get_board_value
000045a5   set_board_value
000045c9   get_next_complete_row
0000461f   num_complete_rows
0000467f   is_off_board
000046b3   is_occupied
000046dd   clear_row
00004717   trickle_down_column
00004767   highest_occupied_cell_in_column
0000479d   __aeabi_uldivmod
00004991   SysCtlClockGet
00004c31   __TI_cleanup
00004c5d   freopen
00004c87   fopen
00004d29   pvPortMalloc
00004e5b   vPortFree
00004ebd   xPortGetFreeHeapSize
00004ec3   vPortInitialiseBlocks
00004ee5   __aeabi_dsub
00004eef   __aeabi_dadd
0000509d   initalise_buttons
0000510d   initalise_button
00005123   read_button
0000514d   button_event_occurred
00005191   xButtonReadTask
0000520b   initalise_button_event_queue
00005223   enqueue_button_event
00005245   SysCtlClockSet
00005389   __aeabi_ddiv
000054c1   fputs
000055cb   puts
000055f5   vListInitialise
00005625   vListInitialiseItem
00005635   vListInsertEnd
00005679   vListInsert
000056df   vListRemove
00005723   __aeabi_dmul
00005821   pxPortInitialiseStack
00005869   xPortStartScheduler
00005891   vPortEndScheduler
00005893   vPortYieldFromISR
0000589d   vPortEnterCritical
000058ad   vPortExitCritical
000058c3   xPortSysTickHandler
00005905   setvbuf
000059e1   has_timed_out
00005a09   tick_difference
00005a37   start_timeout
00005a4d   timer_start
00005a67   timer_update
00005a97   timer_stop
00005aa9   elapsed_time_ms
00005abd   GPIOPadConfigSet
00005b85   __TI_doflush
00005bd1   fflush
00005c45   __TI_wrt_ok
00005ca7   __TI_rd_ok
00005cf5   xPortPendSVHandler
00005d2f   vPortSetInterruptMask
00005d3d   vPortClearInterruptMask
00005d4b   vPortSVCHandler
00005d69   vPortStartFirstTask
00005d7b   vPortEnableVFP
00005d8d   fputc
00005e11   putc
00005e15   putchar
00005e29   __aeabi_memcpy
00005e29   __aeabi_memcpy4
00005e29   __aeabi_memcpy8
00005e29   memcpy
00005ec5   __TI_closefile
00005f2b   fclose
00005f5d   __TI_auto_init
00005ff1   SysCtlPeripheralReset
00006079   __aeabi_cdcmpeq
00006079   __aeabi_cdcmple
000060ff   __aeabi_cdrcmple
00006185   __aeabi_memclr
00006185   __aeabi_memclr4
00006185   __aeabi_memclr8
00006187   __aeabi_memset
00006187   __aeabi_memset4
00006187   __aeabi_memset8
0000618d   memset
000061fd   reset_tetromineo
00006219   get_tetromineo_grid
0000622f   rotate_tetromineo
0000624f   shift_tetrominoe
00006279   printf
000062e1   fseek
00006345   vPrintString
00006369   vPrintStringAndNumber
000063a5   sprintf
00006405   __TI_writemsg
0000642f   C$$IO$$
00006433   __TI_readmsg
000064c3   ltoa
0000651d   SysCtlPeripheralEnable
00006575   atoi
000065c1   __aeabi_d2iz
00006609   SSIConfigSetExpClk
0000664d   copy_in
00006691   C$$EXIT
00006695   abort
0000669d   exit
000066d5   _Dtest
00006719   _c_int00
0000674d   strncpy
0000677d   GPIODirModeSet
000067ab   __aeabi_i2d
000067d9   memcmp
000067fb   memccpy
00006815   _args_main
0000682d   __aeabi_lmul
00006845   strcmp
0000685d   memchr
00006873   strchr
00006889   _register_unlock
0000688f   _register_lock
00006897   _nop
0000689d   strlen
000068b1   GPIOPinTypeGPIOOutput
000068c3   GPIOPinTypeSSI
000068d5   SSIDataGetNonBlocking
000068e7   __TI_zero_init
000068f9   strcpy
0000690b   __TI_decompress_none
00006919   _Dclass
00006927   ResetISR
00006933   SSIDataPut
0000693d   SSIDisable
00006947   SSIEnable
00006951   SSIBusy
00006959   GPIOPinRead
0000695f   GPIOPinWrite
00006965   SysCtlDelay
0000696b   __TI_decompress_rle24
00006970   TETRIS_BACKGROUND_DATA
000078f0   CUBE
000078fc   SMALL_CUBE
00007908   FULL_CELL
00007914   EMPTY_CELL
00007920   TETRIS_BACKGROUND
0000792c   NUMBER0
00007938   NUMBER1
00007944   NUMBER2
00007950   NUMBER3
0000795c   NUMBER4
00007968   NUMBER5
00007974   NUMBER6
00007980   NUMBER7
0000798c   NUMBER8
00007998   NUMBER9
000079a4   RUNNING_ANIMATION0
000079b0   RUNNING_ANIMATION1
000079bc   RUNNING_ANIMATION2
000079c8   RUNNING_ANIMATION3
000079d4   LETTER_A
000079e0   LETTER_B
000079ec   LETTER_C
000079f8   LETTER_D
00007a04   LETTER_E
00007a10   LETTER_F
00007a1c   LETTER_G
00007a28   LETTER_H
00007a34   LETTER_I
00007a40   LETTER_J
00007a4c   LETTER_K
00007a58   LETTER_L
00007a64   LETTER_M
00007a70   LETTER_N
00007a7c   LETTER_O
00007a88   LETTER_P
00007a94   LETTER_Q
00007aa0   LETTER_R
00007aac   LETTER_S
00007ab8   LETTER_T
00007ac4   LETTER_U
00007ad0   LETTER_V
00007adc   LETTER_W
00007ae8   LETTER_X
00007af4   LETTER_Y
00007b00   LETTER_Z
00007b0c   LETTER__
00007b18   LETTER_UNDEFINED
00007d04   NUMBER0_DATA
00007d0d   NUMBER1_DATA
00007d16   NUMBER2_DATA
00007d1f   NUMBER3_DATA
00007d28   NUMBER4_DATA
00007d31   NUMBER5_DATA
00007d3a   NUMBER6_DATA
00007d43   NUMBER7_DATA
00007d4c   NUMBER8_DATA
00007d55   NUMBER9_DATA
00007d5e   RUNNING_ANIMATION0_DATA
00007d60   RUNNING_ANIMATION1_DATA
00007d62   RUNNING_ANIMATION2_DATA
00007d64   RUNNING_ANIMATION3_DATA
00007d66   LETTER_A_DATA
00007d6f   LETTER_B_DATA
00007d78   LETTER_C_DATA
00007d81   LETTER_D_DATA
00007d8a   LETTER_E_DATA
00007d93   LETTER_F_DATA
00007d9c   LETTER_G_DATA
00007da5   LETTER_H_DATA
00007dae   LETTER_I_DATA
00007db7   LETTER_J_DATA
00007dc0   LETTER_K_DATA
00007dc9   LETTER_L_DATA
00007dd2   LETTER_M_DATA
00007de1   LETTER_N_DATA
00007dea   LETTER_O_DATA
00007df3   LETTER_P_DATA
00007dfc   LETTER_Q_DATA
00007e08   LETTER_R_DATA
00007e11   LETTER_S_DATA
00007e1a   LETTER_T_DATA
00007e23   LETTER_U_DATA
00007e2c   LETTER_V_DATA
00007e35   LETTER_W_DATA
00007e44   LETTER_X_DATA
00007e4d   LETTER_Y_DATA
00007e56   LETTER_Z_DATA
00007e5f   LETTER___DATA
00007e68   LETTER_UNDEFINED_DATA
00007e72   _ctypes_
0000817c   i_pose1
000081bc   i_pose2
000081fc   ll_pose1
0000823c   ll_pose2
0000827c   ll_pose3
000082bc   ll_pose4
000082fc   lz_pose1
0000833c   lz_pose2
0000837c   rl_pose1
000083bc   rl_pose2
000083fc   rl_pose3
0000843c   rl_pose4
0000847c   rz_pose1
000084bc   rz_pose2
000084fc   s_pose1
0000853c   t_pose1
0000857c   t_pose2
000085bc   t_pose3
000085fc   t_pose4
0000863c   CUBE_DATA
00008644   SMALL_CUBE_DATA
00008648   FULL_CELL_DATA
0000865a   EMPTY_CELL_DATA
00008924   __TI_Handler_Table_Base
00008930   __TI_Handler_Table_Limit
00008938   __TI_CINIT_Base
00008948   __TI_CINIT_Limit
20002800   grid
20002b20   __CIOBUF_
20002c40   __TI_tmpnams
20002df4   seed
20002df8   __stack
20002ef8   __STACK_TOP
20004df8   __STACK_END
20004df8   _sys_memory
200055f8   _ftable
200057b8   block0
200057d4   block1
200057f0   block2
2000580c   block3
20005828   block4
20005844   block5
20005860   block6
2000587c   FONT
200058f4   UP
2000590c   DOWN
20005924   RIGHT
2000593c   LEFT
20005954   BUTTONS
20005964   pxCurrentTCB
20005994   base_game
200059c0   DISPLAY_QUEUE_ERROR_MESSAGE
200059c4   SCORE_STRING
200059c8   LEVEL_STRING
200059cc   NEXT_STRING
200059d0   FINAL_SCORE_STRING
200059d4   LEVELS_CLEARED_STRING
200059d8   THANKS_STRING
200059dc   TEMP_GAME_OVER_STRING
200059e0   AUTHOR_STRING
200059e4   VERSION_STRING
200059e8   TEMP_TETRIS_STRING
200059ec   NUMBERS
20005a14   game_board
20005a20   tetrominoes
20005a3c   RUNNING_ANIMATION
20005a4c   __TI_ft_end
20005a50   __aeabi_stdin
20005a54   __aeabi_stdout
20005a58   __aeabi_stderr
20005a70   _lock
20005a74   _unlock
20005a78   __TI_cleanup_ptr
20005a7c   __TI_dtors_ptr
20005a88   main_func_sp
20005a8c   MAX_PORT_TICK_VALUE
ffffffff   __binit__
ffffffff   __c_args__
ffffffff   binit
UNDEFED    SHT$$INIT_ARRAY$$Base
UNDEFED    SHT$$INIT_ARRAY$$Limit

[469 symbols]
