******************************************************************************
                  TI ARM Linker PC v5.1.6                      
******************************************************************************
>> Linked Wed Aug 10 16:41:53 2016

OUTPUT FILE NAME:   <ENCE463-Tetris.out>
ENTRY POINT SYMBOL: "_c_int00"  address: 00006a7d


MEMORY CONFIGURATION

         name            origin    length      used     unused   attr    fill
----------------------  --------  ---------  --------  --------  ----  --------
  FLASH                 00000000   00040000  00009df4  0003620c  R  X
  SRAM                  20000000   00010000  0000807c  00007f84  RW X


SEGMENT ALLOCATION MAP

run origin  load origin   length   init length attrs members
----------  ----------- ---------- ----------- ----- -------
00000000    00000000    00009df8   00009df8    r-x
  00000000    00000000    000000f0   000000f0    r-- .intvecs
  000000f0    000000f0    00006be4   00006be4    r-x .text
  00006cd4    00006cd4    00002e10   00002e10    r-- .const
  00009ae8    00009ae8    00000310   00000310    r-- .cinit
20000000    20000000    0000807c   00000000    rw-
  20000000    20000000    00003200   00000000    rw- .sysmem
  20003200    20003200    00003118   00000000    rw- .bss
  20006318    20006318    00001800   00000000    rw- .stack
  20007b18    20007b18    00000564   00000000    rw- .data


SECTION ALLOCATION MAP

 output                                  attributes/
section   page    origin      length       input sections
--------  ----  ----------  ----------   ----------------
.intvecs   0    00000000    000000f0     
                  00000000    000000f0     startup_ccs.obj (.intvecs)

.text      0    000000f0    00006be4     
                  000000f0    00000ebc     rtsv7M3_T_le_eabi.lib : _printfi.obj (.text)
                  00000fac    00000b48     game_engine.obj (.text)
                  00001af4    00000ab8     tasks.obj (.text)
                  000025ac    00000614     queue.obj (.text)
                  00002bc0    00000550     math.obj (.text)
                  00003110    00000510     rit128x96x4.obj (.text)
                  00003620    00000480     display.obj (.text)
                  00003aa0    000003cc     rtsv7M3_T_le_eabi.lib : memory.obj (.text)
                  00003e6c    0000032e     board.obj (.text)
                  0000419a    00000002     --HOLE-- [fill = 0]
                  0000419c    00000310     rtsv7M3_T_le_eabi.lib : lowlev.obj (.text)
                  000044ac    000002d4                           : trgdrv.obj (.text)
                  00004780    000002c8     screen_draw.obj (.text)
                  00004a48    000001f4     rtsv7M3_T_le_eabi.lib : ull_div_t2.obj (.text)
                  00004c3c    000001d8     driverlib-cm3.lib : sysctl.obj (.text:SysCtlClockGet)
                  00004e14    000001c0     rtsv7M3_T_le_eabi.lib : fopen.obj (.text)
                  00004fd4    000001bc     heap_2.obj (.text)
                  00005190    000001b6     rtsv7M3_T_le_eabi.lib : fd_add_t2.obj (.text)
                  00005346    00000002     --HOLE-- [fill = 0]
                  00005348    00000178     buttons.obj (.text)
                  000054c0    00000144     driverlib-cm3.lib : sysctl.obj (.text:SysCtlClockSet)
                  00005604    00000136     rtsv7M3_T_le_eabi.lib : fd_div_t2.obj (.text)
                  0000573a    00000002     --HOLE-- [fill = 0]
                  0000573c    00000134                           : fputs.obj (.text)
                  00005870    0000012e     list.obj (.text)
                  0000599e    000000fc     rtsv7M3_T_le_eabi.lib : fd_mul_t2.obj (.text)
                  00005a9a    00000002     --HOLE-- [fill = 0]
                  00005a9c    000000e8     main.obj (.text)
                  00005b84    000000e4     port.obj (.text)
                  00005c68    000000dc     rtsv7M3_T_le_eabi.lib : setvbuf.obj (.text)
                  00005d44    000000dc     timer.obj (.text)
                  00005e20    000000c8     driverlib-cm3.lib : gpio.obj (.text:GPIOPadConfigSet)
                  00005ee8    000000c0     rtsv7M3_T_le_eabi.lib : fflush.obj (.text)
                  00005fa8    000000ac                           : _io_perm.obj (.text)
                  00006054    0000009c     portasm.obj (.text)
                  000060f0    0000009c     rtsv7M3_T_le_eabi.lib : fputc.obj (.text)
                  0000618c    0000009c                           : memcpy_t2.obj (.text)
                  00006228    00000098                           : fclose.obj (.text)
                  000062c0    00000094                           : auto_init.obj (.text)
                  00006354    00000088     driverlib-cm3.lib : sysctl.obj (.text:SysCtlPeripheralReset)
                  000063dc    00000086     rtsv7M3_T_le_eabi.lib : fd_cmp_t2.obj (.text:__aeabi_cdcmple)
                  00006462    00000086                           : fd_cmp_t2.obj (.text:__aeabi_cdrcmple)
                  000064e8    00000078                           : memset_t2.obj (.text)
                  00006560    00000074     tetrominoe.obj (.text)
                  000065d4    00000070     rtsv7M3_T_le_eabi.lib : printf.obj (.text)
                  00006644    00000064                           : fseek.obj (.text)
                  000066a8    00000060     basic_io.obj (.text)
                  00006708    00000060     rtsv7M3_T_le_eabi.lib : sprintf.obj (.text)
                  00006768    00000060                           : trgmsg.obj (.text)
                  000067c8    0000005e                           : copy_decompress_rle.obj (.text)
                  00006826    0000005a                           : ltoa.obj (.text)
                  00006880    00000058     driverlib-cm3.lib : sysctl.obj (.text:SysCtlPeripheralEnable)
                  000068d8    0000004c     rtsv7M3_T_le_eabi.lib : atoi.obj (.text)
                  00006924    00000048                           : fd_toi_t2.obj (.text)
                  0000696c    00000044     driverlib-cm3.lib : ssi.obj (.text:SSIConfigSetExpClk)
                  000069b0    00000044     rtsv7M3_T_le_eabi.lib : cpy_tbl.obj (.text)
                  000069f4    00000044                           : exit.obj (.text)
                  00006a38    00000044                           : xdtest.obj (.text)
                  00006a7c    00000034                           : boot.obj (.text)
                  00006ab0    00000030                           : strncpy.obj (.text)
                  00006ae0    0000002e     driverlib-cm3.lib : gpio.obj (.text:GPIODirModeSet)
                  00006b0e    0000002e     rtsv7M3_T_le_eabi.lib : i_tofd_t2.obj (.text)
                  00006b3c    00000022                           : memcmp.obj (.text)
                  00006b5e    0000001a                           : memccpy.obj (.text)
                  00006b78    00000018                           : args_main.obj (.text)
                  00006b90    00000018                           : ll_mul_t2.obj (.text)
                  00006ba8    00000018                           : strcmp.obj (.text)
                  00006bc0    00000016                           : memchr.obj (.text)
                  00006bd6    00000016                           : strchr.obj (.text)
                  00006bec    00000014                           : _lock.obj (.text)
                  00006c00    00000014                           : strlen.obj (.text)
                  00006c14    00000012     driverlib-cm3.lib : gpio.obj (.text:GPIOPinTypeGPIOOutput)
                  00006c26    00000012                       : gpio.obj (.text:GPIOPinTypeSSI)
                  00006c38    00000012                       : ssi.obj (.text:SSIDataGetNonBlocking)
                  00006c4a    00000012     rtsv7M3_T_le_eabi.lib : copy_zero_init.obj (.text:decompress:ZI)
                  00006c5c    00000012                           : strcpy.obj (.text)
                  00006c6e    0000000e                           : copy_decompress_none.obj (.text:decompress:none)
                  00006c7c    0000000e                           : xdclass.obj (.text)
                  00006c8a    0000000c     startup_ccs.obj (.text)
                  00006c96    0000000a     driverlib-cm3.lib : ssi.obj (.text:SSIDataPut)
                  00006ca0    0000000a                       : ssi.obj (.text:SSIDisable)
                  00006caa    0000000a                       : ssi.obj (.text:SSIEnable)
                  00006cb4    00000008                       : ssi.obj (.text:SSIBusy)
                  00006cbc    00000006                       : gpio.obj (.text:GPIOPinRead)
                  00006cc2    00000006                       : gpio.obj (.text:GPIOPinWrite)
                  00006cc8    00000006                       : sysctl.obj (.text:SysCtlDelay)
                  00006cce    00000006     rtsv7M3_T_le_eabi.lib : copy_decompress_rle.obj (.text:decompress:rle24)

.const     0    00006cd4    00002e10     
                  00006cd4    00000f80     tetris_background.obj (.const:.string:TETRIS_BACKGROUND_DATA)
                  00007c54    00000960     tetris_start_screen.obj (.const:.string:START_SCREEN_DATA)
                  000085b4    00000420     game_over_screen.obj (.const:.string:GAME_OVER_DATA)
                  000089d4    00000294     images.obj (.const)
                  00008c68    000001e0     rit128x96x4.obj (.const:g_pucFont)
                  00008e48    0000016d     text_images.obj (.const:.string)
                  00008fb5    00000001     --HOLE-- [fill = 0]
                  00008fb6    00000002     heap_2.obj (.const)
                  00008fb8    00000140     strings.obj (.const:.string)
                  000090f8    00000134     images.obj (.const:.string:NEXT_TETROMINOE_BOARDER_DATA)
                  0000922c    00000102     rtsv7M3_T_le_eabi.lib : ctype.obj (.const:.string:_ctypes_)
                  0000932e    00000002     --HOLE-- [fill = 0]
                  00009330    00000080     display.obj (.const)
                  000093b0    0000006c     driverlib-cm3.lib : sysctl.obj (.const:g_pulXtals)
                  0000941c    0000005f     images.obj (.const:.string)
                  0000947b    0000004f     rit128x96x4.obj (.const:.string:g_pucRIT128x96x4Init)
                  000094ca    00000002     --HOLE-- [fill = 0]
                  000094cc    00000040     driverlib-cm3.lib : sysctl.obj (.const)
                  0000950c    00000040     tetrominoe.obj (.const:i_pose1)
                  0000954c    00000040     tetrominoe.obj (.const:i_pose2)
                  0000958c    00000040     tetrominoe.obj (.const:ll_pose1)
                  000095cc    00000040     tetrominoe.obj (.const:ll_pose2)
                  0000960c    00000040     tetrominoe.obj (.const:ll_pose3)
                  0000964c    00000040     tetrominoe.obj (.const:ll_pose4)
                  0000968c    00000040     tetrominoe.obj (.const:lz_pose1)
                  000096cc    00000040     tetrominoe.obj (.const:lz_pose2)
                  0000970c    00000040     tetrominoe.obj (.const:rl_pose1)
                  0000974c    00000040     tetrominoe.obj (.const:rl_pose2)
                  0000978c    00000040     tetrominoe.obj (.const:rl_pose3)
                  000097cc    00000040     tetrominoe.obj (.const:rl_pose4)
                  0000980c    00000040     tetrominoe.obj (.const:rz_pose1)
                  0000984c    00000040     tetrominoe.obj (.const:rz_pose2)
                  0000988c    00000040     tetrominoe.obj (.const:s_pose1)
                  000098cc    00000040     tetrominoe.obj (.const:t_pose1)
                  0000990c    00000040     tetrominoe.obj (.const:t_pose2)
                  0000994c    00000040     tetrominoe.obj (.const:t_pose3)
                  0000998c    00000040     tetrominoe.obj (.const:t_pose4)
                  000099cc    00000032     images.obj (.const:.string:DOWN_BUTTON_ICON_DATA)
                  000099fe    00000032     images.obj (.const:.string:LEFT_BUTTON_ICON_DATA)
                  00009a30    00000032     images.obj (.const:.string:RIGHT_BUTTON_ICON_DATA)
                  00009a62    00000032     images.obj (.const:.string:UP_BUTTON_ICON_DATA)
                  00009a94    00000030     game_engine.obj (.const)
                  00009ac4    00000014     tasks.obj (.const:.string)
                  00009ad8    0000000c     rit128x96x4.obj (.const:.string)

.cinit     0    00009ae8    00000310     
                  00009ae8    000002e8     (.cinit..data.load) [load image, compression = rle]
                  00009dd0    0000000c     (__TI_handler_table)
                  00009ddc    00000004     --HOLE-- [fill = 0]
                  00009de0    00000008     (.cinit..bss.load) [load image, compression = zero_init]
                  00009de8    00000010     (__TI_cinit_table)

.sysmem    0    20000000    00003200     UNINITIALIZED
                  20000000    00000008     rtsv7M3_T_le_eabi.lib : memory.obj (.sysmem)
                  20000008    000031f8     --HOLE--

.bss       0    20003200    00003118     UNINITIALIZED
                  20003200    00002800     heap_2.obj (.bss:xHeap)
                  20005a00    00000320     game_engine.obj (.bss:grid)
                  20005d20    00000320     game_engine.obj (.bss:temp_board_grid)
                  20006040    00000120     rtsv7M3_T_le_eabi.lib : trgmsg.obj (.bss:__CIOBUF_)
                  20006160    000000a0                           : defs.obj (.bss:__TI_tmpnams)
                  20006200    00000064     tasks.obj (.bss:pxReadyTasksLists)
                  20006264    00000034     basic_io.obj (.bss:cBuffer)
                  20006298    00000014     (.common:xDelayedTaskList1)
                  200062ac    00000014     (.common:xDelayedTaskList2)
                  200062c0    00000014     (.common:xPendingReadyList)
                  200062d4    00000014     (.common:xTasksWaitingTermination)
                  200062e8    00000008     (.common:g_pucBuffer)
                  200062f0    00000008     (.common:parmbuf)
                  200062f8    00000008     (.common:xEnd)
                  20006300    00000008     (.common:xStart)
                  20006308    00000004     (.common:g_ulSSIFlags)
                  2000630c    00000004     (.common:pxDelayedTaskList)
                  20006310    00000004     (.common:pxOverflowDelayedTaskList)
                  20006314    00000004     (.common:seed)

.stack     0    20006318    00001800     UNINITIALIZED
                  20006318    00001800     --HOLE--

.data      0    20007b18    00000564     UNINITIALIZED
                  20007b18    000000f0     rtsv7M3_T_le_eabi.lib : defs.obj (.data:_ftable)
                  20007c08    000000d0                           : lowlev.obj (.data)
                  20007cd8    000000c4     tetrominoe.obj (.data)
                  20007d9c    00000078     images.obj (.data:FONT)
                  20007e14    00000070     buttons.obj (.data)
                  20007e84    00000058     strings.obj (.data)
                  20007edc    00000050     game_engine.obj (.data)
                  20007f2c    00000050     game_engine.obj (.data:tick_rates)
                  20007f7c    00000038     game_engine.obj (.data:base_game)
                  20007fb4    00000030     tasks.obj (.data)
                  20007fe4    00000028     images.obj (.data:NUMBERS)
                  2000800c    00000024     timer.obj (.data:DEBUG_TIMERS)
                  20008030    00000010     rtsv7M3_T_le_eabi.lib : defs.obj (.data)
                  20008040    0000000c                           : memory.obj (.data)
                  2000804c    00000008     display.obj (.data)
                  20008054    00000008     heap_2.obj (.data)
                  2000805c    00000008     rtsv7M3_T_le_eabi.lib : _lock.obj (.data)
                  20008064    00000008                           : exit.obj (.data)
                  2000806c    00000004     port.obj (.data)
                  20008070    00000004     rtsv7M3_T_le_eabi.lib : fopen.obj (.data)
                  20008074    00000004                           : stkdepth_vars.obj (.data)
                  20008078    00000004     timer.obj (.data)


LINKER GENERATED COPY TABLES

__TI_cinit_table @ 00009de8 records: 2, size/record: 8, table size: 16
	.data: load addr=00009ae8, load size=000002e8 bytes, run addr=20007b18, run size=00000564 bytes, compression=rle
	.bss: load addr=00009de0, load size=00000008 bytes, run addr=20003200, run size=00003118 bytes, compression=zero_init


LINKER GENERATED HANDLER TABLE

__TI_handler_table @ 00009dd0 records: 3, size/record: 4, table size: 12
	index: 0, handler: __TI_decompress_rle24
	index: 1, handler: __TI_decompress_none
	index: 2, handler: __TI_zero_init


GLOBAL SYMBOLS: SORTED ALPHABETICALLY BY Name 

address    name
--------   ----
20007ed8   ANY_KEY_TO_CONTINUE_STRING
20007eb8   AUTHOR_STRING
20008050   AVERAGE_TIMEOUT
20007e74   BUTTONS
000089f8   BUTTON_ICON
00009452   BUTTON_ICON_DATA
000069f5   C$$EXIT
00006793   C$$IO$$
20007ec8   DEBUG_AVERAGE_INPUT_DELAY_STRING
20007ecc   DEBUG_MAXIMUM_INPUT_DELAY_STRING
20007ed0   DEBUG_SYSTEM_TICK_RATE_STRING
2000800c   DEBUG_TIMERS
20007ec4   DEBUG_TITLE_STRING
20007e84   DISPLAY_QUEUE_ERROR_MESSAGE
20007e2c   DOWN
00008a10   DOWN_BUTTON_ICON
000099cc   DOWN_BUTTON_ICON_DATA
20007eac   DROP_HELP_MSG
00002c85   EEPROMBlockCountGet
00002f39   EEPROMBlockHide
00002ec9   EEPROMBlockLock
00002e77   EEPROMBlockPasswordSet
00002e3f   EEPROMBlockProtectGet
00002e53   EEPROMBlockProtectSet
00002ef1   EEPROMBlockUnlock
00002c35   EEPROMInit
00002fcd   EEPROMIntClear
00002f79   EEPROMIntDisable
00002f51   EEPROMIntEnable
00002f9d   EEPROMIntStatus
00002e01   EEPROMMassErase
00002ce5   EEPROMProgram
00002dbf   EEPROMProgramNonBlocking
00002c93   EEPROMRead
00002c79   EEPROMSizeGet
00002ff5   EEPROMStatusGet
000089e0   EMPTY_CELL
00009440   EMPTY_CELL_DATA
20007e94   FINAL_SCORE_STRING
20007d9c   FONT
000089d4   FULL_CELL
0000941c   FULL_CELL_DATA
000085b4   GAME_OVER_DATA
00008a4c   GAME_OVER_SCREEN
20007ed4   GAME_REFRESH_RATE_STRING
00006ae1   GPIODirModeSet
00005e21   GPIOPadConfigSet
00006cbd   GPIOPinRead
00006c15   GPIOPinTypeGPIOOutput
00006c27   GPIOPinTypeSSI
00006cc3   GPIOPinWrite
00004739   HOSTclock
00004701   HOSTclose
000046c3   HOSTgetenv
00004667   HOSTlseek
00004615   HOSTopen
000045c9   HOSTread
0000456b   HOSTrename
00004531   HOSTtime
000044f9   HOSTunlink
000044ad   HOSTwrite
20007e5c   LEFT
00008a1c   LEFT_BUTTON_ICON
000099fe   LEFT_BUTTON_ICON_DATA
20007eb0   LEFT_HELP_MSG
00008b18   LETTER_A
00008eaa   LETTER_A_DATA
00008b24   LETTER_B
00008eb3   LETTER_B_DATA
00008b30   LETTER_C
00008ebc   LETTER_C_DATA
00008b3c   LETTER_D
00008ec5   LETTER_D_DATA
00008b48   LETTER_E
00008ece   LETTER_E_DATA
00008b54   LETTER_F
00008ed7   LETTER_F_DATA
00008b60   LETTER_G
00008ee0   LETTER_G_DATA
00008b6c   LETTER_H
00008ee9   LETTER_H_DATA
00008b78   LETTER_I
00008ef2   LETTER_I_DATA
00008b84   LETTER_J
00008efb   LETTER_J_DATA
00008b90   LETTER_K
00008f04   LETTER_K_DATA
00008b9c   LETTER_L
00008f0d   LETTER_L_DATA
00008ba8   LETTER_M
00008f16   LETTER_M_DATA
00008bb4   LETTER_N
00008f25   LETTER_N_DATA
00008bc0   LETTER_O
00008f2e   LETTER_O_DATA
00008bcc   LETTER_P
00008f37   LETTER_P_DATA
00008bd8   LETTER_Q
00008f40   LETTER_Q_DATA
00008be4   LETTER_R
00008f4c   LETTER_R_DATA
00008bf0   LETTER_S
00008f55   LETTER_S_DATA
00008bfc   LETTER_T
00008f5e   LETTER_T_DATA
00008c08   LETTER_U
00008c5c   LETTER_UNDEFINED
00008fac   LETTER_UNDEFINED_DATA
00008f67   LETTER_U_DATA
00008c14   LETTER_V
00008f70   LETTER_V_DATA
00008c20   LETTER_W
00008f79   LETTER_W_DATA
00008c2c   LETTER_X
00008f88   LETTER_X_DATA
00008c38   LETTER_Y
00008f91   LETTER_Y_DATA
00008c44   LETTER_Z
00008f9a   LETTER_Z_DATA
00008c50   LETTER__
00008fa3   LETTER___DATA
20007e98   LEVELS_CLEARED_STRING
20007e8c   LEVEL_STRING
20008078   MAX_PORT_TICK_VALUE
2000804c   MAX_TIMEOUT
00008a64   NEGATIVE_SYMBOL_IMAGE
00009472   NEGATIVE_SYMBOL_IMAGE_DATA
20007e90   NEXT_STRING
00008a40   NEXT_TETROMINOE_BOARDER
000090f8   NEXT_TETROMINOE_BOARDER_DATA
00008a70   NUMBER0
00008e48   NUMBER0_DATA
00008a7c   NUMBER1
00008e51   NUMBER1_DATA
00008a88   NUMBER2
00008e5a   NUMBER2_DATA
00008a94   NUMBER3
00008e63   NUMBER3_DATA
00008aa0   NUMBER4
00008e6c   NUMBER4_DATA
00008aac   NUMBER5
00008e75   NUMBER5_DATA
00008ab8   NUMBER6
00008e7e   NUMBER6_DATA
00008ac4   NUMBER7
00008e87   NUMBER7_DATA
00008ad0   NUMBER8
00008e90   NUMBER8_DATA
00008adc   NUMBER9
00008e99   NUMBER9_DATA
20007fe4   NUMBERS
20007e44   RIGHT
00008a28   RIGHT_BUTTON_ICON
00009a30   RIGHT_BUTTON_ICON_DATA
20007eb4   RIGHT_HELP_MSG
00003219   RIT128x96x4Clear
00003497   RIT128x96x4Disable
000035e9   RIT128x96x4DisplayOff
000035b5   RIT128x96x4DisplayOn
0000343d   RIT128x96x4Enable
000033b5   RIT128x96x4ImageDraw
00003511   RIT128x96x4Init
00003275   RIT128x96x4StringDraw
20007ea8   ROTATE_HELP_MSG
20007ea4   ROWS_COMPLETED_STRING
00008ae8   RUNNING_ANIMATION0
00008ea2   RUNNING_ANIMATION0_DATA
00008af4   RUNNING_ANIMATION1
00008ea4   RUNNING_ANIMATION1_DATA
00008b00   RUNNING_ANIMATION2
00008ea6   RUNNING_ANIMATION2_DATA
00008b0c   RUNNING_ANIMATION3
00008ea8   RUNNING_ANIMATION3_DATA
00006c8b   ResetISR
20007e88   SCORE_STRING
000089ec   SHADOW_CELL
0000942e   SHADOW_CELL_DATA
UNDEFED    SHT$$INIT_ARRAY$$Base
UNDEFED    SHT$$INIT_ARRAY$$Limit
00006cb5   SSIBusy
0000696d   SSIConfigSetExpClk
00006c39   SSIDataGetNonBlocking
00006c97   SSIDataPut
00006ca1   SSIDisable
00006cab   SSIEnable
00007c54   START_SCREEN_DATA
00004c3d   SysCtlClockGet
000054c1   SysCtlClockSet
00006cc9   SysCtlDelay
00006881   SysCtlPeripheralEnable
00006355   SysCtlPeripheralReset
20007ea0   TEMP_GAME_OVER_STRING
20007ec0   TEMP_TETRIS_STRING
00008a34   TETRIS_BACKGROUND
00006cd4   TETRIS_BACKGROUND_DATA
00008a58   TETRIS_START_SCREEN
20007e9c   THANKS_STRING
20007e14   UP
00008a04   UP_BUTTON_ICON
00009a62   UP_BUTTON_ICON_DATA
20007ebc   VERSION_STRING
00006c7d   _Dclass
00006a39   _Dtest
20006040   __CIOBUF_
20007b18   __STACK_END
00001800   __STACK_SIZE
20006418   __STACK_TOP
00003200   __SYSMEM_SIZE
00009de8   __TI_CINIT_Base
00009df8   __TI_CINIT_Limit
00009dd0   __TI_Handler_Table_Base
00009ddc   __TI_Handler_Table_Limit
00000001   __TI_args_main
000062c1   __TI_auto_init
00004edd   __TI_cleanup
20008064   __TI_cleanup_ptr
00006229   __TI_closefile
00006c6f   __TI_decompress_none
00006ccf   __TI_decompress_rle24
00005ee9   __TI_doflush
20008068   __TI_dtors_ptr
20008030   __TI_ft_end
00000ca3   __TI_printfi
0000600b   __TI_rd_ok
00006797   __TI_readmsg
00000000   __TI_static_base__
20006160   __TI_tmpnams
00006769   __TI_writemsg
00005fa9   __TI_wrt_ok
00006c4b   __TI_zero_init
000063dd   __aeabi_cdcmpeq
000063dd   __aeabi_cdcmple
00006463   __aeabi_cdrcmple
00006925   __aeabi_d2iz
0000519b   __aeabi_dadd
00005605   __aeabi_ddiv
0000599f   __aeabi_dmul
00005191   __aeabi_dsub
00006b0f   __aeabi_i2d
00006b91   __aeabi_lmul
000064e9   __aeabi_memclr
000064e9   __aeabi_memclr4
000064e9   __aeabi_memclr8
0000618d   __aeabi_memcpy
0000618d   __aeabi_memcpy4
0000618d   __aeabi_memcpy8
000064eb   __aeabi_memset
000064eb   __aeabi_memset4
000064eb   __aeabi_memset8
2000803c   __aeabi_stderr
20008034   __aeabi_stdin
20008038   __aeabi_stdout
00004a49   __aeabi_uldivmod
ffffffff   __binit__
ffffffff   __c_args__
20006318   __stack
00006b79   _args_main
00006a7d   _c_int00
0000922c   _ctypes_
20007b18   _ftable
2000805c   _lock
00006bfb   _nop
00006bf3   _register_lock
00006bed   _register_unlock
20000000   _sys_memory
20008060   _unlock
000069f9   abort
00003087   abs_modulo
000043ff   add_device
000068d9   atoi
20007f7c   base_game
ffffffff   binit
20007cd8   block0
20007cf4   block1
20007d10   block2
20007d2c   block3
20007d48   block4
20007d64   block5
20007d80   block6
0000413d   board_difference
000053c3   button_event_occurred
00001099   button_process_loop
00001437   calculate_tetris_grid_x_position
00001421   calculate_tetris_grid_y_position
00003e35   calloc
00001537   can_drop_current_tetrominoe
00001551   can_rotate_current_tetrominoe
00001563   can_shift_current_tetrominoe
00003e6d   clear_board
00003689   clear_display
000017ad   clear_full_rows
00004023   clear_row
000043ad   close
000040ed   copy_board
000069b1   copy_in
00001455   current_tetrominoe_can_occupy
00001601   debug_board
00001173   debug_screen_loop
20007f20   differences
000012a3   draw_current_tetrominoe
000012bf   draw_current_tetrominoe_as
00004939   draw_debug_screen
0000180b   draw_differences
0000174d   draw_next_tetrominoe_on_side
000048ad   draw_score_screen
00001371   draw_shadow_tetrominoe
00004781   draw_start_screen
00004853   draw_tetris_background
000012ed   draw_tetrominoe
00005e0d   elapsed_time_ms
0000549b   enqueue_button_event
00003909   enqueue_display_task
000012b1   erase_current_tetrominoe
0000177d   erase_next_tetrominoe_on_side
000013c5   erase_shadow_tetrominoe
00003819   execute_display_task
00006a01   exit
0000628f   fclose
00005f35   fflush
00004f33   fopen
000060f1   fputc
0000573d   fputs
00003b8f   free
00004f09   freopen
00006645   fseek
00001a1d   full_drop_current_tetrominoe
00000000   g_pfnVectors
20007edc   game_board
00000fd5   game_loop
000011a5   generic_wait_loop
00003e9f   get_board_value
0000128d   get_current_tetrominoe
00003f09   get_next_complete_row
000016e1   get_next_tetrominoe
0000657d   get_tetromineo_grid
20005a00   grid
00005d45   has_timed_out
000040b9   highest_occupied_cell_in_column
0000950c   i_pose1
0000954c   i_pose2
00005383   initalise_button
00005483   initalise_button_event_queue
00005349   initalise_buttons
00003677   initalise_display
000038eb   initalise_display_queue
000011fd   initalise_game
00003077   initalise_random_number_generator
00003ff9   is_occupied
00003fc5   is_off_board
0000958c   ll_pose1
000095cc   ll_pose2
0000960c   ll_pose3
0000964c   ll_pose4
00004389   lseek
00006827   ltoa
0000968c   lz_pose1
000096cc   lz_pose2
00005a9d   main
20008074   main_func_sp
00003b2d   malloc
00003d55   memalign
00006b5f   memccpy
00006bc1   memchr
00006b3d   memcmp
0000618d   memcpy
000064f1   memset
00003aa1   minit
00003f65   num_complete_rows
000042db   open
00001577   place_current_tetrominoe
000065dd   printf
000010fd   process_button_event
00006175   putc
00006179   putchar
00005847   puts
00004fd5   pvPortMalloc
20007fb4   pxCurrentTCB
00005b85   pxPortInitialiseStack
000039c1   quick_clear_screen
0000395d   quick_initalise_screen
00003991   quick_send_image
000039e5   quick_send_number
00003a15   quick_send_string
00003a45   quick_send_string_rit
00003045   rand_range
000042b7   read
00005399   read_button
00003c4f   realloc
0000193b   redraw_empty_cells
0000422d   remove
0000428f   remove_device
00004251   rename
00001213   reset_game
00006561   reset_tetromineo
0000970c   rl_pose1
0000974c   rl_pose2
0000978c   rl_pose3
000097cc   rl_pose4
00006593   rotate_tetromineo
0000980c   rz_pose1
0000984c   rz_pose2
0000988c   s_pose1
20007f04   score_bonuses
00001161   score_screen_loop
20006314   seed
00003ee5   set_board_value
00005c69   setvbuf
000065b3   shift_tetrominoe
00001681   spawn_new_tetrominoe
0000114f   splash_screen_loop
00006709   sprintf
00005d9b   start_timeout
00006bd7   strchr
00006ba9   strcmp
00006c5d   strcpy
00006c01   strlen
00006ab1   strncpy
000030b7   symbols_in_number
000098cc   t_pose1
0000990c   t_pose2
0000994c   t_pose3
0000998c   t_pose4
20007f14   temp_board
20005d20   temp_board_grid
000018bd   temp_fill_cells
20007ee8   tetrominoes
00005d6d   tick_difference
20007f2c   tick_rates
00005db1   timer_start
00005dfb   timer_stop
00005dcb   timer_update
0000406f   trickle_down_column
000019b9   try_rotate_current_tetrominoe
000019e5   try_shift_current_tetrominoe
0000422d   unlink
000038b1   update_latency
00001a5f   update_level_display
00001083   update_refresh_rate
00001a81   update_score_and_level
00001a49   update_score_display
00003009   urand
000029c7   uxQueueMessagesWaiting
000029dd   uxQueueMessagesWaitingFromISR
00001ff1   uxTaskGetNumberOfTasks
00001d85   uxTaskPriorityGet
00005b2b   vApplicationIdleHook
00005b1f   vApplicationMallocFailedHook
00005b21   vApplicationStackOverflowHook
00005b2d   vApplicationTickHook
00005871   vListInitialise
000058a1   vListInitialiseItem
000058f5   vListInsert
000058b1   vListInsertEnd
0000595b   vListRemove
000060a1   vPortClearInterruptMask
000060df   vPortEnableVFP
00005bf5   vPortEndScheduler
00005c01   vPortEnterCritical
00005c11   vPortExitCritical
00005107   vPortFree
0000516f   vPortInitialiseBlocks
000060af   vPortSVCHandler
00006093   vPortSetInterruptMask
000060cd   vPortStartFirstTask
00005bf7   vPortYieldFromISR
000066a9   vPrintString
000066cd   vPrintStringAndNumber
000029ef   vQueueDelete
00001d21   vTaskDelay
00001c71   vTaskDelayUntil
00001c09   vTaskDelete
00001eef   vTaskEndScheduler
00001ff7   vTaskIncrementTick
000022e1   vTaskMissedYield
00002165   vTaskPlaceOnEventList
0000251d   vTaskPriorityDisinherit
00002495   vTaskPriorityInherit
00001dc1   vTaskPrioritySet
00002251   vTaskSetTimeOutState
00001ea9   vTaskStartScheduler
00001f01   vTaskSuspendAll
000020a9   vTaskSwitchContext
0000419d   write
00003649   write_image
00003621   write_string
00003699   write_tetris_number
00003747   write_tetris_string
0000540f   xButtonReadTask
000037f1   xDisplayTask
00000fad   xGameEngineTask
00005169   xPortGetFreeHeapSize
00006059   xPortPendSVHandler
00005bcd   xPortStartScheduler
00005c27   xPortSysTickHandler
000025ad   xQueueCreate
000026bb   xQueueCreateCountingSemaphore
00002653   xQueueCreateMutex
0000282b   xQueueGenericReceive
000026d9   xQueueGenericSend
000027c1   xQueueGenericSendFromISR
00002b69   xQueueIsQueueEmptyFromISR
00002ba3   xQueueIsQueueFullFromISR
0000295f   xQueueReceiveFromISR
00002279   xTaskCheckForTimeOut
00001af5   xTaskGenericCreate
0000247b   xTaskGetCurrentTaskHandle
00001fdd   xTaskGetTickCount
000021cd   xTaskRemoveFromEventList
00001f19   xTaskResumeAll


GLOBAL SYMBOLS: SORTED BY Symbol Address 

address    name
--------   ----
00000000   __TI_static_base__
00000000   g_pfnVectors
00000001   __TI_args_main
00000ca3   __TI_printfi
00000fad   xGameEngineTask
00000fd5   game_loop
00001083   update_refresh_rate
00001099   button_process_loop
000010fd   process_button_event
0000114f   splash_screen_loop
00001161   score_screen_loop
00001173   debug_screen_loop
000011a5   generic_wait_loop
000011fd   initalise_game
00001213   reset_game
0000128d   get_current_tetrominoe
000012a3   draw_current_tetrominoe
000012b1   erase_current_tetrominoe
000012bf   draw_current_tetrominoe_as
000012ed   draw_tetrominoe
00001371   draw_shadow_tetrominoe
000013c5   erase_shadow_tetrominoe
00001421   calculate_tetris_grid_y_position
00001437   calculate_tetris_grid_x_position
00001455   current_tetrominoe_can_occupy
00001537   can_drop_current_tetrominoe
00001551   can_rotate_current_tetrominoe
00001563   can_shift_current_tetrominoe
00001577   place_current_tetrominoe
00001601   debug_board
00001681   spawn_new_tetrominoe
000016e1   get_next_tetrominoe
0000174d   draw_next_tetrominoe_on_side
0000177d   erase_next_tetrominoe_on_side
000017ad   clear_full_rows
00001800   __STACK_SIZE
0000180b   draw_differences
000018bd   temp_fill_cells
0000193b   redraw_empty_cells
000019b9   try_rotate_current_tetrominoe
000019e5   try_shift_current_tetrominoe
00001a1d   full_drop_current_tetrominoe
00001a49   update_score_display
00001a5f   update_level_display
00001a81   update_score_and_level
00001af5   xTaskGenericCreate
00001c09   vTaskDelete
00001c71   vTaskDelayUntil
00001d21   vTaskDelay
00001d85   uxTaskPriorityGet
00001dc1   vTaskPrioritySet
00001ea9   vTaskStartScheduler
00001eef   vTaskEndScheduler
00001f01   vTaskSuspendAll
00001f19   xTaskResumeAll
00001fdd   xTaskGetTickCount
00001ff1   uxTaskGetNumberOfTasks
00001ff7   vTaskIncrementTick
000020a9   vTaskSwitchContext
00002165   vTaskPlaceOnEventList
000021cd   xTaskRemoveFromEventList
00002251   vTaskSetTimeOutState
00002279   xTaskCheckForTimeOut
000022e1   vTaskMissedYield
0000247b   xTaskGetCurrentTaskHandle
00002495   vTaskPriorityInherit
0000251d   vTaskPriorityDisinherit
000025ad   xQueueCreate
00002653   xQueueCreateMutex
000026bb   xQueueCreateCountingSemaphore
000026d9   xQueueGenericSend
000027c1   xQueueGenericSendFromISR
0000282b   xQueueGenericReceive
0000295f   xQueueReceiveFromISR
000029c7   uxQueueMessagesWaiting
000029dd   uxQueueMessagesWaitingFromISR
000029ef   vQueueDelete
00002b69   xQueueIsQueueEmptyFromISR
00002ba3   xQueueIsQueueFullFromISR
00002c35   EEPROMInit
00002c79   EEPROMSizeGet
00002c85   EEPROMBlockCountGet
00002c93   EEPROMRead
00002ce5   EEPROMProgram
00002dbf   EEPROMProgramNonBlocking
00002e01   EEPROMMassErase
00002e3f   EEPROMBlockProtectGet
00002e53   EEPROMBlockProtectSet
00002e77   EEPROMBlockPasswordSet
00002ec9   EEPROMBlockLock
00002ef1   EEPROMBlockUnlock
00002f39   EEPROMBlockHide
00002f51   EEPROMIntEnable
00002f79   EEPROMIntDisable
00002f9d   EEPROMIntStatus
00002fcd   EEPROMIntClear
00002ff5   EEPROMStatusGet
00003009   urand
00003045   rand_range
00003077   initalise_random_number_generator
00003087   abs_modulo
000030b7   symbols_in_number
00003200   __SYSMEM_SIZE
00003219   RIT128x96x4Clear
00003275   RIT128x96x4StringDraw
000033b5   RIT128x96x4ImageDraw
0000343d   RIT128x96x4Enable
00003497   RIT128x96x4Disable
00003511   RIT128x96x4Init
000035b5   RIT128x96x4DisplayOn
000035e9   RIT128x96x4DisplayOff
00003621   write_string
00003649   write_image
00003677   initalise_display
00003689   clear_display
00003699   write_tetris_number
00003747   write_tetris_string
000037f1   xDisplayTask
00003819   execute_display_task
000038b1   update_latency
000038eb   initalise_display_queue
00003909   enqueue_display_task
0000395d   quick_initalise_screen
00003991   quick_send_image
000039c1   quick_clear_screen
000039e5   quick_send_number
00003a15   quick_send_string
00003a45   quick_send_string_rit
00003aa1   minit
00003b2d   malloc
00003b8f   free
00003c4f   realloc
00003d55   memalign
00003e35   calloc
00003e6d   clear_board
00003e9f   get_board_value
00003ee5   set_board_value
00003f09   get_next_complete_row
00003f65   num_complete_rows
00003fc5   is_off_board
00003ff9   is_occupied
00004023   clear_row
0000406f   trickle_down_column
000040b9   highest_occupied_cell_in_column
000040ed   copy_board
0000413d   board_difference
0000419d   write
0000422d   remove
0000422d   unlink
00004251   rename
0000428f   remove_device
000042b7   read
000042db   open
00004389   lseek
000043ad   close
000043ff   add_device
000044ad   HOSTwrite
000044f9   HOSTunlink
00004531   HOSTtime
0000456b   HOSTrename
000045c9   HOSTread
00004615   HOSTopen
00004667   HOSTlseek
000046c3   HOSTgetenv
00004701   HOSTclose
00004739   HOSTclock
00004781   draw_start_screen
00004853   draw_tetris_background
000048ad   draw_score_screen
00004939   draw_debug_screen
00004a49   __aeabi_uldivmod
00004c3d   SysCtlClockGet
00004edd   __TI_cleanup
00004f09   freopen
00004f33   fopen
00004fd5   pvPortMalloc
00005107   vPortFree
00005169   xPortGetFreeHeapSize
0000516f   vPortInitialiseBlocks
00005191   __aeabi_dsub
0000519b   __aeabi_dadd
00005349   initalise_buttons
00005383   initalise_button
00005399   read_button
000053c3   button_event_occurred
0000540f   xButtonReadTask
00005483   initalise_button_event_queue
0000549b   enqueue_button_event
000054c1   SysCtlClockSet
00005605   __aeabi_ddiv
0000573d   fputs
00005847   puts
00005871   vListInitialise
000058a1   vListInitialiseItem
000058b1   vListInsertEnd
000058f5   vListInsert
0000595b   vListRemove
0000599f   __aeabi_dmul
00005a9d   main
00005b1f   vApplicationMallocFailedHook
00005b21   vApplicationStackOverflowHook
00005b2b   vApplicationIdleHook
00005b2d   vApplicationTickHook
00005b85   pxPortInitialiseStack
00005bcd   xPortStartScheduler
00005bf5   vPortEndScheduler
00005bf7   vPortYieldFromISR
00005c01   vPortEnterCritical
00005c11   vPortExitCritical
00005c27   xPortSysTickHandler
00005c69   setvbuf
00005d45   has_timed_out
00005d6d   tick_difference
00005d9b   start_timeout
00005db1   timer_start
00005dcb   timer_update
00005dfb   timer_stop
00005e0d   elapsed_time_ms
00005e21   GPIOPadConfigSet
00005ee9   __TI_doflush
00005f35   fflush
00005fa9   __TI_wrt_ok
0000600b   __TI_rd_ok
00006059   xPortPendSVHandler
00006093   vPortSetInterruptMask
000060a1   vPortClearInterruptMask
000060af   vPortSVCHandler
000060cd   vPortStartFirstTask
000060df   vPortEnableVFP
000060f1   fputc
00006175   putc
00006179   putchar
0000618d   __aeabi_memcpy
0000618d   __aeabi_memcpy4
0000618d   __aeabi_memcpy8
0000618d   memcpy
00006229   __TI_closefile
0000628f   fclose
000062c1   __TI_auto_init
00006355   SysCtlPeripheralReset
000063dd   __aeabi_cdcmpeq
000063dd   __aeabi_cdcmple
00006463   __aeabi_cdrcmple
000064e9   __aeabi_memclr
000064e9   __aeabi_memclr4
000064e9   __aeabi_memclr8
000064eb   __aeabi_memset
000064eb   __aeabi_memset4
000064eb   __aeabi_memset8
000064f1   memset
00006561   reset_tetromineo
0000657d   get_tetromineo_grid
00006593   rotate_tetromineo
000065b3   shift_tetrominoe
000065dd   printf
00006645   fseek
000066a9   vPrintString
000066cd   vPrintStringAndNumber
00006709   sprintf
00006769   __TI_writemsg
00006793   C$$IO$$
00006797   __TI_readmsg
00006827   ltoa
00006881   SysCtlPeripheralEnable
000068d9   atoi
00006925   __aeabi_d2iz
0000696d   SSIConfigSetExpClk
000069b1   copy_in
000069f5   C$$EXIT
000069f9   abort
00006a01   exit
00006a39   _Dtest
00006a7d   _c_int00
00006ab1   strncpy
00006ae1   GPIODirModeSet
00006b0f   __aeabi_i2d
00006b3d   memcmp
00006b5f   memccpy
00006b79   _args_main
00006b91   __aeabi_lmul
00006ba9   strcmp
00006bc1   memchr
00006bd7   strchr
00006bed   _register_unlock
00006bf3   _register_lock
00006bfb   _nop
00006c01   strlen
00006c15   GPIOPinTypeGPIOOutput
00006c27   GPIOPinTypeSSI
00006c39   SSIDataGetNonBlocking
00006c4b   __TI_zero_init
00006c5d   strcpy
00006c6f   __TI_decompress_none
00006c7d   _Dclass
00006c8b   ResetISR
00006c97   SSIDataPut
00006ca1   SSIDisable
00006cab   SSIEnable
00006cb5   SSIBusy
00006cbd   GPIOPinRead
00006cc3   GPIOPinWrite
00006cc9   SysCtlDelay
00006ccf   __TI_decompress_rle24
00006cd4   TETRIS_BACKGROUND_DATA
00007c54   START_SCREEN_DATA
000085b4   GAME_OVER_DATA
000089d4   FULL_CELL
000089e0   EMPTY_CELL
000089ec   SHADOW_CELL
000089f8   BUTTON_ICON
00008a04   UP_BUTTON_ICON
00008a10   DOWN_BUTTON_ICON
00008a1c   LEFT_BUTTON_ICON
00008a28   RIGHT_BUTTON_ICON
00008a34   TETRIS_BACKGROUND
00008a40   NEXT_TETROMINOE_BOARDER
00008a4c   GAME_OVER_SCREEN
00008a58   TETRIS_START_SCREEN
00008a64   NEGATIVE_SYMBOL_IMAGE
00008a70   NUMBER0
00008a7c   NUMBER1
00008a88   NUMBER2
00008a94   NUMBER3
00008aa0   NUMBER4
00008aac   NUMBER5
00008ab8   NUMBER6
00008ac4   NUMBER7
00008ad0   NUMBER8
00008adc   NUMBER9
00008ae8   RUNNING_ANIMATION0
00008af4   RUNNING_ANIMATION1
00008b00   RUNNING_ANIMATION2
00008b0c   RUNNING_ANIMATION3
00008b18   LETTER_A
00008b24   LETTER_B
00008b30   LETTER_C
00008b3c   LETTER_D
00008b48   LETTER_E
00008b54   LETTER_F
00008b60   LETTER_G
00008b6c   LETTER_H
00008b78   LETTER_I
00008b84   LETTER_J
00008b90   LETTER_K
00008b9c   LETTER_L
00008ba8   LETTER_M
00008bb4   LETTER_N
00008bc0   LETTER_O
00008bcc   LETTER_P
00008bd8   LETTER_Q
00008be4   LETTER_R
00008bf0   LETTER_S
00008bfc   LETTER_T
00008c08   LETTER_U
00008c14   LETTER_V
00008c20   LETTER_W
00008c2c   LETTER_X
00008c38   LETTER_Y
00008c44   LETTER_Z
00008c50   LETTER__
00008c5c   LETTER_UNDEFINED
00008e48   NUMBER0_DATA
00008e51   NUMBER1_DATA
00008e5a   NUMBER2_DATA
00008e63   NUMBER3_DATA
00008e6c   NUMBER4_DATA
00008e75   NUMBER5_DATA
00008e7e   NUMBER6_DATA
00008e87   NUMBER7_DATA
00008e90   NUMBER8_DATA
00008e99   NUMBER9_DATA
00008ea2   RUNNING_ANIMATION0_DATA
00008ea4   RUNNING_ANIMATION1_DATA
00008ea6   RUNNING_ANIMATION2_DATA
00008ea8   RUNNING_ANIMATION3_DATA
00008eaa   LETTER_A_DATA
00008eb3   LETTER_B_DATA
00008ebc   LETTER_C_DATA
00008ec5   LETTER_D_DATA
00008ece   LETTER_E_DATA
00008ed7   LETTER_F_DATA
00008ee0   LETTER_G_DATA
00008ee9   LETTER_H_DATA
00008ef2   LETTER_I_DATA
00008efb   LETTER_J_DATA
00008f04   LETTER_K_DATA
00008f0d   LETTER_L_DATA
00008f16   LETTER_M_DATA
00008f25   LETTER_N_DATA
00008f2e   LETTER_O_DATA
00008f37   LETTER_P_DATA
00008f40   LETTER_Q_DATA
00008f4c   LETTER_R_DATA
00008f55   LETTER_S_DATA
00008f5e   LETTER_T_DATA
00008f67   LETTER_U_DATA
00008f70   LETTER_V_DATA
00008f79   LETTER_W_DATA
00008f88   LETTER_X_DATA
00008f91   LETTER_Y_DATA
00008f9a   LETTER_Z_DATA
00008fa3   LETTER___DATA
00008fac   LETTER_UNDEFINED_DATA
000090f8   NEXT_TETROMINOE_BOARDER_DATA
0000922c   _ctypes_
0000941c   FULL_CELL_DATA
0000942e   SHADOW_CELL_DATA
00009440   EMPTY_CELL_DATA
00009452   BUTTON_ICON_DATA
00009472   NEGATIVE_SYMBOL_IMAGE_DATA
0000950c   i_pose1
0000954c   i_pose2
0000958c   ll_pose1
000095cc   ll_pose2
0000960c   ll_pose3
0000964c   ll_pose4
0000968c   lz_pose1
000096cc   lz_pose2
0000970c   rl_pose1
0000974c   rl_pose2
0000978c   rl_pose3
000097cc   rl_pose4
0000980c   rz_pose1
0000984c   rz_pose2
0000988c   s_pose1
000098cc   t_pose1
0000990c   t_pose2
0000994c   t_pose3
0000998c   t_pose4
000099cc   DOWN_BUTTON_ICON_DATA
000099fe   LEFT_BUTTON_ICON_DATA
00009a30   RIGHT_BUTTON_ICON_DATA
00009a62   UP_BUTTON_ICON_DATA
00009dd0   __TI_Handler_Table_Base
00009ddc   __TI_Handler_Table_Limit
00009de8   __TI_CINIT_Base
00009df8   __TI_CINIT_Limit
20000000   _sys_memory
20005a00   grid
20005d20   temp_board_grid
20006040   __CIOBUF_
20006160   __TI_tmpnams
20006314   seed
20006318   __stack
20006418   __STACK_TOP
20007b18   __STACK_END
20007b18   _ftable
20007cd8   block0
20007cf4   block1
20007d10   block2
20007d2c   block3
20007d48   block4
20007d64   block5
20007d80   block6
20007d9c   FONT
20007e14   UP
20007e2c   DOWN
20007e44   RIGHT
20007e5c   LEFT
20007e74   BUTTONS
20007e84   DISPLAY_QUEUE_ERROR_MESSAGE
20007e88   SCORE_STRING
20007e8c   LEVEL_STRING
20007e90   NEXT_STRING
20007e94   FINAL_SCORE_STRING
20007e98   LEVELS_CLEARED_STRING
20007e9c   THANKS_STRING
20007ea0   TEMP_GAME_OVER_STRING
20007ea4   ROWS_COMPLETED_STRING
20007ea8   ROTATE_HELP_MSG
20007eac   DROP_HELP_MSG
20007eb0   LEFT_HELP_MSG
20007eb4   RIGHT_HELP_MSG
20007eb8   AUTHOR_STRING
20007ebc   VERSION_STRING
20007ec0   TEMP_TETRIS_STRING
20007ec4   DEBUG_TITLE_STRING
20007ec8   DEBUG_AVERAGE_INPUT_DELAY_STRING
20007ecc   DEBUG_MAXIMUM_INPUT_DELAY_STRING
20007ed0   DEBUG_SYSTEM_TICK_RATE_STRING
20007ed4   GAME_REFRESH_RATE_STRING
20007ed8   ANY_KEY_TO_CONTINUE_STRING
20007edc   game_board
20007ee8   tetrominoes
20007f04   score_bonuses
20007f14   temp_board
20007f20   differences
20007f2c   tick_rates
20007f7c   base_game
20007fb4   pxCurrentTCB
20007fe4   NUMBERS
2000800c   DEBUG_TIMERS
20008030   __TI_ft_end
20008034   __aeabi_stdin
20008038   __aeabi_stdout
2000803c   __aeabi_stderr
2000804c   MAX_TIMEOUT
20008050   AVERAGE_TIMEOUT
2000805c   _lock
20008060   _unlock
20008064   __TI_cleanup_ptr
20008068   __TI_dtors_ptr
20008074   main_func_sp
20008078   MAX_PORT_TICK_VALUE
ffffffff   __binit__
ffffffff   __c_args__
ffffffff   binit
UNDEFED    SHT$$INIT_ARRAY$$Base
UNDEFED    SHT$$INIT_ARRAY$$Limit

[509 symbols]
