******************************************************************************
                  TI ARM Linker PC v5.1.6                      
******************************************************************************
>> Linked Wed Jul 27 15:30:55 2016

OUTPUT FILE NAME:   <ENCE463-Tetris.out>
ENTRY POINT SYMBOL: "_c_int00"  address: 00006259


MEMORY CONFIGURATION

         name            origin    length      used     unused   attr    fill
----------------------  --------  ---------  --------  --------  ----  --------
  FLASH                 00000000   00040000  000080d8  00037f28  R  X
  SRAM                  20000000   00010000  000051ac  0000ae54  RW X


SEGMENT ALLOCATION MAP

run origin  load origin   length   init length attrs members
----------  ----------- ---------- ----------- ----- -------
00000000    00000000    000080d8   000080d8    r-x
  00000000    00000000    000000f0   000000f0    r-- .intvecs
  000000f0    000000f0    00006400   00006400    r-x .text
  000064f0    000064f0    00001a80   00001a80    r-- .const
  00007f70    00007f70    00000168   00000168    r-- .cinit
20000000    20000000    000051b0   00000000    rw-
  20000000    20000000    0000026c   00000000    rw- .vtable
  20000270    20000270    00002df8   00000000    rw- .bss
  20003068    20003068    00001600   00000000    rw- .stack
  20004668    20004668    00000800   00000000    rw- .sysmem
  20004e68    20004e68    00000348   00000000    rw- .data


SECTION ALLOCATION MAP

 output                                  attributes/
section   page    origin      length       input sections
--------  ----  ----------  ----------   ----------------
.intvecs   0    00000000    000000f0     
                  00000000    000000f0     startup_ccs.obj (.intvecs)

.text      0    000000f0    00006400     
                  000000f0    00000ebc     rtsv7M3_T_le_eabi.lib : _printfi.obj (.text)
                  00000fac    00000ab8     tasks.obj (.text)
                  00001a64    00000728     game_engine.obj (.text)
                  0000218c    00000614     queue.obj (.text)
                  000027a0    00000514     math.obj (.text)
                  00002cb4    00000510     rit128x96x4.obj (.text)
                  000031c4    000003cc     rtsv7M3_T_le_eabi.lib : memory.obj (.text)
                  00003590    0000032c     main.obj (.text)
                  000038bc    00000310     rtsv7M3_T_le_eabi.lib : lowlev.obj (.text)
                  00003bcc    000002d4                           : trgdrv.obj (.text)
                  00003ea0    0000024c     board.obj (.text)
                  000040ec    000001f4     rtsv7M3_T_le_eabi.lib : ull_div_t2.obj (.text)
                  000042e0    000001d8     driverlib-cm3.lib : sysctl.obj (.text:SysCtlClockGet)
                  000044b8    000001c0     rtsv7M3_T_le_eabi.lib : fopen.obj (.text)
                  00004678    000001bc     heap_2.obj (.text)
                  00004834    000001b6     rtsv7M3_T_le_eabi.lib : fd_add_t2.obj (.text)
                  000049ea    00000002     --HOLE-- [fill = 0]
                  000049ec    00000198     display.obj (.text)
                  00004b84    00000144     driverlib-cm3.lib : sysctl.obj (.text:SysCtlClockSet)
                  00004cc8    00000136     rtsv7M3_T_le_eabi.lib : fd_div_t2.obj (.text)
                  00004dfe    00000002     --HOLE-- [fill = 0]
                  00004e00    00000134                           : fputs.obj (.text)
                  00004f34    0000012e     list.obj (.text)
                  00005062    00000002     --HOLE-- [fill = 0]
                  00005064    00000124     buttons.obj (.text)
                  00005188    000000fc     driverlib-cm3.lib : gpio.obj (.text:GPIOGetIntNumber)
                  00005284    000000fc     rtsv7M3_T_le_eabi.lib : fd_mul_t2.obj (.text)
                  00005380    000000e4     port.obj (.text)
                  00005464    000000dc     rtsv7M3_T_le_eabi.lib : setvbuf.obj (.text)
                  00005540    000000c8     driverlib-cm3.lib : gpio.obj (.text:GPIOPadConfigSet)
                  00005608    000000c0     rtsv7M3_T_le_eabi.lib : fflush.obj (.text)
                  000056c8    000000ac                           : _io_perm.obj (.text)
                  00005774    0000009c     portasm.obj (.text)
                  00005810    0000009c     rtsv7M3_T_le_eabi.lib : fputc.obj (.text)
                  000058ac    0000009c                           : memcpy_t2.obj (.text)
                  00005948    00000098                           : fclose.obj (.text)
                  000059e0    00000094                           : auto_init.obj (.text)
                  00005a74    00000088     driverlib-cm3.lib : sysctl.obj (.text:SysCtlPeripheralReset)
                  00005afc    00000086     rtsv7M3_T_le_eabi.lib : fd_cmp_t2.obj (.text:__aeabi_cdcmple)
                  00005b82    00000086                           : fd_cmp_t2.obj (.text:__aeabi_cdrcmple)
                  00005c08    00000078                           : memset_t2.obj (.text)
                  00005c80    00000070                           : printf.obj (.text)
                  00005cf0    00000064     driverlib-cm3.lib : interrupt.obj (.text:IntEnable)
                  00005d54    00000064     rtsv7M3_T_le_eabi.lib : fseek.obj (.text)
                  00005db8    00000060     basic_io.obj (.text)
                  00005e18    00000060     rtsv7M3_T_le_eabi.lib : sprintf.obj (.text)
                  00005e78    00000060                           : trgmsg.obj (.text)
                  00005ed8    0000005e                           : copy_decompress_rle.obj (.text)
                  00005f36    0000005a                           : ltoa.obj (.text)
                  00005f90    00000058     driverlib-cm3.lib : sysctl.obj (.text:SysCtlPeripheralEnable)
                  00005fe8    00000052     tetrominoe.obj (.text)
                  0000603a    00000002     --HOLE-- [fill = 0]
                  0000603c    0000004c     rtsv7M3_T_le_eabi.lib : atoi.obj (.text)
                  00006088    00000048                           : fd_toi_t2.obj (.text)
                  000060d0    00000044     driverlib-cm3.lib : gpio.obj (.text:GPIOIntTypeSet)
                  00006114    00000044                       : ssi.obj (.text:SSIConfigSetExpClk)
                  00006158    00000044     rtsv7M3_T_le_eabi.lib : cpy_tbl.obj (.text)
                  0000619c    00000044                           : exit.obj (.text)
                  000061e0    00000044                           : xdtest.obj (.text)
                  00006224    00000034     driverlib-cm3.lib : interrupt.obj (.text:IntRegister)
                  00006258    00000034     rtsv7M3_T_le_eabi.lib : boot.obj (.text)
                  0000628c    00000030                           : strncpy.obj (.text)
                  000062bc    0000002e     driverlib-cm3.lib : gpio.obj (.text:GPIODirModeSet)
                  000062ea    0000002e     rtsv7M3_T_le_eabi.lib : i_tofd_t2.obj (.text)
                  00006318    00000022                           : memcmp.obj (.text)
                  0000633a    0000001a                           : memccpy.obj (.text)
                  00006354    00000018     driverlib-cm3.lib : gpio.obj (.text:GPIOPortIntRegister)
                  0000636c    00000018     rtsv7M3_T_le_eabi.lib : args_main.obj (.text)
                  00006384    00000018                           : ll_mul_t2.obj (.text)
                  0000639c    00000018                           : strcmp.obj (.text)
                  000063b4    00000016                           : memchr.obj (.text)
                  000063ca    00000016                           : strchr.obj (.text)
                  000063e0    00000014                           : _lock.obj (.text)
                  000063f4    00000014                           : strlen.obj (.text)
                  00006408    00000012     driverlib-cm3.lib : gpio.obj (.text:GPIOPinTypeGPIOOutput)
                  0000641a    00000012                       : gpio.obj (.text:GPIOPinTypeSSI)
                  0000642c    00000012                       : ssi.obj (.text:SSIDataGetNonBlocking)
                  0000643e    00000012     rtsv7M3_T_le_eabi.lib : copy_zero_init.obj (.text:decompress:ZI)
                  00006450    00000012                           : strcpy.obj (.text)
                  00006462    0000000e                           : copy_decompress_none.obj (.text:decompress:none)
                  00006470    0000000e                           : xdclass.obj (.text)
                  0000647e    0000000c     driverlib-cm3.lib : cpu.obj (.text:CPUcpsie)
                  0000648a    0000000c                       : gpio.obj (.text:GPIOPinIntEnable)
                  00006496    0000000c     startup_ccs.obj (.text)
                  000064a2    0000000a     driverlib-cm3.lib : interrupt.obj (.text:IntMasterEnable)
                  000064ac    0000000a                       : ssi.obj (.text:SSIDataPut)
                  000064b6    0000000a                       : ssi.obj (.text:SSIDisable)
                  000064c0    0000000a                       : ssi.obj (.text:SSIEnable)
                  000064ca    00000008                       : ssi.obj (.text:SSIBusy)
                  000064d2    00000006                       : gpio.obj (.text:GPIOPinIntClear)
                  000064d8    00000006                       : gpio.obj (.text:GPIOPinRead)
                  000064de    00000006                       : gpio.obj (.text:GPIOPinWrite)
                  000064e4    00000006                       : sysctl.obj (.text:SysCtlDelay)
                  000064ea    00000006     rtsv7M3_T_le_eabi.lib : copy_decompress_rle.obj (.text:decompress:rle24)

.const     0    000064f0    00001a80     
                  000064f0    00000f80     tetris_background.obj (.const:.string:TETRIS_BACKGROUND_DATA)
                  00007470    000001e0     rit128x96x4.obj (.const:g_pucFont)
                  00007650    00000102     rtsv7M3_T_le_eabi.lib : ctype.obj (.const:.string:_ctypes_)
                  00007752    00000002     heap_2.obj (.const)
                  00007754    000000b4     images.obj (.const)
                  00007808    00000070     driverlib-cm3.lib : interrupt.obj (.const)
                  00007878    0000006c                       : sysctl.obj (.const:g_pulXtals)
                  000078e4    0000005a     text_images.obj (.const:.string)
                  0000793e    0000004f     rit128x96x4.obj (.const:.string:g_pucRIT128x96x4Init)
                  0000798d    00000003     --HOLE-- [fill = 0]
                  00007990    00000040     display.obj (.const)
                  000079d0    00000040     driverlib-cm3.lib : sysctl.obj (.const)
                  00007a10    00000040     tetrominoe.obj (.const:i_pose1)
                  00007a50    00000040     tetrominoe.obj (.const:i_pose2)
                  00007a90    00000040     tetrominoe.obj (.const:ll_pose1)
                  00007ad0    00000040     tetrominoe.obj (.const:ll_pose2)
                  00007b10    00000040     tetrominoe.obj (.const:ll_pose3)
                  00007b50    00000040     tetrominoe.obj (.const:ll_pose4)
                  00007b90    00000040     tetrominoe.obj (.const:lz_pose1)
                  00007bd0    00000040     tetrominoe.obj (.const:lz_pose2)
                  00007c10    00000040     tetrominoe.obj (.const:rl_pose1)
                  00007c50    00000040     tetrominoe.obj (.const:rl_pose2)
                  00007c90    00000040     tetrominoe.obj (.const:rl_pose3)
                  00007cd0    00000040     tetrominoe.obj (.const:rl_pose4)
                  00007d10    00000040     tetrominoe.obj (.const:rz_pose1)
                  00007d50    00000040     tetrominoe.obj (.const:rz_pose2)
                  00007d90    00000040     tetrominoe.obj (.const:s_pose1)
                  00007dd0    00000040     tetrominoe.obj (.const:t_pose1)
                  00007e10    00000040     tetrominoe.obj (.const:t_pose2)
                  00007e50    00000040     tetrominoe.obj (.const:t_pose3)
                  00007e90    00000040     tetrominoe.obj (.const:t_pose4)
                  00007ed0    00000030     images.obj (.const:.string)
                  00007f00    00000030     game_engine.obj (.const)
                  00007f30    00000020     main.obj (.const)
                  00007f50    00000014     tasks.obj (.const:.string)
                  00007f64    0000000c     rit128x96x4.obj (.const:.string)

.cinit     0    00007f70    00000168     
                  00007f70    00000131     (.cinit..data.load) [load image, compression = rle]
                  000080a1    00000003     --HOLE-- [fill = 0]
                  000080a4    0000000c     (__TI_handler_table)
                  000080b0    00000008     (.cinit..bss.load) [load image, compression = zero_init]
                  000080b8    00000008     (.cinit..vtable.load) [load image, compression = zero_init]
                  000080c0    00000018     (__TI_cinit_table)

.vtable    0    20000000    0000026c     UNINITIALIZED
                  20000000    0000026c     driverlib-cm3.lib : interrupt.obj (.vtable)

.bss       0    20000270    00002df8     UNINITIALIZED
                  20000270    00002800     heap_2.obj (.bss:xHeap)
                  20002a70    00000320     game_engine.obj (.bss:grid)
                  20002d90    00000120     rtsv7M3_T_le_eabi.lib : trgmsg.obj (.bss:__CIOBUF_)
                  20002eb0    000000a0                           : defs.obj (.bss:__TI_tmpnams)
                  20002f50    00000064     tasks.obj (.bss:pxReadyTasksLists)
                  20002fb4    00000034     basic_io.obj (.bss:cBuffer)
                  20002fe8    00000014     (.common:xDelayedTaskList1)
                  20002ffc    00000014     (.common:xDelayedTaskList2)
                  20003010    00000014     (.common:xPendingReadyList)
                  20003024    00000014     (.common:xTasksWaitingTermination)
                  20003038    00000008     (.common:g_pucBuffer)
                  20003040    00000008     (.common:parmbuf)
                  20003048    00000008     (.common:xEnd)
                  20003050    00000008     (.common:xStart)
                  20003058    00000004     (.common:g_ulSSIFlags)
                  2000305c    00000004     (.common:pxDelayedTaskList)
                  20003060    00000004     (.common:pxOverflowDelayedTaskList)
                  20003064    00000004     (.common:seed)

.stack     0    20003068    00001600     UNINITIALIZED
                  20003068    00001600     --HOLE--

.sysmem    0    20004668    00000800     UNINITIALIZED
                  20004668    00000008     rtsv7M3_T_le_eabi.lib : memory.obj (.sysmem)
                  20004670    000007f8     --HOLE--

.data      0    20004e68    00000348     UNINITIALIZED
                  20004e68    000000f0     rtsv7M3_T_le_eabi.lib : defs.obj (.data:_ftable)
                  20004f58    000000d0                           : lowlev.obj (.data)
                  20005028    000000c4     tetrominoe.obj (.data)
                  200050ec    00000030     tasks.obj (.data)
                  2000511c    0000002c     game_engine.obj (.data:base_game)
                  20005148    00000028     game_engine.obj (.data)
                  20005170    00000010     rtsv7M3_T_le_eabi.lib : defs.obj (.data)
                  20005180    0000000c                           : memory.obj (.data)
                  2000518c    00000008     heap_2.obj (.data)
                  20005194    00000008     rtsv7M3_T_le_eabi.lib : _lock.obj (.data)
                  2000519c    00000008                           : exit.obj (.data)
                  200051a4    00000004     port.obj (.data)
                  200051a8    00000004     rtsv7M3_T_le_eabi.lib : fopen.obj (.data)
                  200051ac    00000004                           : stkdepth_vars.obj (.data)


LINKER GENERATED COPY TABLES

__TI_cinit_table @ 000080c0 records: 3, size/record: 8, table size: 24
	.data: load addr=00007f70, load size=00000131 bytes, run addr=20004e68, run size=00000348 bytes, compression=rle
	.bss: load addr=000080b0, load size=00000008 bytes, run addr=20000270, run size=00002df8 bytes, compression=zero_init
	.vtable: load addr=000080b8, load size=00000008 bytes, run addr=20000000, run size=0000026c bytes, compression=zero_init


LINKER GENERATED HANDLER TABLE

__TI_handler_table @ 000080a4 records: 3, size/record: 4, table size: 12
	index: 0, handler: __TI_zero_init
	index: 1, handler: __TI_decompress_rle24
	index: 2, handler: __TI_decompress_none


GLOBAL SYMBOLS: SORTED ALPHABETICALLY BY Name 

address    name
--------   ----
0000619d   C$$EXIT
00005ea3   C$$IO$$
0000647f   CPUcpsie
00007754   CUBE
00007ed0   CUBE_DATA
00002865   EEPROMBlockCountGet
00002b19   EEPROMBlockHide
00002aa9   EEPROMBlockLock
00002a57   EEPROMBlockPasswordSet
00002a1f   EEPROMBlockProtectGet
00002a33   EEPROMBlockProtectSet
00002ad1   EEPROMBlockUnlock
00002815   EEPROMInit
00002bad   EEPROMIntClear
00002b59   EEPROMIntDisable
00002b31   EEPROMIntEnable
00002b7d   EEPROMIntStatus
000029e1   EEPROMMassErase
000028c5   EEPROMProgram
0000299f   EEPROMProgramNonBlocking
00002873   EEPROMRead
00002859   EEPROMSizeGet
00002bd5   EEPROMStatusGet
00007778   EMPTY_CELL
00007eee   EMPTY_CELL_DATA
0000776c   FULL_CELL
00007edc   FULL_CELL_DATA
000062bd   GPIODirModeSet
000060d1   GPIOIntTypeSet
00005541   GPIOPadConfigSet
000064d3   GPIOPinIntClear
0000648b   GPIOPinIntEnable
000064d9   GPIOPinRead
00006409   GPIOPinTypeGPIOOutput
0000641b   GPIOPinTypeSSI
000064df   GPIOPinWrite
00006355   GPIOPortIntRegister
00003e59   HOSTclock
00003e21   HOSTclose
00003de3   HOSTgetenv
00003d87   HOSTlseek
00003d35   HOSTopen
00003ce9   HOSTread
00003c8b   HOSTrename
00003c51   HOSTtime
00003c19   HOSTunlink
00003bcd   HOSTwrite
00005cf1   IntEnable
000064a3   IntMasterEnable
00006225   IntRegister
00007790   NUMBER0
000078e4   NUMBER0_DATA
0000779c   NUMBER1
000078ed   NUMBER1_DATA
000077a8   NUMBER2
000078f6   NUMBER2_DATA
000077b4   NUMBER3
000078ff   NUMBER3_DATA
000077c0   NUMBER4
00007908   NUMBER4_DATA
000077cc   NUMBER5
00007911   NUMBER5_DATA
000077d8   NUMBER6
0000791a   NUMBER6_DATA
000077e4   NUMBER7
00007923   NUMBER7_DATA
000077f0   NUMBER8
0000792c   NUMBER8_DATA
000077fc   NUMBER9
00007935   NUMBER9_DATA
00002dbd   RIT128x96x4Clear
0000303b   RIT128x96x4Disable
0000318d   RIT128x96x4DisplayOff
00003159   RIT128x96x4DisplayOn
00002fe1   RIT128x96x4Enable
00002f59   RIT128x96x4ImageDraw
000030b5   RIT128x96x4Init
00002e19   RIT128x96x4StringDraw
00006497   ResetISR
UNDEFED    SHT$$INIT_ARRAY$$Base
UNDEFED    SHT$$INIT_ARRAY$$Limit
00007760   SMALL_CUBE
00007ed8   SMALL_CUBE_DATA
000064cb   SSIBusy
00006115   SSIConfigSetExpClk
0000642d   SSIDataGetNonBlocking
000064ad   SSIDataPut
000064b7   SSIDisable
000064c1   SSIEnable
000042e1   SysCtlClockGet
00004b85   SysCtlClockSet
000064e5   SysCtlDelay
00005f91   SysCtlPeripheralEnable
00005a75   SysCtlPeripheralReset
00007784   TETRIS_BACKGROUND
000064f0   TETRIS_BACKGROUND_DATA
00006471   _Dclass
000061e1   _Dtest
20002d90   __CIOBUF_
20004668   __STACK_END
00001600   __STACK_SIZE
20003168   __STACK_TOP
00000800   __SYSMEM_SIZE
000080c0   __TI_CINIT_Base
000080d8   __TI_CINIT_Limit
000080a4   __TI_Handler_Table_Base
000080b0   __TI_Handler_Table_Limit
00000001   __TI_args_main
000059e1   __TI_auto_init
00004581   __TI_cleanup
2000519c   __TI_cleanup_ptr
00005949   __TI_closefile
00006463   __TI_decompress_none
000064eb   __TI_decompress_rle24
00005609   __TI_doflush
200051a0   __TI_dtors_ptr
20005170   __TI_ft_end
00000ca3   __TI_printfi
0000572b   __TI_rd_ok
00005ea7   __TI_readmsg
00000000   __TI_static_base__
20002eb0   __TI_tmpnams
00005e79   __TI_writemsg
000056c9   __TI_wrt_ok
0000643f   __TI_zero_init
00005afd   __aeabi_cdcmpeq
00005afd   __aeabi_cdcmple
00005b83   __aeabi_cdrcmple
00006089   __aeabi_d2iz
0000483f   __aeabi_dadd
00004cc9   __aeabi_ddiv
00005285   __aeabi_dmul
00004835   __aeabi_dsub
000062eb   __aeabi_i2d
00006385   __aeabi_lmul
00005c09   __aeabi_memclr
00005c09   __aeabi_memclr4
00005c09   __aeabi_memclr8
000058ad   __aeabi_memcpy
000058ad   __aeabi_memcpy4
000058ad   __aeabi_memcpy8
00005c0b   __aeabi_memset
00005c0b   __aeabi_memset4
00005c0b   __aeabi_memset8
2000517c   __aeabi_stderr
20005174   __aeabi_stdin
20005178   __aeabi_stdout
000040ed   __aeabi_uldivmod
ffffffff   __binit__
ffffffff   __c_args__
20003068   __stack
0000636d   _args_main
00006259   _c_int00
00007650   _ctypes_
20004e68   _ftable
20005194   _lock
000063ef   _nop
000063e7   _register_lock
000063e1   _register_unlock
20004668   _sys_memory
20005198   _unlock
000061a1   abort
00002c57   abs_modulo
00003b1f   add_device
0000603d   atoi
2000511c   base_game
ffffffff   binit
20005028   block0
20005044   block1
20005060   block2
2000507c   block3
20005098   block4
200050b4   block5
200050d0   block6
00005065   button_handler
00001b1d   button_process_loop
00001cbd   calculate_tetris_grid_x_position
00001ca7   calculate_tetris_grid_y_position
00003559   calloc
00001dbd   can_drop_current_tetrominoe
00001dcf   can_rotate_current_tetrominoe
00001de1   can_shift_current_tetrominoe
00003ea1   clear_board
00004a55   clear_display
00001fdf   clear_full_rows
0000402d   clear_row
00003acd   close
00006159   copy_in
00001cdb   current_tetrominoe_can_occupy
00001e89   debug_board
00001beb   draw_current_tetrominoe
00001c07   draw_current_tetrominoe_as
00004ad9   enqueue_display_task
00001bf9   erase_current_tetrominoe
00004a89   execute_display_task
000061a9   exit
000059af   fclose
00005655   fflush
000045d7   fopen
00005811   fputc
00004e01   fputs
000032b3   free
000045ad   freopen
00005d55   fseek
20000000   g_pfnRAMVectors
00000000   g_pfnVectors
20005148   game_board
00001a7b   game_loop
00003ed3   get_board_value
00001bd5   get_current_tetrominoe
00003f19   get_next_complete_row
00001f6f   get_next_tetrominoe
00006005   get_tetromineo_grid
20002a70   grid
000040b7   highest_occupied_cell_in_column
00007a10   i_pose1
00007a50   i_pose2
00005165   initalise_button_event_queue
00005071   initalise_button_interrupts
000050ab   initalise_buttons
00004a43   initalise_display
00004ac1   initalise_display_queue
00001b3d   initalise_game
00002c47   initalise_random_number_generator
00004003   is_occupied
00003fcf   is_off_board
00007a90   ll_pose1
00007ad0   ll_pose2
00007b10   ll_pose3
00007b50   ll_pose4
00003aa9   lseek
00005f37   ltoa
00007b90   lz_pose1
00007bd0   lz_pose2
00003591   main
200051ac   main_func_sp
00003251   malloc
00003479   memalign
0000633b   memccpy
000063b5   memchr
00006319   memcmp
000058ad   memcpy
00005c11   memset
000031c5   minit
00003f6f   num_complete_rows
000039fb   open
00001df9   place_current_tetrominoe
00005c89   printf
00005895   putc
00005899   putchar
00004f0b   puts
00004679   pvPortMalloc
200050ec   pxCurrentTCB
00005381   pxPortInitialiseStack
00004b53   quick_clear_screen
00004af3   quick_initalise_screen
00004b23   quick_send_image
00002c15   rand_range
000039d7   read
00005127   read_button
000050c1   read_buttons
00003373   realloc
000020ff   redraw_empty_cells
0000394d   remove
000039af   remove_device
00003971   rename
00001b5d   reset_game
00005fe9   reset_tetromineo
00007c10   rl_pose1
00007c50   rl_pose2
00007c90   rl_pose3
00007cd0   rl_pose4
0000601b   rotate_tetromineo
00007d10   rz_pose1
00007d50   rz_pose2
00007d90   s_pose1
00001b33   score_screen_loop
20003064   seed
00003ef5   set_board_value
00005465   setvbuf
00001f11   spawn_new_tetrominoe
00001b29   splash_screen_loop
00005e19   sprintf
000063cb   strchr
0000639d   strcmp
00006451   strcpy
000063f5   strlen
0000628d   strncpy
00007dd0   t_pose1
00007e10   t_pose2
00007e50   t_pose3
00007e90   t_pose4
00002077   temp_fill_cells
20005154   tetrominoes
00003695   tetronimoe_drop_test
0000371d   tetronimoe_drop_test2
00004067   trickle_down_column
0000394d   unlink
00002be9   urand
000025a7   uxQueueMessagesWaiting
000025bd   uxQueueMessagesWaitingFromISR
000014a9   uxTaskGetNumberOfTasks
0000123d   uxTaskPriorityGet
00003845   vApplicationIdleHook
00003825   vApplicationMallocFailedHook
00003835   vApplicationStackOverflowHook
00003847   vApplicationTickHook
00004f35   vListInitialise
00004f65   vListInitialiseItem
00004fb9   vListInsert
00004f75   vListInsertEnd
0000501f   vListRemove
000057c1   vPortClearInterruptMask
000057ff   vPortEnableVFP
000053f1   vPortEndScheduler
000053fd   vPortEnterCritical
0000540d   vPortExitCritical
000047ab   vPortFree
00004813   vPortInitialiseBlocks
000057cf   vPortSVCHandler
000057b3   vPortSetInterruptMask
000057ed   vPortStartFirstTask
000053f3   vPortYieldFromISR
00005db9   vPrintString
00005ddd   vPrintStringAndNumber
000025cf   vQueueDelete
000037df   vQueueTest
000011d9   vTaskDelay
0000363d   vTaskDelayTest
00001129   vTaskDelayUntil
000010c1   vTaskDelete
000013a7   vTaskEndScheduler
00003613   vTaskFunction
000037a7   vTaskImageFun
000014af   vTaskIncrementTick
00001799   vTaskMissedYield
0000161d   vTaskPlaceOnEventList
000019d5   vTaskPriorityDisinherit
0000194d   vTaskPriorityInherit
00001279   vTaskPrioritySet
00001709   vTaskSetTimeOutState
00001361   vTaskStartScheduler
000013b9   vTaskSuspendAll
00001561   vTaskSwitchContext
000038bd   write
0000367f   write_background
00004a15   write_image
000049ed   write_string
00005137   xButtonReadTask
00004a65   xDisplayTask
00001a65   xGameEngineTask
0000480d   xPortGetFreeHeapSize
00005779   xPortPendSVHandler
000053c9   xPortStartScheduler
00005423   xPortSysTickHandler
0000218d   xQueueCreate
0000229b   xQueueCreateCountingSemaphore
00002233   xQueueCreateMutex
0000240b   xQueueGenericReceive
000022b9   xQueueGenericSend
000023a1   xQueueGenericSendFromISR
00002749   xQueueIsQueueEmptyFromISR
00002783   xQueueIsQueueFullFromISR
0000253f   xQueueReceiveFromISR
00001731   xTaskCheckForTimeOut
00000fad   xTaskGenericCreate
00001933   xTaskGetCurrentTaskHandle
00001495   xTaskGetTickCount
00001685   xTaskRemoveFromEventList
000013d1   xTaskResumeAll


GLOBAL SYMBOLS: SORTED BY Symbol Address 

address    name
--------   ----
00000000   __TI_static_base__
00000000   g_pfnVectors
00000001   __TI_args_main
00000800   __SYSMEM_SIZE
00000ca3   __TI_printfi
00000fad   xTaskGenericCreate
000010c1   vTaskDelete
00001129   vTaskDelayUntil
000011d9   vTaskDelay
0000123d   uxTaskPriorityGet
00001279   vTaskPrioritySet
00001361   vTaskStartScheduler
000013a7   vTaskEndScheduler
000013b9   vTaskSuspendAll
000013d1   xTaskResumeAll
00001495   xTaskGetTickCount
000014a9   uxTaskGetNumberOfTasks
000014af   vTaskIncrementTick
00001561   vTaskSwitchContext
00001600   __STACK_SIZE
0000161d   vTaskPlaceOnEventList
00001685   xTaskRemoveFromEventList
00001709   vTaskSetTimeOutState
00001731   xTaskCheckForTimeOut
00001799   vTaskMissedYield
00001933   xTaskGetCurrentTaskHandle
0000194d   vTaskPriorityInherit
000019d5   vTaskPriorityDisinherit
00001a65   xGameEngineTask
00001a7b   game_loop
00001b1d   button_process_loop
00001b29   splash_screen_loop
00001b33   score_screen_loop
00001b3d   initalise_game
00001b5d   reset_game
00001bd5   get_current_tetrominoe
00001beb   draw_current_tetrominoe
00001bf9   erase_current_tetrominoe
00001c07   draw_current_tetrominoe_as
00001ca7   calculate_tetris_grid_y_position
00001cbd   calculate_tetris_grid_x_position
00001cdb   current_tetrominoe_can_occupy
00001dbd   can_drop_current_tetrominoe
00001dcf   can_rotate_current_tetrominoe
00001de1   can_shift_current_tetrominoe
00001df9   place_current_tetrominoe
00001e89   debug_board
00001f11   spawn_new_tetrominoe
00001f6f   get_next_tetrominoe
00001fdf   clear_full_rows
00002077   temp_fill_cells
000020ff   redraw_empty_cells
0000218d   xQueueCreate
00002233   xQueueCreateMutex
0000229b   xQueueCreateCountingSemaphore
000022b9   xQueueGenericSend
000023a1   xQueueGenericSendFromISR
0000240b   xQueueGenericReceive
0000253f   xQueueReceiveFromISR
000025a7   uxQueueMessagesWaiting
000025bd   uxQueueMessagesWaitingFromISR
000025cf   vQueueDelete
00002749   xQueueIsQueueEmptyFromISR
00002783   xQueueIsQueueFullFromISR
00002815   EEPROMInit
00002859   EEPROMSizeGet
00002865   EEPROMBlockCountGet
00002873   EEPROMRead
000028c5   EEPROMProgram
0000299f   EEPROMProgramNonBlocking
000029e1   EEPROMMassErase
00002a1f   EEPROMBlockProtectGet
00002a33   EEPROMBlockProtectSet
00002a57   EEPROMBlockPasswordSet
00002aa9   EEPROMBlockLock
00002ad1   EEPROMBlockUnlock
00002b19   EEPROMBlockHide
00002b31   EEPROMIntEnable
00002b59   EEPROMIntDisable
00002b7d   EEPROMIntStatus
00002bad   EEPROMIntClear
00002bd5   EEPROMStatusGet
00002be9   urand
00002c15   rand_range
00002c47   initalise_random_number_generator
00002c57   abs_modulo
00002dbd   RIT128x96x4Clear
00002e19   RIT128x96x4StringDraw
00002f59   RIT128x96x4ImageDraw
00002fe1   RIT128x96x4Enable
0000303b   RIT128x96x4Disable
000030b5   RIT128x96x4Init
00003159   RIT128x96x4DisplayOn
0000318d   RIT128x96x4DisplayOff
000031c5   minit
00003251   malloc
000032b3   free
00003373   realloc
00003479   memalign
00003559   calloc
00003591   main
00003613   vTaskFunction
0000363d   vTaskDelayTest
0000367f   write_background
00003695   tetronimoe_drop_test
0000371d   tetronimoe_drop_test2
000037a7   vTaskImageFun
000037df   vQueueTest
00003825   vApplicationMallocFailedHook
00003835   vApplicationStackOverflowHook
00003845   vApplicationIdleHook
00003847   vApplicationTickHook
000038bd   write
0000394d   remove
0000394d   unlink
00003971   rename
000039af   remove_device
000039d7   read
000039fb   open
00003aa9   lseek
00003acd   close
00003b1f   add_device
00003bcd   HOSTwrite
00003c19   HOSTunlink
00003c51   HOSTtime
00003c8b   HOSTrename
00003ce9   HOSTread
00003d35   HOSTopen
00003d87   HOSTlseek
00003de3   HOSTgetenv
00003e21   HOSTclose
00003e59   HOSTclock
00003ea1   clear_board
00003ed3   get_board_value
00003ef5   set_board_value
00003f19   get_next_complete_row
00003f6f   num_complete_rows
00003fcf   is_off_board
00004003   is_occupied
0000402d   clear_row
00004067   trickle_down_column
000040b7   highest_occupied_cell_in_column
000040ed   __aeabi_uldivmod
000042e1   SysCtlClockGet
00004581   __TI_cleanup
000045ad   freopen
000045d7   fopen
00004679   pvPortMalloc
000047ab   vPortFree
0000480d   xPortGetFreeHeapSize
00004813   vPortInitialiseBlocks
00004835   __aeabi_dsub
0000483f   __aeabi_dadd
000049ed   write_string
00004a15   write_image
00004a43   initalise_display
00004a55   clear_display
00004a65   xDisplayTask
00004a89   execute_display_task
00004ac1   initalise_display_queue
00004ad9   enqueue_display_task
00004af3   quick_initalise_screen
00004b23   quick_send_image
00004b53   quick_clear_screen
00004b85   SysCtlClockSet
00004cc9   __aeabi_ddiv
00004e01   fputs
00004f0b   puts
00004f35   vListInitialise
00004f65   vListInitialiseItem
00004f75   vListInsertEnd
00004fb9   vListInsert
0000501f   vListRemove
00005065   button_handler
00005071   initalise_button_interrupts
000050ab   initalise_buttons
000050c1   read_buttons
00005127   read_button
00005137   xButtonReadTask
00005165   initalise_button_event_queue
00005285   __aeabi_dmul
00005381   pxPortInitialiseStack
000053c9   xPortStartScheduler
000053f1   vPortEndScheduler
000053f3   vPortYieldFromISR
000053fd   vPortEnterCritical
0000540d   vPortExitCritical
00005423   xPortSysTickHandler
00005465   setvbuf
00005541   GPIOPadConfigSet
00005609   __TI_doflush
00005655   fflush
000056c9   __TI_wrt_ok
0000572b   __TI_rd_ok
00005779   xPortPendSVHandler
000057b3   vPortSetInterruptMask
000057c1   vPortClearInterruptMask
000057cf   vPortSVCHandler
000057ed   vPortStartFirstTask
000057ff   vPortEnableVFP
00005811   fputc
00005895   putc
00005899   putchar
000058ad   __aeabi_memcpy
000058ad   __aeabi_memcpy4
000058ad   __aeabi_memcpy8
000058ad   memcpy
00005949   __TI_closefile
000059af   fclose
000059e1   __TI_auto_init
00005a75   SysCtlPeripheralReset
00005afd   __aeabi_cdcmpeq
00005afd   __aeabi_cdcmple
00005b83   __aeabi_cdrcmple
00005c09   __aeabi_memclr
00005c09   __aeabi_memclr4
00005c09   __aeabi_memclr8
00005c0b   __aeabi_memset
00005c0b   __aeabi_memset4
00005c0b   __aeabi_memset8
00005c11   memset
00005c89   printf
00005cf1   IntEnable
00005d55   fseek
00005db9   vPrintString
00005ddd   vPrintStringAndNumber
00005e19   sprintf
00005e79   __TI_writemsg
00005ea3   C$$IO$$
00005ea7   __TI_readmsg
00005f37   ltoa
00005f91   SysCtlPeripheralEnable
00005fe9   reset_tetromineo
00006005   get_tetromineo_grid
0000601b   rotate_tetromineo
0000603d   atoi
00006089   __aeabi_d2iz
000060d1   GPIOIntTypeSet
00006115   SSIConfigSetExpClk
00006159   copy_in
0000619d   C$$EXIT
000061a1   abort
000061a9   exit
000061e1   _Dtest
00006225   IntRegister
00006259   _c_int00
0000628d   strncpy
000062bd   GPIODirModeSet
000062eb   __aeabi_i2d
00006319   memcmp
0000633b   memccpy
00006355   GPIOPortIntRegister
0000636d   _args_main
00006385   __aeabi_lmul
0000639d   strcmp
000063b5   memchr
000063cb   strchr
000063e1   _register_unlock
000063e7   _register_lock
000063ef   _nop
000063f5   strlen
00006409   GPIOPinTypeGPIOOutput
0000641b   GPIOPinTypeSSI
0000642d   SSIDataGetNonBlocking
0000643f   __TI_zero_init
00006451   strcpy
00006463   __TI_decompress_none
00006471   _Dclass
0000647f   CPUcpsie
0000648b   GPIOPinIntEnable
00006497   ResetISR
000064a3   IntMasterEnable
000064ad   SSIDataPut
000064b7   SSIDisable
000064c1   SSIEnable
000064cb   SSIBusy
000064d3   GPIOPinIntClear
000064d9   GPIOPinRead
000064df   GPIOPinWrite
000064e5   SysCtlDelay
000064eb   __TI_decompress_rle24
000064f0   TETRIS_BACKGROUND_DATA
00007650   _ctypes_
00007754   CUBE
00007760   SMALL_CUBE
0000776c   FULL_CELL
00007778   EMPTY_CELL
00007784   TETRIS_BACKGROUND
00007790   NUMBER0
0000779c   NUMBER1
000077a8   NUMBER2
000077b4   NUMBER3
000077c0   NUMBER4
000077cc   NUMBER5
000077d8   NUMBER6
000077e4   NUMBER7
000077f0   NUMBER8
000077fc   NUMBER9
000078e4   NUMBER0_DATA
000078ed   NUMBER1_DATA
000078f6   NUMBER2_DATA
000078ff   NUMBER3_DATA
00007908   NUMBER4_DATA
00007911   NUMBER5_DATA
0000791a   NUMBER6_DATA
00007923   NUMBER7_DATA
0000792c   NUMBER8_DATA
00007935   NUMBER9_DATA
00007a10   i_pose1
00007a50   i_pose2
00007a90   ll_pose1
00007ad0   ll_pose2
00007b10   ll_pose3
00007b50   ll_pose4
00007b90   lz_pose1
00007bd0   lz_pose2
00007c10   rl_pose1
00007c50   rl_pose2
00007c90   rl_pose3
00007cd0   rl_pose4
00007d10   rz_pose1
00007d50   rz_pose2
00007d90   s_pose1
00007dd0   t_pose1
00007e10   t_pose2
00007e50   t_pose3
00007e90   t_pose4
00007ed0   CUBE_DATA
00007ed8   SMALL_CUBE_DATA
00007edc   FULL_CELL_DATA
00007eee   EMPTY_CELL_DATA
000080a4   __TI_Handler_Table_Base
000080b0   __TI_Handler_Table_Limit
000080c0   __TI_CINIT_Base
000080d8   __TI_CINIT_Limit
20000000   g_pfnRAMVectors
20002a70   grid
20002d90   __CIOBUF_
20002eb0   __TI_tmpnams
20003064   seed
20003068   __stack
20003168   __STACK_TOP
20004668   __STACK_END
20004668   _sys_memory
20004e68   _ftable
20005028   block0
20005044   block1
20005060   block2
2000507c   block3
20005098   block4
200050b4   block5
200050d0   block6
200050ec   pxCurrentTCB
2000511c   base_game
20005148   game_board
20005154   tetrominoes
20005170   __TI_ft_end
20005174   __aeabi_stdin
20005178   __aeabi_stdout
2000517c   __aeabi_stderr
20005194   _lock
20005198   _unlock
2000519c   __TI_cleanup_ptr
200051a0   __TI_dtors_ptr
200051ac   main_func_sp
ffffffff   __binit__
ffffffff   __c_args__
ffffffff   binit
UNDEFED    SHT$$INIT_ARRAY$$Base
UNDEFED    SHT$$INIT_ARRAY$$Limit

[370 symbols]
