******************************************************************************
                  TI ARM Linker PC v5.1.6                      
******************************************************************************
>> Linked Thu Jul 28 23:36:16 2016

OUTPUT FILE NAME:   <ENCE463-Tetris.out>
ENTRY POINT SYMBOL: "_c_int00"  address: 000066cd


MEMORY CONFIGURATION

         name            origin    length      used     unused   attr    fill
----------------------  --------  ---------  --------  --------  ----  --------
  FLASH                 00000000   00040000  000088de  00037722  R  X
  SRAM                  20000000   00010000  0000968c  00006974  RW X


SEGMENT ALLOCATION MAP

run origin  load origin   length   init length attrs members
----------  ----------- ---------- ----------- ----- -------
00000000    00000000    000088e0   000088e0    r-x
  00000000    00000000    000000f0   000000f0    r-- .intvecs
  000000f0    000000f0    00006834   00006834    r-x .text
  00006924    00006924    00001d4a   00001d4a    r-- .const
  00008670    00008670    00000270   00000270    r-- .cinit
20000000    20000000    0000968c   00000000    rw-
  20000000    20000000    00003200   00000000    rw- .stack
  20003200    20003200    00003200   00000000    rw- .sysmem
  20006400    20006400    00002df8   00000000    rw- .bss
  200091f8    200091f8    00000494   00000000    rw- .data


SECTION ALLOCATION MAP

 output                                  attributes/
section   page    origin      length       input sections
--------  ----  ----------  ----------   ----------------
.intvecs   0    00000000    000000f0     
                  00000000    000000f0     startup_ccs.obj (.intvecs)

.text      0    000000f0    00006834     
                  000000f0    00000ebc     rtsv7M3_T_le_eabi.lib : _printfi.obj (.text)
                  00000fac    00000ab8     tasks.obj (.text)
                  00001a64    00000948     game_engine.obj (.text)
                  000023ac    00000614     queue.obj (.text)
                  000029c0    00000550     math.obj (.text)
                  00002f10    00000510     rit128x96x4.obj (.text)
                  00003420    000003cc     rtsv7M3_T_le_eabi.lib : memory.obj (.text)
                  000037ec    000003c0     display.obj (.text)
                  00003bac    00000374     main.obj (.text)
                  00003f20    00000310     rtsv7M3_T_le_eabi.lib : lowlev.obj (.text)
                  00004230    000002d4                           : trgdrv.obj (.text)
                  00004504    0000024c     board.obj (.text)
                  00004750    000001f4     rtsv7M3_T_le_eabi.lib : ull_div_t2.obj (.text)
                  00004944    000001d8     driverlib-cm3.lib : sysctl.obj (.text:SysCtlClockGet)
                  00004b1c    000001c0     rtsv7M3_T_le_eabi.lib : fopen.obj (.text)
                  00004cdc    000001bc     heap_2.obj (.text)
                  00004e98    000001b6     rtsv7M3_T_le_eabi.lib : fd_add_t2.obj (.text)
                  0000504e    00000002     --HOLE-- [fill = 0]
                  00005050    000001a8     buttons.obj (.text)
                  000051f8    00000144     driverlib-cm3.lib : sysctl.obj (.text:SysCtlClockSet)
                  0000533c    00000136     rtsv7M3_T_le_eabi.lib : fd_div_t2.obj (.text)
                  00005472    00000002     --HOLE-- [fill = 0]
                  00005474    00000134                           : fputs.obj (.text)
                  000055a8    0000012e     list.obj (.text)
                  000056d6    000000fc     rtsv7M3_T_le_eabi.lib : fd_mul_t2.obj (.text)
                  000057d2    00000002     --HOLE-- [fill = 0]
                  000057d4    000000e4     port.obj (.text)
                  000058b8    000000dc     rtsv7M3_T_le_eabi.lib : setvbuf.obj (.text)
                  00005994    000000dc     timer.obj (.text)
                  00005a70    000000c8     driverlib-cm3.lib : gpio.obj (.text:GPIOPadConfigSet)
                  00005b38    000000c0     rtsv7M3_T_le_eabi.lib : fflush.obj (.text)
                  00005bf8    000000ac                           : _io_perm.obj (.text)
                  00005ca4    0000009c     portasm.obj (.text)
                  00005d40    0000009c     rtsv7M3_T_le_eabi.lib : fputc.obj (.text)
                  00005ddc    0000009c                           : memcpy_t2.obj (.text)
                  00005e78    00000098                           : fclose.obj (.text)
                  00005f10    00000094                           : auto_init.obj (.text)
                  00005fa4    00000088     driverlib-cm3.lib : sysctl.obj (.text:SysCtlPeripheralReset)
                  0000602c    00000086     rtsv7M3_T_le_eabi.lib : fd_cmp_t2.obj (.text:__aeabi_cdcmple)
                  000060b2    00000086                           : fd_cmp_t2.obj (.text:__aeabi_cdrcmple)
                  00006138    00000078                           : memset_t2.obj (.text)
                  000061b0    00000074     tetrominoe.obj (.text)
                  00006224    00000070     rtsv7M3_T_le_eabi.lib : printf.obj (.text)
                  00006294    00000064                           : fseek.obj (.text)
                  000062f8    00000060     basic_io.obj (.text)
                  00006358    00000060     rtsv7M3_T_le_eabi.lib : sprintf.obj (.text)
                  000063b8    00000060                           : trgmsg.obj (.text)
                  00006418    0000005e                           : copy_decompress_rle.obj (.text)
                  00006476    0000005a                           : ltoa.obj (.text)
                  000064d0    00000058     driverlib-cm3.lib : sysctl.obj (.text:SysCtlPeripheralEnable)
                  00006528    0000004c     rtsv7M3_T_le_eabi.lib : atoi.obj (.text)
                  00006574    00000048                           : fd_toi_t2.obj (.text)
                  000065bc    00000044     driverlib-cm3.lib : ssi.obj (.text:SSIConfigSetExpClk)
                  00006600    00000044     rtsv7M3_T_le_eabi.lib : cpy_tbl.obj (.text)
                  00006644    00000044                           : exit.obj (.text)
                  00006688    00000044                           : xdtest.obj (.text)
                  000066cc    00000034                           : boot.obj (.text)
                  00006700    00000030                           : strncpy.obj (.text)
                  00006730    0000002e     driverlib-cm3.lib : gpio.obj (.text:GPIODirModeSet)
                  0000675e    0000002e     rtsv7M3_T_le_eabi.lib : i_tofd_t2.obj (.text)
                  0000678c    00000022                           : memcmp.obj (.text)
                  000067ae    0000001a                           : memccpy.obj (.text)
                  000067c8    00000018                           : args_main.obj (.text)
                  000067e0    00000018                           : ll_mul_t2.obj (.text)
                  000067f8    00000018                           : strcmp.obj (.text)
                  00006810    00000016                           : memchr.obj (.text)
                  00006826    00000016                           : strchr.obj (.text)
                  0000683c    00000014                           : _lock.obj (.text)
                  00006850    00000014                           : strlen.obj (.text)
                  00006864    00000012     driverlib-cm3.lib : gpio.obj (.text:GPIOPinTypeGPIOOutput)
                  00006876    00000012                       : gpio.obj (.text:GPIOPinTypeSSI)
                  00006888    00000012                       : ssi.obj (.text:SSIDataGetNonBlocking)
                  0000689a    00000012     rtsv7M3_T_le_eabi.lib : copy_zero_init.obj (.text:decompress:ZI)
                  000068ac    00000012                           : strcpy.obj (.text)
                  000068be    0000000e                           : copy_decompress_none.obj (.text:decompress:none)
                  000068cc    0000000e                           : xdclass.obj (.text)
                  000068da    0000000c     startup_ccs.obj (.text)
                  000068e6    0000000a     driverlib-cm3.lib : ssi.obj (.text:SSIDataPut)
                  000068f0    0000000a                       : ssi.obj (.text:SSIDisable)
                  000068fa    0000000a                       : ssi.obj (.text:SSIEnable)
                  00006904    00000008                       : ssi.obj (.text:SSIBusy)
                  0000690c    00000006                       : gpio.obj (.text:GPIOPinRead)
                  00006912    00000006                       : gpio.obj (.text:GPIOPinWrite)
                  00006918    00000006                       : sysctl.obj (.text:SysCtlDelay)
                  0000691e    00000006     rtsv7M3_T_le_eabi.lib : copy_decompress_rle.obj (.text:decompress:rle24)

.const     0    00006924    00001d4a     
                  00006924    00000f80     tetris_background.obj (.const:.string:TETRIS_BACKGROUND_DATA)
                  000078a4    00000234     images.obj (.const)
                  00007ad8    000001e0     rit128x96x4.obj (.const:g_pucFont)
                  00007cb8    0000016d     text_images.obj (.const:.string)
                  00007e25    00000001     --HOLE-- [fill = 0]
                  00007e26    00000102     rtsv7M3_T_le_eabi.lib : ctype.obj (.const:.string:_ctypes_)
                  00007f28    00000080     strings.obj (.const:.string)
                  00007fa8    00000070     display.obj (.const)
                  00008018    0000006c     driverlib-cm3.lib : sysctl.obj (.const:g_pulXtals)
                  00008084    0000004f     rit128x96x4.obj (.const:.string:g_pucRIT128x96x4Init)
                  000080d3    00000001     --HOLE-- [fill = 0]
                  000080d4    00000040     driverlib-cm3.lib : sysctl.obj (.const)
                  00008114    00000040     tetrominoe.obj (.const:i_pose1)
                  00008154    00000040     tetrominoe.obj (.const:i_pose2)
                  00008194    00000040     tetrominoe.obj (.const:ll_pose1)
                  000081d4    00000040     tetrominoe.obj (.const:ll_pose2)
                  00008214    00000040     tetrominoe.obj (.const:ll_pose3)
                  00008254    00000040     tetrominoe.obj (.const:ll_pose4)
                  00008294    00000040     tetrominoe.obj (.const:lz_pose1)
                  000082d4    00000040     tetrominoe.obj (.const:lz_pose2)
                  00008314    00000040     tetrominoe.obj (.const:rl_pose1)
                  00008354    00000040     tetrominoe.obj (.const:rl_pose2)
                  00008394    00000040     tetrominoe.obj (.const:rl_pose3)
                  000083d4    00000040     tetrominoe.obj (.const:rl_pose4)
                  00008414    00000040     tetrominoe.obj (.const:rz_pose1)
                  00008454    00000040     tetrominoe.obj (.const:rz_pose2)
                  00008494    00000040     tetrominoe.obj (.const:s_pose1)
                  000084d4    00000040     tetrominoe.obj (.const:t_pose1)
                  00008514    00000040     tetrominoe.obj (.const:t_pose2)
                  00008554    00000040     tetrominoe.obj (.const:t_pose3)
                  00008594    00000040     tetrominoe.obj (.const:t_pose4)
                  000085d4    00000030     images.obj (.const:.string)
                  00008604    00000030     game_engine.obj (.const)
                  00008634    00000018     main.obj (.const)
                  0000864c    00000014     tasks.obj (.const:.string)
                  00008660    0000000c     rit128x96x4.obj (.const:.string)
                  0000866c    00000002     heap_2.obj (.const)

.cinit     0    00008670    00000270     
                  00008670    00000246     (.cinit..data.load) [load image, compression = rle]
                  000088b6    00000002     --HOLE-- [fill = 0]
                  000088b8    0000000c     (__TI_handler_table)
                  000088c4    00000004     --HOLE-- [fill = 0]
                  000088c8    00000008     (.cinit..bss.load) [load image, compression = zero_init]
                  000088d0    00000010     (__TI_cinit_table)

.stack     0    20000000    00003200     UNINITIALIZED
                  20000000    00003200     --HOLE--

.sysmem    0    20003200    00003200     UNINITIALIZED
                  20003200    00000008     rtsv7M3_T_le_eabi.lib : memory.obj (.sysmem)
                  20003208    000031f8     --HOLE--

.bss       0    20006400    00002df8     UNINITIALIZED
                  20006400    00002800     heap_2.obj (.bss:xHeap)
                  20008c00    00000320     game_engine.obj (.bss:grid)
                  20008f20    00000120     rtsv7M3_T_le_eabi.lib : trgmsg.obj (.bss:__CIOBUF_)
                  20009040    000000a0                           : defs.obj (.bss:__TI_tmpnams)
                  200090e0    00000064     tasks.obj (.bss:pxReadyTasksLists)
                  20009144    00000034     basic_io.obj (.bss:cBuffer)
                  20009178    00000014     (.common:xDelayedTaskList1)
                  2000918c    00000014     (.common:xDelayedTaskList2)
                  200091a0    00000014     (.common:xPendingReadyList)
                  200091b4    00000014     (.common:xTasksWaitingTermination)
                  200091c8    00000008     (.common:g_pucBuffer)
                  200091d0    00000008     (.common:parmbuf)
                  200091d8    00000008     (.common:xEnd)
                  200091e0    00000008     (.common:xStart)
                  200091e8    00000004     (.common:g_ulSSIFlags)
                  200091ec    00000004     (.common:pxDelayedTaskList)
                  200091f0    00000004     (.common:pxOverflowDelayedTaskList)
                  200091f4    00000004     (.common:seed)

.data      0    200091f8    00000494     UNINITIALIZED
                  200091f8    000000f0     rtsv7M3_T_le_eabi.lib : defs.obj (.data:_ftable)
                  200092e8    000000d0                           : lowlev.obj (.data)
                  200093b8    000000c4     tetrominoe.obj (.data)
                  2000947c    00000078     images.obj (.data:FONT)
                  200094f4    00000070     buttons.obj (.data)
                  20009564    00000030     tasks.obj (.data)
                  20009594    0000002c     game_engine.obj (.data:base_game)
                  200095c0    00000028     images.obj (.data:NUMBERS)
                  200095e8    00000028     game_engine.obj (.data)
                  20009610    00000028     strings.obj (.data)
                  20009638    00000010     images.obj (.data)
                  20009648    00000010     rtsv7M3_T_le_eabi.lib : defs.obj (.data)
                  20009658    0000000c                           : memory.obj (.data)
                  20009664    00000008     heap_2.obj (.data)
                  2000966c    00000008     rtsv7M3_T_le_eabi.lib : _lock.obj (.data)
                  20009674    00000008                           : exit.obj (.data)
                  2000967c    00000004     port.obj (.data)
                  20009680    00000004     rtsv7M3_T_le_eabi.lib : fopen.obj (.data)
                  20009684    00000004                           : stkdepth_vars.obj (.data)
                  20009688    00000004     timer.obj (.data)


LINKER GENERATED COPY TABLES

__TI_cinit_table @ 000088d0 records: 2, size/record: 8, table size: 16
	.data: load addr=00008670, load size=00000246 bytes, run addr=200091f8, run size=00000494 bytes, compression=rle
	.bss: load addr=000088c8, load size=00000008 bytes, run addr=20006400, run size=00002df8 bytes, compression=zero_init


LINKER GENERATED HANDLER TABLE

__TI_handler_table @ 000088b8 records: 3, size/record: 4, table size: 12
	index: 0, handler: __TI_decompress_rle24
	index: 1, handler: __TI_decompress_none
	index: 2, handler: __TI_zero_init


GLOBAL SYMBOLS: SORTED ALPHABETICALLY BY Name 

address    name
--------   ----
2000962c   AUTHOR_STRING
20009554   BUTTONS
00006645   C$$EXIT
000063e3   C$$IO$$
000078a4   CUBE
000085d4   CUBE_DATA
2000950c   DOWN
00002a85   EEPROMBlockCountGet
00002d39   EEPROMBlockHide
00002cc9   EEPROMBlockLock
00002c77   EEPROMBlockPasswordSet
00002c3f   EEPROMBlockProtectGet
00002c53   EEPROMBlockProtectSet
00002cf1   EEPROMBlockUnlock
00002a35   EEPROMInit
00002dcd   EEPROMIntClear
00002d79   EEPROMIntDisable
00002d51   EEPROMIntEnable
00002d9d   EEPROMIntStatus
00002c01   EEPROMMassErase
00002ae5   EEPROMProgram
00002bbf   EEPROMProgramNonBlocking
00002a93   EEPROMRead
00002a79   EEPROMSizeGet
00002df5   EEPROMStatusGet
000078c8   EMPTY_CELL
000085f2   EMPTY_CELL_DATA
2000961c   FINAL_SCORE_STRING
2000947c   FONT
000078bc   FULL_CELL
000085e0   FULL_CELL_DATA
00006731   GPIODirModeSet
00005a71   GPIOPadConfigSet
0000690d   GPIOPinRead
00006865   GPIOPinTypeGPIOOutput
00006877   GPIOPinTypeSSI
00006913   GPIOPinWrite
000044bd   HOSTclock
00004485   HOSTclose
00004447   HOSTgetenv
000043eb   HOSTlseek
00004399   HOSTopen
0000434d   HOSTread
000042ef   HOSTrename
000042b5   HOSTtime
0000427d   HOSTunlink
00004231   HOSTwrite
2000953c   LEFT
00007988   LETTER_A
00007d1a   LETTER_A_DATA
00007994   LETTER_B
00007d23   LETTER_B_DATA
000079a0   LETTER_C
00007d2c   LETTER_C_DATA
000079ac   LETTER_D
00007d35   LETTER_D_DATA
000079b8   LETTER_E
00007d3e   LETTER_E_DATA
000079c4   LETTER_F
00007d47   LETTER_F_DATA
000079d0   LETTER_G
00007d50   LETTER_G_DATA
000079dc   LETTER_H
00007d59   LETTER_H_DATA
000079e8   LETTER_I
00007d62   LETTER_I_DATA
000079f4   LETTER_J
00007d6b   LETTER_J_DATA
00007a00   LETTER_K
00007d74   LETTER_K_DATA
00007a0c   LETTER_L
00007d7d   LETTER_L_DATA
00007a18   LETTER_M
00007d86   LETTER_M_DATA
00007a24   LETTER_N
00007d95   LETTER_N_DATA
00007a30   LETTER_O
00007d9e   LETTER_O_DATA
00007a3c   LETTER_P
00007da7   LETTER_P_DATA
00007a48   LETTER_Q
00007db0   LETTER_Q_DATA
00007a54   LETTER_R
00007dbc   LETTER_R_DATA
00007a60   LETTER_S
00007dc5   LETTER_S_DATA
00007a6c   LETTER_T
00007dce   LETTER_T_DATA
00007a78   LETTER_U
00007acc   LETTER_UNDEFINED
00007e1c   LETTER_UNDEFINED_DATA
00007dd7   LETTER_U_DATA
00007a84   LETTER_V
00007de0   LETTER_V_DATA
00007a90   LETTER_W
00007de9   LETTER_W_DATA
00007a9c   LETTER_X
00007df8   LETTER_X_DATA
00007aa8   LETTER_Y
00007e01   LETTER_Y_DATA
00007ab4   LETTER_Z
00007e0a   LETTER_Z_DATA
00007ac0   LETTER__
00007e13   LETTER___DATA
20009620   LEVELS_CLEARED_STRING
20009614   LEVEL_STRING
20009688   MAX_PORT_TICK_VALUE
20009618   NEXT_STRING
000078e0   NUMBER0
00007cb8   NUMBER0_DATA
000078ec   NUMBER1
00007cc1   NUMBER1_DATA
000078f8   NUMBER2
00007cca   NUMBER2_DATA
00007904   NUMBER3
00007cd3   NUMBER3_DATA
00007910   NUMBER4
00007cdc   NUMBER4_DATA
0000791c   NUMBER5
00007ce5   NUMBER5_DATA
00007928   NUMBER6
00007cee   NUMBER6_DATA
00007934   NUMBER7
00007cf7   NUMBER7_DATA
00007940   NUMBER8
00007d00   NUMBER8_DATA
0000794c   NUMBER9
00007d09   NUMBER9_DATA
200095c0   NUMBERS
20009524   RIGHT
00003019   RIT128x96x4Clear
00003297   RIT128x96x4Disable
000033e9   RIT128x96x4DisplayOff
000033b5   RIT128x96x4DisplayOn
0000323d   RIT128x96x4Enable
000031b5   RIT128x96x4ImageDraw
00003311   RIT128x96x4Init
00003075   RIT128x96x4StringDraw
20009638   RUNNING_ANIMATION
00007958   RUNNING_ANIMATION0
00007d12   RUNNING_ANIMATION0_DATA
00007964   RUNNING_ANIMATION1
00007d14   RUNNING_ANIMATION1_DATA
00007970   RUNNING_ANIMATION2
00007d16   RUNNING_ANIMATION2_DATA
0000797c   RUNNING_ANIMATION3
00007d18   RUNNING_ANIMATION3_DATA
000068db   ResetISR
20009610   SCORE_STRING
UNDEFED    SHT$$INIT_ARRAY$$Base
UNDEFED    SHT$$INIT_ARRAY$$Limit
000078b0   SMALL_CUBE
000085dc   SMALL_CUBE_DATA
00006905   SSIBusy
000065bd   SSIConfigSetExpClk
00006889   SSIDataGetNonBlocking
000068e7   SSIDataPut
000068f1   SSIDisable
000068fb   SSIEnable
00004945   SysCtlClockGet
000051f9   SysCtlClockSet
00006919   SysCtlDelay
000064d1   SysCtlPeripheralEnable
00005fa5   SysCtlPeripheralReset
20009628   TEMP_GAME_OVER_STRING
20009634   TEMP_TETRIS_STRING
000078d4   TETRIS_BACKGROUND
00006924   TETRIS_BACKGROUND_DATA
20009624   THANKS_STRING
200094f4   UP
20009630   VERSION_STRING
000068cd   _Dclass
00006689   _Dtest
20008f20   __CIOBUF_
20003200   __STACK_END
00003200   __STACK_SIZE
20000100   __STACK_TOP
00003200   __SYSMEM_SIZE
000088d0   __TI_CINIT_Base
000088e0   __TI_CINIT_Limit
000088b8   __TI_Handler_Table_Base
000088c4   __TI_Handler_Table_Limit
00000001   __TI_args_main
00005f11   __TI_auto_init
00004be5   __TI_cleanup
20009674   __TI_cleanup_ptr
00005e79   __TI_closefile
000068bf   __TI_decompress_none
0000691f   __TI_decompress_rle24
00005b39   __TI_doflush
20009678   __TI_dtors_ptr
20009648   __TI_ft_end
00000ca3   __TI_printfi
00005c5b   __TI_rd_ok
000063e7   __TI_readmsg
00000000   __TI_static_base__
20009040   __TI_tmpnams
000063b9   __TI_writemsg
00005bf9   __TI_wrt_ok
0000689b   __TI_zero_init
0000602d   __aeabi_cdcmpeq
0000602d   __aeabi_cdcmple
000060b3   __aeabi_cdrcmple
00006575   __aeabi_d2iz
00004ea3   __aeabi_dadd
0000533d   __aeabi_ddiv
000056d7   __aeabi_dmul
00004e99   __aeabi_dsub
0000675f   __aeabi_i2d
000067e1   __aeabi_lmul
00006139   __aeabi_memclr
00006139   __aeabi_memclr4
00006139   __aeabi_memclr8
00005ddd   __aeabi_memcpy
00005ddd   __aeabi_memcpy4
00005ddd   __aeabi_memcpy8
0000613b   __aeabi_memset
0000613b   __aeabi_memset4
0000613b   __aeabi_memset8
20009654   __aeabi_stderr
2000964c   __aeabi_stdin
20009650   __aeabi_stdout
00004751   __aeabi_uldivmod
ffffffff   __binit__
ffffffff   __c_args__
20000000   __stack
000067c9   _args_main
000066cd   _c_int00
00007e26   _ctypes_
200091f8   _ftable
2000966c   _lock
0000684b   _nop
00006843   _register_lock
0000683d   _register_unlock
20003200   _sys_memory
20009670   _unlock
00006649   abort
00002e87   abs_modulo
00004183   add_device
00006529   atoi
20009594   base_game
ffffffff   binit
200093b8   block0
200093d4   block1
200093f0   block2
2000940c   block3
20009428   block4
20009444   block5
20009460   block6
00005101   button_event_occurred
00001b03   button_process_loop
00001d83   calculate_tetris_grid_x_position
00001d6d   calculate_tetris_grid_y_position
000037b5   calloc
00001e83   can_drop_current_tetrominoe
00001e95   can_rotate_current_tetrominoe
00001ea7   can_shift_current_tetrominoe
00004505   clear_board
00003855   clear_display
00002111   clear_full_rows
00004691   clear_row
00004131   close
00006601   copy_in
00001da1   current_tetrominoe_can_occupy
00001f61   debug_board
00001c8f   draw_current_tetrominoe
00001cab   draw_current_tetrominoe_as
000020b1   draw_next_tetrominoe_on_side
00001cd5   draw_tetrominoe
00005a5d   elapsed_time_ms
000051d7   enqueue_button_event
00003a59   enqueue_display_task
00001c9d   erase_current_tetrominoe
000020e1   erase_next_tetrominoe_on_side
000039b9   execute_display_task
00006651   exit
00005edf   fclose
00005b85   fflush
00004c3b   fopen
00005d41   fputc
00005475   fputs
0000350f   free
00004c11   freopen
00006295   fseek
00002303   full_drop_current_tetrominoe
00000000   g_pfnVectors
200095e8   game_board
00001a7b   game_loop
00004537   get_board_value
00001c79   get_current_tetrominoe
0000457d   get_next_complete_row
00002045   get_next_tetrominoe
000061cd   get_tetromineo_grid
20008c00   grid
00005995   has_timed_out
0000471b   highest_occupied_cell_in_column
00008114   i_pose1
00008154   i_pose2
000050c1   initalise_button
000051bf   initalise_button_event_queue
00005051   initalise_buttons
00003843   initalise_display
00003a41   initalise_display_queue
00001bb5   initalise_game
00002e77   initalise_random_number_generator
00004667   is_occupied
00004633   is_off_board
00008194   ll_pose1
000081d4   ll_pose2
00008214   ll_pose3
00008254   ll_pose4
0000410d   lseek
00006477   ltoa
00008294   lz_pose1
000082d4   lz_pose2
00003bad   main
20009684   main_func_sp
000034ad   malloc
000036d5   memalign
000067af   memccpy
00006811   memchr
0000678d   memcmp
00005ddd   memcpy
00006141   memset
00003421   minit
000045d3   num_complete_rows
0000405f   open
00001ed5   place_current_tetrominoe
0000622d   printf
00001b4f   process_button_event
00005dc5   putc
00005dc9   putchar
0000557f   puts
00004cdd   pvPortMalloc
20009564   pxCurrentTCB
000057d5   pxPortInitialiseStack
00003ad9   quick_clear_screen
00003a73   quick_initalise_screen
00003aa3   quick_send_image
00003af7   quick_send_number
00003b2d   quick_send_string
00003b5d   quick_send_string_rit
00002e45   rand_range
0000403b   read
000050d7   read_button
000035cf   realloc
00002231   redraw_empty_cells
00003fb1   remove
00004013   remove_device
00003fd5   rename
00001bd1   reset_game
000061b1   reset_tetromineo
00008314   rl_pose1
00008354   rl_pose2
00008394   rl_pose3
000083d4   rl_pose4
000061e3   rotate_tetromineo
00008414   rz_pose1
00008454   rz_pose2
00008494   s_pose1
00001bab   score_screen_loop
200091f4   seed
00004559   set_board_value
000058b9   setvbuf
00006203   shift_tetrominoe
00001fe5   spawn_new_tetrominoe
00001ba1   splash_screen_loop
00006359   sprintf
000059eb   start_timeout
00006827   strchr
000067f9   strcmp
000068ad   strcpy
00006851   strlen
00006701   strncpy
00002eb7   symbols_in_number
000084d4   t_pose1
00008514   t_pose2
00008554   t_pose3
00008594   t_pose4
000021b3   temp_fill_cells
200095f4   tetrominoes
00003cb9   tetronimoe_drop_test
00003d41   tetronimoe_drop_test2
000059bd   tick_difference
00005a01   timer_start
00005a4b   timer_stop
00005a1b   timer_update
000046cb   trickle_down_column
000022af   try_rotate_current_tetrominoe
000022d5   try_shift_current_tetrominoe
00003fb1   unlink
00002345   update_level_display
00002365   update_score_and_level
0000232f   update_score_display
00002e09   urand
000027c7   uxQueueMessagesWaiting
000027dd   uxQueueMessagesWaitingFromISR
000014a9   uxTaskGetNumberOfTasks
0000123d   uxTaskPriorityGet
00003e9f   vApplicationIdleHook
00003e8d   vApplicationMallocFailedHook
00003e95   vApplicationStackOverflowHook
00003ea1   vApplicationTickHook
00003e65   vButtonTest
00003e09   vDisplayRunning
000055a9   vListInitialise
000055d9   vListInitialiseItem
0000562d   vListInsert
000055e9   vListInsertEnd
00005693   vListRemove
00005cf1   vPortClearInterruptMask
00005d2f   vPortEnableVFP
00005845   vPortEndScheduler
00005851   vPortEnterCritical
00005861   vPortExitCritical
00004e0f   vPortFree
00004e77   vPortInitialiseBlocks
00005cff   vPortSVCHandler
00005ce3   vPortSetInterruptMask
00005d1d   vPortStartFirstTask
00005847   vPortYieldFromISR
000062f9   vPrintString
0000631d   vPrintStringAndNumber
000027ef   vQueueDelete
000011d9   vTaskDelay
00003c77   vTaskDelayTest
00001129   vTaskDelayUntil
000010c1   vTaskDelete
000013a7   vTaskEndScheduler
00003c4d   vTaskFunction
00003dcb   vTaskImageFun
000014af   vTaskIncrementTick
00001799   vTaskMissedYield
0000161d   vTaskPlaceOnEventList
000019d5   vTaskPriorityDisinherit
0000194d   vTaskPriorityInherit
00001279   vTaskPrioritySet
00001709   vTaskSetTimeOutState
00001361   vTaskStartScheduler
000013b9   vTaskSuspendAll
00001561   vTaskSwitchContext
00003f21   write
00003815   write_image
000037ed   write_string
00003865   write_tetris_number
000038ed   write_tetris_string
00005145   xButtonReadTask
00003995   xDisplayTask
00001a65   xGameEngineTask
00004e71   xPortGetFreeHeapSize
00005ca9   xPortPendSVHandler
0000581d   xPortStartScheduler
00005877   xPortSysTickHandler
000023ad   xQueueCreate
000024bb   xQueueCreateCountingSemaphore
00002453   xQueueCreateMutex
0000262b   xQueueGenericReceive
000024d9   xQueueGenericSend
000025c1   xQueueGenericSendFromISR
00002969   xQueueIsQueueEmptyFromISR
000029a3   xQueueIsQueueFullFromISR
0000275f   xQueueReceiveFromISR
00001731   xTaskCheckForTimeOut
00000fad   xTaskGenericCreate
00001933   xTaskGetCurrentTaskHandle
00001495   xTaskGetTickCount
00001685   xTaskRemoveFromEventList
000013d1   xTaskResumeAll


GLOBAL SYMBOLS: SORTED BY Symbol Address 

address    name
--------   ----
00000000   __TI_static_base__
00000000   g_pfnVectors
00000001   __TI_args_main
00000ca3   __TI_printfi
00000fad   xTaskGenericCreate
000010c1   vTaskDelete
00001129   vTaskDelayUntil
000011d9   vTaskDelay
0000123d   uxTaskPriorityGet
00001279   vTaskPrioritySet
00001361   vTaskStartScheduler
000013a7   vTaskEndScheduler
000013b9   vTaskSuspendAll
000013d1   xTaskResumeAll
00001495   xTaskGetTickCount
000014a9   uxTaskGetNumberOfTasks
000014af   vTaskIncrementTick
00001561   vTaskSwitchContext
0000161d   vTaskPlaceOnEventList
00001685   xTaskRemoveFromEventList
00001709   vTaskSetTimeOutState
00001731   xTaskCheckForTimeOut
00001799   vTaskMissedYield
00001933   xTaskGetCurrentTaskHandle
0000194d   vTaskPriorityInherit
000019d5   vTaskPriorityDisinherit
00001a65   xGameEngineTask
00001a7b   game_loop
00001b03   button_process_loop
00001b4f   process_button_event
00001ba1   splash_screen_loop
00001bab   score_screen_loop
00001bb5   initalise_game
00001bd1   reset_game
00001c79   get_current_tetrominoe
00001c8f   draw_current_tetrominoe
00001c9d   erase_current_tetrominoe
00001cab   draw_current_tetrominoe_as
00001cd5   draw_tetrominoe
00001d6d   calculate_tetris_grid_y_position
00001d83   calculate_tetris_grid_x_position
00001da1   current_tetrominoe_can_occupy
00001e83   can_drop_current_tetrominoe
00001e95   can_rotate_current_tetrominoe
00001ea7   can_shift_current_tetrominoe
00001ed5   place_current_tetrominoe
00001f61   debug_board
00001fe5   spawn_new_tetrominoe
00002045   get_next_tetrominoe
000020b1   draw_next_tetrominoe_on_side
000020e1   erase_next_tetrominoe_on_side
00002111   clear_full_rows
000021b3   temp_fill_cells
00002231   redraw_empty_cells
000022af   try_rotate_current_tetrominoe
000022d5   try_shift_current_tetrominoe
00002303   full_drop_current_tetrominoe
0000232f   update_score_display
00002345   update_level_display
00002365   update_score_and_level
000023ad   xQueueCreate
00002453   xQueueCreateMutex
000024bb   xQueueCreateCountingSemaphore
000024d9   xQueueGenericSend
000025c1   xQueueGenericSendFromISR
0000262b   xQueueGenericReceive
0000275f   xQueueReceiveFromISR
000027c7   uxQueueMessagesWaiting
000027dd   uxQueueMessagesWaitingFromISR
000027ef   vQueueDelete
00002969   xQueueIsQueueEmptyFromISR
000029a3   xQueueIsQueueFullFromISR
00002a35   EEPROMInit
00002a79   EEPROMSizeGet
00002a85   EEPROMBlockCountGet
00002a93   EEPROMRead
00002ae5   EEPROMProgram
00002bbf   EEPROMProgramNonBlocking
00002c01   EEPROMMassErase
00002c3f   EEPROMBlockProtectGet
00002c53   EEPROMBlockProtectSet
00002c77   EEPROMBlockPasswordSet
00002cc9   EEPROMBlockLock
00002cf1   EEPROMBlockUnlock
00002d39   EEPROMBlockHide
00002d51   EEPROMIntEnable
00002d79   EEPROMIntDisable
00002d9d   EEPROMIntStatus
00002dcd   EEPROMIntClear
00002df5   EEPROMStatusGet
00002e09   urand
00002e45   rand_range
00002e77   initalise_random_number_generator
00002e87   abs_modulo
00002eb7   symbols_in_number
00003019   RIT128x96x4Clear
00003075   RIT128x96x4StringDraw
000031b5   RIT128x96x4ImageDraw
00003200   __STACK_SIZE
00003200   __SYSMEM_SIZE
0000323d   RIT128x96x4Enable
00003297   RIT128x96x4Disable
00003311   RIT128x96x4Init
000033b5   RIT128x96x4DisplayOn
000033e9   RIT128x96x4DisplayOff
00003421   minit
000034ad   malloc
0000350f   free
000035cf   realloc
000036d5   memalign
000037b5   calloc
000037ed   write_string
00003815   write_image
00003843   initalise_display
00003855   clear_display
00003865   write_tetris_number
000038ed   write_tetris_string
00003995   xDisplayTask
000039b9   execute_display_task
00003a41   initalise_display_queue
00003a59   enqueue_display_task
00003a73   quick_initalise_screen
00003aa3   quick_send_image
00003ad9   quick_clear_screen
00003af7   quick_send_number
00003b2d   quick_send_string
00003b5d   quick_send_string_rit
00003bad   main
00003c4d   vTaskFunction
00003c77   vTaskDelayTest
00003cb9   tetronimoe_drop_test
00003d41   tetronimoe_drop_test2
00003dcb   vTaskImageFun
00003e09   vDisplayRunning
00003e65   vButtonTest
00003e8d   vApplicationMallocFailedHook
00003e95   vApplicationStackOverflowHook
00003e9f   vApplicationIdleHook
00003ea1   vApplicationTickHook
00003f21   write
00003fb1   remove
00003fb1   unlink
00003fd5   rename
00004013   remove_device
0000403b   read
0000405f   open
0000410d   lseek
00004131   close
00004183   add_device
00004231   HOSTwrite
0000427d   HOSTunlink
000042b5   HOSTtime
000042ef   HOSTrename
0000434d   HOSTread
00004399   HOSTopen
000043eb   HOSTlseek
00004447   HOSTgetenv
00004485   HOSTclose
000044bd   HOSTclock
00004505   clear_board
00004537   get_board_value
00004559   set_board_value
0000457d   get_next_complete_row
000045d3   num_complete_rows
00004633   is_off_board
00004667   is_occupied
00004691   clear_row
000046cb   trickle_down_column
0000471b   highest_occupied_cell_in_column
00004751   __aeabi_uldivmod
00004945   SysCtlClockGet
00004be5   __TI_cleanup
00004c11   freopen
00004c3b   fopen
00004cdd   pvPortMalloc
00004e0f   vPortFree
00004e71   xPortGetFreeHeapSize
00004e77   vPortInitialiseBlocks
00004e99   __aeabi_dsub
00004ea3   __aeabi_dadd
00005051   initalise_buttons
000050c1   initalise_button
000050d7   read_button
00005101   button_event_occurred
00005145   xButtonReadTask
000051bf   initalise_button_event_queue
000051d7   enqueue_button_event
000051f9   SysCtlClockSet
0000533d   __aeabi_ddiv
00005475   fputs
0000557f   puts
000055a9   vListInitialise
000055d9   vListInitialiseItem
000055e9   vListInsertEnd
0000562d   vListInsert
00005693   vListRemove
000056d7   __aeabi_dmul
000057d5   pxPortInitialiseStack
0000581d   xPortStartScheduler
00005845   vPortEndScheduler
00005847   vPortYieldFromISR
00005851   vPortEnterCritical
00005861   vPortExitCritical
00005877   xPortSysTickHandler
000058b9   setvbuf
00005995   has_timed_out
000059bd   tick_difference
000059eb   start_timeout
00005a01   timer_start
00005a1b   timer_update
00005a4b   timer_stop
00005a5d   elapsed_time_ms
00005a71   GPIOPadConfigSet
00005b39   __TI_doflush
00005b85   fflush
00005bf9   __TI_wrt_ok
00005c5b   __TI_rd_ok
00005ca9   xPortPendSVHandler
00005ce3   vPortSetInterruptMask
00005cf1   vPortClearInterruptMask
00005cff   vPortSVCHandler
00005d1d   vPortStartFirstTask
00005d2f   vPortEnableVFP
00005d41   fputc
00005dc5   putc
00005dc9   putchar
00005ddd   __aeabi_memcpy
00005ddd   __aeabi_memcpy4
00005ddd   __aeabi_memcpy8
00005ddd   memcpy
00005e79   __TI_closefile
00005edf   fclose
00005f11   __TI_auto_init
00005fa5   SysCtlPeripheralReset
0000602d   __aeabi_cdcmpeq
0000602d   __aeabi_cdcmple
000060b3   __aeabi_cdrcmple
00006139   __aeabi_memclr
00006139   __aeabi_memclr4
00006139   __aeabi_memclr8
0000613b   __aeabi_memset
0000613b   __aeabi_memset4
0000613b   __aeabi_memset8
00006141   memset
000061b1   reset_tetromineo
000061cd   get_tetromineo_grid
000061e3   rotate_tetromineo
00006203   shift_tetrominoe
0000622d   printf
00006295   fseek
000062f9   vPrintString
0000631d   vPrintStringAndNumber
00006359   sprintf
000063b9   __TI_writemsg
000063e3   C$$IO$$
000063e7   __TI_readmsg
00006477   ltoa
000064d1   SysCtlPeripheralEnable
00006529   atoi
00006575   __aeabi_d2iz
000065bd   SSIConfigSetExpClk
00006601   copy_in
00006645   C$$EXIT
00006649   abort
00006651   exit
00006689   _Dtest
000066cd   _c_int00
00006701   strncpy
00006731   GPIODirModeSet
0000675f   __aeabi_i2d
0000678d   memcmp
000067af   memccpy
000067c9   _args_main
000067e1   __aeabi_lmul
000067f9   strcmp
00006811   memchr
00006827   strchr
0000683d   _register_unlock
00006843   _register_lock
0000684b   _nop
00006851   strlen
00006865   GPIOPinTypeGPIOOutput
00006877   GPIOPinTypeSSI
00006889   SSIDataGetNonBlocking
0000689b   __TI_zero_init
000068ad   strcpy
000068bf   __TI_decompress_none
000068cd   _Dclass
000068db   ResetISR
000068e7   SSIDataPut
000068f1   SSIDisable
000068fb   SSIEnable
00006905   SSIBusy
0000690d   GPIOPinRead
00006913   GPIOPinWrite
00006919   SysCtlDelay
0000691f   __TI_decompress_rle24
00006924   TETRIS_BACKGROUND_DATA
000078a4   CUBE
000078b0   SMALL_CUBE
000078bc   FULL_CELL
000078c8   EMPTY_CELL
000078d4   TETRIS_BACKGROUND
000078e0   NUMBER0
000078ec   NUMBER1
000078f8   NUMBER2
00007904   NUMBER3
00007910   NUMBER4
0000791c   NUMBER5
00007928   NUMBER6
00007934   NUMBER7
00007940   NUMBER8
0000794c   NUMBER9
00007958   RUNNING_ANIMATION0
00007964   RUNNING_ANIMATION1
00007970   RUNNING_ANIMATION2
0000797c   RUNNING_ANIMATION3
00007988   LETTER_A
00007994   LETTER_B
000079a0   LETTER_C
000079ac   LETTER_D
000079b8   LETTER_E
000079c4   LETTER_F
000079d0   LETTER_G
000079dc   LETTER_H
000079e8   LETTER_I
000079f4   LETTER_J
00007a00   LETTER_K
00007a0c   LETTER_L
00007a18   LETTER_M
00007a24   LETTER_N
00007a30   LETTER_O
00007a3c   LETTER_P
00007a48   LETTER_Q
00007a54   LETTER_R
00007a60   LETTER_S
00007a6c   LETTER_T
00007a78   LETTER_U
00007a84   LETTER_V
00007a90   LETTER_W
00007a9c   LETTER_X
00007aa8   LETTER_Y
00007ab4   LETTER_Z
00007ac0   LETTER__
00007acc   LETTER_UNDEFINED
00007cb8   NUMBER0_DATA
00007cc1   NUMBER1_DATA
00007cca   NUMBER2_DATA
00007cd3   NUMBER3_DATA
00007cdc   NUMBER4_DATA
00007ce5   NUMBER5_DATA
00007cee   NUMBER6_DATA
00007cf7   NUMBER7_DATA
00007d00   NUMBER8_DATA
00007d09   NUMBER9_DATA
00007d12   RUNNING_ANIMATION0_DATA
00007d14   RUNNING_ANIMATION1_DATA
00007d16   RUNNING_ANIMATION2_DATA
00007d18   RUNNING_ANIMATION3_DATA
00007d1a   LETTER_A_DATA
00007d23   LETTER_B_DATA
00007d2c   LETTER_C_DATA
00007d35   LETTER_D_DATA
00007d3e   LETTER_E_DATA
00007d47   LETTER_F_DATA
00007d50   LETTER_G_DATA
00007d59   LETTER_H_DATA
00007d62   LETTER_I_DATA
00007d6b   LETTER_J_DATA
00007d74   LETTER_K_DATA
00007d7d   LETTER_L_DATA
00007d86   LETTER_M_DATA
00007d95   LETTER_N_DATA
00007d9e   LETTER_O_DATA
00007da7   LETTER_P_DATA
00007db0   LETTER_Q_DATA
00007dbc   LETTER_R_DATA
00007dc5   LETTER_S_DATA
00007dce   LETTER_T_DATA
00007dd7   LETTER_U_DATA
00007de0   LETTER_V_DATA
00007de9   LETTER_W_DATA
00007df8   LETTER_X_DATA
00007e01   LETTER_Y_DATA
00007e0a   LETTER_Z_DATA
00007e13   LETTER___DATA
00007e1c   LETTER_UNDEFINED_DATA
00007e26   _ctypes_
00008114   i_pose1
00008154   i_pose2
00008194   ll_pose1
000081d4   ll_pose2
00008214   ll_pose3
00008254   ll_pose4
00008294   lz_pose1
000082d4   lz_pose2
00008314   rl_pose1
00008354   rl_pose2
00008394   rl_pose3
000083d4   rl_pose4
00008414   rz_pose1
00008454   rz_pose2
00008494   s_pose1
000084d4   t_pose1
00008514   t_pose2
00008554   t_pose3
00008594   t_pose4
000085d4   CUBE_DATA
000085dc   SMALL_CUBE_DATA
000085e0   FULL_CELL_DATA
000085f2   EMPTY_CELL_DATA
000088b8   __TI_Handler_Table_Base
000088c4   __TI_Handler_Table_Limit
000088d0   __TI_CINIT_Base
000088e0   __TI_CINIT_Limit
20000000   __stack
20000100   __STACK_TOP
20003200   __STACK_END
20003200   _sys_memory
20008c00   grid
20008f20   __CIOBUF_
20009040   __TI_tmpnams
200091f4   seed
200091f8   _ftable
200093b8   block0
200093d4   block1
200093f0   block2
2000940c   block3
20009428   block4
20009444   block5
20009460   block6
2000947c   FONT
200094f4   UP
2000950c   DOWN
20009524   RIGHT
2000953c   LEFT
20009554   BUTTONS
20009564   pxCurrentTCB
20009594   base_game
200095c0   NUMBERS
200095e8   game_board
200095f4   tetrominoes
20009610   SCORE_STRING
20009614   LEVEL_STRING
20009618   NEXT_STRING
2000961c   FINAL_SCORE_STRING
20009620   LEVELS_CLEARED_STRING
20009624   THANKS_STRING
20009628   TEMP_GAME_OVER_STRING
2000962c   AUTHOR_STRING
20009630   VERSION_STRING
20009634   TEMP_TETRIS_STRING
20009638   RUNNING_ANIMATION
20009648   __TI_ft_end
2000964c   __aeabi_stdin
20009650   __aeabi_stdout
20009654   __aeabi_stderr
2000966c   _lock
20009670   _unlock
20009674   __TI_cleanup_ptr
20009678   __TI_dtors_ptr
20009684   main_func_sp
20009688   MAX_PORT_TICK_VALUE
ffffffff   __binit__
ffffffff   __c_args__
ffffffff   binit
UNDEFED    SHT$$INIT_ARRAY$$Base
UNDEFED    SHT$$INIT_ARRAY$$Limit

[468 symbols]
