******************************************************************************
                  TI ARM Linker PC v5.1.6                      
******************************************************************************
>> Linked Wed Jul 27 00:27:36 2016

OUTPUT FILE NAME:   <ENCE463-Tetris.out>
ENTRY POINT SYMBOL: "_c_int00"  address: 000060f9


MEMORY CONFIGURATION

         name            origin    length      used     unused   attr    fill
----------------------  --------  ---------  --------  --------  ----  --------
  FLASH                 00000000   00040000  00007f70  00038090  R  X
  SRAM                  20000000   00010000  0000519c  0000ae64  RW X


SEGMENT ALLOCATION MAP

run origin  load origin   length   init length attrs members
----------  ----------- ---------- ----------- ----- -------
00000000    00000000    00007f70   00007f70    r-x
  00000000    00000000    000000f0   000000f0    r-- .intvecs
  000000f0    000000f0    000062a0   000062a0    r-x .text
  00006390    00006390    00001a80   00001a80    r-- .const
  00007e10    00007e10    00000160   00000160    r-- .cinit
20000000    20000000    000051a0   00000000    rw-
  20000000    20000000    0000026c   00000000    rw- .vtable
  20000270    20000270    00002df8   00000000    rw- .bss
  20003068    20003068    00001600   00000000    rw- .stack
  20004668    20004668    00000800   00000000    rw- .sysmem
  20004e68    20004e68    00000338   00000000    rw- .data


SECTION ALLOCATION MAP

 output                                  attributes/
section   page    origin      length       input sections
--------  ----  ----------  ----------   ----------------
.intvecs   0    00000000    000000f0     
                  00000000    000000f0     startup_ccs.obj (.intvecs)

.text      0    000000f0    000062a0     
                  000000f0    00000ebc     rtsv7M3_T_le_eabi.lib : _printfi.obj (.text)
                  00000fac    00000ab8     tasks.obj (.text)
                  00001a64    00000614     queue.obj (.text)
                  00002078    000005ec     game_engine.obj (.text)
                  00002664    00000514     math.obj (.text)
                  00002b78    00000510     rit128x96x4.obj (.text)
                  00003088    000003cc     rtsv7M3_T_le_eabi.lib : memory.obj (.text)
                  00003454    00000344     main.obj (.text)
                  00003798    00000310     rtsv7M3_T_le_eabi.lib : lowlev.obj (.text)
                  00003aa8    000002d4                           : trgdrv.obj (.text)
                  00003d7c    00000246     board.obj (.text)
                  00003fc2    000001f4     rtsv7M3_T_le_eabi.lib : ull_div_t2.obj (.text)
                  000041b6    00000002     --HOLE-- [fill = 0]
                  000041b8    000001d8     driverlib-cm3.lib : sysctl.obj (.text:SysCtlClockGet)
                  00004390    000001c0     rtsv7M3_T_le_eabi.lib : fopen.obj (.text)
                  00004550    000001bc     heap_2.obj (.text)
                  0000470c    000001b6     rtsv7M3_T_le_eabi.lib : fd_add_t2.obj (.text)
                  000048c2    00000002     --HOLE-- [fill = 0]
                  000048c4    00000198     display.obj (.text)
                  00004a5c    00000144     driverlib-cm3.lib : sysctl.obj (.text:SysCtlClockSet)
                  00004ba0    00000136     rtsv7M3_T_le_eabi.lib : fd_div_t2.obj (.text)
                  00004cd6    00000002     --HOLE-- [fill = 0]
                  00004cd8    00000134                           : fputs.obj (.text)
                  00004e0c    0000012e     list.obj (.text)
                  00004f3a    00000002     --HOLE-- [fill = 0]
                  00004f3c    000000fc     driverlib-cm3.lib : gpio.obj (.text:GPIOGetIntNumber)
                  00005038    000000fc     rtsv7M3_T_le_eabi.lib : fd_mul_t2.obj (.text)
                  00005134    000000ec     buttons.obj (.text)
                  00005220    000000e4     port.obj (.text)
                  00005304    000000dc     rtsv7M3_T_le_eabi.lib : setvbuf.obj (.text)
                  000053e0    000000c8     driverlib-cm3.lib : gpio.obj (.text:GPIOPadConfigSet)
                  000054a8    000000c0     rtsv7M3_T_le_eabi.lib : fflush.obj (.text)
                  00005568    000000ac                           : _io_perm.obj (.text)
                  00005614    0000009c     portasm.obj (.text)
                  000056b0    0000009c     rtsv7M3_T_le_eabi.lib : fputc.obj (.text)
                  0000574c    0000009c                           : memcpy_t2.obj (.text)
                  000057e8    00000098                           : fclose.obj (.text)
                  00005880    00000094                           : auto_init.obj (.text)
                  00005914    00000088     driverlib-cm3.lib : sysctl.obj (.text:SysCtlPeripheralReset)
                  0000599c    00000086     rtsv7M3_T_le_eabi.lib : fd_cmp_t2.obj (.text:__aeabi_cdcmple)
                  00005a22    00000086                           : fd_cmp_t2.obj (.text:__aeabi_cdrcmple)
                  00005aa8    00000078                           : memset_t2.obj (.text)
                  00005b20    00000070                           : printf.obj (.text)
                  00005b90    00000064     driverlib-cm3.lib : interrupt.obj (.text:IntEnable)
                  00005bf4    00000064     rtsv7M3_T_le_eabi.lib : fseek.obj (.text)
                  00005c58    00000060     basic_io.obj (.text)
                  00005cb8    00000060     rtsv7M3_T_le_eabi.lib : sprintf.obj (.text)
                  00005d18    00000060                           : trgmsg.obj (.text)
                  00005d78    0000005e                           : copy_decompress_rle.obj (.text)
                  00005dd6    0000005a                           : ltoa.obj (.text)
                  00005e30    00000058     driverlib-cm3.lib : sysctl.obj (.text:SysCtlPeripheralEnable)
                  00005e88    00000052     tetrominoe.obj (.text)
                  00005eda    00000002     --HOLE-- [fill = 0]
                  00005edc    0000004c     rtsv7M3_T_le_eabi.lib : atoi.obj (.text)
                  00005f28    00000048                           : fd_toi_t2.obj (.text)
                  00005f70    00000044     driverlib-cm3.lib : gpio.obj (.text:GPIOIntTypeSet)
                  00005fb4    00000044                       : ssi.obj (.text:SSIConfigSetExpClk)
                  00005ff8    00000044     rtsv7M3_T_le_eabi.lib : cpy_tbl.obj (.text)
                  0000603c    00000044                           : exit.obj (.text)
                  00006080    00000044                           : xdtest.obj (.text)
                  000060c4    00000034     driverlib-cm3.lib : interrupt.obj (.text:IntRegister)
                  000060f8    00000034     rtsv7M3_T_le_eabi.lib : boot.obj (.text)
                  0000612c    00000030                           : strncpy.obj (.text)
                  0000615c    0000002e     driverlib-cm3.lib : gpio.obj (.text:GPIODirModeSet)
                  0000618a    0000002e     rtsv7M3_T_le_eabi.lib : i_tofd_t2.obj (.text)
                  000061b8    00000022                           : memcmp.obj (.text)
                  000061da    0000001a                           : memccpy.obj (.text)
                  000061f4    00000018     driverlib-cm3.lib : gpio.obj (.text:GPIOPortIntRegister)
                  0000620c    00000018     rtsv7M3_T_le_eabi.lib : args_main.obj (.text)
                  00006224    00000018                           : ll_mul_t2.obj (.text)
                  0000623c    00000018                           : strcmp.obj (.text)
                  00006254    00000016                           : memchr.obj (.text)
                  0000626a    00000016                           : strchr.obj (.text)
                  00006280    00000014                           : _lock.obj (.text)
                  00006294    00000014                           : strlen.obj (.text)
                  000062a8    00000012     driverlib-cm3.lib : gpio.obj (.text:GPIOPinTypeGPIOOutput)
                  000062ba    00000012                       : gpio.obj (.text:GPIOPinTypeSSI)
                  000062cc    00000012                       : ssi.obj (.text:SSIDataGetNonBlocking)
                  000062de    00000012     rtsv7M3_T_le_eabi.lib : copy_zero_init.obj (.text:decompress:ZI)
                  000062f0    00000012                           : strcpy.obj (.text)
                  00006302    0000000e                           : copy_decompress_none.obj (.text:decompress:none)
                  00006310    0000000e                           : xdclass.obj (.text)
                  0000631e    0000000c     driverlib-cm3.lib : cpu.obj (.text:CPUcpsie)
                  0000632a    0000000c                       : gpio.obj (.text:GPIOPinIntEnable)
                  00006336    0000000c     startup_ccs.obj (.text)
                  00006342    0000000a     driverlib-cm3.lib : interrupt.obj (.text:IntMasterEnable)
                  0000634c    0000000a                       : ssi.obj (.text:SSIDataPut)
                  00006356    0000000a                       : ssi.obj (.text:SSIDisable)
                  00006360    0000000a                       : ssi.obj (.text:SSIEnable)
                  0000636a    00000008                       : ssi.obj (.text:SSIBusy)
                  00006372    00000006                       : gpio.obj (.text:GPIOPinIntClear)
                  00006378    00000006                       : gpio.obj (.text:GPIOPinRead)
                  0000637e    00000006                       : gpio.obj (.text:GPIOPinWrite)
                  00006384    00000006                       : sysctl.obj (.text:SysCtlDelay)
                  0000638a    00000006     rtsv7M3_T_le_eabi.lib : copy_decompress_rle.obj (.text:decompress:rle24)

.const     0    00006390    00001a80     
                  00006390    00000f80     tetris_background.obj (.const:.string:TETRIS_BACKGROUND_DATA)
                  00007310    000001e0     rit128x96x4.obj (.const:g_pucFont)
                  000074f0    00000102     rtsv7M3_T_le_eabi.lib : ctype.obj (.const:.string:_ctypes_)
                  000075f2    00000002     heap_2.obj (.const)
                  000075f4    000000b4     images.obj (.const)
                  000076a8    00000070     driverlib-cm3.lib : interrupt.obj (.const)
                  00007718    0000006c                       : sysctl.obj (.const:g_pulXtals)
                  00007784    0000005a     text_images.obj (.const:.string)
                  000077de    0000004f     rit128x96x4.obj (.const:.string:g_pucRIT128x96x4Init)
                  0000782d    00000003     --HOLE-- [fill = 0]
                  00007830    00000040     display.obj (.const)
                  00007870    00000040     driverlib-cm3.lib : sysctl.obj (.const)
                  000078b0    00000040     tetrominoe.obj (.const:i_pose1)
                  000078f0    00000040     tetrominoe.obj (.const:i_pose2)
                  00007930    00000040     tetrominoe.obj (.const:ll_pose1)
                  00007970    00000040     tetrominoe.obj (.const:ll_pose2)
                  000079b0    00000040     tetrominoe.obj (.const:ll_pose3)
                  000079f0    00000040     tetrominoe.obj (.const:ll_pose4)
                  00007a30    00000040     tetrominoe.obj (.const:lz_pose1)
                  00007a70    00000040     tetrominoe.obj (.const:lz_pose2)
                  00007ab0    00000040     tetrominoe.obj (.const:rl_pose1)
                  00007af0    00000040     tetrominoe.obj (.const:rl_pose2)
                  00007b30    00000040     tetrominoe.obj (.const:rl_pose3)
                  00007b70    00000040     tetrominoe.obj (.const:rl_pose4)
                  00007bb0    00000040     tetrominoe.obj (.const:rz_pose1)
                  00007bf0    00000040     tetrominoe.obj (.const:rz_pose2)
                  00007c30    00000040     tetrominoe.obj (.const:s_pose1)
                  00007c70    00000040     tetrominoe.obj (.const:t_pose1)
                  00007cb0    00000040     tetrominoe.obj (.const:t_pose2)
                  00007cf0    00000040     tetrominoe.obj (.const:t_pose3)
                  00007d30    00000040     tetrominoe.obj (.const:t_pose4)
                  00007d70    00000030     images.obj (.const:.string)
                  00007da0    00000030     game_engine.obj (.const)
                  00007dd0    00000020     main.obj (.const)
                  00007df0    00000014     tasks.obj (.const:.string)
                  00007e04    0000000c     rit128x96x4.obj (.const:.string)

.cinit     0    00007e10    00000160     
                  00007e10    0000012c     (.cinit..data.load) [load image, compression = rle]
                  00007f3c    0000000c     (__TI_handler_table)
                  00007f48    00000008     (.cinit..bss.load) [load image, compression = zero_init]
                  00007f50    00000008     (.cinit..vtable.load) [load image, compression = zero_init]
                  00007f58    00000018     (__TI_cinit_table)

.vtable    0    20000000    0000026c     UNINITIALIZED
                  20000000    0000026c     driverlib-cm3.lib : interrupt.obj (.vtable)

.bss       0    20000270    00002df8     UNINITIALIZED
                  20000270    00002800     heap_2.obj (.bss:xHeap)
                  20002a70    00000320     game_engine.obj (.bss:grid)
                  20002d90    00000120     rtsv7M3_T_le_eabi.lib : trgmsg.obj (.bss:__CIOBUF_)
                  20002eb0    000000a0                           : defs.obj (.bss:__TI_tmpnams)
                  20002f50    00000064     tasks.obj (.bss:pxReadyTasksLists)
                  20002fb4    00000034     basic_io.obj (.bss:cBuffer)
                  20002fe8    00000014     (.common:xDelayedTaskList1)
                  20002ffc    00000014     (.common:xDelayedTaskList2)
                  20003010    00000014     (.common:xPendingReadyList)
                  20003024    00000014     (.common:xTasksWaitingTermination)
                  20003038    00000008     (.common:g_pucBuffer)
                  20003040    00000008     (.common:parmbuf)
                  20003048    00000008     (.common:xEnd)
                  20003050    00000008     (.common:xStart)
                  20003058    00000004     (.common:g_ulSSIFlags)
                  2000305c    00000004     (.common:pxDelayedTaskList)
                  20003060    00000004     (.common:pxOverflowDelayedTaskList)
                  20003064    00000004     (.common:seed)

.stack     0    20003068    00001600     UNINITIALIZED
                  20003068    00001600     --HOLE--

.sysmem    0    20004668    00000800     UNINITIALIZED
                  20004668    00000008     rtsv7M3_T_le_eabi.lib : memory.obj (.sysmem)
                  20004670    000007f8     --HOLE--

.data      0    20004e68    00000338     UNINITIALIZED
                  20004e68    000000f0     rtsv7M3_T_le_eabi.lib : defs.obj (.data:_ftable)
                  20004f58    000000d0                           : lowlev.obj (.data)
                  20005028    000000c4     tetrominoe.obj (.data)
                  200050ec    00000044     game_engine.obj (.data)
                  20005130    00000030     tasks.obj (.data)
                  20005160    00000010     rtsv7M3_T_le_eabi.lib : defs.obj (.data)
                  20005170    0000000c                           : memory.obj (.data)
                  2000517c    00000008     heap_2.obj (.data)
                  20005184    00000008     rtsv7M3_T_le_eabi.lib : _lock.obj (.data)
                  2000518c    00000008                           : exit.obj (.data)
                  20005194    00000004     port.obj (.data)
                  20005198    00000004     rtsv7M3_T_le_eabi.lib : fopen.obj (.data)
                  2000519c    00000004                           : stkdepth_vars.obj (.data)


LINKER GENERATED COPY TABLES

__TI_cinit_table @ 00007f58 records: 3, size/record: 8, table size: 24
	.data: load addr=00007e10, load size=0000012c bytes, run addr=20004e68, run size=00000338 bytes, compression=rle
	.bss: load addr=00007f48, load size=00000008 bytes, run addr=20000270, run size=00002df8 bytes, compression=zero_init
	.vtable: load addr=00007f50, load size=00000008 bytes, run addr=20000000, run size=0000026c bytes, compression=zero_init


LINKER GENERATED HANDLER TABLE

__TI_handler_table @ 00007f3c records: 3, size/record: 4, table size: 12
	index: 0, handler: __TI_zero_init
	index: 1, handler: __TI_decompress_rle24
	index: 2, handler: __TI_decompress_none


GLOBAL SYMBOLS: SORTED ALPHABETICALLY BY Name 

address    name
--------   ----
0000603d   C$$EXIT
00005d43   C$$IO$$
0000631f   CPUcpsie
000075f4   CUBE
00007d70   CUBE_DATA
00002729   EEPROMBlockCountGet
000029dd   EEPROMBlockHide
0000296d   EEPROMBlockLock
0000291b   EEPROMBlockPasswordSet
000028e3   EEPROMBlockProtectGet
000028f7   EEPROMBlockProtectSet
00002995   EEPROMBlockUnlock
000026d9   EEPROMInit
00002a71   EEPROMIntClear
00002a1d   EEPROMIntDisable
000029f5   EEPROMIntEnable
00002a41   EEPROMIntStatus
000028a5   EEPROMMassErase
00002789   EEPROMProgram
00002863   EEPROMProgramNonBlocking
00002737   EEPROMRead
0000271d   EEPROMSizeGet
00002a99   EEPROMStatusGet
00007618   EMPTY_CELL
00007d8e   EMPTY_CELL_DATA
0000760c   FULL_CELL
00007d7c   FULL_CELL_DATA
0000615d   GPIODirModeSet
00005f71   GPIOIntTypeSet
000053e1   GPIOPadConfigSet
00006373   GPIOPinIntClear
0000632b   GPIOPinIntEnable
00006379   GPIOPinRead
000062a9   GPIOPinTypeGPIOOutput
000062bb   GPIOPinTypeSSI
0000637f   GPIOPinWrite
000061f5   GPIOPortIntRegister
00003d35   HOSTclock
00003cfd   HOSTclose
00003cbf   HOSTgetenv
00003c63   HOSTlseek
00003c11   HOSTopen
00003bc5   HOSTread
00003b67   HOSTrename
00003b2d   HOSTtime
00003af5   HOSTunlink
00003aa9   HOSTwrite
00005b91   IntEnable
00006343   IntMasterEnable
000060c5   IntRegister
00007630   NUMBER0
00007784   NUMBER0_DATA
0000763c   NUMBER1
0000778d   NUMBER1_DATA
00007648   NUMBER2
00007796   NUMBER2_DATA
00007654   NUMBER3
0000779f   NUMBER3_DATA
00007660   NUMBER4
000077a8   NUMBER4_DATA
0000766c   NUMBER5
000077b1   NUMBER5_DATA
00007678   NUMBER6
000077ba   NUMBER6_DATA
00007684   NUMBER7
000077c3   NUMBER7_DATA
00007690   NUMBER8
000077cc   NUMBER8_DATA
0000769c   NUMBER9
000077d5   NUMBER9_DATA
00002c81   RIT128x96x4Clear
00002eff   RIT128x96x4Disable
00003051   RIT128x96x4DisplayOff
0000301d   RIT128x96x4DisplayOn
00002ea5   RIT128x96x4Enable
00002e1d   RIT128x96x4ImageDraw
00002f79   RIT128x96x4Init
00002cdd   RIT128x96x4StringDraw
00006337   ResetISR
UNDEFED    SHT$$INIT_ARRAY$$Base
UNDEFED    SHT$$INIT_ARRAY$$Limit
00007600   SMALL_CUBE
00007d78   SMALL_CUBE_DATA
0000636b   SSIBusy
00005fb5   SSIConfigSetExpClk
000062cd   SSIDataGetNonBlocking
0000634d   SSIDataPut
00006357   SSIDisable
00006361   SSIEnable
000041b9   SysCtlClockGet
00004a5d   SysCtlClockSet
00006385   SysCtlDelay
00005e31   SysCtlPeripheralEnable
00005915   SysCtlPeripheralReset
00007624   TETRIS_BACKGROUND
00006390   TETRIS_BACKGROUND_DATA
00006311   _Dclass
00006081   _Dtest
20002d90   __CIOBUF_
20004668   __STACK_END
00001600   __STACK_SIZE
20003168   __STACK_TOP
00000800   __SYSMEM_SIZE
00007f58   __TI_CINIT_Base
00007f70   __TI_CINIT_Limit
00007f3c   __TI_Handler_Table_Base
00007f48   __TI_Handler_Table_Limit
00000001   __TI_args_main
00005881   __TI_auto_init
00004459   __TI_cleanup
2000518c   __TI_cleanup_ptr
000057e9   __TI_closefile
00006303   __TI_decompress_none
0000638b   __TI_decompress_rle24
000054a9   __TI_doflush
20005190   __TI_dtors_ptr
20005160   __TI_ft_end
00000ca3   __TI_printfi
000055cb   __TI_rd_ok
00005d47   __TI_readmsg
00000000   __TI_static_base__
20002eb0   __TI_tmpnams
00005d19   __TI_writemsg
00005569   __TI_wrt_ok
000062df   __TI_zero_init
0000599d   __aeabi_cdcmpeq
0000599d   __aeabi_cdcmple
00005a23   __aeabi_cdrcmple
00005f29   __aeabi_d2iz
00004717   __aeabi_dadd
00004ba1   __aeabi_ddiv
00005039   __aeabi_dmul
0000470d   __aeabi_dsub
0000618b   __aeabi_i2d
00006225   __aeabi_lmul
00005aa9   __aeabi_memclr
00005aa9   __aeabi_memclr4
00005aa9   __aeabi_memclr8
0000574d   __aeabi_memcpy
0000574d   __aeabi_memcpy4
0000574d   __aeabi_memcpy8
00005aab   __aeabi_memset
00005aab   __aeabi_memset4
00005aab   __aeabi_memset8
2000516c   __aeabi_stderr
20005164   __aeabi_stdin
20005168   __aeabi_stdout
00003fc3   __aeabi_uldivmod
ffffffff   __binit__
ffffffff   __c_args__
20003068   __stack
0000620d   _args_main
000060f9   _c_int00
000074f0   _ctypes_
20004e68   _ftable
20005184   _lock
0000628f   _nop
00006287   _register_lock
00006281   _register_unlock
20004668   _sys_memory
20005188   _unlock
00006041   abort
00002b1b   abs_modulo
000039fb   add_device
00005edd   atoi
ffffffff   binit
20005028   block0
20005044   block1
20005060   block2
2000507c   block3
20005098   block4
200050b4   block5
200050d0   block6
00005135   button_handler
000021ff   calculate_tetris_grid_x_position
000021e9   calculate_tetris_grid_y_position
0000341d   calloc
000022ff   can_drop_current_tetrominoe
00002311   can_rotate_current_tetrominoe
00002323   can_shift_current_tetrominoe
00003d7d   clear_board
0000492d   clear_display
000024b3   clear_full_rows
00003f03   clear_row
000039a9   close
00005ff9   copy_in
0000221d   current_tetrominoe_can_occupy
000023cd   debug_board
0000212d   draw_current_tetrominoe
00002149   draw_current_tetrominoe_as
000049b1   enqueue_display_task
0000213b   erase_current_tetrominoe
00004961   execute_display_task
00006049   exit
0000584f   fclose
000054f5   fflush
000044af   fopen
000056b1   fputc
00004cd9   fputs
00003177   free
00004485   freopen
00005bf5   fseek
20000000   g_pfnRAMVectors
00000000   g_pfnVectors
20005114   game
200050ec   game_board
00002085   game_loop
00003daf   get_board_value
00002117   get_current_tetrominoe
00003df5   get_next_complete_row
000024a9   get_next_tetrominie
00005ea5   get_tetromineo_grid
20002a70   grid
00003f8d   highest_occupied_cell_in_column
000078b0   i_pose1
000078f0   i_pose2
000051fd   initalise_button_event_queue
00005141   initalise_button_interrupts
00005177   initalise_buttons
0000491b   initalise_display
00004999   initalise_display_queue
000020a3   initalise_game
00002b0b   initalise_random_number_generator
00003ed9   is_occupied
00003ea5   is_off_board
00007930   ll_pose1
00007970   ll_pose2
000079b0   ll_pose3
000079f0   ll_pose4
00003985   lseek
00005dd7   ltoa
00007a30   lz_pose1
00007a70   lz_pose2
00003455   main
2000519c   main_func_sp
00003115   malloc
0000333d   memalign
000061db   memccpy
00006255   memchr
000061b9   memcmp
0000574d   memcpy
00005ab1   memset
00003089   minit
00003e4b   num_complete_rows
000038d7   open
0000233d   place_current_tetrominoe
00005b29   printf
00005735   putc
00005739   putchar
00004de3   puts
00004551   pvPortMalloc
20005130   pxCurrentTCB
00005221   pxPortInitialiseStack
00004a2b   quick_clear_screen
000049cb   quick_initalise_screen
000049fb   quick_send_image
00002ad9   rand_range
000038b3   read
0000518d   read_buttons
00003237   realloc
000025c9   redraw_empty_cells
00003829   remove
0000388b   remove_device
0000384d   rename
000020c3   reset_game
00005e89   reset_tetromineo
00007ab0   rl_pose1
00007af0   rl_pose2
00007b30   rl_pose3
00007b70   rl_pose4
00005ebb   rotate_tetromineo
00007bb0   rz_pose1
00007bf0   rz_pose2
00007c30   s_pose1
00002099   score_screen_loop
20003064   seed
00003dd1   set_board_value
00005305   setvbuf
00002455   spawn_block
0000208f   splash_screen_loop
00005cb9   sprintf
0000626b   strchr
0000623d   strcmp
000062f1   strcpy
00006295   strlen
0000612d   strncpy
00007c70   t_pose1
00007cb0   t_pose2
00007cf0   t_pose3
00007d30   t_pose4
0000254b   temp_fill_cells
200050f8   tetrominoes
0000355d   tetronimoe_drop_test
000035e5   tetronimoe_drop_test2
00003f3d   trickle_down_column
00003829   unlink
00002aad   urand
00001e7f   uxQueueMessagesWaiting
00001e95   uxQueueMessagesWaitingFromISR
000014a9   uxTaskGetNumberOfTasks
0000123d   uxTaskPriorityGet
00003723   vApplicationIdleHook
00003711   vApplicationMallocFailedHook
00003719   vApplicationStackOverflowHook
00003725   vApplicationTickHook
00004e0d   vListInitialise
00004e3d   vListInitialiseItem
00004e91   vListInsert
00004e4d   vListInsertEnd
00004ef7   vListRemove
00005661   vPortClearInterruptMask
0000569f   vPortEnableVFP
00005291   vPortEndScheduler
0000529d   vPortEnterCritical
000052ad   vPortExitCritical
00004683   vPortFree
000046eb   vPortInitialiseBlocks
0000566f   vPortSVCHandler
00005653   vPortSetInterruptMask
0000568d   vPortStartFirstTask
00005293   vPortYieldFromISR
00005c59   vPrintString
00005c7d   vPrintStringAndNumber
00001ea7   vQueueDelete
000036bd   vQueueTest
000011d9   vTaskDelay
00003505   vTaskDelayTest
00001129   vTaskDelayUntil
000010c1   vTaskDelete
000013a7   vTaskEndScheduler
000034db   vTaskFunction
00003685   vTaskImageFun
000014af   vTaskIncrementTick
00001799   vTaskMissedYield
0000161d   vTaskPlaceOnEventList
000019d5   vTaskPriorityDisinherit
0000194d   vTaskPriorityInherit
00001279   vTaskPrioritySet
00001709   vTaskSetTimeOutState
00001361   vTaskStartScheduler
000013b9   vTaskSuspendAll
00001561   vTaskSwitchContext
00003799   write
00003547   write_background
000048ed   write_image
000048c5   write_string
000051f3   xButtonReadTask
0000493d   xDisplayTask
00002079   xGameEngineTask
000046e5   xPortGetFreeHeapSize
00005619   xPortPendSVHandler
00005269   xPortStartScheduler
000052c3   xPortSysTickHandler
00001a65   xQueueCreate
00001b73   xQueueCreateCountingSemaphore
00001b0b   xQueueCreateMutex
00001ce3   xQueueGenericReceive
00001b91   xQueueGenericSend
00001c79   xQueueGenericSendFromISR
00002021   xQueueIsQueueEmptyFromISR
0000205b   xQueueIsQueueFullFromISR
00001e17   xQueueReceiveFromISR
00001731   xTaskCheckForTimeOut
00000fad   xTaskGenericCreate
00001933   xTaskGetCurrentTaskHandle
00001495   xTaskGetTickCount
00001685   xTaskRemoveFromEventList
000013d1   xTaskResumeAll


GLOBAL SYMBOLS: SORTED BY Symbol Address 

address    name
--------   ----
00000000   __TI_static_base__
00000000   g_pfnVectors
00000001   __TI_args_main
00000800   __SYSMEM_SIZE
00000ca3   __TI_printfi
00000fad   xTaskGenericCreate
000010c1   vTaskDelete
00001129   vTaskDelayUntil
000011d9   vTaskDelay
0000123d   uxTaskPriorityGet
00001279   vTaskPrioritySet
00001361   vTaskStartScheduler
000013a7   vTaskEndScheduler
000013b9   vTaskSuspendAll
000013d1   xTaskResumeAll
00001495   xTaskGetTickCount
000014a9   uxTaskGetNumberOfTasks
000014af   vTaskIncrementTick
00001561   vTaskSwitchContext
00001600   __STACK_SIZE
0000161d   vTaskPlaceOnEventList
00001685   xTaskRemoveFromEventList
00001709   vTaskSetTimeOutState
00001731   xTaskCheckForTimeOut
00001799   vTaskMissedYield
00001933   xTaskGetCurrentTaskHandle
0000194d   vTaskPriorityInherit
000019d5   vTaskPriorityDisinherit
00001a65   xQueueCreate
00001b0b   xQueueCreateMutex
00001b73   xQueueCreateCountingSemaphore
00001b91   xQueueGenericSend
00001c79   xQueueGenericSendFromISR
00001ce3   xQueueGenericReceive
00001e17   xQueueReceiveFromISR
00001e7f   uxQueueMessagesWaiting
00001e95   uxQueueMessagesWaitingFromISR
00001ea7   vQueueDelete
00002021   xQueueIsQueueEmptyFromISR
0000205b   xQueueIsQueueFullFromISR
00002079   xGameEngineTask
00002085   game_loop
0000208f   splash_screen_loop
00002099   score_screen_loop
000020a3   initalise_game
000020c3   reset_game
00002117   get_current_tetrominoe
0000212d   draw_current_tetrominoe
0000213b   erase_current_tetrominoe
00002149   draw_current_tetrominoe_as
000021e9   calculate_tetris_grid_y_position
000021ff   calculate_tetris_grid_x_position
0000221d   current_tetrominoe_can_occupy
000022ff   can_drop_current_tetrominoe
00002311   can_rotate_current_tetrominoe
00002323   can_shift_current_tetrominoe
0000233d   place_current_tetrominoe
000023cd   debug_board
00002455   spawn_block
000024a9   get_next_tetrominie
000024b3   clear_full_rows
0000254b   temp_fill_cells
000025c9   redraw_empty_cells
000026d9   EEPROMInit
0000271d   EEPROMSizeGet
00002729   EEPROMBlockCountGet
00002737   EEPROMRead
00002789   EEPROMProgram
00002863   EEPROMProgramNonBlocking
000028a5   EEPROMMassErase
000028e3   EEPROMBlockProtectGet
000028f7   EEPROMBlockProtectSet
0000291b   EEPROMBlockPasswordSet
0000296d   EEPROMBlockLock
00002995   EEPROMBlockUnlock
000029dd   EEPROMBlockHide
000029f5   EEPROMIntEnable
00002a1d   EEPROMIntDisable
00002a41   EEPROMIntStatus
00002a71   EEPROMIntClear
00002a99   EEPROMStatusGet
00002aad   urand
00002ad9   rand_range
00002b0b   initalise_random_number_generator
00002b1b   abs_modulo
00002c81   RIT128x96x4Clear
00002cdd   RIT128x96x4StringDraw
00002e1d   RIT128x96x4ImageDraw
00002ea5   RIT128x96x4Enable
00002eff   RIT128x96x4Disable
00002f79   RIT128x96x4Init
0000301d   RIT128x96x4DisplayOn
00003051   RIT128x96x4DisplayOff
00003089   minit
00003115   malloc
00003177   free
00003237   realloc
0000333d   memalign
0000341d   calloc
00003455   main
000034db   vTaskFunction
00003505   vTaskDelayTest
00003547   write_background
0000355d   tetronimoe_drop_test
000035e5   tetronimoe_drop_test2
00003685   vTaskImageFun
000036bd   vQueueTest
00003711   vApplicationMallocFailedHook
00003719   vApplicationStackOverflowHook
00003723   vApplicationIdleHook
00003725   vApplicationTickHook
00003799   write
00003829   remove
00003829   unlink
0000384d   rename
0000388b   remove_device
000038b3   read
000038d7   open
00003985   lseek
000039a9   close
000039fb   add_device
00003aa9   HOSTwrite
00003af5   HOSTunlink
00003b2d   HOSTtime
00003b67   HOSTrename
00003bc5   HOSTread
00003c11   HOSTopen
00003c63   HOSTlseek
00003cbf   HOSTgetenv
00003cfd   HOSTclose
00003d35   HOSTclock
00003d7d   clear_board
00003daf   get_board_value
00003dd1   set_board_value
00003df5   get_next_complete_row
00003e4b   num_complete_rows
00003ea5   is_off_board
00003ed9   is_occupied
00003f03   clear_row
00003f3d   trickle_down_column
00003f8d   highest_occupied_cell_in_column
00003fc3   __aeabi_uldivmod
000041b9   SysCtlClockGet
00004459   __TI_cleanup
00004485   freopen
000044af   fopen
00004551   pvPortMalloc
00004683   vPortFree
000046e5   xPortGetFreeHeapSize
000046eb   vPortInitialiseBlocks
0000470d   __aeabi_dsub
00004717   __aeabi_dadd
000048c5   write_string
000048ed   write_image
0000491b   initalise_display
0000492d   clear_display
0000493d   xDisplayTask
00004961   execute_display_task
00004999   initalise_display_queue
000049b1   enqueue_display_task
000049cb   quick_initalise_screen
000049fb   quick_send_image
00004a2b   quick_clear_screen
00004a5d   SysCtlClockSet
00004ba1   __aeabi_ddiv
00004cd9   fputs
00004de3   puts
00004e0d   vListInitialise
00004e3d   vListInitialiseItem
00004e4d   vListInsertEnd
00004e91   vListInsert
00004ef7   vListRemove
00005039   __aeabi_dmul
00005135   button_handler
00005141   initalise_button_interrupts
00005177   initalise_buttons
0000518d   read_buttons
000051f3   xButtonReadTask
000051fd   initalise_button_event_queue
00005221   pxPortInitialiseStack
00005269   xPortStartScheduler
00005291   vPortEndScheduler
00005293   vPortYieldFromISR
0000529d   vPortEnterCritical
000052ad   vPortExitCritical
000052c3   xPortSysTickHandler
00005305   setvbuf
000053e1   GPIOPadConfigSet
000054a9   __TI_doflush
000054f5   fflush
00005569   __TI_wrt_ok
000055cb   __TI_rd_ok
00005619   xPortPendSVHandler
00005653   vPortSetInterruptMask
00005661   vPortClearInterruptMask
0000566f   vPortSVCHandler
0000568d   vPortStartFirstTask
0000569f   vPortEnableVFP
000056b1   fputc
00005735   putc
00005739   putchar
0000574d   __aeabi_memcpy
0000574d   __aeabi_memcpy4
0000574d   __aeabi_memcpy8
0000574d   memcpy
000057e9   __TI_closefile
0000584f   fclose
00005881   __TI_auto_init
00005915   SysCtlPeripheralReset
0000599d   __aeabi_cdcmpeq
0000599d   __aeabi_cdcmple
00005a23   __aeabi_cdrcmple
00005aa9   __aeabi_memclr
00005aa9   __aeabi_memclr4
00005aa9   __aeabi_memclr8
00005aab   __aeabi_memset
00005aab   __aeabi_memset4
00005aab   __aeabi_memset8
00005ab1   memset
00005b29   printf
00005b91   IntEnable
00005bf5   fseek
00005c59   vPrintString
00005c7d   vPrintStringAndNumber
00005cb9   sprintf
00005d19   __TI_writemsg
00005d43   C$$IO$$
00005d47   __TI_readmsg
00005dd7   ltoa
00005e31   SysCtlPeripheralEnable
00005e89   reset_tetromineo
00005ea5   get_tetromineo_grid
00005ebb   rotate_tetromineo
00005edd   atoi
00005f29   __aeabi_d2iz
00005f71   GPIOIntTypeSet
00005fb5   SSIConfigSetExpClk
00005ff9   copy_in
0000603d   C$$EXIT
00006041   abort
00006049   exit
00006081   _Dtest
000060c5   IntRegister
000060f9   _c_int00
0000612d   strncpy
0000615d   GPIODirModeSet
0000618b   __aeabi_i2d
000061b9   memcmp
000061db   memccpy
000061f5   GPIOPortIntRegister
0000620d   _args_main
00006225   __aeabi_lmul
0000623d   strcmp
00006255   memchr
0000626b   strchr
00006281   _register_unlock
00006287   _register_lock
0000628f   _nop
00006295   strlen
000062a9   GPIOPinTypeGPIOOutput
000062bb   GPIOPinTypeSSI
000062cd   SSIDataGetNonBlocking
000062df   __TI_zero_init
000062f1   strcpy
00006303   __TI_decompress_none
00006311   _Dclass
0000631f   CPUcpsie
0000632b   GPIOPinIntEnable
00006337   ResetISR
00006343   IntMasterEnable
0000634d   SSIDataPut
00006357   SSIDisable
00006361   SSIEnable
0000636b   SSIBusy
00006373   GPIOPinIntClear
00006379   GPIOPinRead
0000637f   GPIOPinWrite
00006385   SysCtlDelay
0000638b   __TI_decompress_rle24
00006390   TETRIS_BACKGROUND_DATA
000074f0   _ctypes_
000075f4   CUBE
00007600   SMALL_CUBE
0000760c   FULL_CELL
00007618   EMPTY_CELL
00007624   TETRIS_BACKGROUND
00007630   NUMBER0
0000763c   NUMBER1
00007648   NUMBER2
00007654   NUMBER3
00007660   NUMBER4
0000766c   NUMBER5
00007678   NUMBER6
00007684   NUMBER7
00007690   NUMBER8
0000769c   NUMBER9
00007784   NUMBER0_DATA
0000778d   NUMBER1_DATA
00007796   NUMBER2_DATA
0000779f   NUMBER3_DATA
000077a8   NUMBER4_DATA
000077b1   NUMBER5_DATA
000077ba   NUMBER6_DATA
000077c3   NUMBER7_DATA
000077cc   NUMBER8_DATA
000077d5   NUMBER9_DATA
000078b0   i_pose1
000078f0   i_pose2
00007930   ll_pose1
00007970   ll_pose2
000079b0   ll_pose3
000079f0   ll_pose4
00007a30   lz_pose1
00007a70   lz_pose2
00007ab0   rl_pose1
00007af0   rl_pose2
00007b30   rl_pose3
00007b70   rl_pose4
00007bb0   rz_pose1
00007bf0   rz_pose2
00007c30   s_pose1
00007c70   t_pose1
00007cb0   t_pose2
00007cf0   t_pose3
00007d30   t_pose4
00007d70   CUBE_DATA
00007d78   SMALL_CUBE_DATA
00007d7c   FULL_CELL_DATA
00007d8e   EMPTY_CELL_DATA
00007f3c   __TI_Handler_Table_Base
00007f48   __TI_Handler_Table_Limit
00007f58   __TI_CINIT_Base
00007f70   __TI_CINIT_Limit
20000000   g_pfnRAMVectors
20002a70   grid
20002d90   __CIOBUF_
20002eb0   __TI_tmpnams
20003064   seed
20003068   __stack
20003168   __STACK_TOP
20004668   __STACK_END
20004668   _sys_memory
20004e68   _ftable
20005028   block0
20005044   block1
20005060   block2
2000507c   block3
20005098   block4
200050b4   block5
200050d0   block6
200050ec   game_board
200050f8   tetrominoes
20005114   game
20005130   pxCurrentTCB
20005160   __TI_ft_end
20005164   __aeabi_stdin
20005168   __aeabi_stdout
2000516c   __aeabi_stderr
20005184   _lock
20005188   _unlock
2000518c   __TI_cleanup_ptr
20005190   __TI_dtors_ptr
2000519c   main_func_sp
ffffffff   __binit__
ffffffff   __c_args__
ffffffff   binit
UNDEFED    SHT$$INIT_ARRAY$$Base
UNDEFED    SHT$$INIT_ARRAY$$Limit

[368 symbols]
