******************************************************************************
                  TI ARM Linker PC v5.1.6                      
******************************************************************************
>> Linked Sat Jul 23 17:49:36 2016

OUTPUT FILE NAME:   <ENCE463-Tetris.out>
ENTRY POINT SYMBOL: "_c_int00"  address: 000048f5


MEMORY CONFIGURATION

         name            origin    length      used     unused   attr    fill
----------------------  --------  ---------  --------  --------  ----  --------
  FLASH                 00000000   00040000  0000507e  0003af82  R  X
  SRAM                  20000000   00010000  00003d20  0000c2e0  RW X


SEGMENT ALLOCATION MAP

run origin  load origin   length   init length attrs members
----------  ----------- ---------- ----------- ----- -------
00000000    00000000    00005080   00005080    r-x
  00000000    00000000    000000f0   000000f0    r-- .intvecs
  000000f0    000000f0    00004a56   00004a56    r-x .text
  00004b48    00004b48    00000488   00000488    r-- .const
  00004fd0    00004fd0    000000b0   000000b0    r-- .cinit
20000000    20000000    00003d20   00000000    rw-
  20000000    20000000    00002ae8   00000000    rw- .bss
  20002ae8    20002ae8    00000800   00000000    rw- .stack
  200032e8    200032e8    00000800   00000000    rw- .sysmem
  20003ae8    20003ae8    00000238   00000000    rw- .data


SECTION ALLOCATION MAP

 output                                  attributes/
section   page    origin      length       input sections
--------  ----  ----------  ----------   ----------------
.intvecs   0    00000000    000000f0     
                  00000000    000000f0     startup_ccs.obj (.intvecs)

.text      0    000000f0    00004a56     
                  000000f0    00000ebc     rtsv7M3_T_le_eabi.lib : _printfi.obj (.text)
                  00000fac    00000c74     tasks.obj (.text)
                  00001c20    00000510     rit128x96x4.obj (.text)
                  00002130    000003cc     rtsv7M3_T_le_eabi.lib : memory.obj (.text)
                  000024fc    00000310                           : lowlev.obj (.text)
                  0000280c    000002d4                           : trgdrv.obj (.text)
                  00002ae0    000001f4                           : ull_div_t2.obj (.text)
                  00002cd4    000001d8     driverlib-cm3.lib : sysctl.obj (.text:SysCtlClockGet)
                  00002eac    000001c0     rtsv7M3_T_le_eabi.lib : fopen.obj (.text)
                  0000306c    000001bc     heap_2.obj (.text)
                  00003228    000001b6     rtsv7M3_T_le_eabi.lib : fd_add_t2.obj (.text)
                  000033de    00000002     --HOLE-- [fill = 0]
                  000033e0    0000019c     main.obj (.text)
                  0000357c    00000144     driverlib-cm3.lib : sysctl.obj (.text:SysCtlClockSet)
                  000036c0    00000136     rtsv7M3_T_le_eabi.lib : fd_div_t2.obj (.text)
                  000037f6    00000002     --HOLE-- [fill = 0]
                  000037f8    00000134                           : fputs.obj (.text)
                  0000392c    0000012e     list.obj (.text)
                  00003a5a    000000fc     rtsv7M3_T_le_eabi.lib : fd_mul_t2.obj (.text)
                  00003b56    00000002     --HOLE-- [fill = 0]
                  00003b58    000000e4     port.obj (.text)
                  00003c3c    000000dc     rtsv7M3_T_le_eabi.lib : setvbuf.obj (.text)
                  00003d18    000000c8     driverlib-cm3.lib : gpio.obj (.text:GPIOPadConfigSet)
                  00003de0    000000c0     rtsv7M3_T_le_eabi.lib : fflush.obj (.text)
                  00003ea0    000000ac                           : _io_perm.obj (.text)
                  00003f4c    0000009c     portasm.obj (.text)
                  00003fe8    0000009c     rtsv7M3_T_le_eabi.lib : fputc.obj (.text)
                  00004084    0000009c                           : memcpy_t2.obj (.text)
                  00004120    00000098                           : fclose.obj (.text)
                  000041b8    00000094                           : auto_init.obj (.text)
                  0000424c    00000086                           : fd_cmp_t2.obj (.text:__aeabi_cdcmple)
                  000042d2    00000086                           : fd_cmp_t2.obj (.text:__aeabi_cdrcmple)
                  00004358    0000007c     display.obj (.text)
                  000043d4    00000078     rtsv7M3_T_le_eabi.lib : memset_t2.obj (.text)
                  0000444c    00000070                           : printf.obj (.text)
                  000044bc    00000064                           : fseek.obj (.text)
                  00004520    00000060     basic_io.obj (.text)
                  00004580    00000060     rtsv7M3_T_le_eabi.lib : sprintf.obj (.text)
                  000045e0    00000060                           : trgmsg.obj (.text)
                  00004640    0000005e                           : copy_decompress_rle.obj (.text)
                  0000469e    0000005a                           : ltoa.obj (.text)
                  000046f8    00000058     driverlib-cm3.lib : sysctl.obj (.text:SysCtlPeripheralEnable)
                  00004750    0000004c     rtsv7M3_T_le_eabi.lib : atoi.obj (.text)
                  0000479c    00000048                           : fd_toi_t2.obj (.text)
                  000047e4    00000044     driverlib-cm3.lib : ssi.obj (.text:SSIConfigSetExpClk)
                  00004828    00000044     rtsv7M3_T_le_eabi.lib : cpy_tbl.obj (.text)
                  0000486c    00000044                           : exit.obj (.text)
                  000048b0    00000044                           : xdtest.obj (.text)
                  000048f4    00000034                           : boot.obj (.text)
                  00004928    00000030                           : strncpy.obj (.text)
                  00004958    0000002e     driverlib-cm3.lib : gpio.obj (.text:GPIODirModeSet)
                  00004986    0000002e     rtsv7M3_T_le_eabi.lib : i_tofd_t2.obj (.text)
                  000049b4    00000022                           : memcmp.obj (.text)
                  000049d6    0000001a                           : memccpy.obj (.text)
                  000049f0    00000018                           : args_main.obj (.text)
                  00004a08    00000018                           : ll_mul_t2.obj (.text)
                  00004a20    00000018                           : strcmp.obj (.text)
                  00004a38    00000016                           : memchr.obj (.text)
                  00004a4e    00000016                           : strchr.obj (.text)
                  00004a64    00000014                           : _lock.obj (.text)
                  00004a78    00000014                           : strlen.obj (.text)
                  00004a8c    00000012     driverlib-cm3.lib : gpio.obj (.text:GPIOPinTypeGPIOOutput)
                  00004a9e    00000012                       : gpio.obj (.text:GPIOPinTypeSSI)
                  00004ab0    00000012                       : ssi.obj (.text:SSIDataGetNonBlocking)
                  00004ac2    00000012     rtsv7M3_T_le_eabi.lib : copy_zero_init.obj (.text:decompress:ZI)
                  00004ad4    00000012                           : strcpy.obj (.text)
                  00004ae6    0000000e                           : copy_decompress_none.obj (.text:decompress:none)
                  00004af4    0000000e                           : xdclass.obj (.text)
                  00004b02    0000000c     startup_ccs.obj (.text)
                  00004b0e    0000000a     driverlib-cm3.lib : ssi.obj (.text:SSIDataPut)
                  00004b18    0000000a                       : ssi.obj (.text:SSIDisable)
                  00004b22    0000000a                       : ssi.obj (.text:SSIEnable)
                  00004b2c    00000008                       : ssi.obj (.text:SSIBusy)
                  00004b34    00000006                       : gpio.obj (.text:GPIOPinWrite)
                  00004b3a    00000006                       : sysctl.obj (.text:SysCtlDelay)
                  00004b40    00000006     rtsv7M3_T_le_eabi.lib : copy_decompress_rle.obj (.text:decompress:rle24)

.const     0    00004b48    00000488     
                  00004b48    000001e0     rit128x96x4.obj (.const:g_pucFont)
                  00004d28    00000102     rtsv7M3_T_le_eabi.lib : ctype.obj (.const:.string:_ctypes_)
                  00004e2a    00000002     heap_2.obj (.const)
                  00004e2c    0000006c     driverlib-cm3.lib : sysctl.obj (.const:g_pulXtals)
                  00004e98    0000004f     rit128x96x4.obj (.const:.string:g_pucRIT128x96x4Init)
                  00004ee7    00000001     --HOLE-- [fill = 0]
                  00004ee8    00000040     driverlib-cm3.lib : sysctl.obj (.const)
                  00004f28    00000030     images.obj (.const:.string)
                  00004f58    00000030     images.obj (.const)
                  00004f88    00000028     main.obj (.const:.string)
                  00004fb0    00000014     tasks.obj (.const:.string)
                  00004fc4    0000000c     rit128x96x4.obj (.const:.string)

.cinit     0    00004fd0    000000b0     
                  00004fd0    0000008a     (.cinit..data.load) [load image, compression = rle]
                  0000505a    00000002     --HOLE-- [fill = 0]
                  0000505c    0000000c     (__TI_handler_table)
                  00005068    00000008     (.cinit..bss.load) [load image, compression = zero_init]
                  00005070    00000010     (__TI_cinit_table)

.bss       0    20000000    00002ae8     UNINITIALIZED
                  20000000    00002800     heap_2.obj (.bss:xHeap)
                  20002800    00000120     rtsv7M3_T_le_eabi.lib : trgmsg.obj (.bss:__CIOBUF_)
                  20002920    000000a0                           : defs.obj (.bss:__TI_tmpnams)
                  200029c0    00000064     tasks.obj (.bss:pxReadyTasksLists)
                  20002a24    00000034     basic_io.obj (.bss:cBuffer)
                  20002a58    00000014     (.common:xDelayedTaskList1)
                  20002a6c    00000014     (.common:xDelayedTaskList2)
                  20002a80    00000014     (.common:xPendingReadyList)
                  20002a94    00000014     (.common:xSuspendedTaskList)
                  20002aa8    00000014     (.common:xTasksWaitingTermination)
                  20002abc    00000008     (.common:g_pucBuffer)
                  20002ac4    00000008     (.common:parmbuf)
                  20002acc    00000008     (.common:xEnd)
                  20002ad4    00000008     (.common:xStart)
                  20002adc    00000004     (.common:g_ulSSIFlags)
                  20002ae0    00000004     (.common:pxDelayedTaskList)
                  20002ae4    00000004     (.common:pxOverflowDelayedTaskList)

.stack     0    20002ae8    00000800     UNINITIALIZED
                  20002ae8    00000800     --HOLE--

.sysmem    0    200032e8    00000800     UNINITIALIZED
                  200032e8    00000008     rtsv7M3_T_le_eabi.lib : memory.obj (.sysmem)
                  200032f0    000007f8     --HOLE--

.data      0    20003ae8    00000238     UNINITIALIZED
                  20003ae8    000000f0     rtsv7M3_T_le_eabi.lib : defs.obj (.data:_ftable)
                  20003bd8    000000d0                           : lowlev.obj (.data)
                  20003ca8    00000030     tasks.obj (.data)
                  20003cd8    00000010     rtsv7M3_T_le_eabi.lib : defs.obj (.data)
                  20003ce8    0000000c                           : memory.obj (.data)
                  20003cf4    00000008     heap_2.obj (.data)
                  20003cfc    00000008     main.obj (.data)
                  20003d04    00000008     rtsv7M3_T_le_eabi.lib : _lock.obj (.data)
                  20003d0c    00000008                           : exit.obj (.data)
                  20003d14    00000004     port.obj (.data)
                  20003d18    00000004     rtsv7M3_T_le_eabi.lib : fopen.obj (.data)
                  20003d1c    00000004                           : stkdepth_vars.obj (.data)


LINKER GENERATED COPY TABLES

__TI_cinit_table @ 00005070 records: 2, size/record: 8, table size: 16
	.data: load addr=00004fd0, load size=0000008a bytes, run addr=20003ae8, run size=00000238 bytes, compression=rle
	.bss: load addr=00005068, load size=00000008 bytes, run addr=20000000, run size=00002ae8 bytes, compression=zero_init


LINKER GENERATED HANDLER TABLE

__TI_handler_table @ 0000505c records: 3, size/record: 4, table size: 12
	index: 0, handler: __TI_decompress_rle24
	index: 1, handler: __TI_decompress_none
	index: 2, handler: __TI_zero_init


GLOBAL SYMBOLS: SORTED ALPHABETICALLY BY Name 

address    name
--------   ----
0000486d   C$$EXIT
0000460b   C$$IO$$
00004f58   CUBE
00004f28   CUBE_DATA
00004f7c   EMPTY_CELL
00004f46   EMPTY_CELL_DATA
00004f70   FULL_CELL
00004f34   FULL_CELL_DATA
00004959   GPIODirModeSet
00003d19   GPIOPadConfigSet
00004a8d   GPIOPinTypeGPIOOutput
00004a9f   GPIOPinTypeSSI
00004b35   GPIOPinWrite
00002a99   HOSTclock
00002a61   HOSTclose
00002a23   HOSTgetenv
000029c7   HOSTlseek
00002975   HOSTopen
00002929   HOSTread
000028cb   HOSTrename
00002891   HOSTtime
00002859   HOSTunlink
0000280d   HOSTwrite
00001d29   RIT128x96x4Clear
00001fa7   RIT128x96x4Disable
000020f9   RIT128x96x4DisplayOff
000020c5   RIT128x96x4DisplayOn
00001f4d   RIT128x96x4Enable
00001ec5   RIT128x96x4ImageDraw
00002021   RIT128x96x4Init
00001d85   RIT128x96x4StringDraw
00004b03   ResetISR
UNDEFED    SHT$$INIT_ARRAY$$Base
UNDEFED    SHT$$INIT_ARRAY$$Limit
00004f64   SMALL_CUBE
00004f30   SMALL_CUBE_DATA
00004b2d   SSIBusy
000047e5   SSIConfigSetExpClk
00004ab1   SSIDataGetNonBlocking
00004b0f   SSIDataPut
00004b19   SSIDisable
00004b23   SSIEnable
00002cd5   SysCtlClockGet
0000357d   SysCtlClockSet
00004b3b   SysCtlDelay
000046f9   SysCtlPeripheralEnable
00004af5   _Dclass
000048b1   _Dtest
20002800   __CIOBUF_
200032e8   __STACK_END
00000800   __STACK_SIZE
20002be8   __STACK_TOP
00000800   __SYSMEM_SIZE
00005070   __TI_CINIT_Base
00005080   __TI_CINIT_Limit
0000505c   __TI_Handler_Table_Base
00005068   __TI_Handler_Table_Limit
00000001   __TI_args_main
000041b9   __TI_auto_init
00002f75   __TI_cleanup
20003d0c   __TI_cleanup_ptr
00004121   __TI_closefile
00004ae7   __TI_decompress_none
00004b41   __TI_decompress_rle24
00003de1   __TI_doflush
20003d10   __TI_dtors_ptr
20003cd8   __TI_ft_end
00000ca3   __TI_printfi
00003f03   __TI_rd_ok
0000460f   __TI_readmsg
00000000   __TI_static_base__
20002920   __TI_tmpnams
000045e1   __TI_writemsg
00003ea1   __TI_wrt_ok
00004ac3   __TI_zero_init
0000424d   __aeabi_cdcmpeq
0000424d   __aeabi_cdcmple
000042d3   __aeabi_cdrcmple
0000479d   __aeabi_d2iz
00003233   __aeabi_dadd
000036c1   __aeabi_ddiv
00003a5b   __aeabi_dmul
00003229   __aeabi_dsub
00004987   __aeabi_i2d
00004a09   __aeabi_lmul
000043d5   __aeabi_memclr
000043d5   __aeabi_memclr4
000043d5   __aeabi_memclr8
00004085   __aeabi_memcpy
00004085   __aeabi_memcpy4
00004085   __aeabi_memcpy8
000043d7   __aeabi_memset
000043d7   __aeabi_memset4
000043d7   __aeabi_memset8
20003ce4   __aeabi_stderr
20003cdc   __aeabi_stdin
20003ce0   __aeabi_stdout
00002ae1   __aeabi_uldivmod
ffffffff   __binit__
ffffffff   __c_args__
20002ae8   __stack
000049f1   _args_main
000048f5   _c_int00
00004d28   _ctypes_
20003ae8   _ftable
20003d04   _lock
00004a73   _nop
00004a6b   _register_lock
00004a65   _register_unlock
200032e8   _sys_memory
20003d08   _unlock
00004871   abort
0000275f   add_device
00004751   atoi
ffffffff   binit
000024c5   calloc
000043c1   clear_display
0000270d   close
00004829   copy_in
00004879   exit
00004187   fclose
00003e2d   fflush
00002fcb   fopen
00003fe9   fputc
000037f9   fputs
0000221f   free
00002fa1   freopen
000044bd   fseek
00000000   g_pfnVectors
000043af   initalise_display
000026e9   lseek
0000469f   ltoa
000033e1   main
20003d1c   main_func_sp
000021bd   malloc
000023e5   memalign
000049d7   memccpy
00004a39   memchr
000049b5   memcmp
00004085   memcpy
000043dd   memset
00002131   minit
0000263b   open
20003cfc   pcTextForTask1
20003d00   pcTextForTask2
00004455   printf
0000406d   putc
00004071   putchar
00003903   puts
0000306d   pvPortMalloc
20003ca8   pxCurrentTCB
00003b59   pxPortInitialiseStack
00002617   read
000022df   realloc
0000258d   remove
000025ef   remove_device
000025b1   rename
00003c3d   setvbuf
00004581   sprintf
00004a4f   strchr
00004a21   strcmp
00004ad5   strcpy
00004a79   strlen
00004929   strncpy
0000258d   unlink
00001635   uxTaskGetNumberOfTasks
0000123d   uxTaskPriorityGet
00003521   vApplicationIdleHook
00003515   vApplicationMallocFailedHook
00003517   vApplicationStackOverflowHook
00003523   vApplicationTickHook
0000392d   vListInitialise
0000395d   vListInitialiseItem
000039b1   vListInsert
0000396d   vListInsertEnd
00003a17   vListRemove
00003f99   vPortClearInterruptMask
00003fd7   vPortEnableVFP
00003bc9   vPortEndScheduler
00003bd5   vPortEnterCritical
00003be5   vPortExitCritical
0000319f   vPortFree
00003207   vPortInitialiseBlocks
00003fa7   vPortSVCHandler
00003f8b   vPortSetInterruptMask
00003fc5   vPortStartFirstTask
00003bcb   vPortYieldFromISR
00004521   vPrintString
00004545   vPrintStringAndNumber
000011d9   vTaskDelay
00003497   vTaskDelayTest
00001129   vTaskDelayUntil
000010c1   vTaskDelete
00001535   vTaskEndScheduler
0000346d   vTaskFunction
000034d9   vTaskImageFun
00001645   vTaskIncrementTick
00001949   vTaskMissedYield
000017ad   vTaskPlaceOnEventList
00001b8f   vTaskPriorityDisinherit
00001b05   vTaskPriorityInherit
00001279   vTaskPrioritySet
00001409   vTaskResume
000018ab   vTaskSetTimeOutState
000014eb   vTaskStartScheduler
00001361   vTaskSuspend
00001547   vTaskSuspendAll
000016ed   vTaskSwitchContext
000024fd   write
00004381   write_image
00004359   write_string
00003201   xPortGetFreeHeapSize
00003f51   xPortPendSVHandler
00003ba1   xPortStartScheduler
00003bfb   xPortSysTickHandler
000018d1   xTaskCheckForTimeOut
00000fad   xTaskGenericCreate
00001af1   xTaskGetCurrentTaskHandle
00001621   xTaskGetTickCount
000013b9   xTaskIsTaskSuspended
0000182d   xTaskRemoveFromEventList
00001551   xTaskResumeAll
00001479   xTaskResumeFromISR


GLOBAL SYMBOLS: SORTED BY Symbol Address 

address    name
--------   ----
00000000   __TI_static_base__
00000000   g_pfnVectors
00000001   __TI_args_main
00000800   __STACK_SIZE
00000800   __SYSMEM_SIZE
00000ca3   __TI_printfi
00000fad   xTaskGenericCreate
000010c1   vTaskDelete
00001129   vTaskDelayUntil
000011d9   vTaskDelay
0000123d   uxTaskPriorityGet
00001279   vTaskPrioritySet
00001361   vTaskSuspend
000013b9   xTaskIsTaskSuspended
00001409   vTaskResume
00001479   xTaskResumeFromISR
000014eb   vTaskStartScheduler
00001535   vTaskEndScheduler
00001547   vTaskSuspendAll
00001551   xTaskResumeAll
00001621   xTaskGetTickCount
00001635   uxTaskGetNumberOfTasks
00001645   vTaskIncrementTick
000016ed   vTaskSwitchContext
000017ad   vTaskPlaceOnEventList
0000182d   xTaskRemoveFromEventList
000018ab   vTaskSetTimeOutState
000018d1   xTaskCheckForTimeOut
00001949   vTaskMissedYield
00001af1   xTaskGetCurrentTaskHandle
00001b05   vTaskPriorityInherit
00001b8f   vTaskPriorityDisinherit
00001d29   RIT128x96x4Clear
00001d85   RIT128x96x4StringDraw
00001ec5   RIT128x96x4ImageDraw
00001f4d   RIT128x96x4Enable
00001fa7   RIT128x96x4Disable
00002021   RIT128x96x4Init
000020c5   RIT128x96x4DisplayOn
000020f9   RIT128x96x4DisplayOff
00002131   minit
000021bd   malloc
0000221f   free
000022df   realloc
000023e5   memalign
000024c5   calloc
000024fd   write
0000258d   remove
0000258d   unlink
000025b1   rename
000025ef   remove_device
00002617   read
0000263b   open
000026e9   lseek
0000270d   close
0000275f   add_device
0000280d   HOSTwrite
00002859   HOSTunlink
00002891   HOSTtime
000028cb   HOSTrename
00002929   HOSTread
00002975   HOSTopen
000029c7   HOSTlseek
00002a23   HOSTgetenv
00002a61   HOSTclose
00002a99   HOSTclock
00002ae1   __aeabi_uldivmod
00002cd5   SysCtlClockGet
00002f75   __TI_cleanup
00002fa1   freopen
00002fcb   fopen
0000306d   pvPortMalloc
0000319f   vPortFree
00003201   xPortGetFreeHeapSize
00003207   vPortInitialiseBlocks
00003229   __aeabi_dsub
00003233   __aeabi_dadd
000033e1   main
0000346d   vTaskFunction
00003497   vTaskDelayTest
000034d9   vTaskImageFun
00003515   vApplicationMallocFailedHook
00003517   vApplicationStackOverflowHook
00003521   vApplicationIdleHook
00003523   vApplicationTickHook
0000357d   SysCtlClockSet
000036c1   __aeabi_ddiv
000037f9   fputs
00003903   puts
0000392d   vListInitialise
0000395d   vListInitialiseItem
0000396d   vListInsertEnd
000039b1   vListInsert
00003a17   vListRemove
00003a5b   __aeabi_dmul
00003b59   pxPortInitialiseStack
00003ba1   xPortStartScheduler
00003bc9   vPortEndScheduler
00003bcb   vPortYieldFromISR
00003bd5   vPortEnterCritical
00003be5   vPortExitCritical
00003bfb   xPortSysTickHandler
00003c3d   setvbuf
00003d19   GPIOPadConfigSet
00003de1   __TI_doflush
00003e2d   fflush
00003ea1   __TI_wrt_ok
00003f03   __TI_rd_ok
00003f51   xPortPendSVHandler
00003f8b   vPortSetInterruptMask
00003f99   vPortClearInterruptMask
00003fa7   vPortSVCHandler
00003fc5   vPortStartFirstTask
00003fd7   vPortEnableVFP
00003fe9   fputc
0000406d   putc
00004071   putchar
00004085   __aeabi_memcpy
00004085   __aeabi_memcpy4
00004085   __aeabi_memcpy8
00004085   memcpy
00004121   __TI_closefile
00004187   fclose
000041b9   __TI_auto_init
0000424d   __aeabi_cdcmpeq
0000424d   __aeabi_cdcmple
000042d3   __aeabi_cdrcmple
00004359   write_string
00004381   write_image
000043af   initalise_display
000043c1   clear_display
000043d5   __aeabi_memclr
000043d5   __aeabi_memclr4
000043d5   __aeabi_memclr8
000043d7   __aeabi_memset
000043d7   __aeabi_memset4
000043d7   __aeabi_memset8
000043dd   memset
00004455   printf
000044bd   fseek
00004521   vPrintString
00004545   vPrintStringAndNumber
00004581   sprintf
000045e1   __TI_writemsg
0000460b   C$$IO$$
0000460f   __TI_readmsg
0000469f   ltoa
000046f9   SysCtlPeripheralEnable
00004751   atoi
0000479d   __aeabi_d2iz
000047e5   SSIConfigSetExpClk
00004829   copy_in
0000486d   C$$EXIT
00004871   abort
00004879   exit
000048b1   _Dtest
000048f5   _c_int00
00004929   strncpy
00004959   GPIODirModeSet
00004987   __aeabi_i2d
000049b5   memcmp
000049d7   memccpy
000049f1   _args_main
00004a09   __aeabi_lmul
00004a21   strcmp
00004a39   memchr
00004a4f   strchr
00004a65   _register_unlock
00004a6b   _register_lock
00004a73   _nop
00004a79   strlen
00004a8d   GPIOPinTypeGPIOOutput
00004a9f   GPIOPinTypeSSI
00004ab1   SSIDataGetNonBlocking
00004ac3   __TI_zero_init
00004ad5   strcpy
00004ae7   __TI_decompress_none
00004af5   _Dclass
00004b03   ResetISR
00004b0f   SSIDataPut
00004b19   SSIDisable
00004b23   SSIEnable
00004b2d   SSIBusy
00004b35   GPIOPinWrite
00004b3b   SysCtlDelay
00004b41   __TI_decompress_rle24
00004d28   _ctypes_
00004f28   CUBE_DATA
00004f30   SMALL_CUBE_DATA
00004f34   FULL_CELL_DATA
00004f46   EMPTY_CELL_DATA
00004f58   CUBE
00004f64   SMALL_CUBE
00004f70   FULL_CELL
00004f7c   EMPTY_CELL
0000505c   __TI_Handler_Table_Base
00005068   __TI_Handler_Table_Limit
00005070   __TI_CINIT_Base
00005080   __TI_CINIT_Limit
20002800   __CIOBUF_
20002920   __TI_tmpnams
20002ae8   __stack
20002be8   __STACK_TOP
200032e8   __STACK_END
200032e8   _sys_memory
20003ae8   _ftable
20003ca8   pxCurrentTCB
20003cd8   __TI_ft_end
20003cdc   __aeabi_stdin
20003ce0   __aeabi_stdout
20003ce4   __aeabi_stderr
20003cfc   pcTextForTask1
20003d00   pcTextForTask2
20003d04   _lock
20003d08   _unlock
20003d0c   __TI_cleanup_ptr
20003d10   __TI_dtors_ptr
20003d1c   main_func_sp
ffffffff   __binit__
ffffffff   __c_args__
ffffffff   binit
UNDEFED    SHT$$INIT_ARRAY$$Base
UNDEFED    SHT$$INIT_ARRAY$$Limit

[223 symbols]
