******************************************************************************
                  TI ARM Linker PC v5.1.6                      
******************************************************************************
>> Linked Mon Jul 25 18:06:13 2016

OUTPUT FILE NAME:   <ENCE463-Tetris.out>
ENTRY POINT SYMBOL: "_c_int00"  address: 00005485


MEMORY CONFIGURATION

         name            origin    length      used     unused   attr    fill
----------------------  --------  ---------  --------  --------  ----  --------
  FLASH                 00000000   00040000  00007102  00038efe  R  X
  SRAM                  20000000   00010000  00004124  0000bedc  RW X


SEGMENT ALLOCATION MAP

run origin  load origin   length   init length attrs members
----------  ----------- ---------- ----------- ----- -------
00000000    00000000    00007108   00007108    r-x
  00000000    00000000    000000f0   000000f0    r-- .intvecs
  000000f0    000000f0    000055e6   000055e6    r-x .text
  000056d8    000056d8    000018dc   000018dc    r-- .const
  00006fb8    00006fb8    00000150   00000150    r-- .cinit
20000000    20000000    00004128   00000000    rw-
  20000000    20000000    00002df4   00000000    rw- .bss
  20002df4    20002df4    00000800   00000000    rw- .stack
  200035f8    200035f8    00000800   00000000    rw- .sysmem
  20003df8    20003df8    00000330   00000000    rw- .data


SECTION ALLOCATION MAP

 output                                  attributes/
section   page    origin      length       input sections
--------  ----  ----------  ----------   ----------------
.intvecs   0    00000000    000000f0     
                  00000000    000000f0     startup_ccs.obj (.intvecs)

.text      0    000000f0    000055e6     
                  000000f0    00000ebc     rtsv7M3_T_le_eabi.lib : _printfi.obj (.text)
                  00000fac    00000ab8     tasks.obj (.text)
                  00001a64    00000614     queue.obj (.text)
                  00002078    00000510     rit128x96x4.obj (.text)
                  00002588    000004ba     game_engine.obj (.text)
                  00002a42    00000002     --HOLE-- [fill = 0]
                  00002a44    000003cc     rtsv7M3_T_le_eabi.lib : memory.obj (.text)
                  00002e10    00000340     main.obj (.text)
                  00003150    00000310     rtsv7M3_T_le_eabi.lib : lowlev.obj (.text)
                  00003460    000002d4                           : trgdrv.obj (.text)
                  00003734    000001f4                           : ull_div_t2.obj (.text)
                  00003928    000001d8     driverlib-cm3.lib : sysctl.obj (.text:SysCtlClockGet)
                  00003b00    000001c0     rtsv7M3_T_le_eabi.lib : fopen.obj (.text)
                  00003cc0    000001bc     heap_2.obj (.text)
                  00003e7c    000001b6     rtsv7M3_T_le_eabi.lib : fd_add_t2.obj (.text)
                  00004032    00000002     --HOLE-- [fill = 0]
                  00004034    00000144     driverlib-cm3.lib : sysctl.obj (.text:SysCtlClockSet)
                  00004178    00000136     rtsv7M3_T_le_eabi.lib : fd_div_t2.obj (.text)
                  000042ae    00000002     --HOLE-- [fill = 0]
                  000042b0    00000134                           : fputs.obj (.text)
                  000043e4    0000012e     list.obj (.text)
                  00004512    00000002     --HOLE-- [fill = 0]
                  00004514    00000100     display.obj (.text)
                  00004614    000000fc     rtsv7M3_T_le_eabi.lib : fd_mul_t2.obj (.text)
                  00004710    000000e4     port.obj (.text)
                  000047f4    000000dc     rtsv7M3_T_le_eabi.lib : setvbuf.obj (.text)
                  000048d0    000000c8     driverlib-cm3.lib : gpio.obj (.text:GPIOPadConfigSet)
                  00004998    000000c0     rtsv7M3_T_le_eabi.lib : fflush.obj (.text)
                  00004a58    000000ac                           : _io_perm.obj (.text)
                  00004b04    0000009c     portasm.obj (.text)
                  00004ba0    0000009c     rtsv7M3_T_le_eabi.lib : fputc.obj (.text)
                  00004c3c    0000009c                           : memcpy_t2.obj (.text)
                  00004cd8    00000098                           : fclose.obj (.text)
                  00004d70    00000094                           : auto_init.obj (.text)
                  00004e04    00000086                           : fd_cmp_t2.obj (.text:__aeabi_cdcmple)
                  00004e8a    00000086                           : fd_cmp_t2.obj (.text:__aeabi_cdrcmple)
                  00004f10    00000078                           : memset_t2.obj (.text)
                  00004f88    00000070                           : printf.obj (.text)
                  00004ff8    00000064                           : fseek.obj (.text)
                  0000505c    00000060     basic_io.obj (.text)
                  000050bc    00000060     rtsv7M3_T_le_eabi.lib : sprintf.obj (.text)
                  0000511c    00000060                           : trgmsg.obj (.text)
                  0000517c    0000005e                           : copy_decompress_rle.obj (.text)
                  000051da    0000005a                           : ltoa.obj (.text)
                  00005234    00000058     driverlib-cm3.lib : sysctl.obj (.text:SysCtlPeripheralEnable)
                  0000528c    00000052     tetrominoe.obj (.text)
                  000052de    00000002     --HOLE-- [fill = 0]
                  000052e0    0000004c     rtsv7M3_T_le_eabi.lib : atoi.obj (.text)
                  0000532c    00000048                           : fd_toi_t2.obj (.text)
                  00005374    00000044     driverlib-cm3.lib : ssi.obj (.text:SSIConfigSetExpClk)
                  000053b8    00000044     rtsv7M3_T_le_eabi.lib : cpy_tbl.obj (.text)
                  000053fc    00000044                           : exit.obj (.text)
                  00005440    00000044                           : xdtest.obj (.text)
                  00005484    00000034                           : boot.obj (.text)
                  000054b8    00000030                           : strncpy.obj (.text)
                  000054e8    0000002e     driverlib-cm3.lib : gpio.obj (.text:GPIODirModeSet)
                  00005516    0000002e     rtsv7M3_T_le_eabi.lib : i_tofd_t2.obj (.text)
                  00005544    00000022                           : memcmp.obj (.text)
                  00005566    0000001a                           : memccpy.obj (.text)
                  00005580    00000018                           : args_main.obj (.text)
                  00005598    00000018                           : ll_mul_t2.obj (.text)
                  000055b0    00000018                           : strcmp.obj (.text)
                  000055c8    00000016                           : memchr.obj (.text)
                  000055de    00000016                           : strchr.obj (.text)
                  000055f4    00000014                           : _lock.obj (.text)
                  00005608    00000014                           : strlen.obj (.text)
                  0000561c    00000012     driverlib-cm3.lib : gpio.obj (.text:GPIOPinTypeGPIOOutput)
                  0000562e    00000012                       : gpio.obj (.text:GPIOPinTypeSSI)
                  00005640    00000012                       : ssi.obj (.text:SSIDataGetNonBlocking)
                  00005652    00000012     rtsv7M3_T_le_eabi.lib : copy_zero_init.obj (.text:decompress:ZI)
                  00005664    00000012                           : strcpy.obj (.text)
                  00005676    0000000e                           : copy_decompress_none.obj (.text:decompress:none)
                  00005684    0000000e                           : xdclass.obj (.text)
                  00005692    0000000c     startup_ccs.obj (.text)
                  0000569e    0000000a     driverlib-cm3.lib : ssi.obj (.text:SSIDataPut)
                  000056a8    0000000a                       : ssi.obj (.text:SSIDisable)
                  000056b2    0000000a                       : ssi.obj (.text:SSIEnable)
                  000056bc    00000008                       : ssi.obj (.text:SSIBusy)
                  000056c4    00000006                       : gpio.obj (.text:GPIOPinWrite)
                  000056ca    00000006                       : sysctl.obj (.text:SysCtlDelay)
                  000056d0    00000006     rtsv7M3_T_le_eabi.lib : copy_decompress_rle.obj (.text:decompress:rle24)

.const     0    000056d8    000018dc     
                  000056d8    00000f80     tetris_background.obj (.const:.string:TETRIS_BACKGROUND_DATA)
                  00006658    000001e0     rit128x96x4.obj (.const:g_pucFont)
                  00006838    00000102     rtsv7M3_T_le_eabi.lib : ctype.obj (.const:.string:_ctypes_)
                  0000693a    00000002     heap_2.obj (.const)
                  0000693c    0000006c     driverlib-cm3.lib : sysctl.obj (.const:g_pulXtals)
                  000069a8    0000004f     rit128x96x4.obj (.const:.string:g_pucRIT128x96x4Init)
                  000069f7    00000001     --HOLE-- [fill = 0]
                  000069f8    00000040     driverlib-cm3.lib : sysctl.obj (.const)
                  00006a38    00000040     tetrominoe.obj (.const:i_pose1)
                  00006a78    00000040     tetrominoe.obj (.const:i_pose2)
                  00006ab8    00000040     tetrominoe.obj (.const:ll_pose1)
                  00006af8    00000040     tetrominoe.obj (.const:ll_pose2)
                  00006b38    00000040     tetrominoe.obj (.const:ll_pose3)
                  00006b78    00000040     tetrominoe.obj (.const:ll_pose4)
                  00006bb8    00000040     tetrominoe.obj (.const:lz_pose1)
                  00006bf8    00000040     tetrominoe.obj (.const:lz_pose2)
                  00006c38    00000040     tetrominoe.obj (.const:rl_pose1)
                  00006c78    00000040     tetrominoe.obj (.const:rl_pose2)
                  00006cb8    00000040     tetrominoe.obj (.const:rl_pose3)
                  00006cf8    00000040     tetrominoe.obj (.const:rl_pose4)
                  00006d38    00000040     tetrominoe.obj (.const:rz_pose1)
                  00006d78    00000040     tetrominoe.obj (.const:rz_pose2)
                  00006db8    00000040     tetrominoe.obj (.const:s_pose1)
                  00006df8    00000040     tetrominoe.obj (.const:t_pose1)
                  00006e38    00000040     tetrominoe.obj (.const:t_pose2)
                  00006e78    00000040     tetrominoe.obj (.const:t_pose3)
                  00006eb8    00000040     tetrominoe.obj (.const:t_pose4)
                  00006ef8    0000003c     images.obj (.const)
                  00006f34    00000030     images.obj (.const:.string)
                  00006f64    00000020     main.obj (.const)
                  00006f84    00000014     tasks.obj (.const:.string)
                  00006f98    00000010     game_engine.obj (.const)
                  00006fa8    0000000c     rit128x96x4.obj (.const:.string)

.cinit     0    00006fb8    00000150     
                  00006fb8    0000012c     (.cinit..data.load) [load image, compression = rle]
                  000070e4    0000000c     (__TI_handler_table)
                  000070f0    00000008     (.cinit..bss.load) [load image, compression = zero_init]
                  000070f8    00000010     (__TI_cinit_table)

.bss       0    20000000    00002df4     UNINITIALIZED
                  20000000    00002800     heap_2.obj (.bss:xHeap)
                  20002800    00000320     game_engine.obj (.bss:grid)
                  20002b20    00000120     rtsv7M3_T_le_eabi.lib : trgmsg.obj (.bss:__CIOBUF_)
                  20002c40    000000a0                           : defs.obj (.bss:__TI_tmpnams)
                  20002ce0    00000064     tasks.obj (.bss:pxReadyTasksLists)
                  20002d44    00000034     basic_io.obj (.bss:cBuffer)
                  20002d78    00000014     (.common:xDelayedTaskList1)
                  20002d8c    00000014     (.common:xDelayedTaskList2)
                  20002da0    00000014     (.common:xPendingReadyList)
                  20002db4    00000014     (.common:xTasksWaitingTermination)
                  20002dc8    00000008     (.common:g_pucBuffer)
                  20002dd0    00000008     (.common:parmbuf)
                  20002dd8    00000008     (.common:xEnd)
                  20002de0    00000008     (.common:xStart)
                  20002de8    00000004     (.common:g_ulSSIFlags)
                  20002dec    00000004     (.common:pxDelayedTaskList)
                  20002df0    00000004     (.common:pxOverflowDelayedTaskList)

.stack     0    20002df4    00000800     UNINITIALIZED
                  20002df4    00000800     --HOLE--

.sysmem    0    200035f8    00000800     UNINITIALIZED
                  200035f8    00000008     rtsv7M3_T_le_eabi.lib : memory.obj (.sysmem)
                  20003600    000007f8     --HOLE--

.data      0    20003df8    00000330     UNINITIALIZED
                  20003df8    000000f0     rtsv7M3_T_le_eabi.lib : defs.obj (.data:_ftable)
                  20003ee8    000000d0                           : lowlev.obj (.data)
                  20003fb8    000000c4     tetrominoe.obj (.data)
                  2000407c    0000003c     game_engine.obj (.data)
                  200040b8    00000030     tasks.obj (.data)
                  200040e8    00000010     rtsv7M3_T_le_eabi.lib : defs.obj (.data)
                  200040f8    0000000c                           : memory.obj (.data)
                  20004104    00000008     heap_2.obj (.data)
                  2000410c    00000008     rtsv7M3_T_le_eabi.lib : _lock.obj (.data)
                  20004114    00000008                           : exit.obj (.data)
                  2000411c    00000004     port.obj (.data)
                  20004120    00000004     rtsv7M3_T_le_eabi.lib : fopen.obj (.data)
                  20004124    00000004                           : stkdepth_vars.obj (.data)


LINKER GENERATED COPY TABLES

__TI_cinit_table @ 000070f8 records: 2, size/record: 8, table size: 16
	.data: load addr=00006fb8, load size=0000012c bytes, run addr=20003df8, run size=00000330 bytes, compression=rle
	.bss: load addr=000070f0, load size=00000008 bytes, run addr=20000000, run size=00002df4 bytes, compression=zero_init


LINKER GENERATED HANDLER TABLE

__TI_handler_table @ 000070e4 records: 3, size/record: 4, table size: 12
	index: 0, handler: __TI_decompress_rle24
	index: 1, handler: __TI_decompress_none
	index: 2, handler: __TI_zero_init


GLOBAL SYMBOLS: SORTED ALPHABETICALLY BY Name 

address    name
--------   ----
000053fd   C$$EXIT
00005147   C$$IO$$
00006ef8   CUBE
00006f34   CUBE_DATA
00006f1c   EMPTY_CELL
00006f52   EMPTY_CELL_DATA
00006f10   FULL_CELL
00006f40   FULL_CELL_DATA
000054e9   GPIODirModeSet
000048d1   GPIOPadConfigSet
0000561d   GPIOPinTypeGPIOOutput
0000562f   GPIOPinTypeSSI
000056c5   GPIOPinWrite
000036ed   HOSTclock
000036b5   HOSTclose
00003677   HOSTgetenv
0000361b   HOSTlseek
000035c9   HOSTopen
0000357d   HOSTread
0000351f   HOSTrename
000034e5   HOSTtime
000034ad   HOSTunlink
00003461   HOSTwrite
00002181   RIT128x96x4Clear
000023ff   RIT128x96x4Disable
00002551   RIT128x96x4DisplayOff
0000251d   RIT128x96x4DisplayOn
000023a5   RIT128x96x4Enable
0000231d   RIT128x96x4ImageDraw
00002479   RIT128x96x4Init
000021dd   RIT128x96x4StringDraw
00005693   ResetISR
UNDEFED    SHT$$INIT_ARRAY$$Base
UNDEFED    SHT$$INIT_ARRAY$$Limit
00006f04   SMALL_CUBE
00006f3c   SMALL_CUBE_DATA
000056bd   SSIBusy
00005375   SSIConfigSetExpClk
00005641   SSIDataGetNonBlocking
0000569f   SSIDataPut
000056a9   SSIDisable
000056b3   SSIEnable
00003929   SysCtlClockGet
00004035   SysCtlClockSet
000056cb   SysCtlDelay
00005235   SysCtlPeripheralEnable
00006f28   TETRIS_BACKGROUND
000056d8   TETRIS_BACKGROUND_DATA
00005685   _Dclass
00005441   _Dtest
20002b20   __CIOBUF_
200035f4   __STACK_END
00000800   __STACK_SIZE
20002ef4   __STACK_TOP
00000800   __SYSMEM_SIZE
000070f8   __TI_CINIT_Base
00007108   __TI_CINIT_Limit
000070e4   __TI_Handler_Table_Base
000070f0   __TI_Handler_Table_Limit
00000001   __TI_args_main
00004d71   __TI_auto_init
00003bc9   __TI_cleanup
20004114   __TI_cleanup_ptr
00004cd9   __TI_closefile
00005677   __TI_decompress_none
000056d1   __TI_decompress_rle24
00004999   __TI_doflush
20004118   __TI_dtors_ptr
200040e8   __TI_ft_end
00000ca3   __TI_printfi
00004abb   __TI_rd_ok
0000514b   __TI_readmsg
00000000   __TI_static_base__
20002c40   __TI_tmpnams
0000511d   __TI_writemsg
00004a59   __TI_wrt_ok
00005653   __TI_zero_init
00004e05   __aeabi_cdcmpeq
00004e05   __aeabi_cdcmple
00004e8b   __aeabi_cdrcmple
0000532d   __aeabi_d2iz
00003e87   __aeabi_dadd
00004179   __aeabi_ddiv
00004615   __aeabi_dmul
00003e7d   __aeabi_dsub
00005517   __aeabi_i2d
00005599   __aeabi_lmul
00004f11   __aeabi_memclr
00004f11   __aeabi_memclr4
00004f11   __aeabi_memclr8
00004c3d   __aeabi_memcpy
00004c3d   __aeabi_memcpy4
00004c3d   __aeabi_memcpy8
00004f13   __aeabi_memset
00004f13   __aeabi_memset4
00004f13   __aeabi_memset8
200040f4   __aeabi_stderr
200040ec   __aeabi_stdin
200040f0   __aeabi_stdout
00003735   __aeabi_uldivmod
ffffffff   __binit__
ffffffff   __c_args__
20002df4   __stack
00005581   _args_main
00005485   _c_int00
00006838   _ctypes_
20003df8   _ftable
2000410c   _lock
00005603   _nop
000055fb   _register_lock
000055f5   _register_unlock
200035f8   _sys_memory
20004110   _unlock
00005401   abort
00002889   abs_modulo
000033b3   add_device
000052e1   atoi
ffffffff   binit
20003fb8   block0
20003fd4   block1
20003ff0   block2
2000400c   block3
20004028   block4
20004044   block5
20004060   block6
000026ed   calculate_tetris_grid_x_position
000026d7   calculate_tetris_grid_y_position
00002dd9   calloc
000027ed   can_drop_current_tetrominoe
000027ff   can_rotate_current_tetrominoe
00002811   can_shift_current_tetrominoe
00002589   clear_board
0000457d   clear_display
00003361   close
000053b9   copy_in
000045e1   create_display_queue
0000270b   current_tetrominoe_can_occupy
00002957   debug_board
000025f7   draw_background
0000261b   draw_current_tetrominoe
00002637   draw_current_tetrominoe_as
000045f7   enqueue_display_task
00002629   erase_current_tetrominoe
000045b1   execute_display_task
00005409   exit
00004d3f   fclose
000049e5   fflush
00003c1f   fopen
00004ba1   fputc
000042b1   fputs
00002b33   free
00003bf5   freopen
00004ff9   fseek
00000000   g_pfnVectors
200040a4   game
2000407c   game_board
00002605   get_current_tetrominoe
00002a2f   get_next_tetrominie
000052a9   get_tetromineo_grid
20002800   grid
00006a38   i_pose1
00006a78   i_pose2
0000456b   initalise_display
000025bb   initalise_game
00002859   is_occupied
00002825   is_off_grid
00006ab8   ll_pose1
00006af8   ll_pose2
00006b38   ll_pose3
00006b78   ll_pose4
0000333d   lseek
000051db   ltoa
00006bb8   lz_pose1
00006bf8   lz_pose2
00002e11   main
20004124   main_func_sp
00002ad1   malloc
00002cf9   memalign
00005567   memccpy
000055c9   memchr
00005545   memcmp
00004c3d   memcpy
00004f19   memset
00002a45   minit
0000328f   open
000028c5   place_current_tetrominoe
00004f91   printf
00004c25   putc
00004c29   putchar
000043bb   puts
00003cc1   pvPortMalloc
200040b8   pxCurrentTCB
00004711   pxPortInitialiseStack
0000326b   read
00002bf3   realloc
000031e1   remove
00003243   remove_device
00003205   rename
0000528d   reset_tetromineo
00006c38   rl_pose1
00006c78   rl_pose2
00006cb8   rl_pose3
00006cf8   rl_pose4
000052bf   rotate_tetromineo
00006d38   rz_pose1
00006d78   rz_pose2
00006db8   s_pose1
000047f5   setvbuf
000029db   spawn_block
000050bd   sprintf
000055df   strchr
000055b1   strcmp
00005665   strcpy
00005609   strlen
000054b9   strncpy
00006df8   t_pose1
00006e38   t_pose2
00006e78   t_pose3
00006eb8   t_pose4
20004088   tetrominoes
00002f1b   tetronimoe_drop_test
00002fa3   tetronimoe_drop_test2
000031e1   unlink
00001e7f   uxQueueMessagesWaiting
00001e95   uxQueueMessagesWaitingFromISR
000014a9   uxTaskGetNumberOfTasks
0000123d   uxTaskPriorityGet
000030df   vApplicationIdleHook
000030cf   vApplicationMallocFailedHook
000030d5   vApplicationStackOverflowHook
000030e1   vApplicationTickHook
000043e5   vListInitialise
00004415   vListInitialiseItem
00004469   vListInsert
00004425   vListInsertEnd
000044cf   vListRemove
00004b51   vPortClearInterruptMask
00004b8f   vPortEnableVFP
00004781   vPortEndScheduler
0000478d   vPortEnterCritical
0000479d   vPortExitCritical
00003df3   vPortFree
00003e5b   vPortInitialiseBlocks
00004b5f   vPortSVCHandler
00004b43   vPortSetInterruptMask
00004b7d   vPortStartFirstTask
00004783   vPortYieldFromISR
0000505d   vPrintString
00005081   vPrintStringAndNumber
00001ea7   vQueueDelete
00003089   vQueueTest
000011d9   vTaskDelay
00002ec3   vTaskDelayTest
00001129   vTaskDelayUntil
000010c1   vTaskDelete
000013a7   vTaskEndScheduler
00002e99   vTaskFunction
00003045   vTaskImageFun
000014af   vTaskIncrementTick
00001799   vTaskMissedYield
0000161d   vTaskPlaceOnEventList
000019d5   vTaskPriorityDisinherit
0000194d   vTaskPriorityInherit
00001279   vTaskPrioritySet
00001709   vTaskSetTimeOutState
00001361   vTaskStartScheduler
000013b9   vTaskSuspendAll
00001561   vTaskSwitchContext
00003151   write
00002f05   write_background
0000453d   write_image
00004515   write_string
0000458d   xDisplayTask
00003e55   xPortGetFreeHeapSize
00004b09   xPortPendSVHandler
00004759   xPortStartScheduler
000047b3   xPortSysTickHandler
00001a65   xQueueCreate
00001b73   xQueueCreateCountingSemaphore
00001b0b   xQueueCreateMutex
00001ce3   xQueueGenericReceive
00001b91   xQueueGenericSend
00001c79   xQueueGenericSendFromISR
00002021   xQueueIsQueueEmptyFromISR
0000205b   xQueueIsQueueFullFromISR
00001e17   xQueueReceiveFromISR
00001731   xTaskCheckForTimeOut
00000fad   xTaskGenericCreate
00001933   xTaskGetCurrentTaskHandle
00001495   xTaskGetTickCount
00001685   xTaskRemoveFromEventList
000013d1   xTaskResumeAll


GLOBAL SYMBOLS: SORTED BY Symbol Address 

address    name
--------   ----
00000000   __TI_static_base__
00000000   g_pfnVectors
00000001   __TI_args_main
00000800   __STACK_SIZE
00000800   __SYSMEM_SIZE
00000ca3   __TI_printfi
00000fad   xTaskGenericCreate
000010c1   vTaskDelete
00001129   vTaskDelayUntil
000011d9   vTaskDelay
0000123d   uxTaskPriorityGet
00001279   vTaskPrioritySet
00001361   vTaskStartScheduler
000013a7   vTaskEndScheduler
000013b9   vTaskSuspendAll
000013d1   xTaskResumeAll
00001495   xTaskGetTickCount
000014a9   uxTaskGetNumberOfTasks
000014af   vTaskIncrementTick
00001561   vTaskSwitchContext
0000161d   vTaskPlaceOnEventList
00001685   xTaskRemoveFromEventList
00001709   vTaskSetTimeOutState
00001731   xTaskCheckForTimeOut
00001799   vTaskMissedYield
00001933   xTaskGetCurrentTaskHandle
0000194d   vTaskPriorityInherit
000019d5   vTaskPriorityDisinherit
00001a65   xQueueCreate
00001b0b   xQueueCreateMutex
00001b73   xQueueCreateCountingSemaphore
00001b91   xQueueGenericSend
00001c79   xQueueGenericSendFromISR
00001ce3   xQueueGenericReceive
00001e17   xQueueReceiveFromISR
00001e7f   uxQueueMessagesWaiting
00001e95   uxQueueMessagesWaitingFromISR
00001ea7   vQueueDelete
00002021   xQueueIsQueueEmptyFromISR
0000205b   xQueueIsQueueFullFromISR
00002181   RIT128x96x4Clear
000021dd   RIT128x96x4StringDraw
0000231d   RIT128x96x4ImageDraw
000023a5   RIT128x96x4Enable
000023ff   RIT128x96x4Disable
00002479   RIT128x96x4Init
0000251d   RIT128x96x4DisplayOn
00002551   RIT128x96x4DisplayOff
00002589   clear_board
000025bb   initalise_game
000025f7   draw_background
00002605   get_current_tetrominoe
0000261b   draw_current_tetrominoe
00002629   erase_current_tetrominoe
00002637   draw_current_tetrominoe_as
000026d7   calculate_tetris_grid_y_position
000026ed   calculate_tetris_grid_x_position
0000270b   current_tetrominoe_can_occupy
000027ed   can_drop_current_tetrominoe
000027ff   can_rotate_current_tetrominoe
00002811   can_shift_current_tetrominoe
00002825   is_off_grid
00002859   is_occupied
00002889   abs_modulo
000028c5   place_current_tetrominoe
00002957   debug_board
000029db   spawn_block
00002a2f   get_next_tetrominie
00002a45   minit
00002ad1   malloc
00002b33   free
00002bf3   realloc
00002cf9   memalign
00002dd9   calloc
00002e11   main
00002e99   vTaskFunction
00002ec3   vTaskDelayTest
00002f05   write_background
00002f1b   tetronimoe_drop_test
00002fa3   tetronimoe_drop_test2
00003045   vTaskImageFun
00003089   vQueueTest
000030cf   vApplicationMallocFailedHook
000030d5   vApplicationStackOverflowHook
000030df   vApplicationIdleHook
000030e1   vApplicationTickHook
00003151   write
000031e1   remove
000031e1   unlink
00003205   rename
00003243   remove_device
0000326b   read
0000328f   open
0000333d   lseek
00003361   close
000033b3   add_device
00003461   HOSTwrite
000034ad   HOSTunlink
000034e5   HOSTtime
0000351f   HOSTrename
0000357d   HOSTread
000035c9   HOSTopen
0000361b   HOSTlseek
00003677   HOSTgetenv
000036b5   HOSTclose
000036ed   HOSTclock
00003735   __aeabi_uldivmod
00003929   SysCtlClockGet
00003bc9   __TI_cleanup
00003bf5   freopen
00003c1f   fopen
00003cc1   pvPortMalloc
00003df3   vPortFree
00003e55   xPortGetFreeHeapSize
00003e5b   vPortInitialiseBlocks
00003e7d   __aeabi_dsub
00003e87   __aeabi_dadd
00004035   SysCtlClockSet
00004179   __aeabi_ddiv
000042b1   fputs
000043bb   puts
000043e5   vListInitialise
00004415   vListInitialiseItem
00004425   vListInsertEnd
00004469   vListInsert
000044cf   vListRemove
00004515   write_string
0000453d   write_image
0000456b   initalise_display
0000457d   clear_display
0000458d   xDisplayTask
000045b1   execute_display_task
000045e1   create_display_queue
000045f7   enqueue_display_task
00004615   __aeabi_dmul
00004711   pxPortInitialiseStack
00004759   xPortStartScheduler
00004781   vPortEndScheduler
00004783   vPortYieldFromISR
0000478d   vPortEnterCritical
0000479d   vPortExitCritical
000047b3   xPortSysTickHandler
000047f5   setvbuf
000048d1   GPIOPadConfigSet
00004999   __TI_doflush
000049e5   fflush
00004a59   __TI_wrt_ok
00004abb   __TI_rd_ok
00004b09   xPortPendSVHandler
00004b43   vPortSetInterruptMask
00004b51   vPortClearInterruptMask
00004b5f   vPortSVCHandler
00004b7d   vPortStartFirstTask
00004b8f   vPortEnableVFP
00004ba1   fputc
00004c25   putc
00004c29   putchar
00004c3d   __aeabi_memcpy
00004c3d   __aeabi_memcpy4
00004c3d   __aeabi_memcpy8
00004c3d   memcpy
00004cd9   __TI_closefile
00004d3f   fclose
00004d71   __TI_auto_init
00004e05   __aeabi_cdcmpeq
00004e05   __aeabi_cdcmple
00004e8b   __aeabi_cdrcmple
00004f11   __aeabi_memclr
00004f11   __aeabi_memclr4
00004f11   __aeabi_memclr8
00004f13   __aeabi_memset
00004f13   __aeabi_memset4
00004f13   __aeabi_memset8
00004f19   memset
00004f91   printf
00004ff9   fseek
0000505d   vPrintString
00005081   vPrintStringAndNumber
000050bd   sprintf
0000511d   __TI_writemsg
00005147   C$$IO$$
0000514b   __TI_readmsg
000051db   ltoa
00005235   SysCtlPeripheralEnable
0000528d   reset_tetromineo
000052a9   get_tetromineo_grid
000052bf   rotate_tetromineo
000052e1   atoi
0000532d   __aeabi_d2iz
00005375   SSIConfigSetExpClk
000053b9   copy_in
000053fd   C$$EXIT
00005401   abort
00005409   exit
00005441   _Dtest
00005485   _c_int00
000054b9   strncpy
000054e9   GPIODirModeSet
00005517   __aeabi_i2d
00005545   memcmp
00005567   memccpy
00005581   _args_main
00005599   __aeabi_lmul
000055b1   strcmp
000055c9   memchr
000055df   strchr
000055f5   _register_unlock
000055fb   _register_lock
00005603   _nop
00005609   strlen
0000561d   GPIOPinTypeGPIOOutput
0000562f   GPIOPinTypeSSI
00005641   SSIDataGetNonBlocking
00005653   __TI_zero_init
00005665   strcpy
00005677   __TI_decompress_none
00005685   _Dclass
00005693   ResetISR
0000569f   SSIDataPut
000056a9   SSIDisable
000056b3   SSIEnable
000056bd   SSIBusy
000056c5   GPIOPinWrite
000056cb   SysCtlDelay
000056d1   __TI_decompress_rle24
000056d8   TETRIS_BACKGROUND_DATA
00006838   _ctypes_
00006a38   i_pose1
00006a78   i_pose2
00006ab8   ll_pose1
00006af8   ll_pose2
00006b38   ll_pose3
00006b78   ll_pose4
00006bb8   lz_pose1
00006bf8   lz_pose2
00006c38   rl_pose1
00006c78   rl_pose2
00006cb8   rl_pose3
00006cf8   rl_pose4
00006d38   rz_pose1
00006d78   rz_pose2
00006db8   s_pose1
00006df8   t_pose1
00006e38   t_pose2
00006e78   t_pose3
00006eb8   t_pose4
00006ef8   CUBE
00006f04   SMALL_CUBE
00006f10   FULL_CELL
00006f1c   EMPTY_CELL
00006f28   TETRIS_BACKGROUND
00006f34   CUBE_DATA
00006f3c   SMALL_CUBE_DATA
00006f40   FULL_CELL_DATA
00006f52   EMPTY_CELL_DATA
000070e4   __TI_Handler_Table_Base
000070f0   __TI_Handler_Table_Limit
000070f8   __TI_CINIT_Base
00007108   __TI_CINIT_Limit
20002800   grid
20002b20   __CIOBUF_
20002c40   __TI_tmpnams
20002df4   __stack
20002ef4   __STACK_TOP
200035f4   __STACK_END
200035f8   _sys_memory
20003df8   _ftable
20003fb8   block0
20003fd4   block1
20003ff0   block2
2000400c   block3
20004028   block4
20004044   block5
20004060   block6
2000407c   game_board
20004088   tetrominoes
200040a4   game
200040b8   pxCurrentTCB
200040e8   __TI_ft_end
200040ec   __aeabi_stdin
200040f0   __aeabi_stdout
200040f4   __aeabi_stderr
2000410c   _lock
20004110   _unlock
20004114   __TI_cleanup_ptr
20004118   __TI_dtors_ptr
20004124   main_func_sp
ffffffff   __binit__
ffffffff   __c_args__
ffffffff   binit
UNDEFED    SHT$$INIT_ARRAY$$Base
UNDEFED    SHT$$INIT_ARRAY$$Limit

[292 symbols]
