******************************************************************************
                  TI ARM Linker PC v5.1.6                      
******************************************************************************
>> Linked Thu Jul 28 10:40:41 2016

OUTPUT FILE NAME:   <ENCE463-Tetris.out>
ENTRY POINT SYMBOL: "_c_int00"  address: 00006475


MEMORY CONFIGURATION

         name            origin    length      used     unused   attr    fill
----------------------  --------  ---------  --------  --------  ----  --------
  FLASH                 00000000   00040000  00008434  00037bcc  R  X
  SRAM                  20000000   00010000  000051e8  0000ae18  RW X


SEGMENT ALLOCATION MAP

run origin  load origin   length   init length attrs members
----------  ----------- ---------- ----------- ----- -------
00000000    00000000    00008438   00008438    r-x
  00000000    00000000    000000f0   000000f0    r-- .intvecs
  000000f0    000000f0    0000661c   0000661c    r-x .text
  0000670c    0000670c    00001b88   00001b88    r-- .const
  00008298    00008298    000001a0   000001a0    r-- .cinit
20000000    20000000    000051ec   00000000    rw-
  20000000    20000000    0000026c   00000000    rw- .vtable
  20000270    20000270    00002df8   00000000    rw- .bss
  20003068    20003068    00001600   00000000    rw- .stack
  20004668    20004668    00000800   00000000    rw- .sysmem
  20004e68    20004e68    00000384   00000000    rw- .data


SECTION ALLOCATION MAP

 output                                  attributes/
section   page    origin      length       input sections
--------  ----  ----------  ----------   ----------------
.intvecs   0    00000000    000000f0     
                  00000000    000000f0     startup_ccs.obj (.intvecs)

.text      0    000000f0    0000661c     
                  000000f0    00000ebc     rtsv7M3_T_le_eabi.lib : _printfi.obj (.text)
                  00000fac    00000ab8     tasks.obj (.text)
                  00001a64    000007b8     game_engine.obj (.text)
                  0000221c    00000614     queue.obj (.text)
                  00002830    00000524     math.obj (.text)
                  00002d54    00000510     rit128x96x4.obj (.text)
                  00003264    000003cc     rtsv7M3_T_le_eabi.lib : memory.obj (.text)
                  00003630    00000374     main.obj (.text)
                  000039a4    00000310     rtsv7M3_T_le_eabi.lib : lowlev.obj (.text)
                  00003cb4    000002d4                           : trgdrv.obj (.text)
                  00003f88    00000274     display.obj (.text)
                  000041fc    0000024c     board.obj (.text)
                  00004448    000001f4     rtsv7M3_T_le_eabi.lib : ull_div_t2.obj (.text)
                  0000463c    000001d8     driverlib-cm3.lib : sysctl.obj (.text:SysCtlClockGet)
                  00004814    000001c0     rtsv7M3_T_le_eabi.lib : fopen.obj (.text)
                  000049d4    000001bc     heap_2.obj (.text)
                  00004b90    000001b6     rtsv7M3_T_le_eabi.lib : fd_add_t2.obj (.text)
                  00004d46    00000002     --HOLE-- [fill = 0]
                  00004d48    00000144     driverlib-cm3.lib : sysctl.obj (.text:SysCtlClockSet)
                  00004e8c    00000136     rtsv7M3_T_le_eabi.lib : fd_div_t2.obj (.text)
                  00004fc2    00000002     --HOLE-- [fill = 0]
                  00004fc4    00000134                           : fputs.obj (.text)
                  000050f8    0000012e     list.obj (.text)
                  00005226    00000002     --HOLE-- [fill = 0]
                  00005228    0000011c     buttons.obj (.text)
                  00005344    000000fc     driverlib-cm3.lib : gpio.obj (.text:GPIOGetIntNumber)
                  00005440    000000fc     rtsv7M3_T_le_eabi.lib : fd_mul_t2.obj (.text)
                  0000553c    000000e4     port.obj (.text)
                  00005620    000000dc     rtsv7M3_T_le_eabi.lib : setvbuf.obj (.text)
                  000056fc    000000c8     driverlib-cm3.lib : gpio.obj (.text:GPIOPadConfigSet)
                  000057c4    000000c0     rtsv7M3_T_le_eabi.lib : fflush.obj (.text)
                  00005884    000000ac                           : _io_perm.obj (.text)
                  00005930    0000009c     portasm.obj (.text)
                  000059cc    0000009c     rtsv7M3_T_le_eabi.lib : fputc.obj (.text)
                  00005a68    0000009c                           : memcpy_t2.obj (.text)
                  00005b04    00000098                           : fclose.obj (.text)
                  00005b9c    00000094                           : auto_init.obj (.text)
                  00005c30    00000088     driverlib-cm3.lib : sysctl.obj (.text:SysCtlPeripheralReset)
                  00005cb8    00000086     rtsv7M3_T_le_eabi.lib : fd_cmp_t2.obj (.text:__aeabi_cdcmple)
                  00005d3e    00000086                           : fd_cmp_t2.obj (.text:__aeabi_cdrcmple)
                  00005dc4    00000078                           : memset_t2.obj (.text)
                  00005e3c    00000070                           : printf.obj (.text)
                  00005eac    00000064     driverlib-cm3.lib : interrupt.obj (.text:IntEnable)
                  00005f10    00000064     rtsv7M3_T_le_eabi.lib : fseek.obj (.text)
                  00005f74    00000060     basic_io.obj (.text)
                  00005fd4    00000060     rtsv7M3_T_le_eabi.lib : sprintf.obj (.text)
                  00006034    00000060                           : trgmsg.obj (.text)
                  00006094    0000005e                           : copy_decompress_rle.obj (.text)
                  000060f2    00000002     --HOLE-- [fill = 0]
                  000060f4    0000005c     timer.obj (.text)
                  00006150    0000005a     rtsv7M3_T_le_eabi.lib : ltoa.obj (.text)
                  000061aa    00000002     --HOLE-- [fill = 0]
                  000061ac    00000058     driverlib-cm3.lib : sysctl.obj (.text:SysCtlPeripheralEnable)
                  00006204    00000052     tetrominoe.obj (.text)
                  00006256    00000002     --HOLE-- [fill = 0]
                  00006258    0000004c     rtsv7M3_T_le_eabi.lib : atoi.obj (.text)
                  000062a4    00000048                           : fd_toi_t2.obj (.text)
                  000062ec    00000044     driverlib-cm3.lib : gpio.obj (.text:GPIOIntTypeSet)
                  00006330    00000044                       : ssi.obj (.text:SSIConfigSetExpClk)
                  00006374    00000044     rtsv7M3_T_le_eabi.lib : cpy_tbl.obj (.text)
                  000063b8    00000044                           : exit.obj (.text)
                  000063fc    00000044                           : xdtest.obj (.text)
                  00006440    00000034     driverlib-cm3.lib : interrupt.obj (.text:IntRegister)
                  00006474    00000034     rtsv7M3_T_le_eabi.lib : boot.obj (.text)
                  000064a8    00000030                           : strncpy.obj (.text)
                  000064d8    0000002e     driverlib-cm3.lib : gpio.obj (.text:GPIODirModeSet)
                  00006506    0000002e     rtsv7M3_T_le_eabi.lib : i_tofd_t2.obj (.text)
                  00006534    00000022                           : memcmp.obj (.text)
                  00006556    0000001a                           : memccpy.obj (.text)
                  00006570    00000018     driverlib-cm3.lib : gpio.obj (.text:GPIOPortIntRegister)
                  00006588    00000018     rtsv7M3_T_le_eabi.lib : args_main.obj (.text)
                  000065a0    00000018                           : ll_mul_t2.obj (.text)
                  000065b8    00000018                           : strcmp.obj (.text)
                  000065d0    00000016                           : memchr.obj (.text)
                  000065e6    00000016                           : strchr.obj (.text)
                  000065fc    00000014                           : _lock.obj (.text)
                  00006610    00000014                           : strlen.obj (.text)
                  00006624    00000012     driverlib-cm3.lib : gpio.obj (.text:GPIOPinTypeGPIOOutput)
                  00006636    00000012                       : gpio.obj (.text:GPIOPinTypeSSI)
                  00006648    00000012                       : ssi.obj (.text:SSIDataGetNonBlocking)
                  0000665a    00000012     rtsv7M3_T_le_eabi.lib : copy_zero_init.obj (.text:decompress:ZI)
                  0000666c    00000012                           : strcpy.obj (.text)
                  0000667e    0000000e                           : copy_decompress_none.obj (.text:decompress:none)
                  0000668c    0000000e                           : xdclass.obj (.text)
                  0000669a    0000000c     driverlib-cm3.lib : cpu.obj (.text:CPUcpsie)
                  000066a6    0000000c                       : gpio.obj (.text:GPIOPinIntEnable)
                  000066b2    0000000c     startup_ccs.obj (.text)
                  000066be    0000000a     driverlib-cm3.lib : interrupt.obj (.text:IntMasterEnable)
                  000066c8    0000000a                       : ssi.obj (.text:SSIDataPut)
                  000066d2    0000000a                       : ssi.obj (.text:SSIDisable)
                  000066dc    0000000a                       : ssi.obj (.text:SSIEnable)
                  000066e6    00000008                       : ssi.obj (.text:SSIBusy)
                  000066ee    00000006                       : gpio.obj (.text:GPIOPinIntClear)
                  000066f4    00000006                       : gpio.obj (.text:GPIOPinRead)
                  000066fa    00000006                       : gpio.obj (.text:GPIOPinWrite)
                  00006700    00000006                       : sysctl.obj (.text:SysCtlDelay)
                  00006706    00000006     rtsv7M3_T_le_eabi.lib : copy_decompress_rle.obj (.text:decompress:rle24)

.const     0    0000670c    00001b88     
                  0000670c    00000f80     tetris_background.obj (.const:.string:TETRIS_BACKGROUND_DATA)
                  0000768c    000001e0     rit128x96x4.obj (.const:g_pucFont)
                  0000786c    00000108     images.obj (.const)
                  00007974    00000102     rtsv7M3_T_le_eabi.lib : ctype.obj (.const:.string:_ctypes_)
                  00007a76    00000002     heap_2.obj (.const)
                  00007a78    00000070     driverlib-cm3.lib : interrupt.obj (.const)
                  00007ae8    0000006c                       : sysctl.obj (.const:g_pulXtals)
                  00007b54    00000062     text_images.obj (.const:.string)
                  00007bb6    00000002     --HOLE-- [fill = 0]
                  00007bb8    00000050     display.obj (.const)
                  00007c08    0000004f     rit128x96x4.obj (.const:.string:g_pucRIT128x96x4Init)
                  00007c57    00000001     --HOLE-- [fill = 0]
                  00007c58    00000040     driverlib-cm3.lib : sysctl.obj (.const)
                  00007c98    00000040     tetrominoe.obj (.const:i_pose1)
                  00007cd8    00000040     tetrominoe.obj (.const:i_pose2)
                  00007d18    00000040     tetrominoe.obj (.const:ll_pose1)
                  00007d58    00000040     tetrominoe.obj (.const:ll_pose2)
                  00007d98    00000040     tetrominoe.obj (.const:ll_pose3)
                  00007dd8    00000040     tetrominoe.obj (.const:ll_pose4)
                  00007e18    00000040     tetrominoe.obj (.const:lz_pose1)
                  00007e58    00000040     tetrominoe.obj (.const:lz_pose2)
                  00007e98    00000040     tetrominoe.obj (.const:rl_pose1)
                  00007ed8    00000040     tetrominoe.obj (.const:rl_pose2)
                  00007f18    00000040     tetrominoe.obj (.const:rl_pose3)
                  00007f58    00000040     tetrominoe.obj (.const:rl_pose4)
                  00007f98    00000040     tetrominoe.obj (.const:rz_pose1)
                  00007fd8    00000040     tetrominoe.obj (.const:rz_pose2)
                  00008018    00000040     tetrominoe.obj (.const:s_pose1)
                  00008058    00000040     tetrominoe.obj (.const:t_pose1)
                  00008098    00000040     tetrominoe.obj (.const:t_pose2)
                  000080d8    00000040     tetrominoe.obj (.const:t_pose3)
                  00008118    00000040     tetrominoe.obj (.const:t_pose4)
                  00008158    0000003a     text_images.obj (.const:.string:LEVEL_IMAGE_DATA)
                  00008192    00000039     text_images.obj (.const:.string:SCORE_IMAGE_DATA)
                  000081cb    00000030     images.obj (.const:.string)
                  000081fb    00000001     --HOLE-- [fill = 0]
                  000081fc    00000030     game_engine.obj (.const)
                  0000822c    0000002d     text_images.obj (.const:.string:NEXT_IMAGE_DATA)
                  00008259    00000003     --HOLE-- [fill = 0]
                  0000825c    00000018     main.obj (.const)
                  00008274    00000014     tasks.obj (.const:.string)
                  00008288    0000000c     rit128x96x4.obj (.const:.string)

.cinit     0    00008298    000001a0     
                  00008298    0000016c     (.cinit..data.load) [load image, compression = rle]
                  00008404    0000000c     (__TI_handler_table)
                  00008410    00000008     (.cinit..bss.load) [load image, compression = zero_init]
                  00008418    00000008     (.cinit..vtable.load) [load image, compression = zero_init]
                  00008420    00000018     (__TI_cinit_table)

.vtable    0    20000000    0000026c     UNINITIALIZED
                  20000000    0000026c     driverlib-cm3.lib : interrupt.obj (.vtable)

.bss       0    20000270    00002df8     UNINITIALIZED
                  20000270    00002800     heap_2.obj (.bss:xHeap)
                  20002a70    00000320     game_engine.obj (.bss:grid)
                  20002d90    00000120     rtsv7M3_T_le_eabi.lib : trgmsg.obj (.bss:__CIOBUF_)
                  20002eb0    000000a0                           : defs.obj (.bss:__TI_tmpnams)
                  20002f50    00000064     tasks.obj (.bss:pxReadyTasksLists)
                  20002fb4    00000034     basic_io.obj (.bss:cBuffer)
                  20002fe8    00000014     (.common:xDelayedTaskList1)
                  20002ffc    00000014     (.common:xDelayedTaskList2)
                  20003010    00000014     (.common:xPendingReadyList)
                  20003024    00000014     (.common:xTasksWaitingTermination)
                  20003038    00000008     (.common:g_pucBuffer)
                  20003040    00000008     (.common:parmbuf)
                  20003048    00000008     (.common:xEnd)
                  20003050    00000008     (.common:xStart)
                  20003058    00000004     (.common:g_ulSSIFlags)
                  2000305c    00000004     (.common:pxDelayedTaskList)
                  20003060    00000004     (.common:pxOverflowDelayedTaskList)
                  20003064    00000004     (.common:seed)

.stack     0    20003068    00001600     UNINITIALIZED
                  20003068    00001600     --HOLE--

.sysmem    0    20004668    00000800     UNINITIALIZED
                  20004668    00000008     rtsv7M3_T_le_eabi.lib : memory.obj (.sysmem)
                  20004670    000007f8     --HOLE--

.data      0    20004e68    00000384     UNINITIALIZED
                  20004e68    000000f0     rtsv7M3_T_le_eabi.lib : defs.obj (.data:_ftable)
                  20004f58    000000d0                           : lowlev.obj (.data)
                  20005028    000000c4     tetrominoe.obj (.data)
                  200050ec    00000030     tasks.obj (.data)
                  2000511c    0000002c     game_engine.obj (.data:base_game)
                  20005148    00000028     images.obj (.data:NUMBERS)
                  20005170    00000028     game_engine.obj (.data)
                  20005198    00000010     images.obj (.data)
                  200051a8    00000010     rtsv7M3_T_le_eabi.lib : defs.obj (.data)
                  200051b8    0000000c                           : memory.obj (.data)
                  200051c4    00000008     heap_2.obj (.data)
                  200051cc    00000008     rtsv7M3_T_le_eabi.lib : _lock.obj (.data)
                  200051d4    00000008                           : exit.obj (.data)
                  200051dc    00000004     port.obj (.data)
                  200051e0    00000004     rtsv7M3_T_le_eabi.lib : fopen.obj (.data)
                  200051e4    00000004                           : stkdepth_vars.obj (.data)
                  200051e8    00000004     timer.obj (.data)


LINKER GENERATED COPY TABLES

__TI_cinit_table @ 00008420 records: 3, size/record: 8, table size: 24
	.data: load addr=00008298, load size=0000016c bytes, run addr=20004e68, run size=00000384 bytes, compression=rle
	.bss: load addr=00008410, load size=00000008 bytes, run addr=20000270, run size=00002df8 bytes, compression=zero_init
	.vtable: load addr=00008418, load size=00000008 bytes, run addr=20000000, run size=0000026c bytes, compression=zero_init


LINKER GENERATED HANDLER TABLE

__TI_handler_table @ 00008404 records: 3, size/record: 4, table size: 12
	index: 0, handler: __TI_zero_init
	index: 1, handler: __TI_decompress_rle24
	index: 2, handler: __TI_decompress_none


GLOBAL SYMBOLS: SORTED ALPHABETICALLY BY Name 

address    name
--------   ----
000063b9   C$$EXIT
0000605f   C$$IO$$
0000669b   CPUcpsie
0000786c   CUBE
000081cb   CUBE_DATA
000028f5   EEPROMBlockCountGet
00002ba9   EEPROMBlockHide
00002b39   EEPROMBlockLock
00002ae7   EEPROMBlockPasswordSet
00002aaf   EEPROMBlockProtectGet
00002ac3   EEPROMBlockProtectSet
00002b61   EEPROMBlockUnlock
000028a5   EEPROMInit
00002c3d   EEPROMIntClear
00002be9   EEPROMIntDisable
00002bc1   EEPROMIntEnable
00002c0d   EEPROMIntStatus
00002a71   EEPROMMassErase
00002955   EEPROMProgram
00002a2f   EEPROMProgramNonBlocking
00002903   EEPROMRead
000028e9   EEPROMSizeGet
00002c65   EEPROMStatusGet
00007890   EMPTY_CELL
000081e9   EMPTY_CELL_DATA
00007884   FULL_CELL
000081d7   FULL_CELL_DATA
000064d9   GPIODirModeSet
000062ed   GPIOIntTypeSet
000056fd   GPIOPadConfigSet
000066ef   GPIOPinIntClear
000066a7   GPIOPinIntEnable
000066f5   GPIOPinRead
00006625   GPIOPinTypeGPIOOutput
00006637   GPIOPinTypeSSI
000066fb   GPIOPinWrite
00006571   GPIOPortIntRegister
00003f41   HOSTclock
00003f09   HOSTclose
00003ecb   HOSTgetenv
00003e6f   HOSTlseek
00003e1d   HOSTopen
00003dd1   HOSTread
00003d73   HOSTrename
00003d39   HOSTtime
00003d01   HOSTunlink
00003cb5   HOSTwrite
00005ead   IntEnable
000066bf   IntMasterEnable
00006441   IntRegister
00007968   LEVEL_IMAGE
00008158   LEVEL_IMAGE_DATA
200051e8   MAX_PORT_TICK_VALUE
0000795c   NEXT_IMAGE
0000822c   NEXT_IMAGE_DATA
000078a8   NUMBER0
00007b54   NUMBER0_DATA
000078b4   NUMBER1
00007b5d   NUMBER1_DATA
000078c0   NUMBER2
00007b66   NUMBER2_DATA
000078cc   NUMBER3
00007b6f   NUMBER3_DATA
000078d8   NUMBER4
00007b78   NUMBER4_DATA
000078e4   NUMBER5
00007b81   NUMBER5_DATA
000078f0   NUMBER6
00007b8a   NUMBER6_DATA
000078fc   NUMBER7
00007b93   NUMBER7_DATA
00007908   NUMBER8
00007b9c   NUMBER8_DATA
00007914   NUMBER9
00007ba5   NUMBER9_DATA
20005148   NUMBERS
00002e5d   RIT128x96x4Clear
000030db   RIT128x96x4Disable
0000322d   RIT128x96x4DisplayOff
000031f9   RIT128x96x4DisplayOn
00003081   RIT128x96x4Enable
00002ff9   RIT128x96x4ImageDraw
00003155   RIT128x96x4Init
00002eb9   RIT128x96x4StringDraw
20005198   RUNNING_ANIMATION
00007920   RUNNING_ANIMATION0
00007bae   RUNNING_ANIMATION0_DATA
0000792c   RUNNING_ANIMATION1
00007bb0   RUNNING_ANIMATION1_DATA
00007938   RUNNING_ANIMATION2
00007bb2   RUNNING_ANIMATION2_DATA
00007944   RUNNING_ANIMATION3
00007bb4   RUNNING_ANIMATION3_DATA
000066b3   ResetISR
00007950   SCORE_IMAGE
00008192   SCORE_IMAGE_DATA
UNDEFED    SHT$$INIT_ARRAY$$Base
UNDEFED    SHT$$INIT_ARRAY$$Limit
00007878   SMALL_CUBE
000081d3   SMALL_CUBE_DATA
000066e7   SSIBusy
00006331   SSIConfigSetExpClk
00006649   SSIDataGetNonBlocking
000066c9   SSIDataPut
000066d3   SSIDisable
000066dd   SSIEnable
0000463d   SysCtlClockGet
00004d49   SysCtlClockSet
00006701   SysCtlDelay
000061ad   SysCtlPeripheralEnable
00005c31   SysCtlPeripheralReset
0000789c   TETRIS_BACKGROUND
0000670c   TETRIS_BACKGROUND_DATA
0000668d   _Dclass
000063fd   _Dtest
20002d90   __CIOBUF_
20004668   __STACK_END
00001600   __STACK_SIZE
20003168   __STACK_TOP
00000800   __SYSMEM_SIZE
00008420   __TI_CINIT_Base
00008438   __TI_CINIT_Limit
00008404   __TI_Handler_Table_Base
00008410   __TI_Handler_Table_Limit
00000001   __TI_args_main
00005b9d   __TI_auto_init
000048dd   __TI_cleanup
200051d4   __TI_cleanup_ptr
00005b05   __TI_closefile
0000667f   __TI_decompress_none
00006707   __TI_decompress_rle24
000057c5   __TI_doflush
200051d8   __TI_dtors_ptr
200051a8   __TI_ft_end
00000ca3   __TI_printfi
000058e7   __TI_rd_ok
00006063   __TI_readmsg
00000000   __TI_static_base__
20002eb0   __TI_tmpnams
00006035   __TI_writemsg
00005885   __TI_wrt_ok
0000665b   __TI_zero_init
00005cb9   __aeabi_cdcmpeq
00005cb9   __aeabi_cdcmple
00005d3f   __aeabi_cdrcmple
000062a5   __aeabi_d2iz
00004b9b   __aeabi_dadd
00004e8d   __aeabi_ddiv
00005441   __aeabi_dmul
00004b91   __aeabi_dsub
00006507   __aeabi_i2d
000065a1   __aeabi_lmul
00005dc5   __aeabi_memclr
00005dc5   __aeabi_memclr4
00005dc5   __aeabi_memclr8
00005a69   __aeabi_memcpy
00005a69   __aeabi_memcpy4
00005a69   __aeabi_memcpy8
00005dc7   __aeabi_memset
00005dc7   __aeabi_memset4
00005dc7   __aeabi_memset8
200051b4   __aeabi_stderr
200051ac   __aeabi_stdin
200051b0   __aeabi_stdout
00004449   __aeabi_uldivmod
ffffffff   __binit__
ffffffff   __c_args__
20003068   __stack
00006589   _args_main
00006475   _c_int00
00007974   _ctypes_
20004e68   _ftable
200051cc   _lock
0000660b   _nop
00006603   _register_lock
000065fd   _register_unlock
20004668   _sys_memory
200051d0   _unlock
000063bd   abort
00002cf7   abs_modulo
00003c07   add_device
00006259   atoi
2000511c   base_game
ffffffff   binit
20005028   block0
20005044   block1
20005060   block2
2000507c   block3
20005098   block4
200050b4   block5
200050d0   block6
00005229   button_handler
00001b1d   button_process_loop
00001d31   calculate_tetris_grid_x_position
00001d1b   calculate_tetris_grid_y_position
000035f9   calloc
00001e31   can_drop_current_tetrominoe
00001e43   can_rotate_current_tetrominoe
00001e55   can_shift_current_tetrominoe
000041fd   clear_board
00003ff1   clear_display
00002045   clear_full_rows
00004389   clear_row
00003bb5   close
00006375   copy_in
00001d4f   current_tetrominoe_can_occupy
00001efd   debug_board
00001c5f   draw_current_tetrominoe
00001c7b   draw_current_tetrominoe_as
0000531d   enqueue_button_event
00004117   enqueue_display_task
00001c6d   erase_current_tetrominoe
000040ad   execute_display_task
000063c5   exit
00005b6b   fclose
00005811   fflush
00004933   fopen
000059cd   fputc
00004fc5   fputs
00003353   free
00004909   freopen
00005f11   fseek
20000000   g_pfnRAMVectors
00000000   g_pfnVectors
20005170   game_board
00001a7b   game_loop
0000422f   get_board_value
00001c49   get_current_tetrominoe
00004275   get_next_complete_row
00001fe5   get_next_tetrominoe
00006221   get_tetromineo_grid
20002a70   grid
000060f5   has_timed_out
00004413   highest_occupied_cell_in_column
00007c98   i_pose1
00007cd8   i_pose2
00005305   initalise_button_event_queue
00005235   initalise_button_interrupts
0000526f   initalise_buttons
00003fdf   initalise_display
000040ff   initalise_display_queue
00001bb1   initalise_game
00002ce7   initalise_random_number_generator
0000435f   is_occupied
0000432b   is_off_board
00007d18   ll_pose1
00007d58   ll_pose2
00007d98   ll_pose3
00007dd8   ll_pose4
00003b91   lseek
00006151   ltoa
00007e18   lz_pose1
00007e58   lz_pose2
00003631   main
200051e4   main_func_sp
000032f1   malloc
00003519   memalign
00006557   memccpy
000065d1   memchr
00006535   memcmp
00005a69   memcpy
00005dcd   memset
00003265   minit
000042cb   num_complete_rows
00003ae3   open
00001e6d   place_current_tetrominoe
00005e45   printf
00001b67   process_button_event
00005a51   putc
00005a55   putchar
000050cf   puts
000049d5   pvPortMalloc
200050ec   pxCurrentTCB
0000553d   pxPortInitialiseStack
00004191   quick_clear_screen
00004131   quick_initalise_screen
00004161   quick_send_image
000041af   quick_send_number
00002cb5   rand_range
00003abf   read
000052eb   read_button
00005285   read_buttons
00003413   realloc
00002167   redraw_empty_cells
00003a35   remove
00003a97   remove_device
00003a59   rename
00001bd1   reset_game
00006205   reset_tetromineo
00007e98   rl_pose1
00007ed8   rl_pose2
00007f18   rl_pose3
00007f58   rl_pose4
00006237   rotate_tetromineo
00007f98   rz_pose1
00007fd8   rz_pose2
00008018   s_pose1
00001ba7   score_screen_loop
20003064   seed
00004251   set_board_value
00005621   setvbuf
00001f85   spawn_new_tetrominoe
00001b9d   splash_screen_loop
00005fd5   sprintf
00006137   start_timeout
000065e7   strchr
000065b9   strcmp
0000666d   strcpy
00006611   strlen
000064a9   strncpy
00008058   t_pose1
00008098   t_pose2
000080d8   t_pose3
00008118   t_pose4
000020dd   temp_fill_cells
2000517c   tetrominoes
0000373d   tetronimoe_drop_test
000037c5   tetronimoe_drop_test2
000043c3   trickle_down_column
000021e5   try_rotate_current_tetrominoe
00003a35   unlink
00002c79   urand
00002637   uxQueueMessagesWaiting
0000264d   uxQueueMessagesWaitingFromISR
000014a9   uxTaskGetNumberOfTasks
0000123d   uxTaskPriorityGet
00003923   vApplicationIdleHook
00003911   vApplicationMallocFailedHook
00003919   vApplicationStackOverflowHook
00003925   vApplicationTickHook
000038e9   vButtonTest
0000388d   vDisplayRunning
000050f9   vListInitialise
00005129   vListInitialiseItem
0000517d   vListInsert
00005139   vListInsertEnd
000051e3   vListRemove
0000597d   vPortClearInterruptMask
000059bb   vPortEnableVFP
000055ad   vPortEndScheduler
000055b9   vPortEnterCritical
000055c9   vPortExitCritical
00004b07   vPortFree
00004b6f   vPortInitialiseBlocks
0000598b   vPortSVCHandler
0000596f   vPortSetInterruptMask
000059a9   vPortStartFirstTask
000055af   vPortYieldFromISR
00005f75   vPrintString
00005f99   vPrintStringAndNumber
0000265f   vQueueDelete
000011d9   vTaskDelay
000036fb   vTaskDelayTest
00001129   vTaskDelayUntil
000010c1   vTaskDelete
000013a7   vTaskEndScheduler
000036d1   vTaskFunction
0000384f   vTaskImageFun
000014af   vTaskIncrementTick
00001799   vTaskMissedYield
0000161d   vTaskPlaceOnEventList
000019d5   vTaskPriorityDisinherit
0000194d   vTaskPriorityInherit
00001279   vTaskPrioritySet
00001709   vTaskSetTimeOutState
00001361   vTaskStartScheduler
000013b9   vTaskSuspendAll
00001561   vTaskSwitchContext
000039a5   write
00003fb1   write_image
00003f89   write_string
00004001   write_tetris_number
000052fb   xButtonReadTask
00004089   xDisplayTask
00001a65   xGameEngineTask
00004b69   xPortGetFreeHeapSize
00005935   xPortPendSVHandler
00005585   xPortStartScheduler
000055df   xPortSysTickHandler
0000221d   xQueueCreate
0000232b   xQueueCreateCountingSemaphore
000022c3   xQueueCreateMutex
0000249b   xQueueGenericReceive
00002349   xQueueGenericSend
00002431   xQueueGenericSendFromISR
000027d9   xQueueIsQueueEmptyFromISR
00002813   xQueueIsQueueFullFromISR
000025cf   xQueueReceiveFromISR
00001731   xTaskCheckForTimeOut
00000fad   xTaskGenericCreate
00001933   xTaskGetCurrentTaskHandle
00001495   xTaskGetTickCount
00001685   xTaskRemoveFromEventList
000013d1   xTaskResumeAll


GLOBAL SYMBOLS: SORTED BY Symbol Address 

address    name
--------   ----
00000000   __TI_static_base__
00000000   g_pfnVectors
00000001   __TI_args_main
00000800   __SYSMEM_SIZE
00000ca3   __TI_printfi
00000fad   xTaskGenericCreate
000010c1   vTaskDelete
00001129   vTaskDelayUntil
000011d9   vTaskDelay
0000123d   uxTaskPriorityGet
00001279   vTaskPrioritySet
00001361   vTaskStartScheduler
000013a7   vTaskEndScheduler
000013b9   vTaskSuspendAll
000013d1   xTaskResumeAll
00001495   xTaskGetTickCount
000014a9   uxTaskGetNumberOfTasks
000014af   vTaskIncrementTick
00001561   vTaskSwitchContext
00001600   __STACK_SIZE
0000161d   vTaskPlaceOnEventList
00001685   xTaskRemoveFromEventList
00001709   vTaskSetTimeOutState
00001731   xTaskCheckForTimeOut
00001799   vTaskMissedYield
00001933   xTaskGetCurrentTaskHandle
0000194d   vTaskPriorityInherit
000019d5   vTaskPriorityDisinherit
00001a65   xGameEngineTask
00001a7b   game_loop
00001b1d   button_process_loop
00001b67   process_button_event
00001b9d   splash_screen_loop
00001ba7   score_screen_loop
00001bb1   initalise_game
00001bd1   reset_game
00001c49   get_current_tetrominoe
00001c5f   draw_current_tetrominoe
00001c6d   erase_current_tetrominoe
00001c7b   draw_current_tetrominoe_as
00001d1b   calculate_tetris_grid_y_position
00001d31   calculate_tetris_grid_x_position
00001d4f   current_tetrominoe_can_occupy
00001e31   can_drop_current_tetrominoe
00001e43   can_rotate_current_tetrominoe
00001e55   can_shift_current_tetrominoe
00001e6d   place_current_tetrominoe
00001efd   debug_board
00001f85   spawn_new_tetrominoe
00001fe5   get_next_tetrominoe
00002045   clear_full_rows
000020dd   temp_fill_cells
00002167   redraw_empty_cells
000021e5   try_rotate_current_tetrominoe
0000221d   xQueueCreate
000022c3   xQueueCreateMutex
0000232b   xQueueCreateCountingSemaphore
00002349   xQueueGenericSend
00002431   xQueueGenericSendFromISR
0000249b   xQueueGenericReceive
000025cf   xQueueReceiveFromISR
00002637   uxQueueMessagesWaiting
0000264d   uxQueueMessagesWaitingFromISR
0000265f   vQueueDelete
000027d9   xQueueIsQueueEmptyFromISR
00002813   xQueueIsQueueFullFromISR
000028a5   EEPROMInit
000028e9   EEPROMSizeGet
000028f5   EEPROMBlockCountGet
00002903   EEPROMRead
00002955   EEPROMProgram
00002a2f   EEPROMProgramNonBlocking
00002a71   EEPROMMassErase
00002aaf   EEPROMBlockProtectGet
00002ac3   EEPROMBlockProtectSet
00002ae7   EEPROMBlockPasswordSet
00002b39   EEPROMBlockLock
00002b61   EEPROMBlockUnlock
00002ba9   EEPROMBlockHide
00002bc1   EEPROMIntEnable
00002be9   EEPROMIntDisable
00002c0d   EEPROMIntStatus
00002c3d   EEPROMIntClear
00002c65   EEPROMStatusGet
00002c79   urand
00002cb5   rand_range
00002ce7   initalise_random_number_generator
00002cf7   abs_modulo
00002e5d   RIT128x96x4Clear
00002eb9   RIT128x96x4StringDraw
00002ff9   RIT128x96x4ImageDraw
00003081   RIT128x96x4Enable
000030db   RIT128x96x4Disable
00003155   RIT128x96x4Init
000031f9   RIT128x96x4DisplayOn
0000322d   RIT128x96x4DisplayOff
00003265   minit
000032f1   malloc
00003353   free
00003413   realloc
00003519   memalign
000035f9   calloc
00003631   main
000036d1   vTaskFunction
000036fb   vTaskDelayTest
0000373d   tetronimoe_drop_test
000037c5   tetronimoe_drop_test2
0000384f   vTaskImageFun
0000388d   vDisplayRunning
000038e9   vButtonTest
00003911   vApplicationMallocFailedHook
00003919   vApplicationStackOverflowHook
00003923   vApplicationIdleHook
00003925   vApplicationTickHook
000039a5   write
00003a35   remove
00003a35   unlink
00003a59   rename
00003a97   remove_device
00003abf   read
00003ae3   open
00003b91   lseek
00003bb5   close
00003c07   add_device
00003cb5   HOSTwrite
00003d01   HOSTunlink
00003d39   HOSTtime
00003d73   HOSTrename
00003dd1   HOSTread
00003e1d   HOSTopen
00003e6f   HOSTlseek
00003ecb   HOSTgetenv
00003f09   HOSTclose
00003f41   HOSTclock
00003f89   write_string
00003fb1   write_image
00003fdf   initalise_display
00003ff1   clear_display
00004001   write_tetris_number
00004089   xDisplayTask
000040ad   execute_display_task
000040ff   initalise_display_queue
00004117   enqueue_display_task
00004131   quick_initalise_screen
00004161   quick_send_image
00004191   quick_clear_screen
000041af   quick_send_number
000041fd   clear_board
0000422f   get_board_value
00004251   set_board_value
00004275   get_next_complete_row
000042cb   num_complete_rows
0000432b   is_off_board
0000435f   is_occupied
00004389   clear_row
000043c3   trickle_down_column
00004413   highest_occupied_cell_in_column
00004449   __aeabi_uldivmod
0000463d   SysCtlClockGet
000048dd   __TI_cleanup
00004909   freopen
00004933   fopen
000049d5   pvPortMalloc
00004b07   vPortFree
00004b69   xPortGetFreeHeapSize
00004b6f   vPortInitialiseBlocks
00004b91   __aeabi_dsub
00004b9b   __aeabi_dadd
00004d49   SysCtlClockSet
00004e8d   __aeabi_ddiv
00004fc5   fputs
000050cf   puts
000050f9   vListInitialise
00005129   vListInitialiseItem
00005139   vListInsertEnd
0000517d   vListInsert
000051e3   vListRemove
00005229   button_handler
00005235   initalise_button_interrupts
0000526f   initalise_buttons
00005285   read_buttons
000052eb   read_button
000052fb   xButtonReadTask
00005305   initalise_button_event_queue
0000531d   enqueue_button_event
00005441   __aeabi_dmul
0000553d   pxPortInitialiseStack
00005585   xPortStartScheduler
000055ad   vPortEndScheduler
000055af   vPortYieldFromISR
000055b9   vPortEnterCritical
000055c9   vPortExitCritical
000055df   xPortSysTickHandler
00005621   setvbuf
000056fd   GPIOPadConfigSet
000057c5   __TI_doflush
00005811   fflush
00005885   __TI_wrt_ok
000058e7   __TI_rd_ok
00005935   xPortPendSVHandler
0000596f   vPortSetInterruptMask
0000597d   vPortClearInterruptMask
0000598b   vPortSVCHandler
000059a9   vPortStartFirstTask
000059bb   vPortEnableVFP
000059cd   fputc
00005a51   putc
00005a55   putchar
00005a69   __aeabi_memcpy
00005a69   __aeabi_memcpy4
00005a69   __aeabi_memcpy8
00005a69   memcpy
00005b05   __TI_closefile
00005b6b   fclose
00005b9d   __TI_auto_init
00005c31   SysCtlPeripheralReset
00005cb9   __aeabi_cdcmpeq
00005cb9   __aeabi_cdcmple
00005d3f   __aeabi_cdrcmple
00005dc5   __aeabi_memclr
00005dc5   __aeabi_memclr4
00005dc5   __aeabi_memclr8
00005dc7   __aeabi_memset
00005dc7   __aeabi_memset4
00005dc7   __aeabi_memset8
00005dcd   memset
00005e45   printf
00005ead   IntEnable
00005f11   fseek
00005f75   vPrintString
00005f99   vPrintStringAndNumber
00005fd5   sprintf
00006035   __TI_writemsg
0000605f   C$$IO$$
00006063   __TI_readmsg
000060f5   has_timed_out
00006137   start_timeout
00006151   ltoa
000061ad   SysCtlPeripheralEnable
00006205   reset_tetromineo
00006221   get_tetromineo_grid
00006237   rotate_tetromineo
00006259   atoi
000062a5   __aeabi_d2iz
000062ed   GPIOIntTypeSet
00006331   SSIConfigSetExpClk
00006375   copy_in
000063b9   C$$EXIT
000063bd   abort
000063c5   exit
000063fd   _Dtest
00006441   IntRegister
00006475   _c_int00
000064a9   strncpy
000064d9   GPIODirModeSet
00006507   __aeabi_i2d
00006535   memcmp
00006557   memccpy
00006571   GPIOPortIntRegister
00006589   _args_main
000065a1   __aeabi_lmul
000065b9   strcmp
000065d1   memchr
000065e7   strchr
000065fd   _register_unlock
00006603   _register_lock
0000660b   _nop
00006611   strlen
00006625   GPIOPinTypeGPIOOutput
00006637   GPIOPinTypeSSI
00006649   SSIDataGetNonBlocking
0000665b   __TI_zero_init
0000666d   strcpy
0000667f   __TI_decompress_none
0000668d   _Dclass
0000669b   CPUcpsie
000066a7   GPIOPinIntEnable
000066b3   ResetISR
000066bf   IntMasterEnable
000066c9   SSIDataPut
000066d3   SSIDisable
000066dd   SSIEnable
000066e7   SSIBusy
000066ef   GPIOPinIntClear
000066f5   GPIOPinRead
000066fb   GPIOPinWrite
00006701   SysCtlDelay
00006707   __TI_decompress_rle24
0000670c   TETRIS_BACKGROUND_DATA
0000786c   CUBE
00007878   SMALL_CUBE
00007884   FULL_CELL
00007890   EMPTY_CELL
0000789c   TETRIS_BACKGROUND
000078a8   NUMBER0
000078b4   NUMBER1
000078c0   NUMBER2
000078cc   NUMBER3
000078d8   NUMBER4
000078e4   NUMBER5
000078f0   NUMBER6
000078fc   NUMBER7
00007908   NUMBER8
00007914   NUMBER9
00007920   RUNNING_ANIMATION0
0000792c   RUNNING_ANIMATION1
00007938   RUNNING_ANIMATION2
00007944   RUNNING_ANIMATION3
00007950   SCORE_IMAGE
0000795c   NEXT_IMAGE
00007968   LEVEL_IMAGE
00007974   _ctypes_
00007b54   NUMBER0_DATA
00007b5d   NUMBER1_DATA
00007b66   NUMBER2_DATA
00007b6f   NUMBER3_DATA
00007b78   NUMBER4_DATA
00007b81   NUMBER5_DATA
00007b8a   NUMBER6_DATA
00007b93   NUMBER7_DATA
00007b9c   NUMBER8_DATA
00007ba5   NUMBER9_DATA
00007bae   RUNNING_ANIMATION0_DATA
00007bb0   RUNNING_ANIMATION1_DATA
00007bb2   RUNNING_ANIMATION2_DATA
00007bb4   RUNNING_ANIMATION3_DATA
00007c98   i_pose1
00007cd8   i_pose2
00007d18   ll_pose1
00007d58   ll_pose2
00007d98   ll_pose3
00007dd8   ll_pose4
00007e18   lz_pose1
00007e58   lz_pose2
00007e98   rl_pose1
00007ed8   rl_pose2
00007f18   rl_pose3
00007f58   rl_pose4
00007f98   rz_pose1
00007fd8   rz_pose2
00008018   s_pose1
00008058   t_pose1
00008098   t_pose2
000080d8   t_pose3
00008118   t_pose4
00008158   LEVEL_IMAGE_DATA
00008192   SCORE_IMAGE_DATA
000081cb   CUBE_DATA
000081d3   SMALL_CUBE_DATA
000081d7   FULL_CELL_DATA
000081e9   EMPTY_CELL_DATA
0000822c   NEXT_IMAGE_DATA
00008404   __TI_Handler_Table_Base
00008410   __TI_Handler_Table_Limit
00008420   __TI_CINIT_Base
00008438   __TI_CINIT_Limit
20000000   g_pfnRAMVectors
20002a70   grid
20002d90   __CIOBUF_
20002eb0   __TI_tmpnams
20003064   seed
20003068   __stack
20003168   __STACK_TOP
20004668   __STACK_END
20004668   _sys_memory
20004e68   _ftable
20005028   block0
20005044   block1
20005060   block2
2000507c   block3
20005098   block4
200050b4   block5
200050d0   block6
200050ec   pxCurrentTCB
2000511c   base_game
20005148   NUMBERS
20005170   game_board
2000517c   tetrominoes
20005198   RUNNING_ANIMATION
200051a8   __TI_ft_end
200051ac   __aeabi_stdin
200051b0   __aeabi_stdout
200051b4   __aeabi_stderr
200051cc   _lock
200051d0   _unlock
200051d4   __TI_cleanup_ptr
200051d8   __TI_dtors_ptr
200051e4   main_func_sp
200051e8   MAX_PORT_TICK_VALUE
ffffffff   __binit__
ffffffff   __c_args__
ffffffff   binit
UNDEFED    SHT$$INIT_ARRAY$$Base
UNDEFED    SHT$$INIT_ARRAY$$Limit

[394 symbols]
