******************************************************************************
                  TI ARM Linker PC v5.1.6                      
******************************************************************************
>> Linked Sun Jul 24 00:30:38 2016

OUTPUT FILE NAME:   <ENCE463-Tetris.out>
ENTRY POINT SYMBOL: "_c_int00"  address: 00004b8d


MEMORY CONFIGURATION

         name            origin    length      used     unused   attr    fill
----------------------  --------  ---------  --------  --------  ----  --------
  FLASH                 00000000   00040000  00006432  00039bce  R  X
  SRAM                  20000000   00010000  00004094  0000bf6c  RW X


SEGMENT ALLOCATION MAP

run origin  load origin   length   init length attrs members
----------  ----------- ---------- ----------- ----- -------
00000000    00000000    00006438   00006438    r-x
  00000000    00000000    000000f0   000000f0    r-- .intvecs
  000000f0    000000f0    00004cee   00004cee    r-x .text
  00004de0    00004de0    0000156c   0000156c    r-- .const
  00006350    00006350    000000e8   000000e8    r-- .cinit
20000000    20000000    00004094   00000000    rw-
  20000000    20000000    00002e08   00000000    rw- .bss
  20002e08    20002e08    00000800   00000000    rw- .stack
  20003608    20003608    00000800   00000000    rw- .sysmem
  20003e08    20003e08    0000028c   00000000    rw- .data


SECTION ALLOCATION MAP

 output                                  attributes/
section   page    origin      length       input sections
--------  ----  ----------  ----------   ----------------
.intvecs   0    00000000    000000f0     
                  00000000    000000f0     startup_ccs.obj (.intvecs)

.text      0    000000f0    00004cee     
                  000000f0    00000ebc     rtsv7M3_T_le_eabi.lib : _printfi.obj (.text)
                  00000fac    00000c74     tasks.obj (.text)
                  00001c20    00000510     rit128x96x4.obj (.text)
                  00002130    000003cc     rtsv7M3_T_le_eabi.lib : memory.obj (.text)
                  000024fc    00000310                           : lowlev.obj (.text)
                  0000280c    000002d4                           : trgdrv.obj (.text)
                  00002ae0    000001f4     main.obj (.text)
                  00002cd4    000001f4     rtsv7M3_T_le_eabi.lib : ull_div_t2.obj (.text)
                  00002ec8    000001d8     driverlib-cm3.lib : sysctl.obj (.text:SysCtlClockGet)
                  000030a0    000001c0     rtsv7M3_T_le_eabi.lib : fopen.obj (.text)
                  00003260    000001bc     heap_2.obj (.text)
                  0000341c    000001b6     rtsv7M3_T_le_eabi.lib : fd_add_t2.obj (.text)
                  000035d2    00000002     --HOLE-- [fill = 0]
                  000035d4    00000154     game_engine.obj (.text)
                  00003728    00000144     driverlib-cm3.lib : sysctl.obj (.text:SysCtlClockSet)
                  0000386c    00000136     rtsv7M3_T_le_eabi.lib : fd_div_t2.obj (.text)
                  000039a2    00000002     --HOLE-- [fill = 0]
                  000039a4    00000134                           : fputs.obj (.text)
                  00003ad8    0000012e     list.obj (.text)
                  00003c06    000000fc     rtsv7M3_T_le_eabi.lib : fd_mul_t2.obj (.text)
                  00003d02    00000002     --HOLE-- [fill = 0]
                  00003d04    000000e4     port.obj (.text)
                  00003de8    000000dc     rtsv7M3_T_le_eabi.lib : setvbuf.obj (.text)
                  00003ec4    000000c8     driverlib-cm3.lib : gpio.obj (.text:GPIOPadConfigSet)
                  00003f8c    000000c0     rtsv7M3_T_le_eabi.lib : fflush.obj (.text)
                  0000404c    000000ac                           : _io_perm.obj (.text)
                  000040f8    0000009c     portasm.obj (.text)
                  00004194    0000009c     rtsv7M3_T_le_eabi.lib : fputc.obj (.text)
                  00004230    0000009c                           : memcpy_t2.obj (.text)
                  000042cc    00000098                           : fclose.obj (.text)
                  00004364    00000098                           : snprintf.obj (.text)
                  000043fc    00000094                           : auto_init.obj (.text)
                  00004490    00000086                           : fd_cmp_t2.obj (.text:__aeabi_cdcmple)
                  00004516    00000086                           : fd_cmp_t2.obj (.text:__aeabi_cdrcmple)
                  0000459c    0000007c     display.obj (.text)
                  00004618    00000078     rtsv7M3_T_le_eabi.lib : memset_t2.obj (.text)
                  00004690    00000070                           : printf.obj (.text)
                  00004700    00000064                           : fseek.obj (.text)
                  00004764    00000060     basic_io.obj (.text)
                  000047c4    00000060     rtsv7M3_T_le_eabi.lib : sprintf.obj (.text)
                  00004824    00000060                           : trgmsg.obj (.text)
                  00004884    0000005e                           : copy_decompress_rle.obj (.text)
                  000048e2    0000005a                           : ltoa.obj (.text)
                  0000493c    00000058     driverlib-cm3.lib : sysctl.obj (.text:SysCtlPeripheralEnable)
                  00004994    00000052     tetrominoe.obj (.text)
                  000049e6    00000002     --HOLE-- [fill = 0]
                  000049e8    0000004c     rtsv7M3_T_le_eabi.lib : atoi.obj (.text)
                  00004a34    00000048                           : fd_toi_t2.obj (.text)
                  00004a7c    00000044     driverlib-cm3.lib : ssi.obj (.text:SSIConfigSetExpClk)
                  00004ac0    00000044     rtsv7M3_T_le_eabi.lib : cpy_tbl.obj (.text)
                  00004b04    00000044                           : exit.obj (.text)
                  00004b48    00000044                           : xdtest.obj (.text)
                  00004b8c    00000034                           : boot.obj (.text)
                  00004bc0    00000030                           : strncpy.obj (.text)
                  00004bf0    0000002e     driverlib-cm3.lib : gpio.obj (.text:GPIODirModeSet)
                  00004c1e    0000002e     rtsv7M3_T_le_eabi.lib : i_tofd_t2.obj (.text)
                  00004c4c    00000022                           : memcmp.obj (.text)
                  00004c6e    0000001a                           : memccpy.obj (.text)
                  00004c88    00000018                           : args_main.obj (.text)
                  00004ca0    00000018                           : ll_mul_t2.obj (.text)
                  00004cb8    00000018                           : strcmp.obj (.text)
                  00004cd0    00000016                           : memchr.obj (.text)
                  00004ce6    00000016                           : strchr.obj (.text)
                  00004cfc    00000014                           : _lock.obj (.text)
                  00004d10    00000014                           : strlen.obj (.text)
                  00004d24    00000012     driverlib-cm3.lib : gpio.obj (.text:GPIOPinTypeGPIOOutput)
                  00004d36    00000012                       : gpio.obj (.text:GPIOPinTypeSSI)
                  00004d48    00000012                       : ssi.obj (.text:SSIDataGetNonBlocking)
                  00004d5a    00000012     rtsv7M3_T_le_eabi.lib : copy_zero_init.obj (.text:decompress:ZI)
                  00004d6c    00000012                           : strcpy.obj (.text)
                  00004d7e    0000000e                           : copy_decompress_none.obj (.text:decompress:none)
                  00004d8c    0000000e                           : xdclass.obj (.text)
                  00004d9a    0000000c     startup_ccs.obj (.text)
                  00004da6    0000000a     driverlib-cm3.lib : ssi.obj (.text:SSIDataPut)
                  00004db0    0000000a                       : ssi.obj (.text:SSIDisable)
                  00004dba    0000000a                       : ssi.obj (.text:SSIEnable)
                  00004dc4    00000008                       : ssi.obj (.text:SSIBusy)
                  00004dcc    00000006                       : gpio.obj (.text:GPIOPinWrite)
                  00004dd2    00000006                       : sysctl.obj (.text:SysCtlDelay)
                  00004dd8    00000006     rtsv7M3_T_le_eabi.lib : copy_decompress_rle.obj (.text:decompress:rle24)

.const     0    00004de0    0000156c     
                  00004de0    00000f80     tetris_background.obj (.const:.string:TETRIS_BACKGROUND_DATA)
                  00005d60    000001e0     rit128x96x4.obj (.const:g_pucFont)
                  00005f40    00000102     rtsv7M3_T_le_eabi.lib : ctype.obj (.const:.string:_ctypes_)
                  00006042    00000002     heap_2.obj (.const)
                  00006044    0000006c     driverlib-cm3.lib : sysctl.obj (.const:g_pulXtals)
                  000060b0    0000004f     rit128x96x4.obj (.const:.string:g_pucRIT128x96x4Init)
                  000060ff    00000001     --HOLE-- [fill = 0]
                  00006100    00000040     driverlib-cm3.lib : sysctl.obj (.const)
                  00006140    00000040     tetrominoe.obj (.const:i_pose1)
                  00006180    00000040     tetrominoe.obj (.const:i_pose2)
                  000061c0    00000040     tetrominoe.obj (.const:t_pose1)
                  00006200    00000040     tetrominoe.obj (.const:t_pose2)
                  00006240    00000040     tetrominoe.obj (.const:t_pose3)
                  00006280    00000040     tetrominoe.obj (.const:t_pose4)
                  000062c0    0000003c     images.obj (.const)
                  000062fc    00000030     images.obj (.const:.string)
                  0000632c    00000014     tasks.obj (.const:.string)
                  00006340    0000000c     rit128x96x4.obj (.const:.string)

.cinit     0    00006350    000000e8     
                  00006350    000000c3     (.cinit..data.load) [load image, compression = rle]
                  00006413    00000001     --HOLE-- [fill = 0]
                  00006414    0000000c     (__TI_handler_table)
                  00006420    00000008     (.cinit..bss.load) [load image, compression = zero_init]
                  00006428    00000010     (__TI_cinit_table)

.bss       0    20000000    00002e08     UNINITIALIZED
                  20000000    00002800     heap_2.obj (.bss:xHeap)
                  20002800    00000320     game_engine.obj (.bss:grid)
                  20002b20    00000120     rtsv7M3_T_le_eabi.lib : trgmsg.obj (.bss:__CIOBUF_)
                  20002c40    000000a0                           : defs.obj (.bss:__TI_tmpnams)
                  20002ce0    00000064     tasks.obj (.bss:pxReadyTasksLists)
                  20002d44    00000034     basic_io.obj (.bss:cBuffer)
                  20002d78    00000014     (.common:xDelayedTaskList1)
                  20002d8c    00000014     (.common:xDelayedTaskList2)
                  20002da0    00000014     (.common:xPendingReadyList)
                  20002db4    00000014     (.common:xSuspendedTaskList)
                  20002dc8    00000014     (.common:xTasksWaitingTermination)
                  20002ddc    00000008     (.common:g_pucBuffer)
                  20002de4    00000008     (.common:parmbuf)
                  20002dec    00000008     (.common:xEnd)
                  20002df4    00000008     (.common:xStart)
                  20002dfc    00000004     (.common:g_ulSSIFlags)
                  20002e00    00000004     (.common:pxDelayedTaskList)
                  20002e04    00000004     (.common:pxOverflowDelayedTaskList)

.stack     0    20002e08    00000800     UNINITIALIZED
                  20002e08    00000800     --HOLE--

.sysmem    0    20003608    00000800     UNINITIALIZED
                  20003608    00000008     rtsv7M3_T_le_eabi.lib : memory.obj (.sysmem)
                  20003610    000007f8     --HOLE--

.data      0    20003e08    0000028c     UNINITIALIZED
                  20003e08    000000f0     rtsv7M3_T_le_eabi.lib : defs.obj (.data:_ftable)
                  20003ef8    000000d0                           : lowlev.obj (.data)
                  20003fc8    00000038     tetrominoe.obj (.data)
                  20004000    00000030     tasks.obj (.data)
                  20004030    00000024     game_engine.obj (.data)
                  20004054    00000010     rtsv7M3_T_le_eabi.lib : defs.obj (.data)
                  20004064    0000000c                           : memory.obj (.data)
                  20004070    00000008     heap_2.obj (.data)
                  20004078    00000008     rtsv7M3_T_le_eabi.lib : _lock.obj (.data)
                  20004080    00000008                           : exit.obj (.data)
                  20004088    00000004     port.obj (.data)
                  2000408c    00000004     rtsv7M3_T_le_eabi.lib : fopen.obj (.data)
                  20004090    00000004                           : stkdepth_vars.obj (.data)


LINKER GENERATED COPY TABLES

__TI_cinit_table @ 00006428 records: 2, size/record: 8, table size: 16
	.data: load addr=00006350, load size=000000c3 bytes, run addr=20003e08, run size=0000028c bytes, compression=rle
	.bss: load addr=00006420, load size=00000008 bytes, run addr=20000000, run size=00002e08 bytes, compression=zero_init


LINKER GENERATED HANDLER TABLE

__TI_handler_table @ 00006414 records: 3, size/record: 4, table size: 12
	index: 0, handler: __TI_decompress_rle24
	index: 1, handler: __TI_decompress_none
	index: 2, handler: __TI_zero_init


GLOBAL SYMBOLS: SORTED ALPHABETICALLY BY Name 

address    name
--------   ----
00004b05   C$$EXIT
0000484f   C$$IO$$
000062c0   CUBE
000062fc   CUBE_DATA
000062e4   EMPTY_CELL
0000631a   EMPTY_CELL_DATA
000062d8   FULL_CELL
00006308   FULL_CELL_DATA
00004bf1   GPIODirModeSet
00003ec5   GPIOPadConfigSet
00004d25   GPIOPinTypeGPIOOutput
00004d37   GPIOPinTypeSSI
00004dcd   GPIOPinWrite
00002a99   HOSTclock
00002a61   HOSTclose
00002a23   HOSTgetenv
000029c7   HOSTlseek
00002975   HOSTopen
00002929   HOSTread
000028cb   HOSTrename
00002891   HOSTtime
00002859   HOSTunlink
0000280d   HOSTwrite
00001d29   RIT128x96x4Clear
00001fa7   RIT128x96x4Disable
000020f9   RIT128x96x4DisplayOff
000020c5   RIT128x96x4DisplayOn
00001f4d   RIT128x96x4Enable
00001ec5   RIT128x96x4ImageDraw
00002021   RIT128x96x4Init
00001d85   RIT128x96x4StringDraw
00004d9b   ResetISR
UNDEFED    SHT$$INIT_ARRAY$$Base
UNDEFED    SHT$$INIT_ARRAY$$Limit
000062cc   SMALL_CUBE
00006304   SMALL_CUBE_DATA
00004dc5   SSIBusy
00004a7d   SSIConfigSetExpClk
00004d49   SSIDataGetNonBlocking
00004da7   SSIDataPut
00004db1   SSIDisable
00004dbb   SSIEnable
00002ec9   SysCtlClockGet
00003729   SysCtlClockSet
00004dd3   SysCtlDelay
0000493d   SysCtlPeripheralEnable
000062f0   TETRIS_BACKGROUND
00004de0   TETRIS_BACKGROUND_DATA
00004d8d   _Dclass
00004b49   _Dtest
20002b20   __CIOBUF_
20003608   __STACK_END
00000800   __STACK_SIZE
20002f08   __STACK_TOP
00000800   __SYSMEM_SIZE
00006428   __TI_CINIT_Base
00006438   __TI_CINIT_Limit
00006414   __TI_Handler_Table_Base
00006420   __TI_Handler_Table_Limit
00000001   __TI_args_main
000043fd   __TI_auto_init
00003169   __TI_cleanup
20004080   __TI_cleanup_ptr
000042cd   __TI_closefile
00004d7f   __TI_decompress_none
00004dd9   __TI_decompress_rle24
00003f8d   __TI_doflush
20004084   __TI_dtors_ptr
20004054   __TI_ft_end
00000ca3   __TI_printfi
000040af   __TI_rd_ok
00004853   __TI_readmsg
00000000   __TI_static_base__
20002c40   __TI_tmpnams
00004825   __TI_writemsg
0000404d   __TI_wrt_ok
00004d5b   __TI_zero_init
00004491   __aeabi_cdcmpeq
00004491   __aeabi_cdcmple
00004517   __aeabi_cdrcmple
00004a35   __aeabi_d2iz
00003427   __aeabi_dadd
0000386d   __aeabi_ddiv
00003c07   __aeabi_dmul
0000341d   __aeabi_dsub
00004c1f   __aeabi_i2d
00004ca1   __aeabi_lmul
00004619   __aeabi_memclr
00004619   __aeabi_memclr4
00004619   __aeabi_memclr8
00004231   __aeabi_memcpy
00004231   __aeabi_memcpy4
00004231   __aeabi_memcpy8
0000461b   __aeabi_memset
0000461b   __aeabi_memset4
0000461b   __aeabi_memset8
20004060   __aeabi_stderr
20004058   __aeabi_stdin
2000405c   __aeabi_stdout
00002cd5   __aeabi_uldivmod
ffffffff   __binit__
ffffffff   __c_args__
20002e08   __stack
00004c89   _args_main
00004b8d   _c_int00
00005f40   _ctypes_
20003e08   _ftable
20004078   _lock
00004d0b   _nop
00004d03   _register_lock
00004cfd   _register_unlock
20003608   _sys_memory
2000407c   _unlock
00004b09   abort
0000275f   add_device
000049e9   atoi
ffffffff   binit
20003fc8   block0
20003fe4   block6
00003707   calculate_tetris_grid_x_position
000036f3   calculate_tetris_grid_y_position
000024c5   calloc
000035d5   clear_board
00004605   clear_display
0000270d   close
00004ac1   copy_in
00003643   draw_background
00003651   draw_current_tetrominoe
0000366d   draw_current_tetrominoe_as
0000365f   erase_current_tetrominoe
00004b11   exit
00004333   fclose
00003fd9   fflush
000031bf   fopen
00004195   fputc
000039a5   fputs
0000221f   free
00003195   freopen
00004701   fseek
00000000   g_pfnVectors
20004044   game
20004030   game_board
000049b1   get_tetromineo_grid
20002800   grid
00006140   i_pose1
00006180   i_pose2
000045f3   initalise_display
00003607   initalise_game
000026e9   lseek
000048e3   ltoa
00002ae1   main
20004090   main_func_sp
000021bd   malloc
000023e5   memalign
00004c6f   memccpy
00004cd1   memchr
00004c4d   memcmp
00004231   memcpy
00004621   memset
00002131   minit
0000263b   open
00004699   printf
00004219   putc
0000421d   putchar
00003aaf   puts
00003261   pvPortMalloc
20004000   pxCurrentTCB
00003d05   pxPortInitialiseStack
00002617   read
000022df   realloc
0000258d   remove
000025ef   remove_device
000025b1   rename
00004995   reset_tetromineo
000049c7   rotate_tetromineo
00003de9   setvbuf
00004365   snprintf
000047c5   sprintf
00004ce7   strchr
00004cb9   strcmp
00004d6d   strcpy
00004d11   strlen
00004bc1   strncpy
000061c0   t_pose1
00006200   t_pose2
00006240   t_pose3
00006280   t_pose4
2000403c   tetrominoes
00002b9f   tetronimoe_drop_test
0000258d   unlink
00001635   uxTaskGetNumberOfTasks
0000123d   uxTaskPriorityGet
00002c83   vApplicationIdleHook
00002c77   vApplicationMallocFailedHook
00002c79   vApplicationStackOverflowHook
00002c85   vApplicationTickHook
00003ad9   vListInitialise
00003b09   vListInitialiseItem
00003b5d   vListInsert
00003b19   vListInsertEnd
00003bc3   vListRemove
00004145   vPortClearInterruptMask
00004183   vPortEnableVFP
00003d75   vPortEndScheduler
00003d81   vPortEnterCritical
00003d91   vPortExitCritical
00003393   vPortFree
000033fb   vPortInitialiseBlocks
00004153   vPortSVCHandler
00004137   vPortSetInterruptMask
00004171   vPortStartFirstTask
00003d77   vPortYieldFromISR
00004765   vPrintString
00004789   vPrintStringAndNumber
000011d9   vTaskDelay
00002b47   vTaskDelayTest
00001129   vTaskDelayUntil
000010c1   vTaskDelete
00001535   vTaskEndScheduler
00002b1d   vTaskFunction
00002c3f   vTaskImageFun
00001645   vTaskIncrementTick
00001949   vTaskMissedYield
000017ad   vTaskPlaceOnEventList
00001b8f   vTaskPriorityDisinherit
00001b05   vTaskPriorityInherit
00001279   vTaskPrioritySet
00001409   vTaskResume
000018ab   vTaskSetTimeOutState
000014eb   vTaskStartScheduler
00001361   vTaskSuspend
00001547   vTaskSuspendAll
000016ed   vTaskSwitchContext
000024fd   write
00002b89   write_background
000045c5   write_image
0000459d   write_string
000033f5   xPortGetFreeHeapSize
000040fd   xPortPendSVHandler
00003d4d   xPortStartScheduler
00003da7   xPortSysTickHandler
000018d1   xTaskCheckForTimeOut
00000fad   xTaskGenericCreate
00001af1   xTaskGetCurrentTaskHandle
00001621   xTaskGetTickCount
000013b9   xTaskIsTaskSuspended
0000182d   xTaskRemoveFromEventList
00001551   xTaskResumeAll
00001479   xTaskResumeFromISR


GLOBAL SYMBOLS: SORTED BY Symbol Address 

address    name
--------   ----
00000000   __TI_static_base__
00000000   g_pfnVectors
00000001   __TI_args_main
00000800   __STACK_SIZE
00000800   __SYSMEM_SIZE
00000ca3   __TI_printfi
00000fad   xTaskGenericCreate
000010c1   vTaskDelete
00001129   vTaskDelayUntil
000011d9   vTaskDelay
0000123d   uxTaskPriorityGet
00001279   vTaskPrioritySet
00001361   vTaskSuspend
000013b9   xTaskIsTaskSuspended
00001409   vTaskResume
00001479   xTaskResumeFromISR
000014eb   vTaskStartScheduler
00001535   vTaskEndScheduler
00001547   vTaskSuspendAll
00001551   xTaskResumeAll
00001621   xTaskGetTickCount
00001635   uxTaskGetNumberOfTasks
00001645   vTaskIncrementTick
000016ed   vTaskSwitchContext
000017ad   vTaskPlaceOnEventList
0000182d   xTaskRemoveFromEventList
000018ab   vTaskSetTimeOutState
000018d1   xTaskCheckForTimeOut
00001949   vTaskMissedYield
00001af1   xTaskGetCurrentTaskHandle
00001b05   vTaskPriorityInherit
00001b8f   vTaskPriorityDisinherit
00001d29   RIT128x96x4Clear
00001d85   RIT128x96x4StringDraw
00001ec5   RIT128x96x4ImageDraw
00001f4d   RIT128x96x4Enable
00001fa7   RIT128x96x4Disable
00002021   RIT128x96x4Init
000020c5   RIT128x96x4DisplayOn
000020f9   RIT128x96x4DisplayOff
00002131   minit
000021bd   malloc
0000221f   free
000022df   realloc
000023e5   memalign
000024c5   calloc
000024fd   write
0000258d   remove
0000258d   unlink
000025b1   rename
000025ef   remove_device
00002617   read
0000263b   open
000026e9   lseek
0000270d   close
0000275f   add_device
0000280d   HOSTwrite
00002859   HOSTunlink
00002891   HOSTtime
000028cb   HOSTrename
00002929   HOSTread
00002975   HOSTopen
000029c7   HOSTlseek
00002a23   HOSTgetenv
00002a61   HOSTclose
00002a99   HOSTclock
00002ae1   main
00002b1d   vTaskFunction
00002b47   vTaskDelayTest
00002b89   write_background
00002b9f   tetronimoe_drop_test
00002c3f   vTaskImageFun
00002c77   vApplicationMallocFailedHook
00002c79   vApplicationStackOverflowHook
00002c83   vApplicationIdleHook
00002c85   vApplicationTickHook
00002cd5   __aeabi_uldivmod
00002ec9   SysCtlClockGet
00003169   __TI_cleanup
00003195   freopen
000031bf   fopen
00003261   pvPortMalloc
00003393   vPortFree
000033f5   xPortGetFreeHeapSize
000033fb   vPortInitialiseBlocks
0000341d   __aeabi_dsub
00003427   __aeabi_dadd
000035d5   clear_board
00003607   initalise_game
00003643   draw_background
00003651   draw_current_tetrominoe
0000365f   erase_current_tetrominoe
0000366d   draw_current_tetrominoe_as
000036f3   calculate_tetris_grid_y_position
00003707   calculate_tetris_grid_x_position
00003729   SysCtlClockSet
0000386d   __aeabi_ddiv
000039a5   fputs
00003aaf   puts
00003ad9   vListInitialise
00003b09   vListInitialiseItem
00003b19   vListInsertEnd
00003b5d   vListInsert
00003bc3   vListRemove
00003c07   __aeabi_dmul
00003d05   pxPortInitialiseStack
00003d4d   xPortStartScheduler
00003d75   vPortEndScheduler
00003d77   vPortYieldFromISR
00003d81   vPortEnterCritical
00003d91   vPortExitCritical
00003da7   xPortSysTickHandler
00003de9   setvbuf
00003ec5   GPIOPadConfigSet
00003f8d   __TI_doflush
00003fd9   fflush
0000404d   __TI_wrt_ok
000040af   __TI_rd_ok
000040fd   xPortPendSVHandler
00004137   vPortSetInterruptMask
00004145   vPortClearInterruptMask
00004153   vPortSVCHandler
00004171   vPortStartFirstTask
00004183   vPortEnableVFP
00004195   fputc
00004219   putc
0000421d   putchar
00004231   __aeabi_memcpy
00004231   __aeabi_memcpy4
00004231   __aeabi_memcpy8
00004231   memcpy
000042cd   __TI_closefile
00004333   fclose
00004365   snprintf
000043fd   __TI_auto_init
00004491   __aeabi_cdcmpeq
00004491   __aeabi_cdcmple
00004517   __aeabi_cdrcmple
0000459d   write_string
000045c5   write_image
000045f3   initalise_display
00004605   clear_display
00004619   __aeabi_memclr
00004619   __aeabi_memclr4
00004619   __aeabi_memclr8
0000461b   __aeabi_memset
0000461b   __aeabi_memset4
0000461b   __aeabi_memset8
00004621   memset
00004699   printf
00004701   fseek
00004765   vPrintString
00004789   vPrintStringAndNumber
000047c5   sprintf
00004825   __TI_writemsg
0000484f   C$$IO$$
00004853   __TI_readmsg
000048e3   ltoa
0000493d   SysCtlPeripheralEnable
00004995   reset_tetromineo
000049b1   get_tetromineo_grid
000049c7   rotate_tetromineo
000049e9   atoi
00004a35   __aeabi_d2iz
00004a7d   SSIConfigSetExpClk
00004ac1   copy_in
00004b05   C$$EXIT
00004b09   abort
00004b11   exit
00004b49   _Dtest
00004b8d   _c_int00
00004bc1   strncpy
00004bf1   GPIODirModeSet
00004c1f   __aeabi_i2d
00004c4d   memcmp
00004c6f   memccpy
00004c89   _args_main
00004ca1   __aeabi_lmul
00004cb9   strcmp
00004cd1   memchr
00004ce7   strchr
00004cfd   _register_unlock
00004d03   _register_lock
00004d0b   _nop
00004d11   strlen
00004d25   GPIOPinTypeGPIOOutput
00004d37   GPIOPinTypeSSI
00004d49   SSIDataGetNonBlocking
00004d5b   __TI_zero_init
00004d6d   strcpy
00004d7f   __TI_decompress_none
00004d8d   _Dclass
00004d9b   ResetISR
00004da7   SSIDataPut
00004db1   SSIDisable
00004dbb   SSIEnable
00004dc5   SSIBusy
00004dcd   GPIOPinWrite
00004dd3   SysCtlDelay
00004dd9   __TI_decompress_rle24
00004de0   TETRIS_BACKGROUND_DATA
00005f40   _ctypes_
00006140   i_pose1
00006180   i_pose2
000061c0   t_pose1
00006200   t_pose2
00006240   t_pose3
00006280   t_pose4
000062c0   CUBE
000062cc   SMALL_CUBE
000062d8   FULL_CELL
000062e4   EMPTY_CELL
000062f0   TETRIS_BACKGROUND
000062fc   CUBE_DATA
00006304   SMALL_CUBE_DATA
00006308   FULL_CELL_DATA
0000631a   EMPTY_CELL_DATA
00006414   __TI_Handler_Table_Base
00006420   __TI_Handler_Table_Limit
00006428   __TI_CINIT_Base
00006438   __TI_CINIT_Limit
20002800   grid
20002b20   __CIOBUF_
20002c40   __TI_tmpnams
20002e08   __stack
20002f08   __STACK_TOP
20003608   __STACK_END
20003608   _sys_memory
20003e08   _ftable
20003fc8   block0
20003fe4   block6
20004000   pxCurrentTCB
20004030   game_board
2000403c   tetrominoes
20004044   game
20004054   __TI_ft_end
20004058   __aeabi_stdin
2000405c   __aeabi_stdout
20004060   __aeabi_stderr
20004078   _lock
2000407c   _unlock
20004080   __TI_cleanup_ptr
20004084   __TI_dtors_ptr
20004090   main_func_sp
ffffffff   __binit__
ffffffff   __c_args__
ffffffff   binit
UNDEFED    SHT$$INIT_ARRAY$$Base
UNDEFED    SHT$$INIT_ARRAY$$Limit

[249 symbols]
